Component: ARM Compiler 5.06 update 5 (build 528) Tool: armlink [4d35e2]

==============================================================================

Section Cross References

    startup_stm32f10x_md.o(STACK) refers (Special) to heapauxi.o(.text) for __use_two_region_memory
    startup_stm32f10x_md.o(HEAP) refers (Special) to heapauxi.o(.text) for __use_two_region_memory
    startup_stm32f10x_md.o(RESET) refers (Special) to heapauxi.o(.text) for __use_two_region_memory
    startup_stm32f10x_md.o(RESET) refers to startup_stm32f10x_md.o(STACK) for __initial_sp
    startup_stm32f10x_md.o(RESET) refers to startup_stm32f10x_md.o(.text) for Reset_Handler
    startup_stm32f10x_md.o(RESET) refers to stm32f10x_it.o(i.NMI_Handler) for NMI_Handler
    startup_stm32f10x_md.o(RESET) refers to stm32f10x_it.o(i.HardFault_Handler) for HardFault_Handler
    startup_stm32f10x_md.o(RESET) refers to stm32f10x_it.o(i.MemManage_Handler) for MemManage_Handler
    startup_stm32f10x_md.o(RESET) refers to stm32f10x_it.o(i.BusFault_Handler) for BusFault_Handler
    startup_stm32f10x_md.o(RESET) refers to stm32f10x_it.o(i.UsageFault_Handler) for UsageFault_Handler
    startup_stm32f10x_md.o(RESET) refers to stm32f10x_it.o(i.SVC_Handler) for SVC_Handler
    startup_stm32f10x_md.o(RESET) refers to stm32f10x_it.o(i.DebugMon_Handler) for DebugMon_Handler
    startup_stm32f10x_md.o(RESET) refers to stm32f10x_it.o(i.PendSV_Handler) for PendSV_Handler
    startup_stm32f10x_md.o(RESET) refers to stm32f10x_it.o(i.SysTick_Handler) for SysTick_Handler
    startup_stm32f10x_md.o(RESET) refers to main.o(i.USART1_IRQHandler) for USART1_IRQHandler
    startup_stm32f10x_md.o(RESET) refers to main.o(i.USART2_IRQHandler) for USART2_IRQHandler
    startup_stm32f10x_md.o(RESET) refers to main.o(i.USART3_IRQHandler) for USART3_IRQHandler
    startup_stm32f10x_md.o(.text) refers (Special) to heapauxi.o(.text) for __use_two_region_memory
    startup_stm32f10x_md.o(.text) refers to system_stm32f10x.o(i.SystemInit) for SystemInit
    startup_stm32f10x_md.o(.text) refers to __main.o(!!!main) for __main
    startup_stm32f10x_md.o(.text) refers to startup_stm32f10x_md.o(HEAP) for Heap_Mem
    startup_stm32f10x_md.o(.text) refers to startup_stm32f10x_md.o(STACK) for Stack_Mem
    system_stm32f10x.o(i.SetSysClock) refers to system_stm32f10x.o(i.SetSysClockTo72) for SetSysClockTo72
    system_stm32f10x.o(i.SystemCoreClockUpdate) refers to system_stm32f10x.o(.data) for SystemCoreClock
    system_stm32f10x.o(i.SystemInit) refers to system_stm32f10x.o(i.SetSysClock) for SetSysClock
    stm32f10x_adc.o(i.ADC_DeInit) refers to stm32f10x_rcc.o(i.RCC_APB2PeriphResetCmd) for RCC_APB2PeriphResetCmd
    stm32f10x_bkp.o(i.BKP_DeInit) refers to stm32f10x_rcc.o(i.RCC_BackupResetCmd) for RCC_BackupResetCmd
    stm32f10x_can.o(i.CAN_DeInit) refers to stm32f10x_rcc.o(i.RCC_APB1PeriphResetCmd) for RCC_APB1PeriphResetCmd
    stm32f10x_can.o(i.CAN_GetITStatus) refers to stm32f10x_can.o(i.CheckITStatus) for CheckITStatus
    stm32f10x_cec.o(i.CEC_DeInit) refers to stm32f10x_rcc.o(i.RCC_APB1PeriphResetCmd) for RCC_APB1PeriphResetCmd
    stm32f10x_dac.o(i.DAC_DeInit) refers to stm32f10x_rcc.o(i.RCC_APB1PeriphResetCmd) for RCC_APB1PeriphResetCmd
    stm32f10x_flash.o(i.FLASH_EnableWriteProtection) refers to stm32f10x_flash.o(i.FLASH_WaitForLastOperation) for FLASH_WaitForLastOperation
    stm32f10x_flash.o(i.FLASH_EraseAllBank1Pages) refers to stm32f10x_flash.o(i.FLASH_WaitForLastBank1Operation) for FLASH_WaitForLastBank1Operation
    stm32f10x_flash.o(i.FLASH_EraseAllPages) refers to stm32f10x_flash.o(i.FLASH_WaitForLastOperation) for FLASH_WaitForLastOperation
    stm32f10x_flash.o(i.FLASH_EraseOptionBytes) refers to stm32f10x_flash.o(i.FLASH_GetReadOutProtectionStatus) for FLASH_GetReadOutProtectionStatus
    stm32f10x_flash.o(i.FLASH_EraseOptionBytes) refers to stm32f10x_flash.o(i.FLASH_WaitForLastOperation) for FLASH_WaitForLastOperation
    stm32f10x_flash.o(i.FLASH_ErasePage) refers to stm32f10x_flash.o(i.FLASH_WaitForLastOperation) for FLASH_WaitForLastOperation
    stm32f10x_flash.o(i.FLASH_ProgramHalfWord) refers to stm32f10x_flash.o(i.FLASH_WaitForLastOperation) for FLASH_WaitForLastOperation
    stm32f10x_flash.o(i.FLASH_ProgramOptionByteData) refers to stm32f10x_flash.o(i.FLASH_WaitForLastOperation) for FLASH_WaitForLastOperation
    stm32f10x_flash.o(i.FLASH_ProgramWord) refers to stm32f10x_flash.o(i.FLASH_WaitForLastOperation) for FLASH_WaitForLastOperation
    stm32f10x_flash.o(i.FLASH_ReadOutProtection) refers to stm32f10x_flash.o(i.FLASH_WaitForLastOperation) for FLASH_WaitForLastOperation
    stm32f10x_flash.o(i.FLASH_UserOptionByteConfig) refers to stm32f10x_flash.o(i.FLASH_WaitForLastOperation) for FLASH_WaitForLastOperation
    stm32f10x_flash.o(i.FLASH_WaitForLastBank1Operation) refers to stm32f10x_flash.o(i.FLASH_GetBank1Status) for FLASH_GetBank1Status
    stm32f10x_flash.o(i.FLASH_WaitForLastOperation) refers to stm32f10x_flash.o(i.FLASH_GetBank1Status) for FLASH_GetBank1Status
    stm32f10x_gpio.o(i.GPIO_AFIODeInit) refers to stm32f10x_rcc.o(i.RCC_APB2PeriphResetCmd) for RCC_APB2PeriphResetCmd
    stm32f10x_gpio.o(i.GPIO_DeInit) refers to stm32f10x_rcc.o(i.RCC_APB2PeriphResetCmd) for RCC_APB2PeriphResetCmd
    stm32f10x_i2c.o(i.I2C_DeInit) refers to stm32f10x_rcc.o(i.RCC_APB1PeriphResetCmd) for RCC_APB1PeriphResetCmd
    stm32f10x_i2c.o(i.I2C_Init) refers to stm32f10x_rcc.o(i.RCC_GetClocksFreq) for RCC_GetClocksFreq
    stm32f10x_pwr.o(i.PWR_DeInit) refers to stm32f10x_rcc.o(i.RCC_APB1PeriphResetCmd) for RCC_APB1PeriphResetCmd
    stm32f10x_rcc.o(i.RCC_GetClocksFreq) refers to stm32f10x_rcc.o(.data) for APBAHBPrescTable
    stm32f10x_rcc.o(i.RCC_WaitForHSEStartUp) refers to stm32f10x_rcc.o(i.RCC_GetFlagStatus) for RCC_GetFlagStatus
    stm32f10x_rtc.o(i.RTC_SetAlarm) refers to stm32f10x_rtc.o(i.RTC_EnterConfigMode) for RTC_EnterConfigMode
    stm32f10x_rtc.o(i.RTC_SetAlarm) refers to stm32f10x_rtc.o(i.RTC_ExitConfigMode) for RTC_ExitConfigMode
    stm32f10x_rtc.o(i.RTC_SetCounter) refers to stm32f10x_rtc.o(i.RTC_EnterConfigMode) for RTC_EnterConfigMode
    stm32f10x_rtc.o(i.RTC_SetCounter) refers to stm32f10x_rtc.o(i.RTC_ExitConfigMode) for RTC_ExitConfigMode
    stm32f10x_rtc.o(i.RTC_SetPrescaler) refers to stm32f10x_rtc.o(i.RTC_EnterConfigMode) for RTC_EnterConfigMode
    stm32f10x_rtc.o(i.RTC_SetPrescaler) refers to stm32f10x_rtc.o(i.RTC_ExitConfigMode) for RTC_ExitConfigMode
    stm32f10x_spi.o(i.I2S_Init) refers to stm32f10x_rcc.o(i.RCC_GetClocksFreq) for RCC_GetClocksFreq
    stm32f10x_spi.o(i.SPI_I2S_DeInit) refers to stm32f10x_rcc.o(i.RCC_APB2PeriphResetCmd) for RCC_APB2PeriphResetCmd
    stm32f10x_spi.o(i.SPI_I2S_DeInit) refers to stm32f10x_rcc.o(i.RCC_APB1PeriphResetCmd) for RCC_APB1PeriphResetCmd
    stm32f10x_tim.o(i.TIM_DeInit) refers to stm32f10x_rcc.o(i.RCC_APB2PeriphResetCmd) for RCC_APB2PeriphResetCmd
    stm32f10x_tim.o(i.TIM_DeInit) refers to stm32f10x_rcc.o(i.RCC_APB1PeriphResetCmd) for RCC_APB1PeriphResetCmd
    stm32f10x_tim.o(i.TIM_ETRClockMode1Config) refers to stm32f10x_tim.o(i.TIM_ETRConfig) for TIM_ETRConfig
    stm32f10x_tim.o(i.TIM_ETRClockMode2Config) refers to stm32f10x_tim.o(i.TIM_ETRConfig) for TIM_ETRConfig
    stm32f10x_tim.o(i.TIM_ICInit) refers to stm32f10x_tim.o(i.TI1_Config) for TI1_Config
    stm32f10x_tim.o(i.TIM_ICInit) refers to stm32f10x_tim.o(i.TIM_SetIC1Prescaler) for TIM_SetIC1Prescaler
    stm32f10x_tim.o(i.TIM_ICInit) refers to stm32f10x_tim.o(i.TI2_Config) for TI2_Config
    stm32f10x_tim.o(i.TIM_ICInit) refers to stm32f10x_tim.o(i.TIM_SetIC2Prescaler) for TIM_SetIC2Prescaler
    stm32f10x_tim.o(i.TIM_ICInit) refers to stm32f10x_tim.o(i.TI3_Config) for TI3_Config
    stm32f10x_tim.o(i.TIM_ICInit) refers to stm32f10x_tim.o(i.TIM_SetIC3Prescaler) for TIM_SetIC3Prescaler
    stm32f10x_tim.o(i.TIM_ICInit) refers to stm32f10x_tim.o(i.TI4_Config) for TI4_Config
    stm32f10x_tim.o(i.TIM_ICInit) refers to stm32f10x_tim.o(i.TIM_SetIC4Prescaler) for TIM_SetIC4Prescaler
    stm32f10x_tim.o(i.TIM_ITRxExternalClockConfig) refers to stm32f10x_tim.o(i.TIM_SelectInputTrigger) for TIM_SelectInputTrigger
    stm32f10x_tim.o(i.TIM_PWMIConfig) refers to stm32f10x_tim.o(i.TI1_Config) for TI1_Config
    stm32f10x_tim.o(i.TIM_PWMIConfig) refers to stm32f10x_tim.o(i.TIM_SetIC1Prescaler) for TIM_SetIC1Prescaler
    stm32f10x_tim.o(i.TIM_PWMIConfig) refers to stm32f10x_tim.o(i.TI2_Config) for TI2_Config
    stm32f10x_tim.o(i.TIM_PWMIConfig) refers to stm32f10x_tim.o(i.TIM_SetIC2Prescaler) for TIM_SetIC2Prescaler
    stm32f10x_tim.o(i.TIM_TIxExternalClockConfig) refers to stm32f10x_tim.o(i.TI2_Config) for TI2_Config
    stm32f10x_tim.o(i.TIM_TIxExternalClockConfig) refers to stm32f10x_tim.o(i.TI1_Config) for TI1_Config
    stm32f10x_tim.o(i.TIM_TIxExternalClockConfig) refers to stm32f10x_tim.o(i.TIM_SelectInputTrigger) for TIM_SelectInputTrigger
    stm32f10x_usart.o(i.USART_DeInit) refers to stm32f10x_rcc.o(i.RCC_APB2PeriphResetCmd) for RCC_APB2PeriphResetCmd
    stm32f10x_usart.o(i.USART_DeInit) refers to stm32f10x_rcc.o(i.RCC_APB1PeriphResetCmd) for RCC_APB1PeriphResetCmd
    stm32f10x_usart.o(i.USART_Init) refers to stm32f10x_rcc.o(i.RCC_GetClocksFreq) for RCC_GetClocksFreq
    stm32f10x_wwdg.o(i.WWDG_DeInit) refers to stm32f10x_rcc.o(i.RCC_APB1PeriphResetCmd) for RCC_APB1PeriphResetCmd
    delay.o(i.delay_init) refers to misc.o(i.SysTick_CLKSourceConfig) for SysTick_CLKSourceConfig
    delay.o(i.delay_init) refers to delay.o(.data) for fac_us
    delay.o(i.delay_ms) refers to delay.o(.data) for fac_ms
    delay.o(i.delay_us) refers to delay.o(.data) for fac_us
    gui.o(i.Draw_Triangel) refers to gui.o(i.LCD_DrawLine) for LCD_DrawLine
    gui.o(i.Fill_Triangel) refers to gui.o(i._swap) for _swap
    gui.o(i.Fill_Triangel) refers to gui.o(i.LCD_Fill) for LCD_Fill
    gui.o(i.Fill_Triangel) refers to lcd.o(.data) for POINT_COLOR
    gui.o(i.GUI_DrawFont16) refers to lcd.o(i.LCD_SetWindows) for LCD_SetWindows
    gui.o(i.GUI_DrawFont16) refers to lcd.o(i.Lcd_WriteData_16Bit) for Lcd_WriteData_16Bit
    gui.o(i.GUI_DrawFont16) refers to lcd.o(i.LCD_DrawPoint) for LCD_DrawPoint
    gui.o(i.GUI_DrawFont16) refers to gui.o(.constdata) for tfont16
    gui.o(i.GUI_DrawFont16) refers to lcd.o(.data) for POINT_COLOR
    gui.o(i.GUI_DrawFont16) refers to lcd.o(.bss) for lcddev
    gui.o(i.GUI_DrawFont24) refers to lcd.o(i.LCD_SetWindows) for LCD_SetWindows
    gui.o(i.GUI_DrawFont24) refers to lcd.o(i.Lcd_WriteData_16Bit) for Lcd_WriteData_16Bit
    gui.o(i.GUI_DrawFont24) refers to lcd.o(i.LCD_DrawPoint) for LCD_DrawPoint
    gui.o(i.GUI_DrawFont24) refers to gui.o(.constdata) for tfont24
    gui.o(i.GUI_DrawFont24) refers to lcd.o(.data) for POINT_COLOR
    gui.o(i.GUI_DrawFont24) refers to lcd.o(.bss) for lcddev
    gui.o(i.GUI_DrawFont32) refers to lcd.o(i.LCD_SetWindows) for LCD_SetWindows
    gui.o(i.GUI_DrawFont32) refers to lcd.o(i.Lcd_WriteData_16Bit) for Lcd_WriteData_16Bit
    gui.o(i.GUI_DrawFont32) refers to lcd.o(i.LCD_DrawPoint) for LCD_DrawPoint
    gui.o(i.GUI_DrawFont32) refers to gui.o(.constdata) for tfont32
    gui.o(i.GUI_DrawFont32) refers to lcd.o(.data) for POINT_COLOR
    gui.o(i.GUI_DrawFont32) refers to lcd.o(.bss) for lcddev
    gui.o(i.GUI_DrawPoint) refers to lcd.o(i.LCD_SetCursor) for LCD_SetCursor
    gui.o(i.GUI_DrawPoint) refers to lcd.o(i.Lcd_WriteData_16Bit) for Lcd_WriteData_16Bit
    gui.o(i.Gui_Drawbmp16) refers to lcd.o(i.LCD_SetWindows) for LCD_SetWindows
    gui.o(i.Gui_Drawbmp16) refers to lcd.o(i.Lcd_WriteData_16Bit) for Lcd_WriteData_16Bit
    gui.o(i.Gui_Drawbmp16) refers to lcd.o(.bss) for lcddev
    gui.o(i.Gui_StrCenter) refers to strlen.o(.text) for strlen
    gui.o(i.Gui_StrCenter) refers to gui.o(i.Show_Str) for Show_Str
    gui.o(i.Gui_StrCenter) refers to lcd.o(.bss) for lcddev
    gui.o(i.LCD_DrawFillRectangle) refers to gui.o(i.LCD_Fill) for LCD_Fill
    gui.o(i.LCD_DrawFillRectangle) refers to lcd.o(.data) for POINT_COLOR
    gui.o(i.LCD_DrawLine) refers to lcd.o(i.LCD_DrawPoint) for LCD_DrawPoint
    gui.o(i.LCD_DrawRectangle) refers to gui.o(i.LCD_DrawLine) for LCD_DrawLine
    gui.o(i.LCD_Fill) refers to lcd.o(i.LCD_SetWindows) for LCD_SetWindows
    gui.o(i.LCD_Fill) refers to lcd.o(i.Lcd_WriteData_16Bit) for Lcd_WriteData_16Bit
    gui.o(i.LCD_Fill) refers to lcd.o(.bss) for lcddev
    gui.o(i.LCD_ShowChar) refers to lcd.o(i.LCD_SetWindows) for LCD_SetWindows
    gui.o(i.LCD_ShowChar) refers to lcd.o(i.Lcd_WriteData_16Bit) for Lcd_WriteData_16Bit
    gui.o(i.LCD_ShowChar) refers to lcd.o(i.LCD_DrawPoint) for LCD_DrawPoint
    gui.o(i.LCD_ShowChar) refers to lcd.o(.data) for POINT_COLOR
    gui.o(i.LCD_ShowChar) refers to gui.o(.constdata) for asc2_1206
    gui.o(i.LCD_ShowChar) refers to lcd.o(.bss) for lcddev
    gui.o(i.LCD_ShowNum) refers to gui.o(i.mypow) for mypow
    gui.o(i.LCD_ShowNum) refers to gui.o(i.LCD_ShowChar) for LCD_ShowChar
    gui.o(i.LCD_ShowNum) refers to lcd.o(.data) for BACK_COLOR
    gui.o(i.LCD_ShowString) refers to gui.o(i.LCD_ShowChar) for LCD_ShowChar
    gui.o(i.LCD_ShowString) refers to lcd.o(.bss) for lcddev
    gui.o(i.LCD_ShowString) refers to lcd.o(.data) for BACK_COLOR
    gui.o(i.Show_Str) refers to gui.o(i.LCD_ShowChar) for LCD_ShowChar
    gui.o(i.Show_Str) refers to gui.o(i.GUI_DrawFont32) for GUI_DrawFont32
    gui.o(i.Show_Str) refers to gui.o(i.GUI_DrawFont24) for GUI_DrawFont24
    gui.o(i.Show_Str) refers to gui.o(i.GUI_DrawFont16) for GUI_DrawFont16
    gui.o(i.Show_Str) refers to lcd.o(.bss) for lcddev
    gui.o(i._draw_circle_8) refers to gui.o(i.GUI_DrawPoint) for GUI_DrawPoint
    gui.o(i.gui_circle) refers to gui.o(i._draw_circle_8) for _draw_circle_8
    lcd.o(i.LCD_Clear) refers to lcd.o(i.LCD_SetWindows) for LCD_SetWindows
    lcd.o(i.LCD_Clear) refers to lcd.o(i.Lcd_WriteData_16Bit) for Lcd_WriteData_16Bit
    lcd.o(i.LCD_Clear) refers to lcd.o(.bss) for lcddev
    lcd.o(i.LCD_DrawPoint) refers to lcd.o(i.LCD_SetCursor) for LCD_SetCursor
    lcd.o(i.LCD_DrawPoint) refers to lcd.o(i.Lcd_WriteData_16Bit) for Lcd_WriteData_16Bit
    lcd.o(i.LCD_DrawPoint) refers to lcd.o(.data) for POINT_COLOR
    lcd.o(i.LCD_GPIOInit) refers to stm32f10x_rcc.o(i.RCC_APB2PeriphClockCmd) for RCC_APB2PeriphClockCmd
    lcd.o(i.LCD_GPIOInit) refers to stm32f10x_gpio.o(i.GPIO_Init) for GPIO_Init
    lcd.o(i.LCD_Init) refers to spi.o(i.SPI1_Init) for SPI1_Init
    lcd.o(i.LCD_Init) refers to lcd.o(i.LCD_GPIOInit) for LCD_GPIOInit
    lcd.o(i.LCD_Init) refers to lcd.o(i.LCD_RESET) for LCD_RESET
    lcd.o(i.LCD_Init) refers to lcd.o(i.LCD_WR_REG) for LCD_WR_REG
    lcd.o(i.LCD_Init) refers to lcd.o(i.LCD_WR_DATA) for LCD_WR_DATA
    lcd.o(i.LCD_Init) refers to delay.o(i.delay_ms) for delay_ms
    lcd.o(i.LCD_Init) refers to lcd.o(i.LCD_direction) for LCD_direction
    lcd.o(i.LCD_Init) refers to lcd.o(i.LCD_Clear) for LCD_Clear
    lcd.o(i.LCD_RESET) refers to delay.o(i.delay_ms) for delay_ms
    lcd.o(i.LCD_SetCursor) refers to lcd.o(i.LCD_SetWindows) for LCD_SetWindows
    lcd.o(i.LCD_SetWindows) refers to lcd.o(i.LCD_WR_REG) for LCD_WR_REG
    lcd.o(i.LCD_SetWindows) refers to lcd.o(i.LCD_WR_DATA) for LCD_WR_DATA
    lcd.o(i.LCD_SetWindows) refers to lcd.o(i.LCD_WriteRAM_Prepare) for LCD_WriteRAM_Prepare
    lcd.o(i.LCD_SetWindows) refers to lcd.o(.bss) for lcddev
    lcd.o(i.LCD_WR_DATA) refers to spi.o(i.SPI_WriteByte) for SPI_WriteByte
    lcd.o(i.LCD_WR_REG) refers to spi.o(i.SPI_WriteByte) for SPI_WriteByte
    lcd.o(i.LCD_WriteRAM_Prepare) refers to lcd.o(i.LCD_WR_REG) for LCD_WR_REG
    lcd.o(i.LCD_WriteRAM_Prepare) refers to lcd.o(.bss) for lcddev
    lcd.o(i.LCD_WriteReg) refers to lcd.o(i.LCD_WR_REG) for LCD_WR_REG
    lcd.o(i.LCD_WriteReg) refers to lcd.o(i.LCD_WR_DATA) for LCD_WR_DATA
    lcd.o(i.LCD_direction) refers to lcd.o(i.LCD_WriteReg) for LCD_WriteReg
    lcd.o(i.LCD_direction) refers to lcd.o(.bss) for lcddev
    lcd.o(i.Lcd_WriteData_16Bit) refers to spi.o(i.SPI_WriteByte) for SPI_WriteByte
    sys.o(i.MYRCC_DeInit) refers to sys.o(i.MY_NVIC_SetVectorTable) for MY_NVIC_SetVectorTable
    sys.o(i.MY_NVIC_Init) refers to sys.o(i.MY_NVIC_PriorityGroupConfig) for MY_NVIC_PriorityGroupConfig
    sys.o(i.Stm32_Clock_Init) refers to sys.o(i.MYRCC_DeInit) for MYRCC_DeInit
    sys.o(i.Sys_Standby) refers to sys.o(.emb_text) for WFI_SET
    test.o(i.Chinese_Font_test) refers to test.o(i.DrawTestPage) for DrawTestPage
    test.o(i.Chinese_Font_test) refers to gui.o(i.Show_Str) for Show_Str
    test.o(i.Chinese_Font_test) refers to delay.o(i.delay_ms) for delay_ms
    test.o(i.DrawTestPage) refers to lcd.o(i.LCD_Clear) for LCD_Clear
    test.o(i.DrawTestPage) refers to gui.o(i.LCD_Fill) for LCD_Fill
    test.o(i.DrawTestPage) refers to gui.o(i.Gui_StrCenter) for Gui_StrCenter
    test.o(i.DrawTestPage) refers to lcd.o(.bss) for lcddev
    test.o(i.DrawTestPage) refers to lcd.o(.data) for POINT_COLOR
    test.o(i.English_Font_test) refers to test.o(i.DrawTestPage) for DrawTestPage
    test.o(i.English_Font_test) refers to gui.o(i.Show_Str) for Show_Str
    test.o(i.English_Font_test) refers to delay.o(i.delay_ms) for delay_ms
    test.o(i.Pic_test) refers to test.o(i.DrawTestPage) for DrawTestPage
    test.o(i.Pic_test) refers to gui.o(i.Gui_Drawbmp16) for Gui_Drawbmp16
    test.o(i.Pic_test) refers to gui.o(i.Show_Str) for Show_Str
    test.o(i.Pic_test) refers to delay.o(i.delay_ms) for delay_ms
    test.o(i.Pic_test) refers to test.o(.constdata) for gImage_qq
    test.o(i.Rotate_Test) refers to lcd.o(i.LCD_direction) for LCD_direction
    test.o(i.Rotate_Test) refers to test.o(i.DrawTestPage) for DrawTestPage
    test.o(i.Rotate_Test) refers to gui.o(i.Show_Str) for Show_Str
    test.o(i.Rotate_Test) refers to gui.o(i.Gui_Drawbmp16) for Gui_Drawbmp16
    test.o(i.Rotate_Test) refers to delay.o(i.delay_ms) for delay_ms
    test.o(i.Rotate_Test) refers to test.o(.constdata) for .constdata
    test.o(i.Test_Circle) refers to test.o(i.DrawTestPage) for DrawTestPage
    test.o(i.Test_Circle) refers to gui.o(i.LCD_Fill) for LCD_Fill
    test.o(i.Test_Circle) refers to gui.o(i.gui_circle) for gui_circle
    test.o(i.Test_Circle) refers to delay.o(i.delay_ms) for delay_ms
    test.o(i.Test_Circle) refers to lcd.o(.bss) for lcddev
    test.o(i.Test_Circle) refers to test.o(.data) for ColorTab
    test.o(i.Test_Color) refers to gui.o(i.LCD_Fill) for LCD_Fill
    test.o(i.Test_Color) refers to gui.o(i.Show_Str) for Show_Str
    test.o(i.Test_Color) refers to delay.o(i.delay_ms) for delay_ms
    test.o(i.Test_Color) refers to lcd.o(.bss) for lcddev
    test.o(i.Test_FillRec) refers to test.o(i.DrawTestPage) for DrawTestPage
    test.o(i.Test_FillRec) refers to gui.o(i.LCD_Fill) for LCD_Fill
    test.o(i.Test_FillRec) refers to gui.o(i.LCD_DrawRectangle) for LCD_DrawRectangle
    test.o(i.Test_FillRec) refers to delay.o(i.delay_ms) for delay_ms
    test.o(i.Test_FillRec) refers to gui.o(i.LCD_DrawFillRectangle) for LCD_DrawFillRectangle
    test.o(i.Test_FillRec) refers to lcd.o(.bss) for lcddev
    test.o(i.Test_FillRec) refers to test.o(.data) for ColorTab
    test.o(i.Test_FillRec) refers to lcd.o(.data) for POINT_COLOR
    test.o(i.Test_Triangle) refers to test.o(i.DrawTestPage) for DrawTestPage
    test.o(i.Test_Triangle) refers to gui.o(i.LCD_Fill) for LCD_Fill
    test.o(i.Test_Triangle) refers to gui.o(i.Draw_Triangel) for Draw_Triangel
    test.o(i.Test_Triangle) refers to delay.o(i.delay_ms) for delay_ms
    test.o(i.Test_Triangle) refers to gui.o(i.Fill_Triangel) for Fill_Triangel
    test.o(i.Test_Triangle) refers to lcd.o(.bss) for lcddev
    test.o(i.Test_Triangle) refers to test.o(.data) for ColorTab
    test.o(i.Test_Triangle) refers to lcd.o(.data) for POINT_COLOR
    test.o(i.main_test) refers to test.o(i.DrawTestPage) for DrawTestPage
    test.o(i.main_test) refers to gui.o(i.Gui_StrCenter) for Gui_StrCenter
    test.o(i.main_test) refers to delay.o(i.delay_ms) for delay_ms
    test.o(.constdata) refers to test.o(.conststring) for .conststring
    spi.o(i.SPI1_Init) refers to stm32f10x_rcc.o(i.RCC_APB2PeriphClockCmd) for RCC_APB2PeriphClockCmd
    spi.o(i.SPI1_Init) refers to stm32f10x_gpio.o(i.GPIO_Init) for GPIO_Init
    spi.o(i.SPI1_Init) refers to stm32f10x_spi.o(i.SPI_Init) for SPI_Init
    spi.o(i.SPI1_Init) refers to stm32f10x_spi.o(i.SPI_Cmd) for SPI_Cmd
    mylcd.o(i.myLCD_Init) refers to lcd.o(i.LCD_Init) for LCD_Init
    mylcd.o(i.myLCD_Power_Init) refers to stm32f10x_rcc.o(i.RCC_APB2PeriphClockCmd) for RCC_APB2PeriphClockCmd
    mylcd.o(i.myLCD_Power_Init) refers to stm32f10x_gpio.o(i.GPIO_Init) for GPIO_Init
    mylcd.o(i.myLCD_Power_Off) refers to stm32f10x_gpio.o(i.GPIO_ResetBits) for GPIO_ResetBits
    mylcd.o(i.myLCD_Power_On) refers to stm32f10x_gpio.o(i.GPIO_SetBits) for GPIO_SetBits
    mylcd.o(i.myLCD_ShowChar) refers to gui.o(i.LCD_ShowChar) for LCD_ShowChar
    mylcd.o(i.myLCD_ShowChar) refers to lcd.o(.data) for BACK_COLOR
    mylcd.o(i.myLCD_ShowHexNum) refers to gui.o(i.LCD_ShowChar) for LCD_ShowChar
    mylcd.o(i.myLCD_ShowHexNum) refers to lcd.o(.data) for BACK_COLOR
    mylcd.o(i.myLCD_ShowString) refers to gui.o(i.LCD_ShowString) for LCD_ShowString
    pc13led.o(i.PC13LED_Init) refers to stm32f10x_rcc.o(i.RCC_APB2PeriphClockCmd) for RCC_APB2PeriphClockCmd
    pc13led.o(i.PC13LED_Init) refers to stm32f10x_gpio.o(i.GPIO_Init) for GPIO_Init
    pc13led.o(i.PC13LED_Init) refers to stm32f10x_gpio.o(i.GPIO_SetBits) for GPIO_SetBits
    pc13led.o(i.PC13LED_Off) refers to stm32f10x_gpio.o(i.GPIO_SetBits) for GPIO_SetBits
    pc13led.o(i.PC13LED_On) refers to stm32f10x_gpio.o(i.GPIO_ResetBits) for GPIO_ResetBits
    menu.o(i.ChooseDir) refers to mykey.o(i.myKey_GetNum) for myKey_GetNum
    menu.o(i.ChooseDir) refers to menu.o(i.ShowCursor) for ShowCursor
    menu.o(i.ChooseDir) refers to menu.o(i.ClearMenu) for ClearMenu
    menu.o(i.ChooseDir2) refers to mykey.o(i.myKey_GetNum) for myKey_GetNum
    menu.o(i.ChooseDir2) refers to menu.o(i.ShowCursor) for ShowCursor
    menu.o(i.ClearMenu) refers to gui.o(i.LCD_Fill) for LCD_Fill
    menu.o(i.ClearMenu) refers to mylcd.o(.constdata) for Y
    menu.o(i.ClearMenu) refers to lcd.o(.bss) for lcddev
    menu.o(i.Menu) refers to gui.o(i.LCD_DrawRectangle) for LCD_DrawRectangle
    menu.o(i.Menu) refers to gui.o(i.LCD_DrawLine) for LCD_DrawLine
    menu.o(i.Menu) refers to gui.o(i.Gui_StrCenter) for Gui_StrCenter
    menu.o(i.Menu) refers to gui.o(i.Show_Str) for Show_Str
    menu.o(i.Menu) refers to mylcd.o(i.myLCD_ShowString) for myLCD_ShowString
    menu.o(i.Menu) refers to menu.o(i.ChooseDir) for ChooseDir
    menu.o(i.Menu) refers to gui.o(i.LCD_Fill) for LCD_Fill
    menu.o(i.Menu) refers to mylcd.o(.constdata) for Y
    menu.o(i.Menu_ShowHead) refers to gui.o(i.LCD_Fill) for LCD_Fill
    menu.o(i.Menu_ShowHead) refers to gui.o(i.Show_Str) for Show_Str
    menu.o(i.Menu_ShowHead) refers to gui.o(i.LCD_ShowNum) for LCD_ShowNum
    menu.o(i.Menu_ShowHead) refers to lcd.o(.bss) for lcddev
    menu.o(i.Menu_ShowHead) refers to mylcd.o(.constdata) for Y
    menu.o(i.Menu_ShowHead) refers to serial.o(.bss) for serial
    menu.o(i.Menu_ShowHead) refers to menu.o(.data) for ProcessMode
    menu.o(i.Menu_ShowHead) refers to lcd.o(.data) for POINT_COLOR
    menu.o(i.ShowCursor) refers to gui.o(i.Show_Str) for Show_Str
    menu.o(i.ShowCursor) refers to mylcd.o(.constdata) for Y
    menu.o(i.menu2_baud) refers to mylcd.o(i.myLCD_ShowString) for myLCD_ShowString
    menu.o(i.menu2_baud) refers to gui.o(i.Show_Str) for Show_Str
    menu.o(i.menu2_baud) refers to menu.o(i.ChooseDir) for ChooseDir
    menu.o(i.menu2_baud) refers to menu.o(i.ClearMenu) for ClearMenu
    menu.o(i.menu2_baud) refers to menu.o(i.user_define) for user_define
    menu.o(i.menu2_baud) refers to gui.o(i.Gui_StrCenter) for Gui_StrCenter
    menu.o(i.menu2_baud) refers to gui.o(i.LCD_ShowNum) for LCD_ShowNum
    menu.o(i.menu2_baud) refers to serial.o(i.serial_Change13Baud) for serial_Change13Baud
    menu.o(i.menu2_baud) refers to stmflash.o(i.data_to_string) for data_to_string
    menu.o(i.menu2_baud) refers to stmflash.o(i.STMFLASH_Write) for STMFLASH_Write
    menu.o(i.menu2_baud) refers to mylcd.o(.constdata) for Y
    menu.o(i.menu2_baud) refers to serial.o(.bss) for serial
    menu.o(i.menu2_baud) refers to lcd.o(.data) for POINT_COLOR
    menu.o(i.menu2_baud) refers to stmflash.o(.bss) for Flash_Buffer
    menu.o(i.menu2_baud) refers to menu.o(.constdata) for Baud
    menu.o(i.menu2_other) refers to gui.o(i.Show_Str) for Show_Str
    menu.o(i.menu2_other) refers to mylcd.o(i.myLCD_ShowString) for myLCD_ShowString
    menu.o(i.menu2_other) refers to menu.o(i.ChooseDir2) for ChooseDir2
    menu.o(i.menu2_other) refers to serial.o(i.serial_ChangeConfig) for serial_ChangeConfig
    menu.o(i.menu2_other) refers to stmflash.o(i.data_to_string) for data_to_string
    menu.o(i.menu2_other) refers to stmflash.o(i.STMFLASH_Write) for STMFLASH_Write
    menu.o(i.menu2_other) refers to menu.o(i.ClearMenu) for ClearMenu
    menu.o(i.menu2_other) refers to menu.o(i.menu3_databit) for menu3_databit
    menu.o(i.menu2_other) refers to menu.o(i.menu3_stopbit) for menu3_stopbit
    menu.o(i.menu2_other) refers to menu.o(i.menu3_paritybit) for menu3_paritybit
    menu.o(i.menu2_other) refers to serial.o(.bss) for serial
    menu.o(i.menu2_other) refers to mylcd.o(.constdata) for Y
    menu.o(i.menu2_other) refers to stmflash.o(.bss) for Flash_Buffer
    menu.o(i.menu2_processmode) refers to gui.o(i.Show_Str) for Show_Str
    menu.o(i.menu2_processmode) refers to mylcd.o(i.myLCD_ShowString) for myLCD_ShowString
    menu.o(i.menu2_processmode) refers to menu.o(i.ChooseDir) for ChooseDir
    menu.o(i.menu2_processmode) refers to menu.o(i.ClearMenu) for ClearMenu
    menu.o(i.menu2_processmode) refers to stmflash.o(i.data_to_string) for data_to_string
    menu.o(i.menu2_processmode) refers to stmflash.o(i.STMFLASH_Write) for STMFLASH_Write
    menu.o(i.menu2_processmode) refers to menu.o(i.menu3_SendToPC) for menu3_SendToPC
    menu.o(i.menu2_processmode) refers to mylcd.o(.constdata) for Y
    menu.o(i.menu2_processmode) refers to serial.o(.bss) for serial
    menu.o(i.menu2_processmode) refers to menu.o(.data) for ProcessMode
    menu.o(i.menu2_processmode) refers to stmflash.o(.bss) for Flash_Buffer
    menu.o(i.menu2_showmode) refers to gui.o(i.Show_Str) for Show_Str
    menu.o(i.menu2_showmode) refers to mylcd.o(i.myLCD_ShowString) for myLCD_ShowString
    menu.o(i.menu2_showmode) refers to menu.o(i.ChooseDir) for ChooseDir
    menu.o(i.menu2_showmode) refers to menu.o(i.ClearMenu) for ClearMenu
    menu.o(i.menu2_showmode) refers to stmflash.o(i.data_to_string) for data_to_string
    menu.o(i.menu2_showmode) refers to stmflash.o(i.STMFLASH_Write) for STMFLASH_Write
    menu.o(i.menu2_showmode) refers to mylcd.o(.constdata) for Y
    menu.o(i.menu2_showmode) refers to serial.o(.bss) for serial
    menu.o(i.menu2_showmode) refers to menu.o(.data) for ShowMode
    menu.o(i.menu2_showmode) refers to stmflash.o(.bss) for Flash_Buffer
    menu.o(i.menu3_SendToPC) refers to gui.o(i.Show_Str) for Show_Str
    menu.o(i.menu3_SendToPC) refers to mylcd.o(i.myLCD_ShowString) for myLCD_ShowString
    menu.o(i.menu3_SendToPC) refers to menu.o(i.ChooseDir) for ChooseDir
    menu.o(i.menu3_SendToPC) refers to menu.o(i.ClearMenu) for ClearMenu
    menu.o(i.menu3_SendToPC) refers to menu.o(i.menu4_toPCBaud) for menu4_toPCBaud
    menu.o(i.menu3_SendToPC) refers to menu.o(i.menu2_other) for menu2_other
    menu.o(i.menu3_SendToPC) refers to mylcd.o(.constdata) for Y
    menu.o(i.menu3_databit) refers to gui.o(i.Show_Str) for Show_Str
    menu.o(i.menu3_databit) refers to serial.o(.bss) for serial
    menu.o(i.menu3_databit) refers to mylcd.o(.constdata) for Y
    menu.o(i.menu3_paritybit) refers to gui.o(i.Show_Str) for Show_Str
    menu.o(i.menu3_paritybit) refers to serial.o(.bss) for serial
    menu.o(i.menu3_paritybit) refers to mylcd.o(.constdata) for Y
    menu.o(i.menu3_stopbit) refers to gui.o(i.Show_Str) for Show_Str
    menu.o(i.menu3_stopbit) refers to serial.o(.bss) for serial
    menu.o(i.menu3_stopbit) refers to mylcd.o(.constdata) for Y
    menu.o(i.menu4_toPCBaud) refers to mylcd.o(i.myLCD_ShowString) for myLCD_ShowString
    menu.o(i.menu4_toPCBaud) refers to gui.o(i.Show_Str) for Show_Str
    menu.o(i.menu4_toPCBaud) refers to menu.o(i.ChooseDir) for ChooseDir
    menu.o(i.menu4_toPCBaud) refers to menu.o(i.ClearMenu) for ClearMenu
    menu.o(i.menu4_toPCBaud) refers to menu.o(i.user_define) for user_define
    menu.o(i.menu4_toPCBaud) refers to gui.o(i.Gui_StrCenter) for Gui_StrCenter
    menu.o(i.menu4_toPCBaud) refers to serial.o(i.serial_Change2Baud) for serial_Change2Baud
    menu.o(i.menu4_toPCBaud) refers to stmflash.o(i.data_to_string) for data_to_string
    menu.o(i.menu4_toPCBaud) refers to stmflash.o(i.STMFLASH_Write) for STMFLASH_Write
    menu.o(i.menu4_toPCBaud) refers to mylcd.o(.constdata) for Y
    menu.o(i.menu4_toPCBaud) refers to serial.o(.bss) for serial
    menu.o(i.menu4_toPCBaud) refers to stmflash.o(.bss) for Flash_Buffer
    menu.o(i.menu4_toPCBaud) refers to menu.o(.constdata) for Baud
    menu.o(i.user_define) refers to mylcd.o(i.myLCD_ShowString) for myLCD_ShowString
    menu.o(i.user_define) refers to gui.o(i.LCD_ShowChar) for LCD_ShowChar
    menu.o(i.user_define) refers to gui.o(i.Show_Str) for Show_Str
    menu.o(i.user_define) refers to mykey.o(i.myKey_GetNum) for myKey_GetNum
    menu.o(i.user_define) refers to gui.o(i.mypow) for mypow
    menu.o(i.user_define) refers to menu.o(i.ClearMenu) for ClearMenu
    menu.o(i.user_define) refers to mylcd.o(.constdata) for Y
    mykey.o(i.myKey_GetNum) refers to stm32f10x_gpio.o(i.GPIO_ReadInputDataBit) for GPIO_ReadInputDataBit
    mykey.o(i.myKey_GetNum) refers to delay.o(i.delay_ms) for delay_ms
    mykey.o(i.myKey_Init) refers to stm32f10x_rcc.o(i.RCC_APB2PeriphClockCmd) for RCC_APB2PeriphClockCmd
    mykey.o(i.myKey_Init) refers to stm32f10x_gpio.o(i.GPIO_PinRemapConfig) for GPIO_PinRemapConfig
    mykey.o(i.myKey_Init) refers to stm32f10x_gpio.o(i.GPIO_Init) for GPIO_Init
    process.o(i.AddX) refers to gui.o(i.LCD_Fill) for LCD_Fill
    process.o(i.AddX) refers to process.o(.data) for x
    process.o(i.AddX) refers to mylcd.o(.constdata) for Y
    process.o(i.AddY) refers to gui.o(i.LCD_Fill) for LCD_Fill
    process.o(i.AddY) refers to process.o(.data) for y
    process.o(i.AddY) refers to mylcd.o(.constdata) for Y
    process.o(i.ScreenDisplay) refers to gui.o(i.Show_Str) for Show_Str
    process.o(i.ScreenDisplay) refers to mykey.o(i.myKey_GetNum) for myKey_GetNum
    process.o(i.ScreenDisplay) refers to gui.o(i.LCD_Fill) for LCD_Fill
    process.o(i.ScreenDisplay) refers to process.o(i.Show1) for Show1
    process.o(i.ScreenDisplay) refers to serial.o(i.uart1DmaClear) for uart1DmaClear
    process.o(i.ScreenDisplay) refers to process.o(i.Show2) for Show2
    process.o(i.ScreenDisplay) refers to serial.o(i.uart3DmaClear) for uart3DmaClear
    process.o(i.ScreenDisplay) refers to process.o(.data) for x
    process.o(i.ScreenDisplay) refers to mylcd.o(.constdata) for Y
    process.o(i.ScreenDisplay) refers to serial.o(.bss) for serial
    process.o(i.SendToPC) refers to _printf_pad.o(.text) for _printf_pre_padding
    process.o(i.SendToPC) refers to _printf_percent.o(.ARM.Collect$$_printf_percent$$00000000) for _printf_percent
    process.o(i.SendToPC) refers to _printf_d.o(.ARM.Collect$$_printf_percent$$00000009) for _printf_d
    process.o(i.SendToPC) refers to _printf_dec.o(.text) for _printf_int_dec
    process.o(i.SendToPC) refers to gui.o(i.Show_Str) for Show_Str
    process.o(i.SendToPC) refers to noretval__2sprintf.o(.text) for __2sprintf
    process.o(i.SendToPC) refers to gui.o(i.Gui_StrCenter) for Gui_StrCenter
    process.o(i.SendToPC) refers to mykey.o(i.myKey_GetNum) for myKey_GetNum
    process.o(i.SendToPC) refers to gui.o(i.LCD_Fill) for LCD_Fill
    process.o(i.SendToPC) refers to serial.o(i.uart2SendArray) for uart2SendArray
    process.o(i.SendToPC) refers to serial.o(i.uart1DmaClear) for uart1DmaClear
    process.o(i.SendToPC) refers to serial.o(i.uart3DmaClear) for uart3DmaClear
    process.o(i.SendToPC) refers to mylcd.o(.constdata) for Y
    process.o(i.SendToPC) refers to serial.o(.bss) for serial
    process.o(i.SendToSD) refers to _printf_percent.o(.ARM.Collect$$_printf_percent$$00000000) for _printf_percent
    process.o(i.SendToSD) refers to _printf_d.o(.ARM.Collect$$_printf_percent$$00000009) for _printf_d
    process.o(i.SendToSD) refers to _printf_dec.o(.text) for _printf_int_dec
    process.o(i.SendToSD) refers to gui.o(i.Show_Str) for Show_Str
    process.o(i.SendToSD) refers to ff.o(i.f_mount) for f_mount
    process.o(i.SendToSD) refers to ff.o(i.f_mkfs) for f_mkfs
    process.o(i.SendToSD) refers to mylcd.o(i.myLCD_ShowString) for myLCD_ShowString
    process.o(i.SendToSD) refers to ff.o(i.f_open) for f_open
    process.o(i.SendToSD) refers to gui.o(i.Gui_StrCenter) for Gui_StrCenter
    process.o(i.SendToSD) refers to mf.o(i.exf_getfree) for exf_getfree
    process.o(i.SendToSD) refers to noretval__2sprintf.o(.text) for __2sprintf
    process.o(i.SendToSD) refers to mykey.o(i.myKey_GetNum) for myKey_GetNum
    process.o(i.SendToSD) refers to gui.o(i.LCD_Fill) for LCD_Fill
    process.o(i.SendToSD) refers to ff.o(i.f_sync) for f_sync
    process.o(i.SendToSD) refers to ff.o(i.f_write) for f_write
    process.o(i.SendToSD) refers to process.o(i.my_f_write1) for my_f_write1
    process.o(i.SendToSD) refers to serial.o(i.uart1DmaClear) for uart1DmaClear
    process.o(i.SendToSD) refers to process.o(i.my_f_write2) for my_f_write2
    process.o(i.SendToSD) refers to serial.o(i.uart3DmaClear) for uart3DmaClear
    process.o(i.SendToSD) refers to mylcd.o(.constdata) for Y
    process.o(i.SendToSD) refers to process.o(.data) for first_flag
    process.o(i.SendToSD) refers to mf.o(.bss) for fs_FatFs
    process.o(i.SendToSD) refers to serial.o(.bss) for print_buf
    process.o(i.SendToSD) refers to mf.o(.data) for fs_bw
    process.o(i.Show1) refers to process.o(i.ShowHead1) for ShowHead1
    process.o(i.Show1) refers to process.o(i.AddY) for AddY
    process.o(i.Show1) refers to mylcd.o(i.myLCD_ShowChar) for myLCD_ShowChar
    process.o(i.Show1) refers to process.o(i.AddX) for AddX
    process.o(i.Show1) refers to mylcd.o(i.myLCD_ShowHexNum) for myLCD_ShowHexNum
    process.o(i.Show1) refers to serial.o(.bss) for serial
    process.o(i.Show1) refers to process.o(.data) for x
    process.o(i.Show1) refers to mylcd.o(.constdata) for Y
    process.o(i.Show2) refers to process.o(i.ShowHead2) for ShowHead2
    process.o(i.Show2) refers to process.o(i.AddY) for AddY
    process.o(i.Show2) refers to mylcd.o(i.myLCD_ShowChar) for myLCD_ShowChar
    process.o(i.Show2) refers to process.o(i.AddX) for AddX
    process.o(i.Show2) refers to mylcd.o(i.myLCD_ShowHexNum) for myLCD_ShowHexNum
    process.o(i.Show2) refers to serial.o(.bss) for serial
    process.o(i.Show2) refers to process.o(.data) for x
    process.o(i.Show2) refers to mylcd.o(.constdata) for Y
    process.o(i.ShowHead1) refers to process.o(i.AddY) for AddY
    process.o(i.ShowHead1) refers to mylcd.o(i.myLCD_ShowString) for myLCD_ShowString
    process.o(i.ShowHead1) refers to process.o(i.AddX) for AddX
    process.o(i.ShowHead1) refers to process.o(.data) for new_line
    process.o(i.ShowHead1) refers to mylcd.o(.constdata) for Y
    process.o(i.ShowHead2) refers to process.o(i.AddY) for AddY
    process.o(i.ShowHead2) refers to mylcd.o(i.myLCD_ShowString) for myLCD_ShowString
    process.o(i.ShowHead2) refers to process.o(i.AddX) for AddX
    process.o(i.ShowHead2) refers to process.o(.data) for new_line
    process.o(i.ShowHead2) refers to mylcd.o(.constdata) for Y
    process.o(i.my_f_write1) refers to _printf_percent.o(.ARM.Collect$$_printf_percent$$00000000) for _printf_percent
    process.o(i.my_f_write1) refers to _printf_d.o(.ARM.Collect$$_printf_percent$$00000009) for _printf_d
    process.o(i.my_f_write1) refers to _printf_dec.o(.text) for _printf_int_dec
    process.o(i.my_f_write1) refers to ff.o(i.f_write) for f_write
    process.o(i.my_f_write1) refers to noretval__2sprintf.o(.text) for __2sprintf
    process.o(i.my_f_write1) refers to mylcd.o(i.myLCD_ShowString) for myLCD_ShowString
    process.o(i.my_f_write1) refers to mf.o(.data) for fs_bw
    process.o(i.my_f_write1) refers to mf.o(.bss) for fs_file
    process.o(i.my_f_write1) refers to serial.o(.bss) for serial
    process.o(i.my_f_write1) refers to process.o(.data) for write_num
    process.o(i.my_f_write1) refers to mylcd.o(.constdata) for Y
    process.o(i.my_f_write2) refers to _printf_percent.o(.ARM.Collect$$_printf_percent$$00000000) for _printf_percent
    process.o(i.my_f_write2) refers to _printf_d.o(.ARM.Collect$$_printf_percent$$00000009) for _printf_d
    process.o(i.my_f_write2) refers to _printf_dec.o(.text) for _printf_int_dec
    process.o(i.my_f_write2) refers to ff.o(i.f_write) for f_write
    process.o(i.my_f_write2) refers to noretval__2sprintf.o(.text) for __2sprintf
    process.o(i.my_f_write2) refers to mylcd.o(i.myLCD_ShowString) for myLCD_ShowString
    process.o(i.my_f_write2) refers to mf.o(.data) for fs_bw
    process.o(i.my_f_write2) refers to mf.o(.bss) for fs_file
    process.o(i.my_f_write2) refers to serial.o(.bss) for serial
    process.o(i.my_f_write2) refers to process.o(.data) for write_num
    process.o(i.my_f_write2) refers to mylcd.o(.constdata) for Y
    process.o(i.process) refers to process.o(i.ScreenDisplay) for ScreenDisplay
    process.o(i.process) refers to process.o(i.SendToPC) for SendToPC
    process.o(i.process) refers to process.o(i.SendToSD) for SendToSD
    serial.o(i.Serial_Init) refers to rt_memclr_w.o(.text) for __aeabi_memclr4
    serial.o(i.Serial_Init) refers to rt_memclr.o(.text) for __aeabi_memclr
    serial.o(i.Serial_Init) refers to stm32f10x_rcc.o(i.RCC_APB2PeriphClockCmd) for RCC_APB2PeriphClockCmd
    serial.o(i.Serial_Init) refers to stm32f10x_rcc.o(i.RCC_APB1PeriphClockCmd) for RCC_APB1PeriphClockCmd
    serial.o(i.Serial_Init) refers to stm32f10x_gpio.o(i.GPIO_Init) for GPIO_Init
    serial.o(i.Serial_Init) refers to serial.o(i.serial_ChangeConfig) for serial_ChangeConfig
    serial.o(i.Serial_Init) refers to stm32f10x_rcc.o(i.RCC_AHBPeriphClockCmd) for RCC_AHBPeriphClockCmd
    serial.o(i.Serial_Init) refers to stm32f10x_dma.o(i.DMA_Init) for DMA_Init
    serial.o(i.Serial_Init) refers to stm32f10x_usart.o(i.USART_DMACmd) for USART_DMACmd
    serial.o(i.Serial_Init) refers to stm32f10x_dma.o(i.DMA_Cmd) for DMA_Cmd
    serial.o(i.Serial_Init) refers to stm32f10x_usart.o(i.USART_ITConfig) for USART_ITConfig
    serial.o(i.Serial_Init) refers to misc.o(i.NVIC_PriorityGroupConfig) for NVIC_PriorityGroupConfig
    serial.o(i.Serial_Init) refers to misc.o(i.NVIC_Init) for NVIC_Init
    serial.o(i.Serial_Init) refers to stm32f10x_usart.o(i.USART_Cmd) for USART_Cmd
    serial.o(i.Serial_Init) refers to serial.o(.bss) for serial
    serial.o(i.Serial_USART2_SendByte) refers to stm32f10x_usart.o(i.USART_SendData) for USART_SendData
    serial.o(i.Serial_USART2_SendByte) refers to stm32f10x_usart.o(i.USART_GetFlagStatus) for USART_GetFlagStatus
    serial.o(i.serial_Change13Baud) refers to stm32f10x_usart.o(i.USART_Init) for USART_Init
    serial.o(i.serial_Change2Baud) refers to stm32f10x_usart.o(i.USART_Init) for USART_Init
    serial.o(i.serial_ChangeConfig) refers to stm32f10x_usart.o(i.USART_Init) for USART_Init
    serial.o(i.serial_ChangeConfig) refers to serial.o(.bss) for serial
    serial.o(i.uart1DmaClear) refers to stm32f10x_dma.o(i.DMA_Cmd) for DMA_Cmd
    serial.o(i.uart1DmaClear) refers to stm32f10x_dma.o(i.DMA_SetCurrDataCounter) for DMA_SetCurrDataCounter
    serial.o(i.uart2SendArray) refers to stm32f10x_dma.o(i.DMA_GetCurrDataCounter) for DMA_GetCurrDataCounter
    serial.o(i.uart2SendArray) refers to rt_memcpy_v6.o(.text) for __aeabi_memcpy
    serial.o(i.uart2SendArray) refers to stm32f10x_dma.o(i.DMA_Cmd) for DMA_Cmd
    serial.o(i.uart2SendArray) refers to stm32f10x_dma.o(i.DMA_SetCurrDataCounter) for DMA_SetCurrDataCounter
    serial.o(i.uart2SendArray) refers to serial.o(.bss) for serial
    serial.o(i.uart3DmaClear) refers to stm32f10x_dma.o(i.DMA_Cmd) for DMA_Cmd
    serial.o(i.uart3DmaClear) refers to stm32f10x_dma.o(i.DMA_SetCurrDataCounter) for DMA_SetCurrDataCounter
    mmc_sd.o(i.SD_DisSelect) refers to mmc_sd.o(i.SD_SPI_ReadWriteByte) for SD_SPI_ReadWriteByte
    mmc_sd.o(i.SD_GetCID) refers to mmc_sd.o(i.SD_SendCmd) for SD_SendCmd
    mmc_sd.o(i.SD_GetCID) refers to mmc_sd.o(i.SD_RecvData) for SD_RecvData
    mmc_sd.o(i.SD_GetCID) refers to mmc_sd.o(i.SD_DisSelect) for SD_DisSelect
    mmc_sd.o(i.SD_GetCSD) refers to mmc_sd.o(i.SD_SendCmd) for SD_SendCmd
    mmc_sd.o(i.SD_GetCSD) refers to mmc_sd.o(i.SD_RecvData) for SD_RecvData
    mmc_sd.o(i.SD_GetCSD) refers to mmc_sd.o(i.SD_DisSelect) for SD_DisSelect
    mmc_sd.o(i.SD_GetResponse) refers to mmc_sd.o(i.SD_SPI_ReadWriteByte) for SD_SPI_ReadWriteByte
    mmc_sd.o(i.SD_GetSectorCount) refers to mmc_sd.o(i.SD_GetCSD) for SD_GetCSD
    mmc_sd.o(i.SD_Initialize) refers to mmc_sd.o(i.SD_SPI_Init) for SD_SPI_Init
    mmc_sd.o(i.SD_Initialize) refers to mmc_sd.o(i.SD_SPI_SpeedLow) for SD_SPI_SpeedLow
    mmc_sd.o(i.SD_Initialize) refers to mmc_sd.o(i.SD_SPI_ReadWriteByte) for SD_SPI_ReadWriteByte
    mmc_sd.o(i.SD_Initialize) refers to mmc_sd.o(i.SD_SendCmd) for SD_SendCmd
    mmc_sd.o(i.SD_Initialize) refers to mmc_sd.o(i.SD_DisSelect) for SD_DisSelect
    mmc_sd.o(i.SD_Initialize) refers to mmc_sd.o(i.SD_SPI_SpeedHigh) for SD_SPI_SpeedHigh
    mmc_sd.o(i.SD_Initialize) refers to mmc_sd.o(.data) for SD_Type
    mmc_sd.o(i.SD_ReadDisk) refers to mmc_sd.o(i.SD_SendCmd) for SD_SendCmd
    mmc_sd.o(i.SD_ReadDisk) refers to mmc_sd.o(i.SD_RecvData) for SD_RecvData
    mmc_sd.o(i.SD_ReadDisk) refers to mmc_sd.o(i.SD_DisSelect) for SD_DisSelect
    mmc_sd.o(i.SD_ReadDisk) refers to mmc_sd.o(.data) for SD_Type
    mmc_sd.o(i.SD_RecvData) refers to mmc_sd.o(i.SD_GetResponse) for SD_GetResponse
    mmc_sd.o(i.SD_RecvData) refers to sd_spi.o(i.SPI2_ReadWriteByte) for SPI2_ReadWriteByte
    mmc_sd.o(i.SD_RecvData) refers to mmc_sd.o(i.SD_SPI_ReadWriteByte) for SD_SPI_ReadWriteByte
    mmc_sd.o(i.SD_SPI_Init) refers to stm32f10x_rcc.o(i.RCC_APB2PeriphClockCmd) for RCC_APB2PeriphClockCmd
    mmc_sd.o(i.SD_SPI_Init) refers to stm32f10x_gpio.o(i.GPIO_Init) for GPIO_Init
    mmc_sd.o(i.SD_SPI_Init) refers to stm32f10x_gpio.o(i.GPIO_SetBits) for GPIO_SetBits
    mmc_sd.o(i.SD_SPI_Init) refers to sd_spi.o(i.SPI2_Init) for SPI2_Init
    mmc_sd.o(i.SD_SPI_ReadWriteByte) refers to sd_spi.o(i.SPI2_ReadWriteByte) for SPI2_ReadWriteByte
    mmc_sd.o(i.SD_SPI_SpeedHigh) refers to sd_spi.o(i.SPI2_SetSpeed) for SPI2_SetSpeed
    mmc_sd.o(i.SD_SPI_SpeedLow) refers to sd_spi.o(i.SPI2_SetSpeed) for SPI2_SetSpeed
    mmc_sd.o(i.SD_Select) refers to mmc_sd.o(i.SD_WaitReady) for SD_WaitReady
    mmc_sd.o(i.SD_Select) refers to mmc_sd.o(i.SD_DisSelect) for SD_DisSelect
    mmc_sd.o(i.SD_SendBlock) refers to mmc_sd.o(i.SD_WaitReady) for SD_WaitReady
    mmc_sd.o(i.SD_SendBlock) refers to mmc_sd.o(i.SD_SPI_ReadWriteByte) for SD_SPI_ReadWriteByte
    mmc_sd.o(i.SD_SendBlock) refers to sd_spi.o(i.SPI2_ReadWriteByte) for SPI2_ReadWriteByte
    mmc_sd.o(i.SD_SendCmd) refers to mmc_sd.o(i.SD_DisSelect) for SD_DisSelect
    mmc_sd.o(i.SD_SendCmd) refers to mmc_sd.o(i.SD_Select) for SD_Select
    mmc_sd.o(i.SD_SendCmd) refers to mmc_sd.o(i.SD_SPI_ReadWriteByte) for SD_SPI_ReadWriteByte
    mmc_sd.o(i.SD_WaitReady) refers to mmc_sd.o(i.SD_SPI_ReadWriteByte) for SD_SPI_ReadWriteByte
    mmc_sd.o(i.SD_WriteDisk) refers to delay.o(i.delay_ms) for delay_ms
    mmc_sd.o(i.SD_WriteDisk) refers to mmc_sd.o(i.SD_SendCmd) for SD_SendCmd
    mmc_sd.o(i.SD_WriteDisk) refers to mmc_sd.o(i.SD_SendBlock) for SD_SendBlock
    mmc_sd.o(i.SD_WriteDisk) refers to mmc_sd.o(i.SD_DisSelect) for SD_DisSelect
    mmc_sd.o(i.SD_WriteDisk) refers to mmc_sd.o(.data) for SD_Type
    sd_spi.o(i.SPI2_Init) refers to stm32f10x_rcc.o(i.RCC_APB2PeriphClockCmd) for RCC_APB2PeriphClockCmd
    sd_spi.o(i.SPI2_Init) refers to stm32f10x_gpio.o(i.GPIO_Init) for GPIO_Init
    sd_spi.o(i.SPI2_Init) refers to stm32f10x_gpio.o(i.GPIO_SetBits) for GPIO_SetBits
    sd_spi.o(i.SPI2_Init) refers to stm32f10x_rcc.o(i.RCC_APB1PeriphClockCmd) for RCC_APB1PeriphClockCmd
    sd_spi.o(i.SPI2_Init) refers to stm32f10x_spi.o(i.SPI_Init) for SPI_Init
    sd_spi.o(i.SPI2_Init) refers to stm32f10x_spi.o(i.SPI_Cmd) for SPI_Cmd
    sd_spi.o(i.SPI2_Init) refers to sd_spi.o(i.SPI2_ReadWriteByte) for SPI2_ReadWriteByte
    sd_spi.o(i.SPI2_Init) refers to sd_spi.o(.bss) for SPI_InitStructure
    sd_spi.o(i.SPI2_ReadWriteByte) refers to stm32f10x_spi.o(i.SPI_I2S_GetFlagStatus) for SPI_I2S_GetFlagStatus
    sd_spi.o(i.SPI2_ReadWriteByte) refers to stm32f10x_spi.o(i.SPI_I2S_SendData) for SPI_I2S_SendData
    sd_spi.o(i.SPI2_ReadWriteByte) refers to stm32f10x_spi.o(i.SPI_I2S_ReceiveData) for SPI_I2S_ReceiveData
    sd_spi.o(i.SPI2_SetSpeed) refers to stm32f10x_spi.o(i.SPI_Init) for SPI_Init
    sd_spi.o(i.SPI2_SetSpeed) refers to stm32f10x_spi.o(i.SPI_Cmd) for SPI_Cmd
    sd_spi.o(i.SPI2_SetSpeed) refers to sd_spi.o(.bss) for SPI_InitStructure
    stmflash.o(i.STMFLASH_Read) refers to stmflash.o(i.STMFLASH_ReadHalfWord) for STMFLASH_ReadHalfWord
    stmflash.o(i.STMFLASH_Write) refers to stm32f10x_flash.o(i.FLASH_Unlock) for FLASH_Unlock
    stmflash.o(i.STMFLASH_Write) refers to stmflash.o(i.STMFLASH_Read) for STMFLASH_Read
    stmflash.o(i.STMFLASH_Write) refers to stm32f10x_flash.o(i.FLASH_ErasePage) for FLASH_ErasePage
    stmflash.o(i.STMFLASH_Write) refers to stmflash.o(i.STMFLASH_Write_NoCheck) for STMFLASH_Write_NoCheck
    stmflash.o(i.STMFLASH_Write) refers to stm32f10x_flash.o(i.FLASH_Lock) for FLASH_Lock
    stmflash.o(i.STMFLASH_Write) refers to stmflash.o(.bss) for STMFLASH_BUF
    stmflash.o(i.STMFLASH_Write_NoCheck) refers to stm32f10x_flash.o(i.FLASH_ProgramHalfWord) for FLASH_ProgramHalfWord
    stmflash.o(i.Test_Write) refers to stmflash.o(i.STMFLASH_Write) for STMFLASH_Write
    stmflash.o(i.data_to_string) refers to _printf_pad.o(.text) for _printf_pre_padding
    stmflash.o(i.data_to_string) refers to _printf_percent.o(.ARM.Collect$$_printf_percent$$00000000) for _printf_percent
    stmflash.o(i.data_to_string) refers to _printf_d.o(.ARM.Collect$$_printf_percent$$00000009) for _printf_d
    stmflash.o(i.data_to_string) refers to _printf_dec.o(.text) for _printf_int_dec
    stmflash.o(i.data_to_string) refers to noretval__2sprintf.o(.text) for __2sprintf
    stmflash.o(i.string_to_data) refers to gui.o(i.mypow) for mypow
    main.o(i.USART1_IRQHandler) refers to stm32f10x_usart.o(i.USART_GetITStatus) for USART_GetITStatus
    main.o(i.USART1_IRQHandler) refers to stm32f10x_dma.o(i.DMA_GetCurrDataCounter) for DMA_GetCurrDataCounter
    main.o(i.USART1_IRQHandler) refers to serial.o(.bss) for serial
    main.o(i.USART2_IRQHandler) refers to stm32f10x_usart.o(i.USART_GetITStatus) for USART_GetITStatus
    main.o(i.USART2_IRQHandler) refers to stm32f10x_usart.o(i.USART_ClearITPendingBit) for USART_ClearITPendingBit
    main.o(i.USART2_IRQHandler) refers to stm32f10x_dma.o(i.DMA_Cmd) for DMA_Cmd
    main.o(i.USART2_IRQHandler) refers to serial.o(.bss) for serial
    main.o(i.USART3_IRQHandler) refers to stm32f10x_usart.o(i.USART_GetITStatus) for USART_GetITStatus
    main.o(i.USART3_IRQHandler) refers to stm32f10x_dma.o(i.DMA_GetCurrDataCounter) for DMA_GetCurrDataCounter
    main.o(i.USART3_IRQHandler) refers to serial.o(.bss) for serial
    main.o(i.main) refers to system_stm32f10x.o(i.SystemInit) for SystemInit
    main.o(i.main) refers to delay.o(i.delay_init) for delay_init
    main.o(i.main) refers to stmflash.o(i.STMFLASH_Read) for STMFLASH_Read
    main.o(i.main) refers to stmflash.o(i.string_to_data) for string_to_data
    main.o(i.main) refers to serial.o(i.Serial_Init) for Serial_Init
    main.o(i.main) refers to mykey.o(i.myKey_Init) for myKey_Init
    main.o(i.main) refers to mylcd.o(i.myLCD_Power_Init) for myLCD_Power_Init
    main.o(i.main) refers to mylcd.o(i.myLCD_Power_On) for myLCD_Power_On
    main.o(i.main) refers to mylcd.o(i.myLCD_Init) for myLCD_Init
    main.o(i.main) refers to menu.o(i.Menu_ShowHead) for Menu_ShowHead
    main.o(i.main) refers to process.o(i.process) for process
    main.o(i.main) refers to menu.o(i.Menu) for Menu
    main.o(i.main) refers to menu.o(i.menu2_baud) for menu2_baud
    main.o(i.main) refers to menu.o(i.menu2_showmode) for menu2_showmode
    main.o(i.main) refers to menu.o(i.menu2_processmode) for menu2_processmode
    main.o(i.main) refers to menu.o(i.menu2_other) for menu2_other
    main.o(i.main) refers to stmflash.o(.bss) for Flash_Buffer
    main.o(i.main) refers to serial.o(.bss) for serial
    diskio.o(i.disk_initialize) refers to mmc_sd.o(i.SD_Initialize) for SD_Initialize
    diskio.o(i.disk_initialize) refers to mmc_sd.o(i.SD_SPI_SpeedLow) for SD_SPI_SpeedLow
    diskio.o(i.disk_initialize) refers to mmc_sd.o(i.SD_SPI_ReadWriteByte) for SD_SPI_ReadWriteByte
    diskio.o(i.disk_initialize) refers to mmc_sd.o(i.SD_SPI_SpeedHigh) for SD_SPI_SpeedHigh
    diskio.o(i.disk_ioctl) refers to mmc_sd.o(i.SD_WaitReady) for SD_WaitReady
    diskio.o(i.disk_ioctl) refers to mmc_sd.o(i.SD_GetSectorCount) for SD_GetSectorCount
    diskio.o(i.disk_read) refers to mmc_sd.o(i.SD_ReadDisk) for SD_ReadDisk
    diskio.o(i.disk_read) refers to mmc_sd.o(i.SD_SPI_SpeedLow) for SD_SPI_SpeedLow
    diskio.o(i.disk_read) refers to mmc_sd.o(i.SD_SPI_ReadWriteByte) for SD_SPI_ReadWriteByte
    diskio.o(i.disk_read) refers to mmc_sd.o(i.SD_SPI_SpeedHigh) for SD_SPI_SpeedHigh
    diskio.o(i.disk_write) refers to mmc_sd.o(i.SD_WriteDisk) for SD_WriteDisk
    ffunicode.o(i.ff_oem2uni) refers to ffunicode.o(.constdata) for uc437
    ffunicode.o(i.ff_uni2oem) refers to ffunicode.o(.constdata) for uc437
    ffunicode.o(i.ff_wtoupper) refers to ffunicode.o(.constdata) for cvt1
    mf.o(i.SD_WriteReadTest) refers to mmc_sd.o(i.SD_Initialize) for SD_Initialize
    mf.o(i.SD_WriteReadTest) refers to mmc_sd.o(i.SD_WriteDisk) for SD_WriteDisk
    mf.o(i.SD_WriteReadTest) refers to mmc_sd.o(i.SD_ReadDisk) for SD_ReadDisk
    mf.o(i.SD_WriteReadTest) refers to mylcd.o(i.myLCD_ShowString) for myLCD_ShowString
    mf.o(i.SD_WriteReadTest) refers to serial.o(i.uart2SendArray) for uart2SendArray
    mf.o(i.SD_WriteReadTest) refers to mylcd.o(.constdata) for Y
    mf.o(i.exf_getfree) refers to ff.o(i.f_getfree) for f_getfree
    mf.o(i.mf_mytest) refers to _printf_percent.o(.ARM.Collect$$_printf_percent$$00000000) for _printf_percent
    mf.o(i.mf_mytest) refers to _printf_d.o(.ARM.Collect$$_printf_percent$$00000009) for _printf_d
    mf.o(i.mf_mytest) refers to _printf_dec.o(.text) for _printf_int_dec
    mf.o(i.mf_mytest) refers to mmc_sd.o(i.SD_SPI_SpeedLow) for SD_SPI_SpeedLow
    mf.o(i.mf_mytest) refers to mmc_sd.o(i.SD_SPI_ReadWriteByte) for SD_SPI_ReadWriteByte
    mf.o(i.mf_mytest) refers to mmc_sd.o(i.SD_SPI_SpeedHigh) for SD_SPI_SpeedHigh
    mf.o(i.mf_mytest) refers to mmc_sd.o(i.SD_Initialize) for SD_Initialize
    mf.o(i.mf_mytest) refers to mylcd.o(i.myLCD_ShowString) for myLCD_ShowString
    mf.o(i.mf_mytest) refers to ff.o(i.f_mount) for f_mount
    mf.o(i.mf_mytest) refers to noretval__2sprintf.o(.text) for __2sprintf
    mf.o(i.mf_mytest) refers to gui.o(i.Gui_StrCenter) for Gui_StrCenter
    mf.o(i.mf_mytest) refers to ff.o(i.f_open) for f_open
    mf.o(i.mf_mytest) refers to strlen.o(.text) for strlen
    mf.o(i.mf_mytest) refers to ff.o(i.f_write) for f_write
    mf.o(i.mf_mytest) refers to ff.o(i.f_close) for f_close
    mf.o(i.mf_mytest) refers to mylcd.o(.constdata) for Y
    mf.o(i.mf_mytest) refers to mf.o(.bss) for fs_FatFs
    mf.o(i.mf_mytest) refers to serial.o(.bss) for print_buf
    mf.o(i.mf_mytest) refers to mf.o(.data) for fs_bw
    mf.o(i.mf_read) refers to _printf_percent.o(.ARM.Collect$$_printf_percent$$00000000) for _printf_percent
    mf.o(i.mf_read) refers to _printf_d.o(.ARM.Collect$$_printf_percent$$00000009) for _printf_d
    mf.o(i.mf_read) refers to _printf_dec.o(.text) for _printf_int_dec
    mf.o(i.mf_read) refers to ff.o(i.f_lseek) for f_lseek
    mf.o(i.mf_read) refers to ff.o(i.f_read) for f_read
    mf.o(i.mf_read) refers to noretval__2sprintf.o(.text) for __2sprintf
    mf.o(i.mf_read) refers to mylcd.o(i.myLCD_ShowString) for myLCD_ShowString
    mf.o(i.mf_read) refers to mf.o(.bss) for fs_file
    mf.o(i.mf_read) refers to mf.o(.data) for fs_br
    mf.o(i.mf_read) refers to serial.o(.bss) for print_buf
    mf.o(i.mf_read) refers to mylcd.o(.constdata) for Y
    mf.o(i.mf_test) refers to _printf_percent.o(.ARM.Collect$$_printf_percent$$00000000) for _printf_percent
    mf.o(i.mf_test) refers to _printf_d.o(.ARM.Collect$$_printf_percent$$00000009) for _printf_d
    mf.o(i.mf_test) refers to _printf_dec.o(.text) for _printf_int_dec
    mf.o(i.mf_test) refers to _printf_s.o(.ARM.Collect$$_printf_percent$$00000014) for _printf_s
    mf.o(i.mf_test) refers to _printf_str.o(.text) for _printf_str
    mf.o(i.mf_test) refers to mylcd.o(i.myLCD_ShowString) for myLCD_ShowString
    mf.o(i.mf_test) refers to delay.o(i.delay_ms) for delay_ms
    mf.o(i.mf_test) refers to mmc_sd.o(i.SD_Initialize) for SD_Initialize
    mf.o(i.mf_test) refers to ff.o(i.f_mount) for f_mount
    mf.o(i.mf_test) refers to noretval__2sprintf.o(.text) for __2sprintf
    mf.o(i.mf_test) refers to strlen.o(.text) for strlen
    mf.o(i.mf_test) refers to serial.o(i.uart2SendArray) for uart2SendArray
    mf.o(i.mf_test) refers to ff.o(i.f_mkfs) for f_mkfs
    mf.o(i.mf_test) refers to mf.o(i.exf_getfree) for exf_getfree
    mf.o(i.mf_test) refers to ff.o(i.f_open) for f_open
    mf.o(i.mf_test) refers to strcpy.o(.text) for strcpy
    mf.o(i.mf_test) refers to ff.o(i.f_write) for f_write
    mf.o(i.mf_test) refers to ff.o(i.f_close) for f_close
    mf.o(i.mf_test) refers to ff.o(i.f_read) for f_read
    mf.o(i.mf_test) refers to mylcd.o(.constdata) for Y
    mf.o(i.mf_test) refers to mf.o(.bss) for fs_FatFs
    mf.o(i.mf_test) refers to serial.o(.bss) for print_buf
    mf.o(i.mf_test) refers to mf.o(.data) for fs_bw
    mf.o(i.mf_write) refers to _printf_percent.o(.ARM.Collect$$_printf_percent$$00000000) for _printf_percent
    mf.o(i.mf_write) refers to _printf_d.o(.ARM.Collect$$_printf_percent$$00000009) for _printf_d
    mf.o(i.mf_write) refers to _printf_dec.o(.text) for _printf_int_dec
    mf.o(i.mf_write) refers to ff.o(i.f_mount) for f_mount
    mf.o(i.mf_write) refers to ff.o(i.f_open) for f_open
    mf.o(i.mf_write) refers to strcpy.o(.text) for strcpy
    mf.o(i.mf_write) refers to strlen.o(.text) for strlen
    mf.o(i.mf_write) refers to ff.o(i.f_write) for f_write
    mf.o(i.mf_write) refers to noretval__2sprintf.o(.text) for __2sprintf
    mf.o(i.mf_write) refers to mylcd.o(i.myLCD_ShowString) for myLCD_ShowString
    mf.o(i.mf_write) refers to ff.o(i.f_close) for f_close
    mf.o(i.mf_write) refers to mf.o(.bss) for fs_FatFs
    mf.o(i.mf_write) refers to mf.o(.data) for fs_bw
    mf.o(i.mf_write) refers to serial.o(.bss) for print_buf
    mf.o(i.mf_write) refers to mylcd.o(.constdata) for Y
    ff.o(i.check_fs) refers to ff.o(i.move_window) for move_window
    ff.o(i.check_fs) refers to ff.o(i.ld_word) for ld_word
    ff.o(i.check_fs) refers to memcmp.o(.text) for memcmp
    ff.o(i.check_fs) refers to ff.o(i.ld_dword) for ld_dword
    ff.o(i.cmp_lfn) refers to ff.o(i.ld_word) for ld_word
    ff.o(i.cmp_lfn) refers to ffunicode.o(i.ff_wtoupper) for ff_wtoupper
    ff.o(i.cmp_lfn) refers to ff.o(.constdata) for LfnOfs
    ff.o(i.create_chain) refers to ff.o(i.get_fat) for get_fat
    ff.o(i.create_chain) refers to ff.o(i.put_fat) for put_fat
    ff.o(i.create_name) refers to ff.o(i.tchar2uni) for tchar2uni
    ff.o(i.create_name) refers to strchr.o(.text) for strchr
    ff.o(i.create_name) refers to aeabi_memset.o(.text) for __aeabi_memset
    ff.o(i.create_name) refers to ffunicode.o(i.ff_uni2oem) for ff_uni2oem
    ff.o(i.create_name) refers to ff.o(.constdata) for ExCvt
    ff.o(i.create_partition) refers to diskio.o(i.disk_ioctl) for disk_ioctl
    ff.o(i.create_partition) refers to rt_memclr.o(.text) for __aeabi_memclr
    ff.o(i.create_partition) refers to ff.o(i.st_dword) for st_dword
    ff.o(i.create_partition) refers to ff.o(i.st_word) for st_word
    ff.o(i.create_partition) refers to diskio.o(i.disk_write) for disk_write
    ff.o(i.dir_alloc) refers to ff.o(i.dir_sdi) for dir_sdi
    ff.o(i.dir_alloc) refers to ff.o(i.move_window) for move_window
    ff.o(i.dir_alloc) refers to ff.o(i.dir_next) for dir_next
    ff.o(i.dir_clear) refers to ff.o(i.sync_window) for sync_window
    ff.o(i.dir_clear) refers to ff.o(i.clst2sect) for clst2sect
    ff.o(i.dir_clear) refers to rt_memclr_w.o(.text) for __aeabi_memclr4
    ff.o(i.dir_clear) refers to diskio.o(i.disk_write) for disk_write
    ff.o(i.dir_find) refers to ff.o(i.dir_sdi) for dir_sdi
    ff.o(i.dir_find) refers to ff.o(i.move_window) for move_window
    ff.o(i.dir_find) refers to ff.o(i.cmp_lfn) for cmp_lfn
    ff.o(i.dir_find) refers to ff.o(i.sum_sfn) for sum_sfn
    ff.o(i.dir_find) refers to memcmp.o(.text) for memcmp
    ff.o(i.dir_find) refers to ff.o(i.dir_next) for dir_next
    ff.o(i.dir_next) refers to ff.o(i.get_fat) for get_fat
    ff.o(i.dir_next) refers to ff.o(i.create_chain) for create_chain
    ff.o(i.dir_next) refers to ff.o(i.dir_clear) for dir_clear
    ff.o(i.dir_next) refers to ff.o(i.clst2sect) for clst2sect
    ff.o(i.dir_read) refers to ff.o(i.move_window) for move_window
    ff.o(i.dir_read) refers to ff.o(i.pick_lfn) for pick_lfn
    ff.o(i.dir_read) refers to ff.o(i.sum_sfn) for sum_sfn
    ff.o(i.dir_read) refers to ff.o(i.dir_next) for dir_next
    ff.o(i.dir_register) refers to ff.o(i.gen_numname) for gen_numname
    ff.o(i.dir_register) refers to ff.o(i.dir_find) for dir_find
    ff.o(i.dir_register) refers to ff.o(i.dir_alloc) for dir_alloc
    ff.o(i.dir_register) refers to ff.o(i.dir_sdi) for dir_sdi
    ff.o(i.dir_register) refers to ff.o(i.sum_sfn) for sum_sfn
    ff.o(i.dir_register) refers to ff.o(i.move_window) for move_window
    ff.o(i.dir_register) refers to ff.o(i.put_lfn) for put_lfn
    ff.o(i.dir_register) refers to ff.o(i.dir_next) for dir_next
    ff.o(i.dir_register) refers to rt_memclr.o(.text) for __aeabi_memclr
    ff.o(i.dir_remove) refers to ff.o(i.dir_sdi) for dir_sdi
    ff.o(i.dir_remove) refers to ff.o(i.move_window) for move_window
    ff.o(i.dir_remove) refers to ff.o(i.dir_next) for dir_next
    ff.o(i.dir_sdi) refers to ff.o(i.get_fat) for get_fat
    ff.o(i.dir_sdi) refers to ff.o(i.clst2sect) for clst2sect
    ff.o(i.f_close) refers to ff.o(i.f_sync) for f_sync
    ff.o(i.f_close) refers to ff.o(i.validate) for validate
    ff.o(i.f_closedir) refers to ff.o(i.validate) for validate
    ff.o(i.f_getfree) refers to ff.o(i.mount_volume) for mount_volume
    ff.o(i.f_getfree) refers to ff.o(i.get_fat) for get_fat
    ff.o(i.f_getfree) refers to ff.o(i.move_window) for move_window
    ff.o(i.f_getfree) refers to ff.o(i.ld_word) for ld_word
    ff.o(i.f_getfree) refers to ff.o(i.ld_dword) for ld_dword
    ff.o(i.f_getlabel) refers to ff.o(i.mount_volume) for mount_volume
    ff.o(i.f_getlabel) refers to ff.o(i.dir_sdi) for dir_sdi
    ff.o(i.f_getlabel) refers to ff.o(i.dir_read) for dir_read
    ff.o(i.f_getlabel) refers to ff.o(i.move_window) for move_window
    ff.o(i.f_getlabel) refers to ff.o(i.ld_dword) for ld_dword
    ff.o(i.f_gets) refers to ff.o(i.f_read) for f_read
    ff.o(i.f_lseek) refers to ff.o(i.validate) for validate
    ff.o(i.f_lseek) refers to ff.o(i.get_fat) for get_fat
    ff.o(i.f_lseek) refers to ff.o(i.clmt_clust) for clmt_clust
    ff.o(i.f_lseek) refers to ff.o(i.clst2sect) for clst2sect
    ff.o(i.f_lseek) refers to diskio.o(i.disk_write) for disk_write
    ff.o(i.f_lseek) refers to diskio.o(i.disk_read) for disk_read
    ff.o(i.f_lseek) refers to ff.o(i.create_chain) for create_chain
    ff.o(i.f_mkdir) refers to ff.o(i.mount_volume) for mount_volume
    ff.o(i.f_mkdir) refers to ff.o(i.follow_path) for follow_path
    ff.o(i.f_mkdir) refers to ff.o(i.create_chain) for create_chain
    ff.o(i.f_mkdir) refers to diskio.o(i.get_fattime) for get_fattime
    ff.o(i.f_mkdir) refers to ff.o(i.dir_clear) for dir_clear
    ff.o(i.f_mkdir) refers to aeabi_memset.o(.text) for __aeabi_memset
    ff.o(i.f_mkdir) refers to ff.o(i.st_dword) for st_dword
    ff.o(i.f_mkdir) refers to ff.o(i.st_clust) for st_clust
    ff.o(i.f_mkdir) refers to rt_memcpy_w.o(.text) for __aeabi_memcpy4
    ff.o(i.f_mkdir) refers to ff.o(i.dir_register) for dir_register
    ff.o(i.f_mkdir) refers to ff.o(i.sync_fs) for sync_fs
    ff.o(i.f_mkdir) refers to ff.o(i.remove_chain) for remove_chain
    ff.o(i.f_mkfs) refers to ff.o(i.get_ldnumber) for get_ldnumber
    ff.o(i.f_mkfs) refers to diskio.o(i.disk_initialize) for disk_initialize
    ff.o(i.f_mkfs) refers to diskio.o(i.disk_ioctl) for disk_ioctl
    ff.o(i.f_mkfs) refers to diskio.o(i.get_fattime) for get_fattime
    ff.o(i.f_mkfs) refers to rt_memclr.o(.text) for __aeabi_memclr
    ff.o(i.f_mkfs) refers to ff.o(i.st_word) for st_word
    ff.o(i.f_mkfs) refers to ff.o(i.st_dword) for st_dword
    ff.o(i.f_mkfs) refers to ff.o(.data) for FatFs
    ff.o(i.f_mkfs) refers to ff.o(.constdata) for defopt
    ff.o(i.f_mkfs) refers to rt_memcpy_v6.o(.text) for __aeabi_memcpy
    ff.o(i.f_mkfs) refers to diskio.o(i.disk_write) for disk_write
    ff.o(i.f_mkfs) refers to ff.o(i.create_partition) for create_partition
    ff.o(i.f_mount) refers to ff.o(i.get_ldnumber) for get_ldnumber
    ff.o(i.f_mount) refers to ff.o(i.mount_volume) for mount_volume
    ff.o(i.f_mount) refers to ff.o(.data) for FatFs
    ff.o(i.f_open) refers to ff.o(i.mount_volume) for mount_volume
    ff.o(i.f_open) refers to ff.o(i.follow_path) for follow_path
    ff.o(i.f_open) refers to ff.o(i.dir_register) for dir_register
    ff.o(i.f_open) refers to diskio.o(i.get_fattime) for get_fattime
    ff.o(i.f_open) refers to ff.o(i.st_dword) for st_dword
    ff.o(i.f_open) refers to ff.o(i.ld_clust) for ld_clust
    ff.o(i.f_open) refers to ff.o(i.st_clust) for st_clust
    ff.o(i.f_open) refers to ff.o(i.remove_chain) for remove_chain
    ff.o(i.f_open) refers to ff.o(i.move_window) for move_window
    ff.o(i.f_open) refers to ff.o(i.ld_dword) for ld_dword
    ff.o(i.f_open) refers to rt_memclr_w.o(.text) for __aeabi_memclr4
    ff.o(i.f_open) refers to ff.o(i.get_fat) for get_fat
    ff.o(i.f_open) refers to ff.o(i.clst2sect) for clst2sect
    ff.o(i.f_open) refers to diskio.o(i.disk_read) for disk_read
    ff.o(i.f_opendir) refers to ff.o(i.mount_volume) for mount_volume
    ff.o(i.f_opendir) refers to ff.o(i.follow_path) for follow_path
    ff.o(i.f_opendir) refers to ff.o(i.ld_clust) for ld_clust
    ff.o(i.f_opendir) refers to ff.o(i.dir_sdi) for dir_sdi
    ff.o(i.f_printf) refers to ff.o(i.putc_init) for putc_init
    ff.o(i.f_printf) refers to ff.o(i.putc_bfd) for putc_bfd
    ff.o(i.f_printf) refers to ff.o(i.ftoa) for ftoa
    ff.o(i.f_printf) refers to strlen.o(.text) for strlen
    ff.o(i.f_printf) refers to lludivv7m.o(.text) for __aeabi_uldivmod
    ff.o(i.f_printf) refers to ff.o(i.putc_flush) for putc_flush
    ff.o(i.f_putc) refers to ff.o(i.putc_init) for putc_init
    ff.o(i.f_putc) refers to ff.o(i.putc_bfd) for putc_bfd
    ff.o(i.f_putc) refers to ff.o(i.putc_flush) for putc_flush
    ff.o(i.f_puts) refers to ff.o(i.putc_init) for putc_init
    ff.o(i.f_puts) refers to ff.o(i.putc_bfd) for putc_bfd
    ff.o(i.f_puts) refers to ff.o(i.putc_flush) for putc_flush
    ff.o(i.f_read) refers to ff.o(i.validate) for validate
    ff.o(i.f_read) refers to ff.o(i.clmt_clust) for clmt_clust
    ff.o(i.f_read) refers to ff.o(i.get_fat) for get_fat
    ff.o(i.f_read) refers to ff.o(i.clst2sect) for clst2sect
    ff.o(i.f_read) refers to diskio.o(i.disk_read) for disk_read
    ff.o(i.f_read) refers to rt_memcpy_v6.o(.text) for __aeabi_memcpy
    ff.o(i.f_read) refers to diskio.o(i.disk_write) for disk_write
    ff.o(i.f_readdir) refers to ff.o(i.validate) for validate
    ff.o(i.f_readdir) refers to ff.o(i.dir_sdi) for dir_sdi
    ff.o(i.f_readdir) refers to ff.o(i.dir_read) for dir_read
    ff.o(i.f_readdir) refers to ff.o(i.get_fileinfo) for get_fileinfo
    ff.o(i.f_readdir) refers to ff.o(i.dir_next) for dir_next
    ff.o(i.f_rename) refers to ff.o(i.get_ldnumber) for get_ldnumber
    ff.o(i.f_rename) refers to ff.o(i.mount_volume) for mount_volume
    ff.o(i.f_rename) refers to ff.o(i.follow_path) for follow_path
    ff.o(i.f_rename) refers to rt_memcpy_v6.o(.text) for __aeabi_memcpy
    ff.o(i.f_rename) refers to rt_memcpy_w.o(.text) for __aeabi_memcpy4
    ff.o(i.f_rename) refers to ff.o(i.dir_register) for dir_register
    ff.o(i.f_rename) refers to ff.o(i.ld_clust) for ld_clust
    ff.o(i.f_rename) refers to ff.o(i.clst2sect) for clst2sect
    ff.o(i.f_rename) refers to ff.o(i.move_window) for move_window
    ff.o(i.f_rename) refers to ff.o(i.st_clust) for st_clust
    ff.o(i.f_rename) refers to ff.o(i.dir_remove) for dir_remove
    ff.o(i.f_rename) refers to ff.o(i.sync_fs) for sync_fs
    ff.o(i.f_setlabel) refers to ff.o(i.mount_volume) for mount_volume
    ff.o(i.f_setlabel) refers to aeabi_memset.o(.text) for __aeabi_memset
    ff.o(i.f_setlabel) refers to ff.o(i.tchar2uni) for tchar2uni
    ff.o(i.f_setlabel) refers to ffunicode.o(i.ff_wtoupper) for ff_wtoupper
    ff.o(i.f_setlabel) refers to ffunicode.o(i.ff_uni2oem) for ff_uni2oem
    ff.o(i.f_setlabel) refers to strchr.o(.text) for strchr
    ff.o(i.f_setlabel) refers to ff.o(i.dir_sdi) for dir_sdi
    ff.o(i.f_setlabel) refers to ff.o(i.dir_read) for dir_read
    ff.o(i.f_setlabel) refers to ff.o(i.sync_fs) for sync_fs
    ff.o(i.f_setlabel) refers to ff.o(i.dir_alloc) for dir_alloc
    ff.o(i.f_setlabel) refers to rt_memclr.o(.text) for __aeabi_memclr
    ff.o(i.f_setlabel) refers to ff.o(.constdata) for badchr
    ff.o(i.f_stat) refers to ff.o(i.mount_volume) for mount_volume
    ff.o(i.f_stat) refers to ff.o(i.follow_path) for follow_path
    ff.o(i.f_stat) refers to ff.o(i.get_fileinfo) for get_fileinfo
    ff.o(i.f_sync) refers to ff.o(i.validate) for validate
    ff.o(i.f_sync) refers to diskio.o(i.disk_write) for disk_write
    ff.o(i.f_sync) refers to diskio.o(i.get_fattime) for get_fattime
    ff.o(i.f_sync) refers to ff.o(i.move_window) for move_window
    ff.o(i.f_sync) refers to ff.o(i.st_clust) for st_clust
    ff.o(i.f_sync) refers to ff.o(i.st_dword) for st_dword
    ff.o(i.f_sync) refers to ff.o(i.st_word) for st_word
    ff.o(i.f_sync) refers to ff.o(i.sync_fs) for sync_fs
    ff.o(i.f_truncate) refers to ff.o(i.validate) for validate
    ff.o(i.f_truncate) refers to ff.o(i.remove_chain) for remove_chain
    ff.o(i.f_truncate) refers to ff.o(i.get_fat) for get_fat
    ff.o(i.f_truncate) refers to diskio.o(i.disk_write) for disk_write
    ff.o(i.f_unlink) refers to ff.o(i.mount_volume) for mount_volume
    ff.o(i.f_unlink) refers to ff.o(i.follow_path) for follow_path
    ff.o(i.f_unlink) refers to ff.o(i.ld_clust) for ld_clust
    ff.o(i.f_unlink) refers to ff.o(i.dir_sdi) for dir_sdi
    ff.o(i.f_unlink) refers to ff.o(i.dir_read) for dir_read
    ff.o(i.f_unlink) refers to ff.o(i.dir_remove) for dir_remove
    ff.o(i.f_unlink) refers to ff.o(i.remove_chain) for remove_chain
    ff.o(i.f_unlink) refers to ff.o(i.sync_fs) for sync_fs
    ff.o(i.f_write) refers to ff.o(i.validate) for validate
    ff.o(i.f_write) refers to ff.o(i.create_chain) for create_chain
    ff.o(i.f_write) refers to ff.o(i.clmt_clust) for clmt_clust
    ff.o(i.f_write) refers to diskio.o(i.disk_write) for disk_write
    ff.o(i.f_write) refers to ff.o(i.clst2sect) for clst2sect
    ff.o(i.f_write) refers to rt_memcpy_v6.o(.text) for __aeabi_memcpy
    ff.o(i.f_write) refers to diskio.o(i.disk_read) for disk_read
    ff.o(i.find_volume) refers to ff.o(i.check_fs) for check_fs
    ff.o(i.find_volume) refers to ff.o(i.ld_dword) for ld_dword
    ff.o(i.follow_path) refers to ff.o(i.dir_sdi) for dir_sdi
    ff.o(i.follow_path) refers to ff.o(i.create_name) for create_name
    ff.o(i.follow_path) refers to ff.o(i.dir_find) for dir_find
    ff.o(i.follow_path) refers to ff.o(i.ld_clust) for ld_clust
    ff.o(i.ftoa) refers to dleqf.o(x$fpl$dleqf) for __aeabi_cdcmple
    ff.o(i.ftoa) refers to daddsub_clz.o(x$fpl$dsub) for __aeabi_dsub
    ff.o(i.ftoa) refers to ff.o(i.i10x) for i10x
    ff.o(i.ftoa) refers to ddiv.o(x$fpl$ddiv) for __aeabi_ddiv
    ff.o(i.ftoa) refers to daddsub_clz.o(x$fpl$dadd) for __aeabi_dadd
    ff.o(i.ftoa) refers to ff.o(i.ilog10) for ilog10
    ff.o(i.ftoa) refers to deqf.o(x$fpl$deqf) for __aeabi_cdcmpeq
    ff.o(i.ftoa) refers to dfix.o(x$fpl$dfix) for __aeabi_d2iz
    ff.o(i.ftoa) refers to dflt_clz.o(x$fpl$dflt) for __aeabi_i2d
    ff.o(i.ftoa) refers to dmul.o(x$fpl$dmul) for __aeabi_dmul
    ff.o(i.ftoa) refers to daddsub_clz.o(x$fpl$drsb) for __aeabi_drsub
    ff.o(i.gen_numname) refers to ff.o(i.dbc_1st) for dbc_1st
    ff.o(i.get_fat) refers to ff.o(i.move_window) for move_window
    ff.o(i.get_fat) refers to ff.o(i.ld_word) for ld_word
    ff.o(i.get_fat) refers to ff.o(i.ld_dword) for ld_dword
    ff.o(i.get_fileinfo) refers to ff.o(i.put_utf) for put_utf
    ff.o(i.get_fileinfo) refers to ff.o(i.ld_dword) for ld_dword
    ff.o(i.get_fileinfo) refers to ff.o(i.ld_word) for ld_word
    ff.o(i.i10x) refers to dmul.o(x$fpl$dmul) for __aeabi_dmul
    ff.o(i.i10x) refers to ddiv.o(x$fpl$ddiv) for __aeabi_ddiv
    ff.o(i.ilog10) refers to drleqf.o(x$fpl$drleqf) for __aeabi_cdrcmple
    ff.o(i.ilog10) refers to ddiv.o(x$fpl$ddiv) for __aeabi_ddiv
    ff.o(i.ilog10) refers to dleqf.o(x$fpl$dleqf) for __aeabi_cdcmple
    ff.o(i.ilog10) refers to dmul.o(x$fpl$dmul) for __aeabi_dmul
    ff.o(i.ld_clust) refers to ff.o(i.ld_word) for ld_word
    ff.o(i.mount_volume) refers to ff.o(i.get_ldnumber) for get_ldnumber
    ff.o(i.mount_volume) refers to diskio.o(i.disk_status) for disk_status
    ff.o(i.mount_volume) refers to diskio.o(i.disk_initialize) for disk_initialize
    ff.o(i.mount_volume) refers to ff.o(i.find_volume) for find_volume
    ff.o(i.mount_volume) refers to ff.o(i.ld_word) for ld_word
    ff.o(i.mount_volume) refers to ff.o(i.ld_dword) for ld_dword
    ff.o(i.mount_volume) refers to ff.o(i.move_window) for move_window
    ff.o(i.mount_volume) refers to ff.o(.data) for FatFs
    ff.o(i.move_window) refers to ff.o(i.sync_window) for sync_window
    ff.o(i.move_window) refers to diskio.o(i.disk_read) for disk_read
    ff.o(i.pick_lfn) refers to ff.o(i.ld_word) for ld_word
    ff.o(i.pick_lfn) refers to ff.o(.constdata) for LfnOfs
    ff.o(i.put_fat) refers to ff.o(i.move_window) for move_window
    ff.o(i.put_fat) refers to ff.o(i.st_word) for st_word
    ff.o(i.put_fat) refers to ff.o(i.ld_dword) for ld_dword
    ff.o(i.put_fat) refers to ff.o(i.st_dword) for st_dword
    ff.o(i.put_lfn) refers to ff.o(i.st_word) for st_word
    ff.o(i.put_lfn) refers to ff.o(.constdata) for LfnOfs
    ff.o(i.put_utf) refers to ffunicode.o(i.ff_uni2oem) for ff_uni2oem
    ff.o(i.putc_bfd) refers to ff.o(i.f_write) for f_write
    ff.o(i.putc_flush) refers to ff.o(i.f_write) for f_write
    ff.o(i.putc_init) refers to rt_memclr_w.o(.text) for __aeabi_memclr4
    ff.o(i.remove_chain) refers to ff.o(i.put_fat) for put_fat
    ff.o(i.remove_chain) refers to ff.o(i.get_fat) for get_fat
    ff.o(i.st_clust) refers to ff.o(i.st_word) for st_word
    ff.o(i.sync_fs) refers to ff.o(i.sync_window) for sync_window
    ff.o(i.sync_fs) refers to rt_memclr_w.o(.text) for __aeabi_memclr4
    ff.o(i.sync_fs) refers to ff.o(i.st_word) for st_word
    ff.o(i.sync_fs) refers to ff.o(i.st_dword) for st_dword
    ff.o(i.sync_fs) refers to diskio.o(i.disk_write) for disk_write
    ff.o(i.sync_fs) refers to diskio.o(i.disk_ioctl) for disk_ioctl
    ff.o(i.sync_window) refers to diskio.o(i.disk_write) for disk_write
    ff.o(i.tchar2uni) refers to ff.o(i.dbc_1st) for dbc_1st
    ff.o(i.tchar2uni) refers to ff.o(i.dbc_2nd) for dbc_2nd
    ff.o(i.tchar2uni) refers to ffunicode.o(i.ff_oem2uni) for ff_oem2uni
    ff.o(i.validate) refers to diskio.o(i.disk_status) for disk_status
    __2sprintf.o(.text) refers to _printf_char_common.o(.text) for _printf_char_common
    __2sprintf.o(.text) refers to _sputc.o(.text) for _sputc
    noretval__2sprintf.o(.text) refers to _printf_char_common.o(.text) for _printf_char_common
    noretval__2sprintf.o(.text) refers to _sputc.o(.text) for _sputc
    __printf.o(.text) refers to _printf_percent.o(.ARM.Collect$$_printf_percent$$00000000) for _printf_percent
    _printf_str.o(.text) refers (Special) to _printf_char.o(.text) for _printf_cs_common
    _printf_str.o(.text) refers (Weak) to _printf_pad.o(.text) for _printf_pre_padding
    _printf_str.o(.text) refers (Weak) to _printf_pad.o(.text) for _printf_post_padding
    _printf_dec.o(.text) refers to _printf_intcommon.o(.text) for _printf_int_common
    __printf_flags.o(.text) refers to _printf_percent.o(.ARM.Collect$$_printf_percent$$00000000) for _printf_percent
    __printf_flags.o(.text) refers to __printf_flags.o(.constdata) for .constdata
    __printf_ss.o(.text) refers to _printf_percent.o(.ARM.Collect$$_printf_percent$$00000000) for _printf_percent
    __printf_flags_ss.o(.text) refers to _printf_percent.o(.ARM.Collect$$_printf_percent$$00000000) for _printf_percent
    __printf_flags_ss.o(.text) refers to __printf_flags_ss.o(.constdata) for .constdata
    __printf_wp.o(.text) refers to __printf_wp.o(i._is_digit) for _is_digit
    __printf_wp.o(.text) refers to _printf_percent.o(.ARM.Collect$$_printf_percent$$00000000) for _printf_percent
    __printf_flags_wp.o(.text) refers to __printf_wp.o(i._is_digit) for _is_digit
    __printf_flags_wp.o(.text) refers to _printf_percent.o(.ARM.Collect$$_printf_percent$$00000000) for _printf_percent
    __printf_flags_wp.o(.text) refers to __printf_flags_wp.o(.constdata) for .constdata
    __printf_ss_wp.o(.text) refers to __printf_wp.o(i._is_digit) for _is_digit
    __printf_ss_wp.o(.text) refers to _printf_percent.o(.ARM.Collect$$_printf_percent$$00000000) for _printf_percent
    __printf_flags_ss_wp.o(.text) refers to __printf_wp.o(i._is_digit) for _is_digit
    __printf_flags_ss_wp.o(.text) refers to _printf_percent.o(.ARM.Collect$$_printf_percent$$00000000) for _printf_percent
    __printf_flags_ss_wp.o(.text) refers to __printf_flags_ss_wp.o(.constdata) for .constdata
    _printf_s.o(.ARM.Collect$$_printf_percent$$00000014) refers (Weak) to _printf_char.o(.text) for _printf_string
    _printf_d.o(.ARM.Collect$$_printf_percent$$00000009) refers (Weak) to _printf_dec.o(.text) for _printf_int_dec
    _printf_percent.o(.ARM.Collect$$_printf_percent$$00000000) refers (Special) to _printf_percent_end.o(.ARM.Collect$$_printf_percent$$00000017) for _printf_percent_end
    rt_memcpy_v6.o(.text) refers to rt_memcpy_w.o(.text) for __aeabi_memcpy4
    aeabi_memset.o(.text) refers to rt_memclr.o(.text) for _memset
    rt_memclr.o(.text) refers to rt_memclr_w.o(.text) for _memset_w
    __main.o(!!!main) refers to __rtentry.o(.ARM.Collect$$rtentry$$00000000) for __rt_entry
    daddsub_clz.o(x$fpl$dadd) refers (Special) to usenofp.o(x$fpl$usenofp) for __I$use$fp
    daddsub_clz.o(x$fpl$dadd) refers to daddsub_clz.o(x$fpl$dsub) for _dsub1
    daddsub_clz.o(x$fpl$dadd) refers to dretinf.o(x$fpl$dretinf) for __fpl_dretinf
    daddsub_clz.o(x$fpl$dadd) refers to dnaninf.o(x$fpl$dnaninf) for __fpl_dnaninf
    daddsub_clz.o(x$fpl$drsb) refers (Special) to usenofp.o(x$fpl$usenofp) for __I$use$fp
    daddsub_clz.o(x$fpl$drsb) refers to daddsub_clz.o(x$fpl$dadd) for _dadd1
    daddsub_clz.o(x$fpl$drsb) refers to daddsub_clz.o(x$fpl$dsub) for _dsub1
    daddsub_clz.o(x$fpl$dsub) refers (Special) to usenofp.o(x$fpl$usenofp) for __I$use$fp
    daddsub_clz.o(x$fpl$dsub) refers to daddsub_clz.o(x$fpl$dadd) for _dadd1
    daddsub_clz.o(x$fpl$dsub) refers to dnaninf.o(x$fpl$dnaninf) for __fpl_dnaninf
    ddiv.o(x$fpl$drdiv) refers (Special) to usenofp.o(x$fpl$usenofp) for __I$use$fp
    ddiv.o(x$fpl$drdiv) refers to ddiv.o(x$fpl$ddiv) for ddiv_entry
    ddiv.o(x$fpl$ddiv) refers (Special) to usenofp.o(x$fpl$usenofp) for __I$use$fp
    ddiv.o(x$fpl$ddiv) refers to dretinf.o(x$fpl$dretinf) for __fpl_dretinf
    ddiv.o(x$fpl$ddiv) refers to dnaninf.o(x$fpl$dnaninf) for __fpl_dnaninf
    deqf.o(x$fpl$deqf) refers (Special) to usenofp.o(x$fpl$usenofp) for __I$use$fp
    deqf.o(x$fpl$deqf) refers to dnaninf.o(x$fpl$dnaninf) for __fpl_dnaninf
    deqf.o(x$fpl$deqf) refers to dcmpi.o(x$fpl$dcmpinf) for __fpl_dcmp_Inf
    dfix.o(x$fpl$dfix) refers (Special) to usenofp.o(x$fpl$usenofp) for __I$use$fp
    dfix.o(x$fpl$dfix) refers to dnaninf.o(x$fpl$dnaninf) for __fpl_dnaninf
    dfix.o(x$fpl$dfixr) refers (Special) to usenofp.o(x$fpl$usenofp) for __I$use$fp
    dfix.o(x$fpl$dfixr) refers to dnaninf.o(x$fpl$dnaninf) for __fpl_dnaninf
    dflt_clz.o(x$fpl$dfltu) refers (Special) to usenofp.o(x$fpl$usenofp) for __I$use$fp
    dflt_clz.o(x$fpl$dflt) refers (Special) to usenofp.o(x$fpl$usenofp) for __I$use$fp
    dflt_clz.o(x$fpl$dfltn) refers (Special) to usenofp.o(x$fpl$usenofp) for __I$use$fp
    dleqf.o(x$fpl$dleqf) refers (Special) to usenofp.o(x$fpl$usenofp) for __I$use$fp
    dleqf.o(x$fpl$dleqf) refers to dnaninf.o(x$fpl$dnaninf) for __fpl_dnaninf
    dleqf.o(x$fpl$dleqf) refers to dcmpi.o(x$fpl$dcmpinf) for __fpl_dcmp_Inf
    dmul.o(x$fpl$dmul) refers (Special) to usenofp.o(x$fpl$usenofp) for __I$use$fp
    dmul.o(x$fpl$dmul) refers to dretinf.o(x$fpl$dretinf) for __fpl_dretinf
    dmul.o(x$fpl$dmul) refers to dnaninf.o(x$fpl$dnaninf) for __fpl_dnaninf
    drleqf.o(x$fpl$drleqf) refers (Special) to usenofp.o(x$fpl$usenofp) for __I$use$fp
    drleqf.o(x$fpl$drleqf) refers to dleqf.o(x$fpl$dleqf) for __fpl_dcmple_InfNaN
    __rtentry.o(.ARM.Collect$$rtentry$$00000000) refers (Special) to __rtentry2.o(.ARM.Collect$$rtentry$$0000000A) for __rt_entry_li
    __rtentry.o(.ARM.Collect$$rtentry$$00000000) refers (Special) to __rtentry2.o(.ARM.Collect$$rtentry$$0000000D) for __rt_entry_main
    __rtentry.o(.ARM.Collect$$rtentry$$00000000) refers (Special) to __rtentry2.o(.ARM.Collect$$rtentry$$0000000C) for __rt_entry_postli_1
    __rtentry.o(.ARM.Collect$$rtentry$$00000000) refers (Special) to __rtentry2.o(.ARM.Collect$$rtentry$$00000009) for __rt_entry_postsh_1
    __rtentry.o(.ARM.Collect$$rtentry$$00000000) refers (Special) to __rtentry2.o(.ARM.Collect$$rtentry$$00000002) for __rt_entry_presh_1
    __rtentry.o(.ARM.Collect$$rtentry$$00000000) refers (Special) to __rtentry4.o(.ARM.Collect$$rtentry$$00000004) for __rt_entry_sh
    aeabi_ldiv0_sigfpe.o(.text) refers to rt_div0.o(.text) for __rt_div0
    _printf_intcommon.o(.text) refers (Weak) to _printf_pad.o(.text) for _printf_pre_padding
    _printf_intcommon.o(.text) refers (Weak) to _printf_pad.o(.text) for _printf_pre_padding
    _printf_intcommon.o(.text) refers (Weak) to _printf_pad.o(.text) for _printf_post_padding
    _printf_char_common.o(.text) refers to __printf_wp.o(.text) for __printf
    _printf_char.o(.text) refers (Weak) to _printf_str.o(.text) for _printf_str
    dcmpi.o(x$fpl$dcmpinf) refers (Special) to usenofp.o(x$fpl$usenofp) for __I$use$fp
    dnaninf.o(x$fpl$dnaninf) refers (Special) to usenofp.o(x$fpl$usenofp) for __I$use$fp
    dretinf.o(x$fpl$dretinf) refers (Special) to usenofp.o(x$fpl$usenofp) for __I$use$fp
    __rtentry2.o(.ARM.Collect$$rtentry$$00000008) refers to boardinit2.o(.text) for _platform_post_stackheap_init
    __rtentry2.o(.ARM.Collect$$rtentry$$0000000A) refers to libinit.o(.ARM.Collect$$libinit$$00000000) for __rt_lib_init
    __rtentry2.o(.ARM.Collect$$rtentry$$0000000B) refers to boardinit3.o(.text) for _platform_post_lib_init
    __rtentry2.o(.ARM.Collect$$rtentry$$0000000D) refers to main.o(i.main) for main
    __rtentry2.o(.ARM.Collect$$rtentry$$0000000D) refers to exit.o(.text) for exit
    __rtentry2.o(.ARM.exidx) refers to __rtentry2.o(.ARM.Collect$$rtentry$$00000001) for .ARM.Collect$$rtentry$$00000001
    __rtentry2.o(.ARM.exidx) refers to __rtentry2.o(.ARM.Collect$$rtentry$$00000008) for .ARM.Collect$$rtentry$$00000008
    __rtentry2.o(.ARM.exidx) refers to __rtentry2.o(.ARM.Collect$$rtentry$$0000000A) for .ARM.Collect$$rtentry$$0000000A
    __rtentry2.o(.ARM.exidx) refers to __rtentry2.o(.ARM.Collect$$rtentry$$0000000B) for .ARM.Collect$$rtentry$$0000000B
    __rtentry2.o(.ARM.exidx) refers to __rtentry2.o(.ARM.Collect$$rtentry$$0000000D) for .ARM.Collect$$rtentry$$0000000D
    __rtentry4.o(.ARM.Collect$$rtentry$$00000004) refers to sys_stackheap_outer.o(.text) for __user_setup_stackheap
    __rtentry4.o(.ARM.exidx) refers to __rtentry4.o(.ARM.Collect$$rtentry$$00000004) for .ARM.Collect$$rtentry$$00000004
    rt_div0.o(.text) refers to defsig_fpe_outer.o(.text) for __rt_SIGFPE
    sys_stackheap_outer.o(.text) refers to libspace.o(.text) for __user_perproc_libspace
    sys_stackheap_outer.o(.text) refers to startup_stm32f10x_md.o(.text) for __user_initial_stackheap
    exit.o(.text) refers to rtexit.o(.ARM.Collect$$rtexit$$00000000) for __rt_exit
    defsig_fpe_outer.o(.text) refers to defsig_fpe_inner.o(.text) for __rt_SIGFPE_inner
    defsig_fpe_outer.o(.text) refers to defsig_exit.o(.text) for __sig_exit
    defsig_fpe_formal.o(.text) refers to rt_raise.o(.text) for __rt_raise
    libinit.o(.ARM.Collect$$libinit$$00000000) refers (Special) to libinit2.o(.ARM.Collect$$libinit$$0000002E) for __rt_lib_init_alloca_1
    libinit.o(.ARM.Collect$$libinit$$00000000) refers (Special) to libinit2.o(.ARM.Collect$$libinit$$0000002C) for __rt_lib_init_argv_1
    libinit.o(.ARM.Collect$$libinit$$00000000) refers (Special) to libinit2.o(.ARM.Collect$$libinit$$0000001B) for __rt_lib_init_atexit_1
    libinit.o(.ARM.Collect$$libinit$$00000000) refers (Special) to libinit2.o(.ARM.Collect$$libinit$$00000021) for __rt_lib_init_clock_1
    libinit.o(.ARM.Collect$$libinit$$00000000) refers (Special) to libinit2.o(.ARM.Collect$$libinit$$00000032) for __rt_lib_init_cpp_1
    libinit.o(.ARM.Collect$$libinit$$00000000) refers (Special) to libinit2.o(.ARM.Collect$$libinit$$00000030) for __rt_lib_init_exceptions_1
    libinit.o(.ARM.Collect$$libinit$$00000000) refers (Special) to libinit2.o(.ARM.Collect$$libinit$$00000002) for __rt_lib_init_fp_1
    libinit.o(.ARM.Collect$$libinit$$00000000) refers (Special) to libinit2.o(.ARM.Collect$$libinit$$0000001F) for __rt_lib_init_fp_trap_1
    libinit.o(.ARM.Collect$$libinit$$00000000) refers (Special) to libinit2.o(.ARM.Collect$$libinit$$00000023) for __rt_lib_init_getenv_1
    libinit.o(.ARM.Collect$$libinit$$00000000) refers (Special) to libinit2.o(.ARM.Collect$$libinit$$0000000A) for __rt_lib_init_heap_1
    libinit.o(.ARM.Collect$$libinit$$00000000) refers (Special) to libinit2.o(.ARM.Collect$$libinit$$00000011) for __rt_lib_init_lc_collate_1
    libinit.o(.ARM.Collect$$libinit$$00000000) refers (Special) to libinit2.o(.ARM.Collect$$libinit$$00000013) for __rt_lib_init_lc_ctype_1
    libinit.o(.ARM.Collect$$libinit$$00000000) refers (Special) to libinit2.o(.ARM.Collect$$libinit$$00000015) for __rt_lib_init_lc_monetary_1
    libinit.o(.ARM.Collect$$libinit$$00000000) refers (Special) to libinit2.o(.ARM.Collect$$libinit$$00000017) for __rt_lib_init_lc_numeric_1
    libinit.o(.ARM.Collect$$libinit$$00000000) refers (Special) to libinit2.o(.ARM.Collect$$libinit$$00000019) for __rt_lib_init_lc_time_1
    libinit.o(.ARM.Collect$$libinit$$00000000) refers (Special) to libinit2.o(.ARM.Collect$$libinit$$00000004) for __rt_lib_init_preinit_1
    libinit.o(.ARM.Collect$$libinit$$00000000) refers (Special) to libinit2.o(.ARM.Collect$$libinit$$0000000E) for __rt_lib_init_rand_1
    libinit.o(.ARM.Collect$$libinit$$00000000) refers (Special) to libinit2.o(.ARM.Collect$$libinit$$00000033) for __rt_lib_init_return
    libinit.o(.ARM.Collect$$libinit$$00000000) refers (Special) to libinit2.o(.ARM.Collect$$libinit$$0000001D) for __rt_lib_init_signal_1
    libinit.o(.ARM.Collect$$libinit$$00000000) refers (Special) to libinit2.o(.ARM.Collect$$libinit$$00000025) for __rt_lib_init_stdio_1
    libinit.o(.ARM.Collect$$libinit$$00000000) refers (Special) to libinit2.o(.ARM.Collect$$libinit$$0000000C) for __rt_lib_init_user_alloc_1
    libspace.o(.text) refers to libspace.o(.bss) for __libspace_start
    rtexit.o(.ARM.Collect$$rtexit$$00000000) refers (Special) to rtexit2.o(.ARM.Collect$$rtexit$$00000004) for __rt_exit_exit
    rtexit.o(.ARM.Collect$$rtexit$$00000000) refers (Special) to rtexit2.o(.ARM.Collect$$rtexit$$00000003) for __rt_exit_ls
    rtexit.o(.ARM.Collect$$rtexit$$00000000) refers (Special) to rtexit2.o(.ARM.Collect$$rtexit$$00000002) for __rt_exit_prels_1
    rtexit.o(.ARM.exidx) refers (Special) to rtexit2.o(.ARM.Collect$$rtexit$$00000004) for __rt_exit_exit
    rtexit.o(.ARM.exidx) refers (Special) to rtexit2.o(.ARM.Collect$$rtexit$$00000003) for __rt_exit_ls
    rtexit.o(.ARM.exidx) refers (Special) to rtexit2.o(.ARM.Collect$$rtexit$$00000002) for __rt_exit_prels_1
    rtexit.o(.ARM.exidx) refers to rtexit.o(.ARM.Collect$$rtexit$$00000000) for .ARM.Collect$$rtexit$$00000000
    rt_raise.o(.text) refers to __raise.o(.text) for __raise
    rt_raise.o(.text) refers to sys_exit.o(.text) for _sys_exit
    defsig_exit.o(.text) refers to sys_exit.o(.text) for _sys_exit
    defsig_fpe_inner.o(.text) refers to defsig_general.o(.text) for __default_signal_display
    libinit2.o(.ARM.Collect$$libinit$$00000010) refers to libinit2.o(.ARM.Collect$$libinit$$0000000F) for .ARM.Collect$$libinit$$0000000F
    libinit2.o(.ARM.Collect$$libinit$$00000012) refers to libinit2.o(.ARM.Collect$$libinit$$0000000F) for .ARM.Collect$$libinit$$0000000F
    libinit2.o(.ARM.Collect$$libinit$$00000014) refers to libinit2.o(.ARM.Collect$$libinit$$0000000F) for .ARM.Collect$$libinit$$0000000F
    libinit2.o(.ARM.Collect$$libinit$$00000016) refers to libinit2.o(.ARM.Collect$$libinit$$0000000F) for .ARM.Collect$$libinit$$0000000F
    libinit2.o(.ARM.Collect$$libinit$$00000018) refers to libinit2.o(.ARM.Collect$$libinit$$0000000F) for .ARM.Collect$$libinit$$0000000F
    libinit2.o(.ARM.Collect$$libinit$$00000026) refers to argv_veneer.o(.emb_text) for __ARM_argv_veneer
    libinit2.o(.ARM.Collect$$libinit$$00000027) refers to argv_veneer.o(.emb_text) for __ARM_argv_veneer
    sys_exit.o(.text) refers (Special) to use_no_semi.o(.text) for __I$use$semihosting
    sys_exit.o(.text) refers (Special) to indicate_semi.o(.text) for __semihosting_library_function
    rtexit2.o(.ARM.Collect$$rtexit$$00000003) refers to libshutdown.o(.ARM.Collect$$libshutdown$$00000000) for __rt_lib_shutdown
    rtexit2.o(.ARM.Collect$$rtexit$$00000004) refers to sys_exit.o(.text) for _sys_exit
    rtexit2.o(.ARM.exidx) refers to rtexit2.o(.ARM.Collect$$rtexit$$00000001) for .ARM.Collect$$rtexit$$00000001
    rtexit2.o(.ARM.exidx) refers to rtexit2.o(.ARM.Collect$$rtexit$$00000003) for .ARM.Collect$$rtexit$$00000003
    rtexit2.o(.ARM.exidx) refers to rtexit2.o(.ARM.Collect$$rtexit$$00000004) for .ARM.Collect$$rtexit$$00000004
    __raise.o(.text) refers to defsig.o(CL$$defsig) for __default_signal_handler
    defsig_general.o(.text) refers to sys_wrch.o(.text) for _ttywrch
    argv_veneer.o(.emb_text) refers to no_argv.o(.text) for __ARM_get_argv
    sys_wrch.o(.text) refers (Special) to use_no_semi.o(.text) for __I$use$semihosting
    sys_wrch.o(.text) refers (Special) to indicate_semi.o(.text) for __semihosting_library_function
    defsig.o(CL$$defsig) refers to defsig_fpe_inner.o(.text) for __rt_SIGFPE_inner
    defsig.o(CL$$defsig) refers to defsig_rtmem_inner.o(.text) for __rt_SIGRTMEM_inner
    _get_argv_nomalloc.o(.text) refers (Special) to hrguard.o(.text) for __heap_region$guard
    _get_argv_nomalloc.o(.text) refers to defsig_rtmem_outer.o(.text) for __rt_SIGRTMEM
    _get_argv_nomalloc.o(.text) refers to sys_command.o(.text) for _sys_command_string
    libshutdown.o(.ARM.Collect$$libshutdown$$00000000) refers (Special) to libshutdown2.o(.ARM.Collect$$libshutdown$$00000002) for __rt_lib_shutdown_cpp_1
    libshutdown.o(.ARM.Collect$$libshutdown$$00000000) refers (Special) to libshutdown2.o(.ARM.Collect$$libshutdown$$00000007) for __rt_lib_shutdown_fp_trap_1
    libshutdown.o(.ARM.Collect$$libshutdown$$00000000) refers (Special) to libshutdown2.o(.ARM.Collect$$libshutdown$$0000000F) for __rt_lib_shutdown_heap_1
    libshutdown.o(.ARM.Collect$$libshutdown$$00000000) refers (Special) to libshutdown2.o(.ARM.Collect$$libshutdown$$00000010) for __rt_lib_shutdown_return
    libshutdown.o(.ARM.Collect$$libshutdown$$00000000) refers (Special) to libshutdown2.o(.ARM.Collect$$libshutdown$$0000000A) for __rt_lib_shutdown_signal_1
    libshutdown.o(.ARM.Collect$$libshutdown$$00000000) refers (Special) to libshutdown2.o(.ARM.Collect$$libshutdown$$00000004) for __rt_lib_shutdown_stdio_1
    libshutdown.o(.ARM.Collect$$libshutdown$$00000000) refers (Special) to libshutdown2.o(.ARM.Collect$$libshutdown$$0000000C) for __rt_lib_shutdown_user_alloc_1
    sys_command.o(.text) refers (Special) to use_no_semi.o(.text) for __I$use$semihosting
    sys_command.o(.text) refers (Special) to indicate_semi.o(.text) for __semihosting_library_function
    defsig_abrt_inner.o(.text) refers to defsig_general.o(.text) for __default_signal_display
    defsig_rtred_inner.o(.text) refers to defsig_general.o(.text) for __default_signal_display
    defsig_rtmem_inner.o(.text) refers to defsig_general.o(.text) for __default_signal_display
    defsig_rtmem_outer.o(.text) refers to defsig_rtmem_inner.o(.text) for __rt_SIGRTMEM_inner
    defsig_rtmem_outer.o(.text) refers to defsig_exit.o(.text) for __sig_exit
    defsig_rtmem_formal.o(.text) refers to rt_raise.o(.text) for __rt_raise
    defsig_stak_inner.o(.text) refers to defsig_general.o(.text) for __default_signal_display
    defsig_pvfn_inner.o(.text) refers to defsig_general.o(.text) for __default_signal_display
    defsig_cppl_inner.o(.text) refers to defsig_general.o(.text) for __default_signal_display
    defsig_segv_inner.o(.text) refers to defsig_general.o(.text) for __default_signal_display
    defsig_other.o(.text) refers to defsig_general.o(.text) for __default_signal_display

