Component: ARM Compiler 5.06 update 5 (build 528) Tool: armlink [4d35e2]

==============================================================================

Section Cross References

    startup_stm32f10x_md.o(STACK) refers (Special) to heapauxi.o(.text) for __use_two_region_memory
    startup_stm32f10x_md.o(HEAP) refers (Special) to heapauxi.o(.text) for __use_two_region_memory
    startup_stm32f10x_md.o(RESET) refers (Special) to heapauxi.o(.text) for __use_two_region_memory
    startup_stm32f10x_md.o(RESET) refers to startup_stm32f10x_md.o(STACK) for __initial_sp
    startup_stm32f10x_md.o(RESET) refers to startup_stm32f10x_md.o(.text) for Reset_Handler
    startup_stm32f10x_md.o(RESET) refers to stm32f10x_it.o(i.NMI_Handler) for NMI_Handler
    startup_stm32f10x_md.o(RESET) refers to stm32f10x_it.o(i.HardFault_Handler) for HardFault_Handler
    startup_stm32f10x_md.o(RESET) refers to stm32f10x_it.o(i.MemManage_Handler) for MemManage_Handler
    startup_stm32f10x_md.o(RESET) refers to stm32f10x_it.o(i.BusFault_Handler) for BusFault_Handler
    startup_stm32f10x_md.o(RESET) refers to stm32f10x_it.o(i.UsageFault_Handler) for UsageFault_Handler
    startup_stm32f10x_md.o(RESET) refers to stm32f10x_it.o(i.SVC_Handler) for SVC_Handler
    startup_stm32f10x_md.o(RESET) refers to stm32f10x_it.o(i.DebugMon_Handler) for DebugMon_Handler
    startup_stm32f10x_md.o(RESET) refers to stm32f10x_it.o(i.PendSV_Handler) for PendSV_Handler
    startup_stm32f10x_md.o(RESET) refers to stm32f10x_it.o(i.SysTick_Handler) for SysTick_Handler
    startup_stm32f10x_md.o(RESET) refers to main.o(i.USART1_IRQHandler) for USART1_IRQHandler
    startup_stm32f10x_md.o(RESET) refers to main.o(i.USART2_IRQHandler) for USART2_IRQHandler
    startup_stm32f10x_md.o(RESET) refers to main.o(i.USART3_IRQHandler) for USART3_IRQHandler
    startup_stm32f10x_md.o(.text) refers (Special) to heapauxi.o(.text) for __use_two_region_memory
    startup_stm32f10x_md.o(.text) refers to system_stm32f10x.o(i.SystemInit) for SystemInit
    startup_stm32f10x_md.o(.text) refers to __main.o(!!!main) for __main
    startup_stm32f10x_md.o(.text) refers to startup_stm32f10x_md.o(HEAP) for Heap_Mem
    startup_stm32f10x_md.o(.text) refers to startup_stm32f10x_md.o(STACK) for Stack_Mem
    system_stm32f10x.o(i.SetSysClock) refers to system_stm32f10x.o(i.SetSysClockTo72) for SetSysClockTo72
    system_stm32f10x.o(i.SystemCoreClockUpdate) refers to system_stm32f10x.o(.data) for SystemCoreClock
    system_stm32f10x.o(i.SystemInit) refers to system_stm32f10x.o(i.SetSysClock) for SetSysClock
    stm32f10x_adc.o(i.ADC_DeInit) refers to stm32f10x_rcc.o(i.RCC_APB2PeriphResetCmd) for RCC_APB2PeriphResetCmd
    stm32f10x_bkp.o(i.BKP_DeInit) refers to stm32f10x_rcc.o(i.RCC_BackupResetCmd) for RCC_BackupResetCmd
    stm32f10x_can.o(i.CAN_DeInit) refers to stm32f10x_rcc.o(i.RCC_APB1PeriphResetCmd) for RCC_APB1PeriphResetCmd
    stm32f10x_can.o(i.CAN_GetITStatus) refers to stm32f10x_can.o(i.CheckITStatus) for CheckITStatus
    stm32f10x_cec.o(i.CEC_DeInit) refers to stm32f10x_rcc.o(i.RCC_APB1PeriphResetCmd) for RCC_APB1PeriphResetCmd
    stm32f10x_dac.o(i.DAC_DeInit) refers to stm32f10x_rcc.o(i.RCC_APB1PeriphResetCmd) for RCC_APB1PeriphResetCmd
    stm32f10x_flash.o(i.FLASH_EnableWriteProtection) refers to stm32f10x_flash.o(i.FLASH_WaitForLastOperation) for FLASH_WaitForLastOperation
    stm32f10x_flash.o(i.FLASH_EraseAllBank1Pages) refers to stm32f10x_flash.o(i.FLASH_WaitForLastBank1Operation) for FLASH_WaitForLastBank1Operation
    stm32f10x_flash.o(i.FLASH_EraseAllPages) refers to stm32f10x_flash.o(i.FLASH_WaitForLastOperation) for FLASH_WaitForLastOperation
    stm32f10x_flash.o(i.FLASH_EraseOptionBytes) refers to stm32f10x_flash.o(i.FLASH_GetReadOutProtectionStatus) for FLASH_GetReadOutProtectionStatus
    stm32f10x_flash.o(i.FLASH_EraseOptionBytes) refers to stm32f10x_flash.o(i.FLASH_WaitForLastOperation) for FLASH_WaitForLastOperation
    stm32f10x_flash.o(i.FLASH_ErasePage) refers to stm32f10x_flash.o(i.FLASH_WaitForLastOperation) for FLASH_WaitForLastOperation
    stm32f10x_flash.o(i.FLASH_ProgramHalfWord) refers to stm32f10x_flash.o(i.FLASH_WaitForLastOperation) for FLASH_WaitForLastOperation
    stm32f10x_flash.o(i.FLASH_ProgramOptionByteData) refers to stm32f10x_flash.o(i.FLASH_WaitForLastOperation) for FLASH_WaitForLastOperation
    stm32f10x_flash.o(i.FLASH_ProgramWord) refers to stm32f10x_flash.o(i.FLASH_WaitForLastOperation) for FLASH_WaitForLastOperation
    stm32f10x_flash.o(i.FLASH_ReadOutProtection) refers to stm32f10x_flash.o(i.FLASH_WaitForLastOperation) for FLASH_WaitForLastOperation
    stm32f10x_flash.o(i.FLASH_UserOptionByteConfig) refers to stm32f10x_flash.o(i.FLASH_WaitForLastOperation) for FLASH_WaitForLastOperation
    stm32f10x_flash.o(i.FLASH_WaitForLastBank1Operation) refers to stm32f10x_flash.o(i.FLASH_GetBank1Status) for FLASH_GetBank1Status
[...]
    SetSysClock                              0x08006d2d   Thumb Code     8  system_stm32f10x.o(i.SetSysClock)
    i.SetSysClockTo72                        0x08006d34   Section        0  system_stm32f10x.o(i.SetSysClockTo72)
    SetSysClockTo72                          0x08006d35   Thumb Code   214  system_stm32f10x.o(i.SetSysClockTo72)
    i.Show1                                  0x08006e14   Section        0  process.o(i.Show1)
    i.Show2                                  0x08006ef8   Section        0  process.o(i.Show2)
    i.ShowCursor                             0x08006fdc   Section        0  menu.o(i.ShowCursor)
    i.ShowHead1                              0x0800739c   Section        0  process.o(i.ShowHead1)
    i.ShowHead2                              0x080073f8   Section        0  process.o(i.ShowHead2)
    i.Show_Str                               0x08007454   Section        0  gui.o(i.Show_Str)
    i.SysTick_CLKSourceConfig                0x08007560   Section        0  misc.o(i.SysTick_CLKSourceConfig)
    i.SysTick_Handler                        0x08007588   Section        0  stm32f10x_it.o(i.SysTick_Handler)
    i.SystemInit                             0x0800758c   Section        0  system_stm32f10x.o(i.SystemInit)
    i.USART1_IRQHandler                      0x080075ec   Section        0  main.o(i.USART1_IRQHandler)
    i.USART2_IRQHandler                      0x08007630   Section        0  main.o(i.USART2_IRQHandler)
    i.USART3_IRQHandler                      0x08007668   Section        0  main.o(i.USART3_IRQHandler)
    i.USART_ClearITPendingBit                0x080076b4   Section        0  stm32f10x_usart.o(i.USART_ClearITPendingBit)
    i.USART_Cmd                              0x080076d2   Section        0  stm32f10x_usart.o(i.USART_Cmd)
    i.USART_DMACmd                           0x080076ea   Section        0  stm32f10x_usart.o(i.USART_DMACmd)
    i.USART_GetITStatus                      0x080076fc   Section        0  stm32f10x_usart.o(i.USART_GetITStatus)
    i.USART_ITConfig                         0x08007750   Section        0  stm32f10x_usart.o(i.USART_ITConfig)
    i.USART_Init                             0x0800779c   Section        0  stm32f10x_usart.o(i.USART_Init)
    i.UsageFault_Handler                     0x08007874   Section        0  stm32f10x_it.o(i.UsageFault_Handler)
    i._is_digit                              0x08007878   Section        0  __printf_wp.o(i._is_digit)
    i.check_fs                               0x08007888   Section        0  ff.o(i.check_fs)
    check_fs                                 0x08007889   Thumb Code   210  ff.o(i.check_fs)
    i.clmt_clust                             0x08007968   Section        0  ff.o(i.clmt_clust)
    clmt_clust                               0x08007969   Thumb Code    50  ff.o(i.clmt_clust)
    i.clst2sect                              0x0800799a   Section        0  ff.o(i.clst2sect)
    clst2sect                                0x0800799b   Thumb Code    26  ff.o(i.clst2sect)
    i.cmp_lfn                                0x080079b4   Section        0  ff.o(i.cmp_lfn)
    cmp_lfn                                  0x080079b5   Thumb Code   148  ff.o(i.cmp_lfn)
    i.create_chain                           0x08007a4c   Section        0  ff.o(i.create_chain)
    create_chain                             0x08007a4d   Thumb Code   288  ff.o(i.create_chain)
    i.create_name                            0x08007b6c   Section        0  ff.o(i.create_name)
    create_name                              0x08007b6d   Thumb Code   592  ff.o(i.create_name)
    i.create_partition                       0x08007dd4   Section        0  ff.o(i.create_partition)
    create_partition                         0x08007dd5   Thumb Code   346  ff.o(i.create_partition)
    i.data_to_string                         0x08007f30   Section        0  stmflash.o(i.data_to_string)
    i.dbc_1st                                0x08007f98   Section        0  ff.o(i.dbc_1st)
    dbc_1st                                  0x08007f99   Thumb Code    12  ff.o(i.dbc_1st)
    i.dbc_2nd                                0x08007fa4   Section        0  ff.o(i.dbc_2nd)
    dbc_2nd                                  0x08007fa5   Thumb Code    12  ff.o(i.dbc_2nd)
    i.delay_init                             0x08007fb0   Section        0  delay.o(i.delay_init)
    i.delay_ms                               0x08007fec   Section        0  delay.o(i.delay_ms)
    i.dir_alloc                              0x08008028   Section        0  ff.o(i.dir_alloc)
    dir_alloc                                0x08008029   Thumb Code    96  ff.o(i.dir_alloc)
    i.dir_clear                              0x08008088   Section        0  ff.o(i.dir_clear)
    dir_clear                                0x08008089   Thumb Code    94  ff.o(i.dir_clear)
    i.dir_find                               0x080080e6   Section        0  ff.o(i.dir_find)
    dir_find                                 0x080080e7   Thumb Code   252  ff.o(i.dir_find)
    i.dir_next                               0x080081e2   Section        0  ff.o(i.dir_next)
    dir_next                                 0x080081e3   Thumb Code   202  ff.o(i.dir_next)
    i.dir_register                           0x080082ac   Section        0  ff.o(i.dir_register)
    dir_register                             0x080082ad   Thumb Code   326  ff.o(i.dir_register)
    i.dir_sdi                                0x080083f2   Section        0  ff.o(i.dir_sdi)
    dir_sdi                                  0x080083f3   Thumb Code   154  ff.o(i.dir_sdi)
    i.disk_initialize                        0x0800848c   Section        0  diskio.o(i.disk_initialize)
    i.disk_ioctl                             0x080084bc   Section        0  diskio.o(i.disk_ioctl)
    i.disk_read                              0x08008520   Section        0  diskio.o(i.disk_read)
    i.disk_status                            0x08008572   Section        0  diskio.o(i.disk_status)
    i.disk_write                             0x08008578   Section        0  diskio.o(i.disk_write)
    i.exf_getfree                            0x080085b6   Section        0  mf.o(i.exf_getfree)
    i.f_getfree                              0x08008600   Section        0  ff.o(i.f_getfree)
    i.f_mkfs                                 0x080086fc   Section        0  ff.o(i.f_mkfs)
    i.f_mount                                0x08008da4   Section        0  ff.o(i.f_mount)
    i.f_open                                 0x08008e04   Section        0  ff.o(i.f_open)
    i.f_sync                                 0x08009000   Section        0  ff.o(i.f_sync)
    i.f_write                                0x080090a0   Section        0  ff.o(i.f_write)
    i.ff_oem2uni                             0x08009290   Section        0  ffunicode.o(i.ff_oem2uni)
    i.ff_uni2oem                             0x080092bc   Section        0  ffunicode.o(i.ff_uni2oem)
    i.ff_wtoupper                            0x080092fc   Section        0  ffunicode.o(i.ff_wtoupper)
    i.find_volume                            0x080093ac   Section        0  ff.o(i.find_volume)
    find_volume                              0x080093ad   Thumb Code   120  ff.o(i.find_volume)
    i.follow_path                            0x08009424   Section        0  ff.o(i.follow_path)
    follow_path                              0x08009425   Thumb Code   158  ff.o(i.follow_path)
    i.gen_numname                            0x080094c4   Section        0  ff.o(i.gen_numname)
    gen_numname                              0x080094c5   Thumb Code   206  ff.o(i.gen_numname)
    i.get_fat                                0x08009598   Section        0  ff.o(i.get_fat)
    get_fat                                  0x08009599   Thumb Code   224  ff.o(i.get_fat)
    i.get_fattime                            0x08009678   Section        0  diskio.o(i.get_fattime)
    i.get_ldnumber                           0x0800967c   Section        0  ff.o(i.get_ldnumber)
    get_ldnumber                             0x0800967d   Thumb Code    78  ff.o(i.get_ldnumber)
    i.ld_clust                               0x080096ca   Section        0  ff.o(i.ld_clust)
    ld_clust                                 0x080096cb   Thumb Code    38  ff.o(i.ld_clust)
    i.ld_dword                               0x080096f0   Section        0  ff.o(i.ld_dword)
    ld_dword                                 0x080096f1   Thumb Code    24  ff.o(i.ld_dword)
    i.ld_word                                0x08009708   Section        0  ff.o(i.ld_word)
    ld_word                                  0x08009709   Thumb Code    12  ff.o(i.ld_word)
    i.main                                   0x08009714   Section        0  main.o(i.main)
    i.menu2_baud                             0x08009798   Section        0  menu.o(i.menu2_baud)
    i.menu2_other                            0x0800995c   Section        0  menu.o(i.menu2_other)
    i.menu2_processmode                      0x08009c44   Section        0  menu.o(i.menu2_processmode)
    i.menu2_showmode                         0x08009d54   Section        0  menu.o(i.menu2_showmode)
    i.menu3_SendToPC                         0x08009e28   Section        0  menu.o(i.menu3_SendToPC)
    i.menu3_databit                          0x08009ec4   Section        0  menu.o(i.menu3_databit)
    i.menu3_paritybit                        0x08009fc8   Section        0  menu.o(i.menu3_paritybit)
    i.menu3_stopbit                          0x0800a120   Section        0  menu.o(i.menu3_stopbit)
    i.menu4_toPCBaud                         0x0800a2c0   Section        0  menu.o(i.menu4_toPCBaud)
    i.mount_volume                           0x0800a410   Section        0  ff.o(i.mount_volume)
    mount_volume                             0x0800a411   Thumb Code   654  ff.o(i.mount_volume)
    i.move_window                            0x0800a6b4   Section        0  ff.o(i.move_window)
    move_window                              0x0800a6b5   Thumb Code    52  ff.o(i.move_window)
    i.myKey_GetNum                           0x0800a6e8   Section        0  mykey.o(i.myKey_GetNum)
    i.myKey_Init                             0x0800a7dc   Section        0  mykey.o(i.myKey_Init)
    i.myLCD_Init                             0x0800a81c   Section        0  mylcd.o(i.myLCD_Init)
    i.myLCD_Power_Init                       0x0800a830   Section        0  mylcd.o(i.myLCD_Power_Init)
    i.myLCD_Power_On                         0x0800a854   Section        0  mylcd.o(i.myLCD_Power_On)
    i.myLCD_ShowChar                         0x0800a864   Section        0  mylcd.o(i.myLCD_ShowChar)
    i.myLCD_ShowHexNum                       0x0800a890   Section        0  mylcd.o(i.myLCD_ShowHexNum)
    i.myLCD_ShowString                       0x0800a988   Section        0  mylcd.o(i.myLCD_ShowString)
    i.my_f_write1                            0x0800a9a4   Section        0  process.o(i.my_f_write1)
    i.my_f_write2                            0x0800aa84   Section        0  process.o(i.my_f_write2)
    i.mypow                                  0x0800ab08   Section        0  gui.o(i.mypow)
    i.process                                0x0800ab1e   Section        0  process.o(i.process)
    i.put_fat                                0x0800ab3a   Section        0  ff.o(i.put_fat)
    put_fat                                  0x0800ab3b   Thumb Code   312  ff.o(i.put_fat)
    i.put_lfn                                0x0800ac74   Section        0  ff.o(i.put_lfn)
    put_lfn                                  0x0800ac75   Thumb Code   124  ff.o(i.put_lfn)
    i.remove_chain                           0x0800acf4   Section        0  ff.o(i.remove_chain)
    remove_chain                             0x0800acf5   Thumb Code   154  ff.o(i.remove_chain)
    i.serial_Change13Baud                    0x0800ad90   Section        0  serial.o(i.serial_Change13Baud)
    i.serial_Change2Baud                     0x0800adcc   Section        0  serial.o(i.serial_Change2Baud)
    i.serial_ChangeConfig                    0x0800adfc   Section        0  serial.o(i.serial_ChangeConfig)
    i.st_clust                               0x0800af30   Section        0  ff.o(i.st_clust)
    st_clust                                 0x0800af31   Thumb Code    36  ff.o(i.st_clust)
    i.st_dword                               0x0800af54   Section        0  ff.o(i.st_dword)
    st_dword                                 0x0800af55   Thumb Code    24  ff.o(i.st_dword)
    i.st_word                                0x0800af6c   Section        0  ff.o(i.st_word)
    st_word                                  0x0800af6d   Thumb Code    12  ff.o(i.st_word)
    i.string_to_data                         0x0800af78   Section        0  stmflash.o(i.string_to_data)
    i.sum_sfn                                0x0800b03e   Section        0  ff.o(i.sum_sfn)
    sum_sfn                                  0x0800b03f   Thumb Code    32  ff.o(i.sum_sfn)
    i.sync_fs                                0x0800b060   Section        0  ff.o(i.sync_fs)
    sync_fs                                  0x0800b061   Thumb Code   132  ff.o(i.sync_fs)
    i.sync_window                            0x0800b0ec   Section        0  ff.o(i.sync_window)
    sync_window                              0x0800b0ed   Thumb Code    74  ff.o(i.sync_window)
    i.tchar2uni                              0x0800b136   Section        0  ff.o(i.tchar2uni)
    tchar2uni                                0x0800b137   Thumb Code    76  ff.o(i.tchar2uni)
    i.uart1DmaClear                          0x0800b184   Section        0  serial.o(i.uart1DmaClear)
    i.uart2SendArray                         0x0800b1a8   Section        0  serial.o(i.uart2SendArray)
    i.uart3DmaClear                          0x0800b200   Section        0  serial.o(i.uart3DmaClear)
    i.user_define                            0x0800b224   Section        0  menu.o(i.user_define)
    i.validate                               0x0800b438   Section        0  ff.o(i.validate)
    validate                                 0x0800b439   Thumb Code    60  ff.o(i.validate)
    .constdata                               0x0800b474   Section     5602  gui.o(.constdata)
    .constdata                               0x0800ca56   Section      100  mylcd.o(.constdata)
    .constdata                               0x0800cabc   Section       16  menu.o(.constdata)
    .constdata                               0x0800cacc   Section      942  ffunicode.o(.constdata)
    uc437                                    0x0800cacc   Data         256  ffunicode.o(.constdata)
    cvt1                                     0x0800cbcc   Data         498  ffunicode.o(.constdata)
    cvt2                                     0x0800cdbe   Data         188  ffunicode.o(.constdata)
    .constdata                               0x0800ce7c   Section      204  ff.o(.constdata)
    LfnOfs                                   0x0800ce7c   Data          13  ff.o(.constdata)
    ExCvt                                    0x0800ce89   Data         128  ff.o(.constdata)
    badchr                                   0x0800cf09   Data          18  ff.o(.constdata)
    cst                                      0x0800cf1c   Data          14  ff.o(.constdata)
    cst32                                    0x0800cf2a   Data          14  ff.o(.constdata)
    defopt                                   0x0800cf38   Data          16  ff.o(.constdata)
    .data                                    0x20000000   Section       20  stm32f10x_rcc.o(.data)
    APBAHBPrescTable                         0x20000000   Data          16  stm32f10x_rcc.o(.data)
    ADCPrescTable                            0x20000010   Data           4  stm32f10x_rcc.o(.data)
    .data                                    0x20000014   Section        4  delay.o(.data)
    fac_us                                   0x20000014   Data           1  delay.o(.data)
    fac_ms                                   0x20000016   Data           2  delay.o(.data)
    .data                                    0x20000018   Section        6  lcd.o(.data)
    .data                                    0x2000001e   Section       70  menu.o(.data)
    .data                                    0x20000064   Section        9  process.o(.data)
    first_flag                               0x2000006c   Data           1  process.o(.data)
    .data                                    0x2000006d   Section        1  mmc_sd.o(.data)
    .data                                    0x20000070   Section        8  mf.o(.data)
    .data                                    0x20000078   Section        6  ff.o(.data)
    FatFs                                    0x20000078   Data           4  ff.o(.data)
    Fsid                                     0x2000007c   Data           2  ff.o(.data)
    .bss                                     0x20000080   Section       14  lcd.o(.bss)
    .bss                                     0x20000090   Section     6692  serial.o(.bss)
    .bss                                     0x20001ab4   Section       18  sd_spi.o(.bss)
    .bss                                     0x20001ac6   Section     2070  stmflash.o(.bss)
    .bss                                     0x200022dc   Section     3680  mf.o(.bss)
    .bss                                     0x2000313c   Section       96  libspace.o(.bss)
    HEAP                                     0x200031a0   Section      512  startup_stm32f10x_md.o(HEAP)
    Heap_Mem                                 0x200031a0   Data         512  startup_stm32f10x_md.o(HEAP)
    STACK                                    0x200033a0   Section     1024  startup_stm32f10x_md.o(STACK)
    Stack_Mem                                0x200033a0   Data        1024  startup_stm32f10x_md.o(STACK)
    __initial_sp                             0x200037a0   Data           0  startup_stm32f10x_md.o(STACK)

    Global Symbols

    Symbol Name                              Value     Ov Type        Size  Object(Section)

    BuildAttributes$$THM_ISAv4$P$D$K$B$S$PE$A:L22UL41UL21$X:L11$S22US41US21$IEEE1$IW$USESV6$~STKCKD$USESV7$~SHL$OSPACE$ROPI$EBA8$UX$STANDARDLIB$REQ8$PRES8$EABIv2 0x00000000   Number         0  anon$$obj.o ABSOLUTE
    __ARM_use_no_argv                        0x00000000   Number         0  main.o ABSOLUTE
    _printf_flags                            0x00000000   Number         0  printf_stubs.o ABSOLUTE
    _printf_return_value                     0x00000000   Number         0  printf_stubs.o ABSOLUTE
    _printf_sizespec                         0x00000000   Number         0  printf_stubs.o ABSOLUTE
    _printf_widthprec                        0x00000000   Number         0  printf_stubs.o ABSOLUTE
    __ARM_exceptions_init                     - Undefined Weak Reference
    __alloca_initialize                       - Undefined Weak Reference
    __arm_preinit_                            - Undefined Weak Reference
    __cpp_initialize__aeabi_                  - Undefined Weak Reference
    __cxa_finalize                            - Undefined Weak Reference
    __rt_locale                               - Undefined Weak Reference
    __sigvec_lookup                           - Undefined Weak Reference
    _atexit_init                              - Undefined Weak Reference
    _call_atexit_fns                          - Undefined Weak Reference
    _clock_init                               - Undefined Weak Reference
    _fp_trap_init                             - Undefined Weak Reference
    _fp_trap_shutdown                         - Undefined Weak Reference
    _get_lc_collate                           - Undefined Weak Reference
    _get_lc_ctype                             - Undefined Weak Reference
    _get_lc_monetary                          - Undefined Weak Reference
    _get_lc_numeric                           - Undefined Weak Reference
    _get_lc_time                              - Undefined Weak Reference
    _getenv_init                              - Undefined Weak Reference
    _handle_redirection                       - Undefined Weak Reference
    _init_alloc                               - Undefined Weak Reference
    _init_user_alloc                          - Undefined Weak Reference
    _initio                                   - Undefined Weak Reference
    _printf_mbtowc                            - Undefined Weak Reference
    _printf_truncate_signed                   - Undefined Weak Reference
    _printf_truncate_unsigned                 - Undefined Weak Reference
    _rand_init                                - Undefined Weak Reference
    _signal_finish                            - Undefined Weak Reference
    _signal_init                              - Undefined Weak Reference
    _terminate_alloc                          - Undefined Weak Reference
    _terminate_user_alloc                     - Undefined Weak Reference
    _terminateio                              - Undefined Weak Reference
    __Vectors_Size                           0x000000ec   Number         0  startup_stm32f10x_md.o ABSOLUTE
    __Vectors                                0x08004000   Data           4  startup_stm32f10x_md.o(RESET)
    __Vectors_End                            0x080040ec   Data           0  startup_stm32f10x_md.o(RESET)
    __main                                   0x080040ed   Thumb Code     8  __main.o(!!!main)
    __scatterload                            0x080040f5   Thumb Code     0  __scatter.o(!!!scatter)
    __scatterload_rt2                        0x080040f5   Thumb Code    44  __scatter.o(!!!scatter)
    __scatterload_rt2_thumb_only             0x080040f5   Thumb Code     0  __scatter.o(!!!scatter)
    __scatterload_null                       0x08004103   Thumb Code     0  __scatter.o(!!!scatter)
    __scatterload_copy                       0x08004129   Thumb Code    26  __scatter_copy.o(!!handler_copy)
    __scatterload_zeroinit                   0x08004145   Thumb Code    28  __scatter_zi.o(!!handler_zi)
    _printf_d                                0x08004161   Thumb Code     0  _printf_d.o(.ARM.Collect$$_printf_percent$$00000009)
    _printf_percent                          0x08004161   Thumb Code     0  _printf_percent.o(.ARM.Collect$$_printf_percent$$00000000)
    _printf_percent_end                      0x08004167   Thumb Code     0  _printf_percent_end.o(.ARM.Collect$$_printf_percent$$00000017)
    __rt_lib_init                            0x0800416b   Thumb Code     0  libinit.o(.ARM.Collect$$libinit$$00000000)
    __rt_lib_init_alloca_1                   0x0800416d   Thumb Code     0  libinit2.o(.ARM.Collect$$libinit$$0000002E)
    __rt_lib_init_argv_1                     0x0800416d   Thumb Code     0  libinit2.o(.ARM.Collect$$libinit$$0000002C)
    __rt_lib_init_atexit_1                   0x0800416d   Thumb Code     0  libinit2.o(.ARM.Collect$$libinit$$0000001B)
    __rt_lib_init_clock_1                    0x0800416d   Thumb Code     0  libinit2.o(.ARM.Collect$$libinit$$00000021)
    __rt_lib_init_cpp_1                      0x0800416d   Thumb Code     0  libinit2.o(.ARM.Collect$$libinit$$00000032)
    __rt_lib_init_exceptions_1               0x0800416d   Thumb Code     0  libinit2.o(.ARM.Collect$$libinit$$00000030)
    __rt_lib_init_fp_1                       0x0800416d   Thumb Code     0  libinit2.o(.ARM.Collect$$libinit$$00000002)
    __rt_lib_init_fp_trap_1                  0x0800416d   Thumb Code     0  libinit2.o(.ARM.Collect$$libinit$$0000001F)
    __rt_lib_init_getenv_1                   0x0800416d   Thumb Code     0  libinit2.o(.ARM.Collect$$libinit$$00000023)
    __rt_lib_init_heap_1                     0x0800416d   Thumb Code     0  libinit2.o(.ARM.Collect$$libinit$$0000000A)
    __rt_lib_init_lc_collate_1               0x0800416d   Thumb Code     0  libinit2.o(.ARM.Collect$$libinit$$00000011)
    __rt_lib_init_lc_ctype_1                 0x0800416d   Thumb Code     0  libinit2.o(.ARM.Collect$$libinit$$00000013)
    __rt_lib_init_lc_monetary_1              0x0800416d   Thumb Code     0  libinit2.o(.ARM.Collect$$libinit$$00000015)
    __rt_lib_init_lc_numeric_1               0x0800416d   Thumb Code     0  libinit2.o(.ARM.Collect$$libinit$$00000017)
    __rt_lib_init_lc_time_1                  0x0800416d   Thumb Code     0  libinit2.o(.ARM.Collect$$libinit$$00000019)
    __rt_lib_init_preinit_1                  0x0800416d   Thumb Code     0  libinit2.o(.ARM.Collect$$libinit$$00000004)
    __rt_lib_init_rand_1                     0x0800416d   Thumb Code     0  libinit2.o(.ARM.Collect$$libinit$$0000000E)
    __rt_lib_init_return                     0x0800416d   Thumb Code     0  libinit2.o(.ARM.Collect$$libinit$$00000033)
    __rt_lib_init_signal_1                   0x0800416d   Thumb Code     0  libinit2.o(.ARM.Collect$$libinit$$0000001D)
    __rt_lib_init_stdio_1                    0x0800416d   Thumb Code     0  libinit2.o(.ARM.Collect$$libinit$$00000025)
    __rt_lib_init_user_alloc_1               0x0800416d   Thumb Code     0  libinit2.o(.ARM.Collect$$libinit$$0000000C)
    __rt_lib_shutdown                        0x0800416f   Thumb Code     0  libshutdown.o(.ARM.Collect$$libshutdown$$00000000)
    __rt_lib_shutdown_cpp_1                  0x08004171   Thumb Code     0  libshutdown2.o(.ARM.Collect$$libshutdown$$00000002)
    __rt_lib_shutdown_fp_trap_1              0x08004171   Thumb Code     0  libshutdown2.o(.ARM.Collect$$libshutdown$$00000007)
    __rt_lib_shutdown_heap_1                 0x08004171   Thumb Code     0  libshutdown2.o(.ARM.Collect$$libshutdown$$0000000F)
    __rt_lib_shutdown_return                 0x08004171   Thumb Code     0  libshutdown2.o(.ARM.Collect$$libshutdown$$00000010)
    __rt_lib_shutdown_signal_1               0x08004171   Thumb Code     0  libshutdown2.o(.ARM.Collect$$libshutdown$$0000000A)
    __rt_lib_shutdown_stdio_1                0x08004171   Thumb Code     0  libshutdown2.o(.ARM.Collect$$libshutdown$$00000004)
    __rt_lib_shutdown_user_alloc_1           0x08004171   Thumb Code     0  libshutdown2.o(.ARM.Collect$$libshutdown$$0000000C)
    __rt_entry                               0x08004173   Thumb Code     0  __rtentry.o(.ARM.Collect$$rtentry$$00000000)
    __rt_entry_presh_1                       0x08004173   Thumb Code     0  __rtentry2.o(.ARM.Collect$$rtentry$$00000002)
    __rt_entry_sh                            0x08004173   Thumb Code     0  __rtentry4.o(.ARM.Collect$$rtentry$$00000004)
    __rt_entry_li                            0x08004179   Thumb Code     0  __rtentry2.o(.ARM.Collect$$rtentry$$0000000A)
    __rt_entry_postsh_1                      0x08004179   Thumb Code     0  __rtentry2.o(.ARM.Collect$$rtentry$$00000009)
    __rt_entry_main                          0x0800417d   Thumb Code     0  __rtentry2.o(.ARM.Collect$$rtentry$$0000000D)
    __rt_entry_postli_1                      0x0800417d   Thumb Code     0  __rtentry2.o(.ARM.Collect$$rtentry$$0000000C)
    __rt_exit                                0x08004185   Thumb Code     0  rtexit.o(.ARM.Collect$$rtexit$$00000000)
    __rt_exit_ls                             0x08004187   Thumb Code     0  rtexit2.o(.ARM.Collect$$rtexit$$00000003)
    __rt_exit_prels_1                        0x08004187   Thumb Code     0  rtexit2.o(.ARM.Collect$$rtexit$$00000002)
    __rt_exit_exit                           0x0800418b   Thumb Code     0  rtexit2.o(.ARM.Collect$$rtexit$$00000004)
    Reset_Handler                            0x08004191   Thumb Code     8  startup_stm32f10x_md.o(.text)
    ADC1_2_IRQHandler                        0x080041ab   Thumb Code     0  startup_stm32f10x_md.o(.text)
    CAN1_RX1_IRQHandler                      0x080041ab   Thumb Code     0  startup_stm32f10x_md.o(.text)
    CAN1_SCE_IRQHandler                      0x080041ab   Thumb Code     0  startup_stm32f10x_md.o(.text)
    DMA1_Channel1_IRQHandler                 0x080041ab   Thumb Code     0  startup_stm32f10x_md.o(.text)
    DMA1_Channel2_IRQHandler                 0x080041ab   Thumb Code     0  startup_stm32f10x_md.o(.text)
    DMA1_Channel3_IRQHandler                 0x080041ab   Thumb Code     0  startup_stm32f10x_md.o(.text)
    DMA1_Channel4_IRQHandler                 0x080041ab   Thumb Code     0  startup_stm32f10x_md.o(.text)
    DMA1_Channel5_IRQHandler                 0x080041ab   Thumb Code     0  startup_stm32f10x_md.o(.text)
    DMA1_Channel6_IRQHandler                 0x080041ab   Thumb Code     0  startup_stm32f10x_md.o(.text)
    DMA1_Channel7_IRQHandler                 0x080041ab   Thumb Code     0  startup_stm32f10x_md.o(.text)
    EXTI0_IRQHandler                         0x080041ab   Thumb Code     0  startup_stm32f10x_md.o(.text)
    EXTI15_10_IRQHandler                     0x080041ab   Thumb Code     0  startup_stm32f10x_md.o(.text)
    EXTI1_IRQHandler                         0x080041ab   Thumb Code     0  startup_stm32f10x_md.o(.text)
    EXTI2_IRQHandler                         0x080041ab   Thumb Code     0  startup_stm32f10x_md.o(.text)
    EXTI3_IRQHandler                         0x080041ab   Thumb Code     0  startup_stm32f10x_md.o(.text)
    EXTI4_IRQHandler                         0x080041ab   Thumb Code     0  startup_stm32f10x_md.o(.text)
    EXTI9_5_IRQHandler                       0x080041ab   Thumb Code     0  startup_stm32f10x_md.o(.text)
    FLASH_IRQHandler                         0x080041ab   Thumb Code     0  startup_stm32f10x_md.o(.text)
    I2C1_ER_IRQHandler                       0x080041ab   Thumb Code     0  startup_stm32f10x_md.o(.text)
    I2C1_EV_IRQHandler                       0x080041ab   Thumb Code     0  startup_stm32f10x_md.o(.text)
    I2C2_ER_IRQHandler                       0x080041ab   Thumb Code     0  startup_stm32f10x_md.o(.text)
    I2C2_EV_IRQHandler                       0x080041ab   Thumb Code     0  startup_stm32f10x_md.o(.text)
    PVD_IRQHandler                           0x080041ab   Thumb Code     0  startup_stm32f10x_md.o(.text)
    RCC_IRQHandler                           0x080041ab   Thumb Code     0  startup_stm32f10x_md.o(.text)
    RTCAlarm_IRQHandler                      0x080041ab   Thumb Code     0  startup_stm32f10x_md.o(.text)
    RTC_IRQHandler                           0x080041ab   Thumb Code     0  startup_stm32f10x_md.o(.text)
    SPI1_IRQHandler                          0x080041ab   Thumb Code     0  startup_stm32f10x_md.o(.text)
    SPI2_IRQHandler                          0x080041ab   Thumb Code     0  startup_stm32f10x_md.o(.text)
    TAMPER_IRQHandler                        0x080041ab   Thumb Code     0  startup_stm32f10x_md.o(.text)
    TIM1_BRK_IRQHandler                      0x080041ab   Thumb Code     0  startup_stm32f10x_md.o(.text)
    TIM1_CC_IRQHandler                       0x080041ab   Thumb Code     0  startup_stm32f10x_md.o(.text)
    TIM1_TRG_COM_IRQHandler                  0x080041ab   Thumb Code     0  startup_stm32f10x_md.o(.text)
    TIM1_UP_IRQHandler                       0x080041ab   Thumb Code     0  startup_stm32f10x_md.o(.text)
    TIM2_IRQHandler                          0x080041ab   Thumb Code     0  startup_stm32f10x_md.o(.text)
    TIM3_IRQHandler                          0x080041ab   Thumb Code     0  startup_stm32f10x_md.o(.text)
    TIM4_IRQHandler                          0x080041ab   Thumb Code     0  startup_stm32f10x_md.o(.text)
    USBWakeUp_IRQHandler                     0x080041ab   Thumb Code     0  startup_stm32f10x_md.o(.text)
    USB_HP_CAN1_TX_IRQHandler                0x080041ab   Thumb Code     0  startup_stm32f10x_md.o(.text)
    USB_LP_CAN1_RX0_IRQHandler               0x080041ab   Thumb Code     0  startup_stm32f10x_md.o(.text)
    WWDG_IRQHandler                          0x080041ab   Thumb Code     0  startup_stm32f10x_md.o(.text)
    __user_initial_stackheap                 0x080041ad   Thumb Code     0  startup_stm32f10x_md.o(.text)
    __2sprintf                               0x080041d1   Thumb Code    34  noretval__2sprintf.o(.text)
    _printf_pre_padding                      0x080041f9   Thumb Code    44  _printf_pad.o(.text)
    _printf_post_padding                     0x08004225   Thumb Code    34  _printf_pad.o(.text)
    _printf_int_dec                          0x08004249   Thumb Code   104  _printf_dec.o(.text)
    __printf                                 0x080042c1   Thumb Code   270  __printf_wp.o(.text)
    strchr                                   0x080043cf   Thumb Code    20  strchr.o(.text)
    memcmp                                   0x080043e3   Thumb Code    88  memcmp.o(.text)
    strlen                                   0x0800443b   Thumb Code    62  strlen.o(.text)
    __aeabi_memcpy                           0x08004479   Thumb Code     0  rt_memcpy_v6.o(.text)
    __rt_memcpy                              0x08004479   Thumb Code   138  rt_memcpy_v6.o(.text)
    _memcpy_lastbytes                        0x080044df   Thumb Code     0  rt_memcpy_v6.o(.text)
    __aeabi_memcpy4                          0x08004503   Thumb Code     0  rt_memcpy_w.o(.text)
    __aeabi_memcpy8                          0x08004503   Thumb Code     0  rt_memcpy_w.o(.text)
    __rt_memcpy_w                            0x08004503   Thumb Code   100  rt_memcpy_w.o(.text)
    _memcpy_lastbytes_aligned                0x0800454b   Thumb Code     0  rt_memcpy_w.o(.text)
    __aeabi_memset                           0x08004567   Thumb Code    16  aeabi_memset.o(.text)
    __aeabi_memclr                           0x08004577   Thumb Code     0  rt_memclr.o(.text)
    __rt_memclr                              0x08004577   Thumb Code    68  rt_memclr.o(.text)
    _memset                                  0x0800457b   Thumb Code     0  rt_memclr.o(.text)
    __aeabi_memclr4                          0x080045bb   Thumb Code     0  rt_memclr_w.o(.text)
    __aeabi_memclr8                          0x080045bb   Thumb Code     0  rt_memclr_w.o(.text)
    __rt_memclr_w                            0x080045bb   Thumb Code    78  rt_memclr_w.o(.text)
    _memset_w                                0x080045bf   Thumb Code     0  rt_memclr_w.o(.text)
    __use_two_region_memory                  0x08004609   Thumb Code     2  heapauxi.o(.text)
    __rt_heap_escrow$2region                 0x0800460b   Thumb Code     2  heapauxi.o(.text)
    __rt_heap_expand$2region                 0x0800460d   Thumb Code     2  heapauxi.o(.text)
    _printf_int_common                       0x0800460f   Thumb Code   178  _printf_intcommon.o(.text)
    _printf_char_common                      0x080046cb   Thumb Code    32  _printf_char_common.o(.text)
    _sputc                                   0x080046f1   Thumb Code    10  _sputc.o(.text)
    __user_setup_stackheap                   0x080046fb   Thumb Code    74  sys_stackheap_outer.o(.text)
    exit                                     0x08004745   Thumb Code    18  exit.o(.text)
    __user_libspace                          0x08004759   Thumb Code     8  libspace.o(.text)
    __user_perproc_libspace                  0x08004759   Thumb Code     0  libspace.o(.text)
    __user_perthread_libspace                0x08004759   Thumb Code     0  libspace.o(.text)
    _sys_exit                                0x08004761   Thumb Code     8  sys_exit.o(.text)
    __I$use$semihosting                      0x0800476d   Thumb Code     0  use_no_semi.o(.text)
    __use_no_semihosting_swi                 0x0800476d   Thumb Code     2  use_no_semi.o(.text)
    __semihosting_library_function           0x0800476f   Thumb Code     0  indicate_semi.o(.text)
    AddX                                     0x08004771   Thumb Code    92  process.o(i.AddX)
    AddY                                     0x080047d9   Thumb Code    70  process.o(i.AddY)
    BusFault_Handler                         0x08004829   Thumb Code     4  stm32f10x_it.o(i.BusFault_Handler)
    ChooseDir                                0x0800482d   Thumb Code    88  menu.o(i.ChooseDir)
    ChooseDir2                               0x08004885   Thumb Code    90  menu.o(i.ChooseDir2)
    ClearMenu                                0x080048e1   Thumb Code    80  menu.o(i.ClearMenu)
    DMA_Cmd                                  0x0800493d   Thumb Code    24  stm32f10x_dma.o(i.DMA_Cmd)
    DMA_GetCurrDataCounter                   0x08004955   Thumb Code     8  stm32f10x_dma.o(i.DMA_GetCurrDataCounter)
    DMA_Init                                 0x0800495d   Thumb Code    60  stm32f10x_dma.o(i.DMA_Init)
    DMA_SetCurrDataCounter                   0x08004999   Thumb Code     4  stm32f10x_dma.o(i.DMA_SetCurrDataCounter)
    DebugMon_Handler                         0x0800499d   Thumb Code     2  stm32f10x_it.o(i.DebugMon_Handler)
    FLASH_ErasePage                          0x080049a1   Thumb Code    72  stm32f10x_flash.o(i.FLASH_ErasePage)
    FLASH_GetBank1Status                     0x080049ed   Thumb Code    48  stm32f10x_flash.o(i.FLASH_GetBank1Status)
    FLASH_Lock                               0x08004a21   Thumb Code    14  stm32f10x_flash.o(i.FLASH_Lock)
    FLASH_ProgramHalfWord                    0x08004a35   Thumb Code    60  stm32f10x_flash.o(i.FLASH_ProgramHalfWord)
    FLASH_Unlock                             0x08004a75   Thumb Code    12  stm32f10x_flash.o(i.FLASH_Unlock)
    FLASH_WaitForLastOperation               0x08004a8d   Thumb Code    38  stm32f10x_flash.o(i.FLASH_WaitForLastOperation)
    GPIO_Init                                0x08004ab3   Thumb Code   278  stm32f10x_gpio.o(i.GPIO_Init)
    GPIO_PinRemapConfig                      0x08004bc9   Thumb Code   138  stm32f10x_gpio.o(i.GPIO_PinRemapConfig)
    GPIO_ReadInputDataBit                    0x08004c59   Thumb Code    18  stm32f10x_gpio.o(i.GPIO_ReadInputDataBit)
    GPIO_SetBits                             0x08004c6b   Thumb Code     4  stm32f10x_gpio.o(i.GPIO_SetBits)
    GUI_DrawFont16                           0x08004c71   Thumb Code   252  gui.o(i.GUI_DrawFont16)
    GUI_DrawFont24                           0x08004d79   Thumb Code   268  gui.o(i.GUI_DrawFont24)
    GUI_DrawFont32                           0x08004e91   Thumb Code   252  gui.o(i.GUI_DrawFont32)
    Gui_StrCenter                            0x08004f99   Thumb Code    60  gui.o(i.Gui_StrCenter)
    HardFault_Handler                        0x08004fd9   Thumb Code     4  stm32f10x_it.o(i.HardFault_Handler)
    LCD_Clear                                0x08004fdd   Thumb Code    84  lcd.o(i.LCD_Clear)
    LCD_DrawLine                             0x08005039   Thumb Code   176  gui.o(i.LCD_DrawLine)
    LCD_DrawPoint                            0x080050e9   Thumb Code    24  lcd.o(i.LCD_DrawPoint)
    LCD_DrawRectangle                        0x08005105   Thumb Code    64  gui.o(i.LCD_DrawRectangle)
    LCD_Fill                                 0x08005145   Thumb Code   110  gui.o(i.LCD_Fill)
    LCD_GPIOInit                             0x080051b9   Thumb Code    60  lcd.o(i.LCD_GPIOInit)
    LCD_Init                                 0x080051fd   Thumb Code   588  lcd.o(i.LCD_Init)
    LCD_RESET                                0x0800544d   Thumb Code    30  lcd.o(i.LCD_RESET)
    LCD_SetCursor                            0x08005471   Thumb Code    20  lcd.o(i.LCD_SetCursor)
    LCD_SetWindows                           0x08005485   Thumb Code    84  lcd.o(i.LCD_SetWindows)
    LCD_ShowChar                             0x080054dd   Thumb Code   276  gui.o(i.LCD_ShowChar)
    LCD_ShowNum                              0x08005601   Thumb Code   168  gui.o(i.LCD_ShowNum)
    LCD_ShowString                           0x080056b1   Thumb Code    94  gui.o(i.LCD_ShowString)
    LCD_WR_DATA                              0x0800571d   Thumb Code    34  lcd.o(i.LCD_WR_DATA)
    LCD_WR_REG                               0x08005749   Thumb Code    32  lcd.o(i.LCD_WR_REG)
    LCD_WriteRAM_Prepare                     0x08005771   Thumb Code    12  lcd.o(i.LCD_WriteRAM_Prepare)
    LCD_WriteReg                             0x08005781   Thumb Code    20  lcd.o(i.LCD_WriteReg)
    LCD_direction                            0x08005795   Thumb Code   128  lcd.o(i.LCD_direction)
    Lcd_WriteData_16Bit                      0x08005819   Thumb Code    42  lcd.o(i.Lcd_WriteData_16Bit)
    MemManage_Handler                        0x0800584d   Thumb Code     4  stm32f10x_it.o(i.MemManage_Handler)
    Menu                                     0x08005851   Thumb Code   302  menu.o(i.Menu)
    Menu_ShowHead                            0x080059e5   Thumb Code   304  menu.o(i.Menu_ShowHead)
    NMI_Handler                              0x08005b71   Thumb Code     2  stm32f10x_it.o(i.NMI_Handler)
    NVIC_Init                                0x08005b75   Thumb Code   100  misc.o(i.NVIC_Init)
    NVIC_PriorityGroupConfig                 0x08005be5   Thumb Code    10  misc.o(i.NVIC_PriorityGroupConfig)
    PendSV_Handler                           0x08005bf9   Thumb Code     2  stm32f10x_it.o(i.PendSV_Handler)
    RCC_AHBPeriphClockCmd                    0x08005bfd   Thumb Code    26  stm32f10x_rcc.o(i.RCC_AHBPeriphClockCmd)
    RCC_APB1PeriphClockCmd                   0x08005c1d   Thumb Code    26  stm32f10x_rcc.o(i.RCC_APB1PeriphClockCmd)
    RCC_APB2PeriphClockCmd                   0x08005c3d   Thumb Code    26  stm32f10x_rcc.o(i.RCC_APB2PeriphClockCmd)
    RCC_GetClocksFreq                        0x08005c5d   Thumb Code   192  stm32f10x_rcc.o(i.RCC_GetClocksFreq)
    SD_DisSelect                             0x08005d31   Thumb Code    16  mmc_sd.o(i.SD_DisSelect)
    SD_GetCSD                                0x08005d45   Thumb Code    42  mmc_sd.o(i.SD_GetCSD)
    SD_GetResponse                           0x08005d6f   Thumb Code    38  mmc_sd.o(i.SD_GetResponse)
    SD_GetSectorCount                        0x08005d95   Thumb Code   118  mmc_sd.o(i.SD_GetSectorCount)
    SD_Initialize                            0x08005e0d   Thumb Code   386  mmc_sd.o(i.SD_Initialize)
    SD_ReadDisk                              0x08005f95   Thumb Code   112  mmc_sd.o(i.SD_ReadDisk)
    SD_RecvData                              0x08006009   Thumb Code    56  mmc_sd.o(i.SD_RecvData)
    SD_SPI_Init                              0x08006041   Thumb Code    60  mmc_sd.o(i.SD_SPI_Init)
    SD_SPI_ReadWriteByte                     0x08006085   Thumb Code    12  mmc_sd.o(i.SD_SPI_ReadWriteByte)
    SD_SPI_SpeedHigh                         0x08006091   Thumb Code    10  mmc_sd.o(i.SD_SPI_SpeedHigh)
    SD_SPI_SpeedLow                          0x0800609b   Thumb Code    10  mmc_sd.o(i.SD_SPI_SpeedLow)
    SD_Select                                0x080060a5   Thumb Code    26  mmc_sd.o(i.SD_Select)
    SD_SendBlock                             0x080060c5   Thumb Code    82  mmc_sd.o(i.SD_SendBlock)
    SD_SendCmd                               0x08006117   Thumb Code   120  mmc_sd.o(i.SD_SendCmd)
    SD_WaitReady                             0x0800618f   Thumb Code    30  mmc_sd.o(i.SD_WaitReady)
    SD_WriteDisk                             0x080061ad   Thumb Code   146  mmc_sd.o(i.SD_WriteDisk)
    SPI1_Init                                0x08006245   Thumb Code   144  spi.o(i.SPI1_Init)
    SPI2_Init                                0x080062dd   Thumb Code   118  sd_spi.o(i.SPI2_Init)
    SPI2_ReadWriteByte                       0x08006361   Thumb Code    78  sd_spi.o(i.SPI2_ReadWriteByte)
    SPI2_SetSpeed                            0x080063b5   Thumb Code    26  sd_spi.o(i.SPI2_SetSpeed)
    SPI_Cmd                                  0x080063d9   Thumb Code    24  stm32f10x_spi.o(i.SPI_Cmd)
    SPI_I2S_GetFlagStatus                    0x080063f1   Thumb Code    18  stm32f10x_spi.o(i.SPI_I2S_GetFlagStatus)
    SPI_I2S_ReceiveData                      0x08006403   Thumb Code     6  stm32f10x_spi.o(i.SPI_I2S_ReceiveData)
    SPI_I2S_SendData                         0x08006409   Thumb Code     4  stm32f10x_spi.o(i.SPI_I2S_SendData)
    SPI_Init                                 0x0800640d   Thumb Code    60  stm32f10x_spi.o(i.SPI_Init)
    SPI_WriteByte                            0x08006449   Thumb Code    34  spi.o(i.SPI_WriteByte)
    STMFLASH_Read                            0x0800646b   Thumb Code    34  stmflash.o(i.STMFLASH_Read)
    STMFLASH_ReadHalfWord                    0x0800648d   Thumb Code     6  stmflash.o(i.STMFLASH_ReadHalfWord)
    STMFLASH_Write                           0x08006495   Thumb Code   222  stmflash.o(i.STMFLASH_Write)
    STMFLASH_Write_NoCheck                   0x0800657d   Thumb Code    38  stmflash.o(i.STMFLASH_Write_NoCheck)
    SVC_Handler                              0x080065a3   Thumb Code     2  stm32f10x_it.o(i.SVC_Handler)
    ScreenDisplay                            0x080065a5   Thumb Code   174  process.o(i.ScreenDisplay)
    SendToPC                                 0x0800668d   Thumb Code   232  process.o(i.SendToPC)
    SendToSD                                 0x080067dd   Thumb Code   506  process.o(i.SendToSD)
    Serial_Init                              0x08006acd   Thumb Code   570  serial.o(i.Serial_Init)
    Show1                                    0x08006e15   Thumb Code   206  process.o(i.Show1)
    Show2                                    0x08006ef9   Thumb Code   204  process.o(i.Show2)
    ShowCursor                               0x08006fdd   Thumb Code   942  menu.o(i.ShowCursor)
    ShowHead1                                0x0800739d   Thumb Code    64  process.o(i.ShowHead1)
    ShowHead2                                0x080073f9   Thumb Code    64  process.o(i.ShowHead2)
    Show_Str                                 0x08007455   Thumb Code   264  gui.o(i.Show_Str)
    SysTick_CLKSourceConfig                  0x08007561   Thumb Code    40  misc.o(i.SysTick_CLKSourceConfig)
    SysTick_Handler                          0x08007589   Thumb Code     2  stm32f10x_it.o(i.SysTick_Handler)
    SystemInit                               0x0800758d   Thumb Code    76  system_stm32f10x.o(i.SystemInit)
    USART1_IRQHandler                        0x080075ed   Thumb Code    56  main.o(i.USART1_IRQHandler)
    USART2_IRQHandler                        0x08007631   Thumb Code    42  main.o(i.USART2_IRQHandler)
    USART3_IRQHandler                        0x08007669   Thumb Code    64  main.o(i.USART3_IRQHandler)
    USART_ClearITPendingBit                  0x080076b5   Thumb Code    30  stm32f10x_usart.o(i.USART_ClearITPendingBit)
    USART_Cmd                                0x080076d3   Thumb Code    24  stm32f10x_usart.o(i.USART_Cmd)
    USART_DMACmd                             0x080076eb   Thumb Code    18  stm32f10x_usart.o(i.USART_DMACmd)
    USART_GetITStatus                        0x080076fd   Thumb Code    84  stm32f10x_usart.o(i.USART_GetITStatus)
    USART_ITConfig                           0x08007751   Thumb Code    74  stm32f10x_usart.o(i.USART_ITConfig)
    USART_Init                               0x0800779d   Thumb Code   210  stm32f10x_usart.o(i.USART_Init)
    UsageFault_Handler                       0x08007875   Thumb Code     4  stm32f10x_it.o(i.UsageFault_Handler)
    _is_digit                                0x08007879   Thumb Code    14  __printf_wp.o(i._is_digit)
    data_to_string                           0x08007f31   Thumb Code    72  stmflash.o(i.data_to_string)
    delay_init                               0x08007fb1   Thumb Code    52  delay.o(i.delay_init)
    delay_ms                                 0x08007fed   Thumb Code    56  delay.o(i.delay_ms)
    disk_initialize                          0x0800848d   Thumb Code    48  diskio.o(i.disk_initialize)
    disk_ioctl                               0x080084bd   Thumb Code    96  diskio.o(i.disk_ioctl)
    disk_read                                0x08008521   Thumb Code    82  diskio.o(i.disk_read)
    disk_status                              0x08008573   Thumb Code     6  diskio.o(i.disk_status)
    disk_write                               0x08008579   Thumb Code    62  diskio.o(i.disk_write)
    exf_getfree                              0x080085b7   Thumb Code    74  mf.o(i.exf_getfree)
    f_getfree                                0x08008601   Thumb Code   252  ff.o(i.f_getfree)
    f_mkfs                                   0x080086fd   Thumb Code  1650  ff.o(i.f_mkfs)
    f_mount                                  0x08008da5   Thumb Code    90  ff.o(i.f_mount)
    f_open                                   0x08008e05   Thumb Code   508  ff.o(i.f_open)
    f_sync                                   0x08009001   Thumb Code   160  ff.o(i.f_sync)
    f_write                                  0x080090a1   Thumb Code   494  ff.o(i.f_write)
    ff_oem2uni                               0x08009291   Thumb Code    38  ffunicode.o(i.ff_oem2uni)
    ff_uni2oem                               0x080092bd   Thumb Code    58  ffunicode.o(i.ff_uni2oem)
    ff_wtoupper                              0x080092fd   Thumb Code   166  ffunicode.o(i.ff_wtoupper)
    get_fattime                              0x08009679   Thumb Code     4  diskio.o(i.get_fattime)
    main                                     0x08009715   Thumb Code   112  main.o(i.main)
    menu2_baud                               0x08009799   Thumb Code   360  menu.o(i.menu2_baud)
    menu2_other                              0x0800995d   Thumb Code   610  menu.o(i.menu2_other)
    menu2_processmode                        0x08009c45   Thumb Code   202  menu.o(i.menu2_processmode)
    menu2_showmode                           0x08009d55   Thumb Code   162  menu.o(i.menu2_showmode)
    menu3_SendToPC                           0x08009e29   Thumb Code   116  menu.o(i.menu3_SendToPC)
    menu3_databit                            0x08009ec5   Thumb Code   234  menu.o(i.menu3_databit)
    menu3_paritybit                          0x08009fc9   Thumb Code   304  menu.o(i.menu3_paritybit)
    menu3_stopbit                            0x0800a121   Thumb Code   382  menu.o(i.menu3_stopbit)
    menu4_toPCBaud                           0x0800a2c1   Thumb Code   246  menu.o(i.menu4_toPCBaud)
    myKey_GetNum                             0x0800a6e9   Thumb Code   240  mykey.o(i.myKey_GetNum)
    myKey_Init                               0x0800a7dd   Thumb Code    56  mykey.o(i.myKey_Init)
    myLCD_Init                               0x0800a81d   Thumb Code    18  mylcd.o(i.myLCD_Init)
    myLCD_Power_Init                         0x0800a831   Thumb Code    32  mylcd.o(i.myLCD_Power_Init)
    myLCD_Power_On                           0x0800a855   Thumb Code    12  mylcd.o(i.myLCD_Power_On)
    myLCD_ShowChar                           0x0800a865   Thumb Code    36  mylcd.o(i.myLCD_ShowChar)
    myLCD_ShowHexNum                         0x0800a891   Thumb Code   238  mylcd.o(i.myLCD_ShowHexNum)
    myLCD_ShowString                         0x0800a989   Thumb Code    26  mylcd.o(i.myLCD_ShowString)
    my_f_write1                              0x0800a9a5   Thumb Code   130  process.o(i.my_f_write1)
    my_f_write2                              0x0800aa85   Thumb Code    86  process.o(i.my_f_write2)
    mypow                                    0x0800ab09   Thumb Code    22  gui.o(i.mypow)
    process                                  0x0800ab1f   Thumb Code    28  process.o(i.process)
    serial_Change13Baud                      0x0800ad91   Thumb Code    52  serial.o(i.serial_Change13Baud)
    serial_Change2Baud                       0x0800adcd   Thumb Code    42  serial.o(i.serial_Change2Baud)
    serial_ChangeConfig                      0x0800adfd   Thumb Code   286  serial.o(i.serial_ChangeConfig)
    string_to_data                           0x0800af79   Thumb Code   198  stmflash.o(i.string_to_data)
    uart1DmaClear                            0x0800b185   Thumb Code    30  serial.o(i.uart1DmaClear)
    uart2SendArray                           0x0800b1a9   Thumb Code    78  serial.o(i.uart2SendArray)
    uart3DmaClear                            0x0800b201   Thumb Code    30  serial.o(i.uart3DmaClear)
    user_define                              0x0800b225   Thumb Code   448  menu.o(i.user_define)
    asc2_1206                                0x0800b474   Data        1140  gui.o(.constdata)
    asc2_1608                                0x0800b8e8   Data        1520  gui.o(.constdata)
    tfont16                                  0x0800bed8   Data        1904  gui.o(.constdata)
    tfont24                                  0x0800c648   Data         518  gui.o(.constdata)
    tfont32                                  0x0800c84e   Data         520  gui.o(.constdata)
    X                                        0x0800ca56   Data          60  mylcd.o(.constdata)
    Y                                        0x0800ca92   Data          40  mylcd.o(.constdata)
    Baud                                     0x0800cabc   Data          16  menu.o(.constdata)
    Region$$Table$$Base                      0x0800cf48   Number         0  anon$$obj.o(Region$$Table)
    Region$$Table$$Limit                     0x0800cf68   Number         0  anon$$obj.o(Region$$Table)
    POINT_COLOR                              0x20000018   Data           2  lcd.o(.data)
    BACK_COLOR                               0x2000001a   Data           2  lcd.o(.data)
    DeviceCode                               0x2000001c   Data           2  lcd.o(.data)
    ShowMode                                 0x2000001e   Data          10  menu.o(.data)
    ProcessMode                              0x20000028   Data          60  menu.o(.data)
    x                                        0x20000064   Data           1  process.o(.data)
    y                                        0x20000065   Data           1  process.o(.data)
    first_flag                               0x20000066   Data           1  process.o(.data)
    write_num                                0x20000068   Data           4  process.o(.data)
    SD_Type                                  0x2000006d   Data           1  mmc_sd.o(.data)
    fs_bw                                    0x20000070   Data           4  mf.o(.data)
    fs_br                                    0x20000074   Data           4  mf.o(.data)
    lcddev                                   0x20000080   Data          14  lcd.o(.bss)
    print_buf                                0x20000090   Data         512  serial.o(.bss)
    serial                                   0x20000290   Data        6180  serial.o(.bss)
    SPI_InitStructure                        0x20001ab4   Data          18  sd_spi.o(.bss)
    Flash_Buffer                             0x20001ac6   Data          22  stmflash.o(.bss)
    STMFLASH_BUF                             0x20001adc   Data        2048  stmflash.o(.bss)
    fs_FatFs                                 0x200022dc   Data         564  mf.o(.bss)
    fs_file                                  0x20002510   Data         556  mf.o(.bss)
    fs_work                                  0x2000273c   Data         512  mf.o(.bss)
    fs_buffer                                0x2000293c   Data        2048  mf.o(.bss)
    __libspace_start                         0x2000313c   Data          96  libspace.o(.bss)
    __temporary_stack_top$libspace           0x2000319c   Data           0  libspace.o(.bss)



==============================================================================

Memory Map of the image

  Image Entry point : 0x080040ed

  Load Region LR_IROM1 (Base: 0x08004000, Size: 0x00008fe8, Max: 0x0000c000, ABSOLUTE)

    Execution Region ER_IROM1 (Exec base: 0x08004000, Load base: 0x08004000, Size: 0x00008f68, Max: 0x0000c000, ABSOLUTE)

    Exec Addr    Load Addr    Size         Type   Attr      Idx    E Section Name        Object

    0x08004000   0x08004000   0x000000ec   Data   RO            3    RESET               startup_stm32f10x_md.o
    0x080040ec   0x080040ec   0x00000008   Code   RO         4956  * !!!main             c_w.l(__main.o)
    0x080040f4   0x080040f4   0x00000034   Code   RO         5169    !!!scatter          c_w.l(__scatter.o)
    0x08004128   0x08004128   0x0000001a   Code   RO         5171    !!handler_copy      c_w.l(__scatter_copy.o)
    0x08004142   0x08004142   0x00000002   PAD
    0x08004144   0x08004144   0x0000001c   Code   RO         5173    !!handler_zi        c_w.l(__scatter_zi.o)
    0x08004160   0x08004160   0x00000000   Code   RO         4935    .ARM.Collect$$_printf_percent$$00000000  c_w.l(_printf_percent.o)
    0x08004160   0x08004160   0x00000006   Code   RO         4934    .ARM.Collect$$_printf_percent$$00000009  c_w.l(_printf_d.o)
    0x08004166   0x08004166   0x00000004   Code   RO         4999    .ARM.Collect$$_printf_percent$$00000017  c_w.l(_printf_percent_end.o)
    0x0800416a   0x0800416a   0x00000002   Code   RO         5039    .ARM.Collect$$libinit$$00000000  c_w.l(libinit.o)
    0x0800416c   0x0800416c   0x00000000   Code   RO         5052    .ARM.Collect$$libinit$$00000002  c_w.l(libinit2.o)
    0x0800416c   0x0800416c   0x00000000   Code   RO         5054    .ARM.Collect$$libinit$$00000004  c_w.l(libinit2.o)
    0x0800416c   0x0800416c   0x00000000   Code   RO         5057    .ARM.Collect$$libinit$$0000000A  c_w.l(libinit2.o)
    0x0800416c   0x0800416c   0x00000000   Code   RO         5059    .ARM.Collect$$libinit$$0000000C  c_w.l(libinit2.o)
    0x0800416c   0x0800416c   0x00000000   Code   RO         5061    .ARM.Collect$$libinit$$0000000E  c_w.l(libinit2.o)
    0x0800416c   0x0800416c   0x00000000   Code   RO         5064    .ARM.Collect$$libinit$$00000011  c_w.l(libinit2.o)
    0x0800416c   0x0800416c   0x00000000   Code   RO         5066    .ARM.Collect$$libinit$$00000013  c_w.l(libinit2.o)
    0x0800416c   0x0800416c   0x00000000   Code   RO         5068    .ARM.Collect$$libinit$$00000015  c_w.l(libinit2.o)
    0x0800416c   0x0800416c   0x00000000   Code   RO         5070    .ARM.Collect$$libinit$$00000017  c_w.l(libinit2.o)
    0x0800416c   0x0800416c   0x00000000   Code   RO         5072    .ARM.Collect$$libinit$$00000019  c_w.l(libinit2.o)
    0x0800416c   0x0800416c   0x00000000   Code   RO         5074    .ARM.Collect$$libinit$$0000001B  c_w.l(libinit2.o)
    0x0800416c   0x0800416c   0x00000000   Code   RO         5076    .ARM.Collect$$libinit$$0000001D  c_w.l(libinit2.o)
    0x0800416c   0x0800416c   0x00000000   Code   RO         5078    .ARM.Collect$$libinit$$0000001F  c_w.l(libinit2.o)
    0x0800416c   0x0800416c   0x00000000   Code   RO         5080    .ARM.Collect$$libinit$$00000021  c_w.l(libinit2.o)
    0x0800416c   0x0800416c   0x00000000   Code   RO         5082    .ARM.Collect$$libinit$$00000023  c_w.l(libinit2.o)
    0x0800416c   0x0800416c   0x00000000   Code   RO         5084    .ARM.Collect$$libinit$$00000025  c_w.l(libinit2.o)
    0x0800416c   0x0800416c   0x00000000   Code   RO         5088    .ARM.Collect$$libinit$$0000002C  c_w.l(libinit2.o)
    0x0800416c   0x0800416c   0x00000000   Code   RO         5090    .ARM.Collect$$libinit$$0000002E  c_w.l(libinit2.o)
    0x0800416c   0x0800416c   0x00000000   Code   RO         5092    .ARM.Collect$$libinit$$00000030  c_w.l(libinit2.o)
    0x0800416c   0x0800416c   0x00000000   Code   RO         5094    .ARM.Collect$$libinit$$00000032  c_w.l(libinit2.o)
    0x0800416c   0x0800416c   0x00000002   Code   RO         5095    .ARM.Collect$$libinit$$00000033  c_w.l(libinit2.o)
    0x0800416e   0x0800416e   0x00000002   Code   RO         5126    .ARM.Collect$$libshutdown$$00000000  c_w.l(libshutdown.o)
    0x08004170   0x08004170   0x00000000   Code   RO         5152    .ARM.Collect$$libshutdown$$00000002  c_w.l(libshutdown2.o)
    0x08004170   0x08004170   0x00000000   Code   RO         5154    .ARM.Collect$$libshutdown$$00000004  c_w.l(libshutdown2.o)
    0x08004170   0x08004170   0x00000000   Code   RO         5157    .ARM.Collect$$libshutdown$$00000007  c_w.l(libshutdown2.o)
    0x08004170   0x08004170   0x00000000   Code   RO         5160    .ARM.Collect$$libshutdown$$0000000A  c_w.l(libshutdown2.o)
    0x08004170   0x08004170   0x00000000   Code   RO         5162    .ARM.Collect$$libshutdown$$0000000C  c_w.l(libshutdown2.o)
    0x08004170   0x08004170   0x00000000   Code   RO         5165    .ARM.Collect$$libshutdown$$0000000F  c_w.l(libshutdown2.o)
    0x08004170   0x08004170   0x00000002   Code   RO         5166    .ARM.Collect$$libshutdown$$00000010  c_w.l(libshutdown2.o)
    0x08004172   0x08004172   0x00000000   Code   RO         4986    .ARM.Collect$$rtentry$$00000000  c_w.l(__rtentry.o)
    0x08004172   0x08004172   0x00000000   Code   RO         5008    .ARM.Collect$$rtentry$$00000002  c_w.l(__rtentry2.o)
    0x08004172   0x08004172   0x00000006   Code   RO         5020    .ARM.Collect$$rtentry$$00000004  c_w.l(__rtentry4.o)
    0x08004178   0x08004178   0x00000000   Code   RO         5010    .ARM.Collect$$rtentry$$00000009  c_w.l(__rtentry2.o)
    0x08004178   0x08004178   0x00000004   Code   RO         5011    .ARM.Collect$$rtentry$$0000000A  c_w.l(__rtentry2.o)
    0x0800417c   0x0800417c   0x00000000   Code   RO         5013    .ARM.Collect$$rtentry$$0000000C  c_w.l(__rtentry2.o)
    0x0800417c   0x0800417c   0x00000008   Code   RO         5014    .ARM.Collect$$rtentry$$0000000D  c_w.l(__rtentry2.o)
    0x08004184   0x08004184   0x00000002   Code   RO         5043    .ARM.Collect$$rtexit$$00000000  c_w.l(rtexit.o)
    0x08004186   0x08004186   0x00000000   Code   RO         5099    .ARM.Collect$$rtexit$$00000002  c_w.l(rtexit2.o)
    0x08004186   0x08004186   0x00000004   Code   RO         5100    .ARM.Collect$$rtexit$$00000003  c_w.l(rtexit2.o)
    0x0800418a   0x0800418a   0x00000006   Code   RO         5101    .ARM.Collect$$rtexit$$00000004  c_w.l(rtexit2.o)
    0x08004190   0x08004190   0x00000040   Code   RO            4    .text               startup_stm32f10x_md.o
    0x080041d0   0x080041d0   0x00000028   Code   RO         4903    .text               c_w.l(noretval__2sprintf.o)
    0x080041f8   0x080041f8   0x0000004e   Code   RO         4907    .text               c_w.l(_printf_pad.o)
    0x08004246   0x08004246   0x00000002   PAD
    0x08004248   0x08004248   0x00000078   Code   RO         4911    .text               c_w.l(_printf_dec.o)
    0x080042c0   0x080042c0   0x0000010e   Code   RO         4921    .text               c_w.l(__printf_wp.o)
    0x080043ce   0x080043ce   0x00000014   Code   RO         4936    .text               c_w.l(strchr.o)
    0x080043e2   0x080043e2   0x00000058   Code   RO         4938    .text               c_w.l(memcmp.o)
    0x0800443a   0x0800443a   0x0000003e   Code   RO         4942    .text               c_w.l(strlen.o)
    0x08004478   0x08004478   0x0000008a   Code   RO         4944    .text               c_w.l(rt_memcpy_v6.o)
    0x08004502   0x08004502   0x00000064   Code   RO         4946    .text               c_w.l(rt_memcpy_w.o)
    0x08004566   0x08004566   0x00000010   Code   RO         4948    .text               c_w.l(aeabi_memset.o)
    0x08004576   0x08004576   0x00000044   Code   RO         4950    .text               c_w.l(rt_memclr.o)
    0x080045ba   0x080045ba   0x0000004e   Code   RO         4952    .text               c_w.l(rt_memclr_w.o)
    0x08004608   0x08004608   0x00000006   Code   RO         4954    .text               c_w.l(heapauxi.o)
    0x0800460e   0x0800460e   0x000000b2   Code   RO         4991    .text               c_w.l(_printf_intcommon.o)
    0x080046c0   0x080046c0   0x00000030   Code   RO         4993    .text               c_w.l(_printf_char_common.o)
    0x080046f0   0x080046f0   0x0000000a   Code   RO         4995    .text               c_w.l(_sputc.o)
    0x080046fa   0x080046fa   0x0000004a   Code   RO         5026    .text               c_w.l(sys_stackheap_outer.o)
    0x08004744   0x08004744   0x00000012   Code   RO         5028    .text               c_w.l(exit.o)
    0x08004756   0x08004756   0x00000002   PAD
    0x08004758   0x08004758   0x00000008   Code   RO         5040    .text               c_w.l(libspace.o)
    0x08004760   0x08004760   0x0000000c   Code   RO         5096    .text               c_w.l(sys_exit.o)
    0x0800476c   0x0800476c   0x00000002   Code   RO         5115    .text               c_w.l(use_no_semi.o)
    0x0800476e   0x0800476e   0x00000000   Code   RO         5117    .text               c_w.l(indicate_semi.o)
    0x0800476e   0x0800476e   0x00000002   PAD
    0x08004770   0x08004770   0x00000068   Code   RO         3855    i.AddX              process.o
    0x080047d8   0x080047d8   0x00000050   Code   RO         3856    i.AddY              process.o
    0x08004828   0x08004828   0x00000004   Code   RO         4299    i.BusFault_Handler  stm32f10x_it.o
    0x0800482c   0x0800482c   0x00000058   Code   RO         3709    i.ChooseDir         menu.o
    0x08004884   0x08004884   0x0000005a   Code   RO         3710    i.ChooseDir2        menu.o
    0x080048de   0x080048de   0x00000002   PAD
    0x080048e0   0x080048e0   0x0000005c   Code   RO         3711    i.ClearMenu         menu.o
    0x0800493c   0x0800493c   0x00000018   Code   RO          911    i.DMA_Cmd           stm32f10x_dma.o
    0x08004954   0x08004954   0x00000008   Code   RO          913    i.DMA_GetCurrDataCounter  stm32f10x_dma.o
    0x0800495c   0x0800495c   0x0000003c   Code   RO          917    i.DMA_Init          stm32f10x_dma.o
    0x08004998   0x08004998   0x00000004   Code   RO          918    i.DMA_SetCurrDataCounter  stm32f10x_dma.o
    0x0800499c   0x0800499c   0x00000002   Code   RO         4300    i.DebugMon_Handler  stm32f10x_it.o
    0x0800499e   0x0800499e   0x00000002   PAD
    0x080049a0   0x080049a0   0x0000004c   Code   RO         1046    i.FLASH_ErasePage   stm32f10x_flash.o
    0x080049ec   0x080049ec   0x00000034   Code   RO         1047    i.FLASH_GetBank1Status  stm32f10x_flash.o
    0x08004a20   0x08004a20   0x00000014   Code   RO         1056    i.FLASH_Lock        stm32f10x_flash.o
    0x08004a34   0x08004a34   0x00000040   Code   RO         1059    i.FLASH_ProgramHalfWord  stm32f10x_flash.o
    0x08004a74   0x08004a74   0x00000018   Code   RO         1064    i.FLASH_Unlock      stm32f10x_flash.o
    0x08004a8c   0x08004a8c   0x00000026   Code   RO         1068    i.FLASH_WaitForLastOperation  stm32f10x_flash.o
    0x08004ab2   0x08004ab2   0x00000116   Code   RO         1347    i.GPIO_Init         stm32f10x_gpio.o
    0x08004bc8   0x08004bc8   0x00000090   Code   RO         1349    i.GPIO_PinRemapConfig  stm32f10x_gpio.o
    0x08004c58   0x08004c58   0x00000012   Code   RO         1351    i.GPIO_ReadInputDataBit  stm32f10x_gpio.o
    0x08004c6a   0x08004c6a   0x00000004   Code   RO         1355    i.GPIO_SetBits      stm32f10x_gpio.o
    0x08004c6e   0x08004c6e   0x00000002   PAD
    0x08004c70   0x08004c70   0x00000108   Code   RO         3227    i.GUI_DrawFont16    gui.o
    0x08004d78   0x08004d78   0x00000118   Code   RO         3228    i.GUI_DrawFont24    gui.o
    0x08004e90   0x08004e90   0x00000108   Code   RO         3229    i.GUI_DrawFont32    gui.o
    0x08004f98   0x08004f98   0x00000040   Code   RO         3232    i.Gui_StrCenter     gui.o
    0x08004fd8   0x08004fd8   0x00000004   Code   RO         4301    i.HardFault_Handler  stm32f10x_it.o
    0x08004fdc   0x08004fdc   0x0000005c   Code   RO         3372    i.LCD_Clear         lcd.o
    0x08005038   0x08005038   0x000000b0   Code   RO         3234    i.LCD_DrawLine      gui.o
    0x080050e8   0x080050e8   0x0000001c   Code   RO         3373    i.LCD_DrawPoint     lcd.o
    0x08005104   0x08005104   0x00000040   Code   RO         3235    i.LCD_DrawRectangle  gui.o
    0x08005144   0x08005144   0x00000074   Code   RO         3236    i.LCD_Fill          gui.o
    0x080051b8   0x080051b8   0x00000044   Code   RO         3374    i.LCD_GPIOInit      lcd.o
    0x080051fc   0x080051fc   0x00000250   Code   RO         3375    i.LCD_Init          lcd.o
    0x0800544c   0x0800544c   0x00000024   Code   RO         3376    i.LCD_RESET         lcd.o
    0x08005470   0x08005470   0x00000014   Code   RO         3377    i.LCD_SetCursor     lcd.o
    0x08005484   0x08005484   0x00000058   Code   RO         3378    i.LCD_SetWindows    lcd.o
    0x080054dc   0x080054dc   0x00000124   Code   RO         3237    i.LCD_ShowChar      gui.o
    0x08005600   0x08005600   0x000000b0   Code   RO         3238    i.LCD_ShowNum       gui.o
    0x080056b0   0x080056b0   0x0000006c   Code   RO         3239    i.LCD_ShowString    gui.o
    0x0800571c   0x0800571c   0x0000002c   Code   RO         3379    i.LCD_WR_DATA       lcd.o
    0x08005748   0x08005748   0x00000028   Code   RO         3380    i.LCD_WR_REG        lcd.o
    0x08005770   0x08005770   0x00000010   Code   RO         3381    i.LCD_WriteRAM_Prepare  lcd.o
    0x08005780   0x08005780   0x00000014   Code   RO         3382    i.LCD_WriteReg      lcd.o
    0x08005794   0x08005794   0x00000084   Code   RO         3383    i.LCD_direction     lcd.o
    0x08005818   0x08005818   0x00000034   Code   RO         3384    i.Lcd_WriteData_16Bit  lcd.o
    0x0800584c   0x0800584c   0x00000004   Code   RO         4302    i.MemManage_Handler  stm32f10x_it.o
    0x08005850   0x08005850   0x00000194   Code   RO         3712    i.Menu              menu.o
    0x080059e4   0x080059e4   0x0000018c   Code   RO         3713    i.Menu_ShowHead     menu.o
    0x08005b70   0x08005b70   0x00000002   Code   RO         4303    i.NMI_Handler       stm32f10x_it.o
    0x08005b72   0x08005b72   0x00000002   PAD
    0x08005b74   0x08005b74   0x00000070   Code   RO          137    i.NVIC_Init         misc.o
    0x08005be4   0x08005be4   0x00000014   Code   RO          138    i.NVIC_PriorityGroupConfig  misc.o
    0x08005bf8   0x08005bf8   0x00000002   Code   RO         4304    i.PendSV_Handler    stm32f10x_it.o
    0x08005bfa   0x08005bfa   0x00000002   PAD
    0x08005bfc   0x08005bfc   0x00000020   Code   RO         1774    i.RCC_AHBPeriphClockCmd  stm32f10x_rcc.o
    0x08005c1c   0x08005c1c   0x00000020   Code   RO         1775    i.RCC_APB1PeriphClockCmd  stm32f10x_rcc.o
    0x08005c3c   0x08005c3c   0x00000020   Code   RO         1777    i.RCC_APB2PeriphClockCmd  stm32f10x_rcc.o
    0x08005c5c   0x08005c5c   0x000000d4   Code   RO         1785    i.RCC_GetClocksFreq  stm32f10x_rcc.o
    0x08005d30   0x08005d30   0x00000014   Code   RO         4027    i.SD_DisSelect      mmc_sd.o
    0x08005d44   0x08005d44   0x0000002a   Code   RO         4029    i.SD_GetCSD         mmc_sd.o
    0x08005d6e   0x08005d6e   0x00000026   Code   RO         4030    i.SD_GetResponse    mmc_sd.o
    0x08005d94   0x08005d94   0x00000076   Code   RO         4031    i.SD_GetSectorCount  mmc_sd.o
    0x08005e0a   0x08005e0a   0x00000002   PAD
    0x08005e0c   0x08005e0c   0x00000188   Code   RO         4032    i.SD_Initialize     mmc_sd.o
    0x08005f94   0x08005f94   0x00000074   Code   RO         4033    i.SD_ReadDisk       mmc_sd.o
    0x08006008   0x08006008   0x00000038   Code   RO         4034    i.SD_RecvData       mmc_sd.o
    0x08006040   0x08006040   0x00000044   Code   RO         4035    i.SD_SPI_Init       mmc_sd.o
    0x08006084   0x08006084   0x0000000c   Code   RO         4036    i.SD_SPI_ReadWriteByte  mmc_sd.o
    0x08006090   0x08006090   0x0000000a   Code   RO         4037    i.SD_SPI_SpeedHigh  mmc_sd.o
    0x0800609a   0x0800609a   0x0000000a   Code   RO         4038    i.SD_SPI_SpeedLow   mmc_sd.o
    0x080060a4   0x080060a4   0x00000020   Code   RO         4039    i.SD_Select         mmc_sd.o
    0x080060c4   0x080060c4   0x00000052   Code   RO         4040    i.SD_SendBlock      mmc_sd.o
    0x08006116   0x08006116   0x00000078   Code   RO         4041    i.SD_SendCmd        mmc_sd.o
    0x0800618e   0x0800618e   0x0000001e   Code   RO         4042    i.SD_WaitReady      mmc_sd.o
    0x080061ac   0x080061ac   0x00000098   Code   RO         4043    i.SD_WriteDisk      mmc_sd.o
    0x08006244   0x08006244   0x00000098   Code   RO         3607    i.SPI1_Init         spi.o
    0x080062dc   0x080062dc   0x00000084   Code   RO         4148    i.SPI2_Init         sd_spi.o
    0x08006360   0x08006360   0x00000054   Code   RO         4149    i.SPI2_ReadWriteByte  sd_spi.o
    0x080063b4   0x080063b4   0x00000024   Code   RO         4150    i.SPI2_SetSpeed     sd_spi.o
    0x080063d8   0x080063d8   0x00000018   Code   RO         2263    i.SPI_Cmd           stm32f10x_spi.o
    0x080063f0   0x080063f0   0x00000012   Code   RO         2271    i.SPI_I2S_GetFlagStatus  stm32f10x_spi.o
    0x08006402   0x08006402   0x00000006   Code   RO         2274    i.SPI_I2S_ReceiveData  stm32f10x_spi.o
    0x08006408   0x08006408   0x00000004   Code   RO         2275    i.SPI_I2S_SendData  stm32f10x_spi.o
    0x0800640c   0x0800640c   0x0000003c   Code   RO         2276    i.SPI_Init          stm32f10x_spi.o
    0x08006448   0x08006448   0x00000022   Code   RO         3609    i.SPI_WriteByte     spi.o
    0x0800646a   0x0800646a   0x00000022   Code   RO         4175    i.STMFLASH_Read     stmflash.o
    0x0800648c   0x0800648c   0x00000006   Code   RO         4176    i.STMFLASH_ReadHalfWord  stmflash.o
    0x08006492   0x08006492   0x00000002   PAD
    0x08006494   0x08006494   0x000000e8   Code   RO         4177    i.STMFLASH_Write    stmflash.o
    0x0800657c   0x0800657c   0x00000026   Code   RO         4178    i.STMFLASH_Write_NoCheck  stmflash.o
    0x080065a2   0x080065a2   0x00000002   Code   RO         4305    i.SVC_Handler       stm32f10x_it.o
    0x080065a4   0x080065a4   0x000000e8   Code   RO         3857    i.ScreenDisplay     process.o
    0x0800668c   0x0800668c   0x00000150   Code   RO         3858    i.SendToPC          process.o
    0x080067dc   0x080067dc   0x000002f0   Code   RO         3859    i.SendToSD          process.o
    0x08006acc   0x08006acc   0x00000260   Code   RO         3967    i.Serial_Init       serial.o
    0x08006d2c   0x08006d2c   0x00000008   Code   RO           24    i.SetSysClock       system_stm32f10x.o
    0x08006d34   0x08006d34   0x000000e0   Code   RO           25    i.SetSysClockTo72   system_stm32f10x.o
    0x08006e14   0x08006e14   0x000000e4   Code   RO         3860    i.Show1             process.o
    0x08006ef8   0x08006ef8   0x000000e4   Code   RO         3861    i.Show2             process.o
    0x08006fdc   0x08006fdc   0x000003c0   Code   RO         3714    i.ShowCursor        menu.o
    0x0800739c   0x0800739c   0x0000005c   Code   RO         3862    i.ShowHead1         process.o
    0x080073f8   0x080073f8   0x0000005c   Code   RO         3863    i.ShowHead2         process.o
    0x08007454   0x08007454   0x0000010c   Code   RO         3240    i.Show_Str          gui.o
    0x08007560   0x08007560   0x00000028   Code   RO          141    i.SysTick_CLKSourceConfig  misc.o
    0x08007588   0x08007588   0x00000002   Code   RO         4306    i.SysTick_Handler   stm32f10x_it.o
    0x0800758a   0x0800758a   0x00000002   PAD
    0x0800758c   0x0800758c   0x00000060   Code   RO           27    i.SystemInit        system_stm32f10x.o
    0x080075ec   0x080075ec   0x00000044   Code   RO         4229    i.USART1_IRQHandler  main.o
    0x08007630   0x08007630   0x00000038   Code   RO         4230    i.USART2_IRQHandler  main.o
    0x08007668   0x08007668   0x0000004c   Code   RO         4231    i.USART3_IRQHandler  main.o
    0x080076b4   0x080076b4   0x0000001e   Code   RO         2957    i.USART_ClearITPendingBit  stm32f10x_usart.o
    0x080076d2   0x080076d2   0x00000018   Code   RO         2960    i.USART_Cmd         stm32f10x_usart.o
    0x080076ea   0x080076ea   0x00000012   Code   RO         2961    i.USART_DMACmd      stm32f10x_usart.o
    0x080076fc   0x080076fc   0x00000054   Code   RO         2964    i.USART_GetITStatus  stm32f10x_usart.o
    0x08007750   0x08007750   0x0000004a   Code   RO         2966    i.USART_ITConfig    stm32f10x_usart.o
    0x0800779a   0x0800779a   0x00000002   PAD
    0x0800779c   0x0800779c   0x000000d8   Code   RO         2967    i.USART_Init        stm32f10x_usart.o
    0x08007874   0x08007874   0x00000004   Code   RO         4307    i.UsageFault_Handler  stm32f10x_it.o
    0x08007878   0x08007878   0x0000000e   Code   RO         4923    i._is_digit         c_w.l(__printf_wp.o)
    0x08007886   0x08007886   0x00000002   PAD
    0x08007888   0x08007888   0x000000e0   Code   RO         4508    i.check_fs          ff.o
    0x08007968   0x08007968   0x00000032   Code   RO         4509    i.clmt_clust        ff.o
    0x0800799a   0x0800799a   0x0000001a   Code   RO         4510    i.clst2sect         ff.o
    0x080079b4   0x080079b4   0x00000098   Code   RO         4511    i.cmp_lfn           ff.o
    0x08007a4c   0x08007a4c   0x00000120   Code   RO         4512    i.create_chain      ff.o
    0x08007b6c   0x08007b6c   0x00000268   Code   RO         4513    i.create_name       ff.o
    0x08007dd4   0x08007dd4   0x0000015a   Code   RO         4514    i.create_partition  ff.o
    0x08007f2e   0x08007f2e   0x00000002   PAD
    0x08007f30   0x08007f30   0x00000068   Code   RO         4180    i.data_to_string    stmflash.o
    0x08007f98   0x08007f98   0x0000000c   Code   RO         4515    i.dbc_1st           ff.o
    0x08007fa4   0x08007fa4   0x0000000c   Code   RO         4516    i.dbc_2nd           ff.o
    0x08007fb0   0x08007fb0   0x0000003c   Code   RO         3196    i.delay_init        delay.o
    0x08007fec   0x08007fec   0x0000003c   Code   RO         3197    i.delay_ms          delay.o
    0x08008028   0x08008028   0x00000060   Code   RO         4517    i.dir_alloc         ff.o
    0x08008088   0x08008088   0x0000005e   Code   RO         4518    i.dir_clear         ff.o
    0x080080e6   0x080080e6   0x000000fc   Code   RO         4519    i.dir_find          ff.o
    0x080081e2   0x080081e2   0x000000ca   Code   RO         4520    i.dir_next          ff.o
    0x080082ac   0x080082ac   0x00000146   Code   RO         4522    i.dir_register      ff.o
    0x080083f2   0x080083f2   0x0000009a   Code   RO         4524    i.dir_sdi           ff.o
    0x0800848c   0x0800848c   0x00000030   Code   RO         4362    i.disk_initialize   diskio.o
    0x080084bc   0x080084bc   0x00000064   Code   RO         4363    i.disk_ioctl        diskio.o
    0x08008520   0x08008520   0x00000052   Code   RO         4364    i.disk_read         diskio.o
    0x08008572   0x08008572   0x00000006   Code   RO         4365    i.disk_status       diskio.o
    0x08008578   0x08008578   0x0000003e   Code   RO         4366    i.disk_write        diskio.o
    0x080085b6   0x080085b6   0x0000004a   Code   RO         4446    i.exf_getfree       mf.o
    0x08008600   0x08008600   0x000000fc   Code   RO         4527    i.f_getfree         ff.o
    0x080086fc   0x080086fc   0x000006a8   Code   RO         4532    i.f_mkfs            ff.o
    0x08008da4   0x08008da4   0x00000060   Code   RO         4533    i.f_mount           ff.o
    0x08008e04   0x08008e04   0x000001fc   Code   RO         4534    i.f_open            ff.o
    0x08009000   0x08009000   0x000000a0   Code   RO         4544    i.f_sync            ff.o
    0x080090a0   0x080090a0   0x000001ee   Code   RO         4547    i.f_write           ff.o
    0x0800928e   0x0800928e   0x00000002   PAD
    0x08009290   0x08009290   0x0000002c   Code   RO         4419    i.ff_oem2uni        ffunicode.o
    0x080092bc   0x080092bc   0x00000040   Code   RO         4420    i.ff_uni2oem        ffunicode.o
    0x080092fc   0x080092fc   0x000000b0   Code   RO         4421    i.ff_wtoupper       ffunicode.o
    0x080093ac   0x080093ac   0x00000078   Code   RO         4548    i.find_volume       ff.o
    0x08009424   0x08009424   0x0000009e   Code   RO         4549    i.follow_path       ff.o
    0x080094c2   0x080094c2   0x00000002   PAD
    0x080094c4   0x080094c4   0x000000d4   Code   RO         4551    i.gen_numname       ff.o
    0x08009598   0x08009598   0x000000e0   Code   RO         4552    i.get_fat           ff.o
    0x08009678   0x08009678   0x00000004   Code   RO         4367    i.get_fattime       diskio.o
    0x0800967c   0x0800967c   0x0000004e   Code   RO         4554    i.get_ldnumber      ff.o
    0x080096ca   0x080096ca   0x00000026   Code   RO         4557    i.ld_clust          ff.o
    0x080096f0   0x080096f0   0x00000018   Code   RO         4558    i.ld_dword          ff.o
    0x08009708   0x08009708   0x0000000c   Code   RO         4559    i.ld_word           ff.o
    0x08009714   0x08009714   0x00000084   Code   RO         4232    i.main              main.o
    0x08009798   0x08009798   0x000001c4   Code   RO         3715    i.menu2_baud        menu.o
    0x0800995c   0x0800995c   0x000002e8   Code   RO         3716    i.menu2_other       menu.o
    0x08009c44   0x08009c44   0x00000110   Code   RO         3717    i.menu2_processmode  menu.o
    0x08009d54   0x08009d54   0x000000d4   Code   RO         3718    i.menu2_showmode    menu.o
    0x08009e28   0x08009e28   0x0000009c   Code   RO         3719    i.menu3_SendToPC    menu.o
    0x08009ec4   0x08009ec4   0x00000104   Code   RO         3720    i.menu3_databit     menu.o
    0x08009fc8   0x08009fc8   0x00000158   Code   RO         3721    i.menu3_paritybit   menu.o
    0x0800a120   0x0800a120   0x000001a0   Code   RO         3722    i.menu3_stopbit     menu.o
    0x0800a2c0   0x0800a2c0   0x00000150   Code   RO         3723    i.menu4_toPCBaud    menu.o
    0x0800a410   0x0800a410   0x000002a4   Code   RO         4560    i.mount_volume      ff.o
    0x0800a6b4   0x0800a6b4   0x00000034   Code   RO         4561    i.move_window       ff.o
    0x0800a6e8   0x0800a6e8   0x000000f4   Code   RO         3837    i.myKey_GetNum      mykey.o
    0x0800a7dc   0x0800a7dc   0x00000040   Code   RO         3838    i.myKey_Init        mykey.o
    0x0800a81c   0x0800a81c   0x00000012   Code   RO         3631    i.myLCD_Init        mylcd.o
    0x0800a82e   0x0800a82e   0x00000002   PAD
    0x0800a830   0x0800a830   0x00000024   Code   RO         3632    i.myLCD_Power_Init  mylcd.o
    0x0800a854   0x0800a854   0x00000010   Code   RO         3634    i.myLCD_Power_On    mylcd.o
    0x0800a864   0x0800a864   0x0000002c   Code   RO         3635    i.myLCD_ShowChar    mylcd.o
    0x0800a890   0x0800a890   0x000000f8   Code   RO         3636    i.myLCD_ShowHexNum  mylcd.o
    0x0800a988   0x0800a988   0x0000001a   Code   RO         3637    i.myLCD_ShowString  mylcd.o
    0x0800a9a2   0x0800a9a2   0x00000002   PAD
    0x0800a9a4   0x0800a9a4   0x000000e0   Code   RO         3864    i.my_f_write1       process.o
    0x0800aa84   0x0800aa84   0x00000084   Code   RO         3865    i.my_f_write2       process.o
    0x0800ab08   0x0800ab08   0x00000016   Code   RO         3244    i.mypow             gui.o
    0x0800ab1e   0x0800ab1e   0x0000001c   Code   RO         3866    i.process           process.o
    0x0800ab3a   0x0800ab3a   0x00000138   Code   RO         4563    i.put_fat           ff.o
    0x0800ac72   0x0800ac72   0x00000002   PAD
    0x0800ac74   0x0800ac74   0x00000080   Code   RO         4564    i.put_lfn           ff.o
    0x0800acf4   0x0800acf4   0x0000009a   Code   RO         4569    i.remove_chain      ff.o
    0x0800ad8e   0x0800ad8e   0x00000002   PAD
    0x0800ad90   0x0800ad90   0x0000003c   Code   RO         3969    i.serial_Change13Baud  serial.o
    0x0800adcc   0x0800adcc   0x00000030   Code   RO         3970    i.serial_Change2Baud  serial.o
    0x0800adfc   0x0800adfc   0x00000134   Code   RO         3971    i.serial_ChangeConfig  serial.o
    0x0800af30   0x0800af30   0x00000024   Code   RO         4570    i.st_clust          ff.o
    0x0800af54   0x0800af54   0x00000018   Code   RO         4571    i.st_dword          ff.o
    0x0800af6c   0x0800af6c   0x0000000c   Code   RO         4572    i.st_word           ff.o
    0x0800af78   0x0800af78   0x000000c6   Code   RO         4181    i.string_to_data    stmflash.o
    0x0800b03e   0x0800b03e   0x00000020   Code   RO         4573    i.sum_sfn           ff.o
    0x0800b05e   0x0800b05e   0x00000002   PAD
    0x0800b060   0x0800b060   0x0000008c   Code   RO         4574    i.sync_fs           ff.o
    0x0800b0ec   0x0800b0ec   0x0000004a   Code   RO         4575    i.sync_window       ff.o
    0x0800b136   0x0800b136   0x0000004c   Code   RO         4576    i.tchar2uni         ff.o
    0x0800b182   0x0800b182   0x00000002   PAD
    0x0800b184   0x0800b184   0x00000024   Code   RO         3972    i.uart1DmaClear     serial.o
    0x0800b1a8   0x0800b1a8   0x00000058   Code   RO         3973    i.uart2SendArray    serial.o
    0x0800b200   0x0800b200   0x00000024   Code   RO         3974    i.uart3DmaClear     serial.o
    0x0800b224   0x0800b224   0x00000214   Code   RO         3724    i.user_define       menu.o
    0x0800b438   0x0800b438   0x0000003c   Code   RO         4577    i.validate          ff.o
    0x0800b474   0x0800b474   0x000015e2   Data   RO         3245    .constdata          gui.o
    0x0800ca56   0x0800ca56   0x00000064   Data   RO         3638    .constdata          mylcd.o
    0x0800caba   0x0800caba   0x00000002   PAD
    0x0800cabc   0x0800cabc   0x00000010   Data   RO         3725    .constdata          menu.o
    0x0800cacc   0x0800cacc   0x000003ae   Data   RO         4422    .constdata          ffunicode.o
    0x0800ce7a   0x0800ce7a   0x00000002   PAD
    0x0800ce7c   0x0800ce7c   0x000000cc   Data   RO         4578    .constdata          ff.o
    0x0800cf48   0x0800cf48   0x00000020   Data   RO         5167    Region$$Table       anon$$obj.o


    Execution Region RW_IRAM1 (Exec base: 0x20000000, Load base: 0x0800cf68, Size: 0x000037a0, Max: 0x00005000, ABSOLUTE)

    Exec Addr    Load Addr    Size         Type   Attr      Idx    E Section Name        Object

    0x20000000   0x0800cf68   0x00000014   Data   RW         1805    .data               stm32f10x_rcc.o
    0x20000014   0x0800cf7c   0x00000004   Data   RW         3199    .data               delay.o
    0x20000018   0x0800cf80   0x00000006   Data   RW         3386    .data               lcd.o
    0x2000001e   0x0800cf86   0x00000046   Data   RW         3726    .data               menu.o
    0x20000064   0x0800cfcc   0x00000009   Data   RW         3867    .data               process.o
    0x2000006d   0x0800cfd5   0x00000001   Data   RW         4044    .data               mmc_sd.o
    0x2000006e   0x0800cfd6   0x00000002   PAD
    0x20000070   0x0800cfd8   0x00000008   Data   RW         4452    .data               mf.o
    0x20000078   0x0800cfe0   0x00000006   Data   RW         4579    .data               ff.o
    0x2000007e   0x0800cfe6   0x00000002   PAD
    0x20000080        -       0x0000000e   Zero   RW         3385    .bss                lcd.o
    0x2000008e   0x0800cfe6   0x00000002   PAD
    0x20000090        -       0x00001a24   Zero   RW         3975    .bss                serial.o
    0x20001ab4        -       0x00000012   Zero   RW         4151    .bss                sd_spi.o
    0x20001ac6        -       0x00000816   Zero   RW         4182    .bss                stmflash.o
    0x200022dc        -       0x00000e60   Zero   RW         4451    .bss                mf.o
    0x2000313c        -       0x00000060   Zero   RW         5041    .bss                c_w.l(libspace.o)
    0x2000319c   0x0800cfe6   0x00000004   PAD
    0x200031a0        -       0x00000200   Zero   RW            2    HEAP                startup_stm32f10x_md.o
    0x200033a0        -       0x00000400   Zero   RW            1    STACK               startup_stm32f10x_md.o


==============================================================================

Image component sizes


      Code (inc. data)   RO Data    RW Data    ZI Data      Debug   Object Name

         0          0          0          0          0       4500   core_cm3.o
       120         12          0          4          0       1160   delay.o
       302          4          0          0          0       7364   diskio.o
      8706        176        204          6          0      51380   ff.o
       284         32        942          0          0       2584   ffunicode.o
      2094         88       5602          0          0      11032   gui.o
      1228         70          0          6         14       8425   lcd.o
       332         58          0          0          0       1939   main.o
      5754        890         16         70          0      10283   menu.o
        74          0          0          8       3680       1379   mf.o
       172         22          0          0          0     205197   misc.o
      1298         34          0          1          0      10038   mmc_sd.o
       308         12          0          0          0       1088   mykey.o
       388         26        100          0          0       3618   mylcd.o
      2528        672          0          9          0      10784   process.o
       252         30          0          0         18       1869   sd_spi.o
      1184         96          0          0       6692       5679   serial.o
       186          8          0          0          0       1356   spi.o
        64         26        236          0       1536        808   startup_stm32f10x_md.o
         0          0          0          0          0       1652   stm32f10x_adc.o
        96          0          0          0          0      13463   stm32f10x_dma.o
       274         30          0          0          0       9486   stm32f10x_flash.o
       444          6          0          0          0      12057   stm32f10x_gpio.o
        26          0          0          0          0       3686   stm32f10x_it.o
       308         38          0         20          0      13454   stm32f10x_rcc.o
       112          0          0          0          0      10442   stm32f10x_spi.o
       446          6          0          0          0      11375   stm32f10x_usart.o
       612         42          0          0       2070       4660   stmflash.o
       328         30          0          0          0      41533   system_stm32f10x.o

    ----------------------------------------------------------------------
     27956       2408       7136        128      14012     462291   Object Totals
         0          0         32          0          0          0   (incl. Generated)
        36          0          4          4          2          0   (incl. Padding)

    ----------------------------------------------------------------------

      Code (inc. data)   RO Data    RW Data    ZI Data      Debug   Library Member Name

         8          0          0          0          0         68   __main.o
       284          0          0          0          0        156   __printf_wp.o
         0          0          0          0          0          0   __rtentry.o
        12          0          0          0          0          0   __rtentry2.o
         6          0          0          0          0          0   __rtentry4.o
        52          8          0          0          0          0   __scatter.o
        26          0          0          0          0          0   __scatter_copy.o
        28          0          0          0          0          0   __scatter_zi.o
        48          6          0          0          0         96   _printf_char_common.o
         6          0          0          0          0          0   _printf_d.o
       120         16          0          0          0         92   _printf_dec.o
       178          0          0          0          0         88   _printf_intcommon.o
        78          0          0          0          0        108   _printf_pad.o
         0          0          0          0          0          0   _printf_percent.o
         4          0          0          0          0          0   _printf_percent_end.o
        10          0          0          0          0         68   _sputc.o
        16          0          0          0          0         68   aeabi_memset.o
        18          0          0          0          0         80   exit.o
         6          0          0          0          0        152   heapauxi.o
         0          0          0          0          0          0   indicate_semi.o
         2          0          0          0          0          0   libinit.o
         2          0          0          0          0          0   libinit2.o
         2          0          0          0          0          0   libshutdown.o
         2          0          0          0          0          0   libshutdown2.o
         8          4          0          0         96         68   libspace.o
        88          0          0          0          0         76   memcmp.o
        40          6          0          0          0         84   noretval__2sprintf.o
        68          0          0          0          0         68   rt_memclr.o
        78          0          0          0          0         80   rt_memclr_w.o
       138          0          0          0          0         68   rt_memcpy_v6.o
       100          0          0          0          0         80   rt_memcpy_w.o
         2          0          0          0          0          0   rtexit.o
        10          0          0          0          0          0   rtexit2.o
        20          0          0          0          0         68   strchr.o
        62          0          0          0          0         76   strlen.o
        12          4          0          0          0         68   sys_exit.o
        74          0          0          0          0         80   sys_stackheap_outer.o
         2          0          0          0          0         68   use_no_semi.o

    ----------------------------------------------------------------------
      1620         44          0          0        100       1860   Library Totals
        10          0          0          0          4          0   (incl. Padding)

    ----------------------------------------------------------------------

      Code (inc. data)   RO Data    RW Data    ZI Data      Debug   Library Name

      1610         44          0          0         96       1860   c_w.l

    ----------------------------------------------------------------------
      1620         44          0          0        100       1860   Library Totals

    ----------------------------------------------------------------------

==============================================================================


      Code (inc. data)   RO Data    RW Data    ZI Data      Debug   

     29576       2452       7136        128      14112     453175   Grand Totals
     29576       2452       7136        128      14112     453175   ELF Image Totals
     29576       2452       7136        128          0          0   ROM Totals

==============================================================================

    Total RO  Size (Code + RO Data)                36712 (  35.85kB)
    Total RW  Size (RW Data + ZI Data)             14240 (  13.91kB)
    Total ROM Size (Code + RO Data + RW Data)      36840 (  35.98kB)

==============================================================================

