Component: ARM Compiler 5.06 update 5 (build 528) Tool: armlink [4d35e2]

==============================================================================

Section Cross References

    startup_stm32f10x_md.o(STACK) refers (Special) to heapauxi.o(.text) for __use_two_region_memory
    startup_stm32f10x_md.o(HEAP) refers (Special) to heapauxi.o(.text) for __use_two_region_memory
    startup_stm32f10x_md.o(RESET) refers (Special) to heapauxi.o(.text) for __use_two_region_memory
    startup_stm32f10x_md.o(RESET) refers to startup_stm32f10x_md.o(STACK) for __initial_sp
    startup_stm32f10x_md.o(RESET) refers to startup_stm32f10x_md.o(.text) for Reset_Handler
    startup_stm32f10x_md.o(RESET) refers to stm32f10x_it.o(i.NMI_Handler) for NMI_Handler
    startup_stm32f10x_md.o(RESET) refers to stm32f10x_it.o(i.HardFault_Handler) for HardFault_Handler
    startup_stm32f10x_md.o(RESET) refers to stm32f10x_it.o(i.MemManage_Handler) for MemManage_Handler
    startup_stm32f10x_md.o(RESET) refers to stm32f10x_it.o(i.BusFault_Handler) for BusFault_Handler
    startup_stm32f10x_md.o(RESET) refers to stm32f10x_it.o(i.UsageFault_Handler) for UsageFault_Handler
    startup_stm32f10x_md.o(RESET) refers to stm32f10x_it.o(i.SVC_Handler) for SVC_Handler
    startup_stm32f10x_md.o(RESET) refers to stm32f10x_it.o(i.DebugMon_Handler) for DebugMon_Handler
    startup_stm32f10x_md.o(RESET) refers to stm32f10x_it.o(i.PendSV_Handler) for PendSV_Handler
    startup_stm32f10x_md.o(RESET) refers to stm32f10x_it.o(i.SysTick_Handler) for SysTick_Handler
    startup_stm32f10x_md.o(RESET) refers to main.o(i.USART1_IRQHandler) for USART1_IRQHandler
    startup_stm32f10x_md.o(RESET) refers to main.o(i.USART2_IRQHandler) for USART2_IRQHandler
    startup_stm32f10x_md.o(RESET) refers to main.o(i.USART3_IRQHandler) for USART3_IRQHandler
    startup_stm32f10x_md.o(.text) refers (Special) to heapauxi.o(.text) for __use_two_region_memory
    startup_stm32f10x_md.o(.text) refers to system_stm32f10x.o(i.SystemInit) for SystemInit
    startup_stm32f10x_md.o(.text) refers to __main.o(!!!main) for __main
    startup_stm32f10x_md.o(.text) refers to startup_stm32f10x_md.o(HEAP) for Heap_Mem
    startup_stm32f10x_md.o(.text) refers to startup_stm32f10x_md.o(STACK) for Stack_Mem
    system_stm32f10x.o(i.SetSysClock) refers to system_stm32f10x.o(i.SetSysClockTo72) for SetSysClockTo72
    system_stm32f10x.o(i.SystemCoreClockUpdate) refers to system_stm32f10x.o(.data) for SystemCoreClock
    system_stm32f10x.o(i.SystemInit) refers to system_stm32f10x.o(i.SetSysClock) for SetSysClock
    stm32f10x_adc.o(i.ADC_DeInit) refers to stm32f10x_rcc.o(i.RCC_APB2PeriphResetCmd) for RCC_APB2PeriphResetCmd
    stm32f10x_bkp.o(i.BKP_DeInit) refers to stm32f10x_rcc.o(i.RCC_BackupResetCmd) for RCC_BackupResetCmd
    stm32f10x_can.o(i.CAN_DeInit) refers to stm32f10x_rcc.o(i.RCC_APB1PeriphResetCmd) for RCC_APB1PeriphResetCmd
    stm32f10x_can.o(i.CAN_GetITStatus) refers to stm32f10x_can.o(i.CheckITStatus) for CheckITStatus
    stm32f10x_cec.o(i.CEC_DeInit) refers to stm32f10x_rcc.o(i.RCC_APB1PeriphResetCmd) for RCC_APB1PeriphResetCmd
    stm32f10x_dac.o(i.DAC_DeInit) refers to stm32f10x_rcc.o(i.RCC_APB1PeriphResetCmd) for RCC_APB1PeriphResetCmd
    stm32f10x_flash.o(i.FLASH_EnableWriteProtection) refers to stm32f10x_flash.o(i.FLASH_WaitForLastOperation) for FLASH_WaitForLastOperation
    stm32f10x_flash.o(i.FLASH_EraseAllBank1Pages) refers to stm32f10x_flash.o(i.FLASH_WaitForLastBank1Operation) for FLASH_WaitForLastBank1Operation
    stm32f10x_flash.o(i.FLASH_EraseAllPages) refers to stm32f10x_flash.o(i.FLASH_WaitForLastOperation) for FLASH_WaitForLastOperation
    stm32f10x_flash.o(i.FLASH_EraseOptionBytes) refers to stm32f10x_flash.o(i.FLASH_GetReadOutProtectionStatus) for FLASH_GetReadOutProtectionStatus
    stm32f10x_flash.o(i.FLASH_EraseOptionBytes) refers to stm32f10x_flash.o(i.FLASH_WaitForLastOperation) for FLASH_WaitForLastOperation
    stm32f10x_flash.o(i.FLASH_ErasePage) refers to stm32f10x_flash.o(i.FLASH_WaitForLastOperation) for FLASH_WaitForLastOperation
    stm32f10x_flash.o(i.FLASH_ProgramHalfWord) refers to stm32f10x_flash.o(i.FLASH_WaitForLastOperation) for FLASH_WaitForLastOperation
    stm32f10x_flash.o(i.FLASH_ProgramOptionByteData) refers to stm32f10x_flash.o(i.FLASH_WaitForLastOperation) for FLASH_WaitForLastOperation
    stm32f10x_flash.o(i.FLASH_ProgramWord) refers to stm32f10x_flash.o(i.FLASH_WaitForLastOperation) for FLASH_WaitForLastOperation
    stm32f10x_flash.o(i.FLASH_ReadOutProtection) refers to stm32f10x_flash.o(i.FLASH_WaitForLastOperation) for FLASH_WaitForLastOperation
    stm32f10x_flash.o(i.FLASH_UserOptionByteConfig) refers to stm32f10x_flash.o(i.FLASH_WaitForLastOperation) for FLASH_WaitForLastOperation
    stm32f10x_flash.o(i.FLASH_WaitForLastBank1Operation) refers to stm32f10x_flash.o(i.FLASH_GetBank1Status) for FLASH_GetBank1Status
[...]
    i.Lcd_WriteData_16Bit                    0x080016f0   Section        0  lcd.o(i.Lcd_WriteData_16Bit)
    i.MemManage_Handler                      0x08001724   Section        0  stm32f10x_it.o(i.MemManage_Handler)
    i.Menu                                   0x08001728   Section        0  menu.o(i.Menu)
    i.Menu_ShowHead                          0x0800186c   Section        0  menu.o(i.Menu_ShowHead)
    i.NMI_Handler                            0x080019f8   Section        0  stm32f10x_it.o(i.NMI_Handler)
    i.NVIC_Init                              0x080019fc   Section        0  misc.o(i.NVIC_Init)
    i.NVIC_PriorityGroupConfig               0x08001a6c   Section        0  misc.o(i.NVIC_PriorityGroupConfig)
    i.PendSV_Handler                         0x08001a80   Section        0  stm32f10x_it.o(i.PendSV_Handler)
    i.RCC_AHBPeriphClockCmd                  0x08001a84   Section        0  stm32f10x_rcc.o(i.RCC_AHBPeriphClockCmd)
    i.RCC_APB1PeriphClockCmd                 0x08001aa4   Section        0  stm32f10x_rcc.o(i.RCC_APB1PeriphClockCmd)
    i.RCC_APB2PeriphClockCmd                 0x08001ac4   Section        0  stm32f10x_rcc.o(i.RCC_APB2PeriphClockCmd)
    i.RCC_GetClocksFreq                      0x08001ae4   Section        0  stm32f10x_rcc.o(i.RCC_GetClocksFreq)
    i.SD_DisSelect                           0x08001bb8   Section        0  mmc_sd.o(i.SD_DisSelect)
    i.SD_GetCSD                              0x08001bcc   Section        0  mmc_sd.o(i.SD_GetCSD)
    i.SD_GetResponse                         0x08001bf6   Section        0  mmc_sd.o(i.SD_GetResponse)
    i.SD_GetSectorCount                      0x08001c1c   Section        0  mmc_sd.o(i.SD_GetSectorCount)
    i.SD_Initialize                          0x08001c94   Section        0  mmc_sd.o(i.SD_Initialize)
    i.SD_ReadDisk                            0x08001e1c   Section        0  mmc_sd.o(i.SD_ReadDisk)
    i.SD_RecvData                            0x08001e90   Section        0  mmc_sd.o(i.SD_RecvData)
    i.SD_SPI_Init                            0x08001ec8   Section        0  mmc_sd.o(i.SD_SPI_Init)
    i.SD_SPI_ReadWriteByte                   0x08001f0c   Section        0  mmc_sd.o(i.SD_SPI_ReadWriteByte)
    i.SD_SPI_SpeedHigh                       0x08001f18   Section        0  mmc_sd.o(i.SD_SPI_SpeedHigh)
    i.SD_SPI_SpeedLow                        0x08001f22   Section        0  mmc_sd.o(i.SD_SPI_SpeedLow)
    i.SD_Select                              0x08001f2c   Section        0  mmc_sd.o(i.SD_Select)
    i.SD_SendBlock                           0x08001f4c   Section        0  mmc_sd.o(i.SD_SendBlock)
    i.SD_SendCmd                             0x08001f9e   Section        0  mmc_sd.o(i.SD_SendCmd)
    i.SD_WaitReady                           0x08002016   Section        0  mmc_sd.o(i.SD_WaitReady)
    i.SD_WriteDisk                           0x08002038   Section        0  mmc_sd.o(i.SD_WriteDisk)
    i.SPI1_Init                              0x080020c8   Section        0  spi.o(i.SPI1_Init)
    i.SPI2_Init                              0x08002160   Section        0  sd_spi.o(i.SPI2_Init)
    i.SPI2_ReadWriteByte                     0x080021e4   Section        0  sd_spi.o(i.SPI2_ReadWriteByte)
    i.SPI2_SetSpeed                          0x08002238   Section        0  sd_spi.o(i.SPI2_SetSpeed)
    i.SPI_Cmd                                0x0800225c   Section        0  stm32f10x_spi.o(i.SPI_Cmd)
    i.SPI_I2S_GetFlagStatus                  0x08002274   Section        0  stm32f10x_spi.o(i.SPI_I2S_GetFlagStatus)
    i.SPI_I2S_ReceiveData                    0x08002286   Section        0  stm32f10x_spi.o(i.SPI_I2S_ReceiveData)
    i.SPI_I2S_SendData                       0x0800228c   Section        0  stm32f10x_spi.o(i.SPI_I2S_SendData)
    i.SPI_Init                               0x08002290   Section        0  stm32f10x_spi.o(i.SPI_Init)
    i.SPI_WriteByte                          0x080022cc   Section        0  spi.o(i.SPI_WriteByte)
    i.SVC_Handler                            0x080022ee   Section        0  stm32f10x_it.o(i.SVC_Handler)
    i.ScreenDisplay                          0x080022f0   Section        0  process.o(i.ScreenDisplay)
    i.SendToPC                               0x0800237c   Section        0  process.o(i.SendToPC)
    i.SendToSD                               0x0800244c   Section        0  process.o(i.SendToSD)
    i.Serial_Init                            0x0800272c   Section        0  serial.o(i.Serial_Init)
    i.SetSysClock                            0x08002a00   Section        0  system_stm32f10x.o(i.SetSysClock)
    SetSysClock                              0x08002a01   Thumb Code     8  system_stm32f10x.o(i.SetSysClock)
    i.SetSysClockTo72                        0x08002a08   Section        0  system_stm32f10x.o(i.SetSysClockTo72)
    SetSysClockTo72                          0x08002a09   Thumb Code   214  system_stm32f10x.o(i.SetSysClockTo72)
    i.Show1                                  0x08002ae8   Section        0  process.o(i.Show1)
    i.Show2                                  0x08002bcc   Section        0  process.o(i.Show2)
    i.ShowCursor                             0x08002cb0   Section        0  menu.o(i.ShowCursor)
    i.ShowHead1                              0x08003070   Section        0  process.o(i.ShowHead1)
    i.ShowHead2                              0x080030cc   Section        0  process.o(i.ShowHead2)
    i.Show_Str                               0x08003128   Section        0  gui.o(i.Show_Str)
    i.SysTick_CLKSourceConfig                0x08003234   Section        0  misc.o(i.SysTick_CLKSourceConfig)
    i.SysTick_Handler                        0x0800325c   Section        0  stm32f10x_it.o(i.SysTick_Handler)
    i.SystemInit                             0x08003260   Section        0  system_stm32f10x.o(i.SystemInit)
    i.USART1_IRQHandler                      0x080032c0   Section        0  main.o(i.USART1_IRQHandler)
    i.USART2_IRQHandler                      0x08003304   Section        0  main.o(i.USART2_IRQHandler)
    i.USART3_IRQHandler                      0x0800333c   Section        0  main.o(i.USART3_IRQHandler)
    i.USART_ClearITPendingBit                0x08003388   Section        0  stm32f10x_usart.o(i.USART_ClearITPendingBit)
    i.USART_Cmd                              0x080033a6   Section        0  stm32f10x_usart.o(i.USART_Cmd)
    i.USART_DMACmd                           0x080033be   Section        0  stm32f10x_usart.o(i.USART_DMACmd)
    i.USART_GetITStatus                      0x080033d0   Section        0  stm32f10x_usart.o(i.USART_GetITStatus)
    i.USART_ITConfig                         0x08003424   Section        0  stm32f10x_usart.o(i.USART_ITConfig)
    i.USART_Init                             0x08003470   Section        0  stm32f10x_usart.o(i.USART_Init)
    i.UsageFault_Handler                     0x08003548   Section        0  stm32f10x_it.o(i.UsageFault_Handler)
    i._is_digit                              0x0800354c   Section        0  __printf_wp.o(i._is_digit)
    i.check_fs                               0x0800355c   Section        0  ff.o(i.check_fs)
    check_fs                                 0x0800355d   Thumb Code   210  ff.o(i.check_fs)
    i.clmt_clust                             0x0800363c   Section        0  ff.o(i.clmt_clust)
    clmt_clust                               0x0800363d   Thumb Code    50  ff.o(i.clmt_clust)
    i.clst2sect                              0x0800366e   Section        0  ff.o(i.clst2sect)
    clst2sect                                0x0800366f   Thumb Code    26  ff.o(i.clst2sect)
    i.cmp_lfn                                0x08003688   Section        0  ff.o(i.cmp_lfn)
    cmp_lfn                                  0x08003689   Thumb Code   148  ff.o(i.cmp_lfn)
    i.create_chain                           0x08003720   Section        0  ff.o(i.create_chain)
    create_chain                             0x08003721   Thumb Code   288  ff.o(i.create_chain)
    i.create_name                            0x08003840   Section        0  ff.o(i.create_name)
    create_name                              0x08003841   Thumb Code   592  ff.o(i.create_name)
    i.create_partition                       0x08003aa8   Section        0  ff.o(i.create_partition)
    create_partition                         0x08003aa9   Thumb Code   346  ff.o(i.create_partition)
    i.dbc_1st                                0x08003c02   Section        0  ff.o(i.dbc_1st)
    dbc_1st                                  0x08003c03   Thumb Code    12  ff.o(i.dbc_1st)
    i.dbc_2nd                                0x08003c0e   Section        0  ff.o(i.dbc_2nd)
    dbc_2nd                                  0x08003c0f   Thumb Code    12  ff.o(i.dbc_2nd)
    i.delay_init                             0x08003c1c   Section        0  delay.o(i.delay_init)
    i.delay_ms                               0x08003c58   Section        0  delay.o(i.delay_ms)
    i.dir_alloc                              0x08003c94   Section        0  ff.o(i.dir_alloc)
    dir_alloc                                0x08003c95   Thumb Code    96  ff.o(i.dir_alloc)
    i.dir_clear                              0x08003cf4   Section        0  ff.o(i.dir_clear)
    dir_clear                                0x08003cf5   Thumb Code    94  ff.o(i.dir_clear)
    i.dir_find                               0x08003d52   Section        0  ff.o(i.dir_find)
    dir_find                                 0x08003d53   Thumb Code   252  ff.o(i.dir_find)
    i.dir_next                               0x08003e4e   Section        0  ff.o(i.dir_next)
    dir_next                                 0x08003e4f   Thumb Code   202  ff.o(i.dir_next)
    i.dir_register                           0x08003f18   Section        0  ff.o(i.dir_register)
    dir_register                             0x08003f19   Thumb Code   326  ff.o(i.dir_register)
    i.dir_sdi                                0x0800405e   Section        0  ff.o(i.dir_sdi)
    dir_sdi                                  0x0800405f   Thumb Code   154  ff.o(i.dir_sdi)
    i.disk_initialize                        0x080040f8   Section        0  diskio.o(i.disk_initialize)
    i.disk_ioctl                             0x08004130   Section        0  diskio.o(i.disk_ioctl)
    i.disk_read                              0x08004194   Section        0  diskio.o(i.disk_read)
    i.disk_status                            0x080041d2   Section        0  diskio.o(i.disk_status)
    i.disk_write                             0x080041d8   Section        0  diskio.o(i.disk_write)
    i.exf_getfree                            0x08004216   Section        0  mf.o(i.exf_getfree)
    i.f_close                                0x08004260   Section        0  ff.o(i.f_close)
    i.f_getfree                              0x08004282   Section        0  ff.o(i.f_getfree)
    i.f_mkfs                                 0x08004380   Section        0  ff.o(i.f_mkfs)
    i.f_mount                                0x08004a2c   Section        0  ff.o(i.f_mount)
    i.f_open                                 0x08004a80   Section        0  ff.o(i.f_open)
    i.f_read                                 0x08004c7c   Section        0  ff.o(i.f_read)
    i.f_sync                                 0x08004e28   Section        0  ff.o(i.f_sync)
    i.f_write                                0x08004ec8   Section        0  ff.o(i.f_write)
    i.ff_oem2uni                             0x080050b8   Section        0  ffunicode.o(i.ff_oem2uni)
    i.ff_uni2oem                             0x080050e4   Section        0  ffunicode.o(i.ff_uni2oem)
    i.ff_wtoupper                            0x08005124   Section        0  ffunicode.o(i.ff_wtoupper)
    i.find_volume                            0x080051d4   Section        0  ff.o(i.find_volume)
    find_volume                              0x080051d5   Thumb Code   120  ff.o(i.find_volume)
    i.follow_path                            0x0800524c   Section        0  ff.o(i.follow_path)
    follow_path                              0x0800524d   Thumb Code   158  ff.o(i.follow_path)
    i.gen_numname                            0x080052ec   Section        0  ff.o(i.gen_numname)
    gen_numname                              0x080052ed   Thumb Code   206  ff.o(i.gen_numname)
    i.get_fat                                0x080053c0   Section        0  ff.o(i.get_fat)
    get_fat                                  0x080053c1   Thumb Code   224  ff.o(i.get_fat)
    i.get_fattime                            0x080054a0   Section        0  diskio.o(i.get_fattime)
    i.get_ldnumber                           0x080054a4   Section        0  ff.o(i.get_ldnumber)
    get_ldnumber                             0x080054a5   Thumb Code    78  ff.o(i.get_ldnumber)
    i.ld_clust                               0x080054f2   Section        0  ff.o(i.ld_clust)
    ld_clust                                 0x080054f3   Thumb Code    38  ff.o(i.ld_clust)
    i.ld_dword                               0x08005518   Section        0  ff.o(i.ld_dword)
    ld_dword                                 0x08005519   Thumb Code    24  ff.o(i.ld_dword)
    i.ld_word                                0x08005530   Section        0  ff.o(i.ld_word)
    ld_word                                  0x08005531   Thumb Code    12  ff.o(i.ld_word)
    i.main                                   0x0800553c   Section        0  main.o(i.main)
    i.menu2_baud                             0x080055a4   Section        0  menu.o(i.menu2_baud)
    i.menu2_processmode                      0x08005740   Section        0  menu.o(i.menu2_processmode)
    i.menu2_showmode                         0x08005838   Section        0  menu.o(i.menu2_showmode)
    i.menu3_SendToPC                         0x080058f4   Section        0  menu.o(i.menu3_SendToPC)
    i.menu4_toPCBaud                         0x0800595c   Section        0  menu.o(i.menu4_toPCBaud)
    i.mf_read                                0x08005a7c   Section        0  mf.o(i.mf_read)
    i.mount_volume                           0x08005b70   Section        0  ff.o(i.mount_volume)
    mount_volume                             0x08005b71   Thumb Code   658  ff.o(i.mount_volume)
    i.move_window                            0x08005e18   Section        0  ff.o(i.move_window)
    move_window                              0x08005e19   Thumb Code    52  ff.o(i.move_window)
    i.myKey_GetNum                           0x08005e4c   Section        0  mykey.o(i.myKey_GetNum)
    i.myKey_Init                             0x08005f40   Section        0  mykey.o(i.myKey_Init)
    i.myLCD_Init                             0x08005f80   Section        0  mylcd.o(i.myLCD_Init)
    i.myLCD_Power_Init                       0x08005f94   Section        0  mylcd.o(i.myLCD_Power_Init)
    i.myLCD_Power_On                         0x08005fb8   Section        0  mylcd.o(i.myLCD_Power_On)
    i.myLCD_ShowChar                         0x08005fc8   Section        0  mylcd.o(i.myLCD_ShowChar)
    i.myLCD_ShowHexNum                       0x08005ff4   Section        0  mylcd.o(i.myLCD_ShowHexNum)
    i.myLCD_ShowString                       0x080060ec   Section        0  mylcd.o(i.myLCD_ShowString)
    i.mypow                                  0x08006106   Section        0  gui.o(i.mypow)
    i.process                                0x0800611c   Section        0  process.o(i.process)
    i.put_fat                                0x08006138   Section        0  ff.o(i.put_fat)
    put_fat                                  0x08006139   Thumb Code   312  ff.o(i.put_fat)
    i.put_lfn                                0x08006270   Section        0  ff.o(i.put_lfn)
    put_lfn                                  0x08006271   Thumb Code   124  ff.o(i.put_lfn)
    i.remove_chain                           0x080062f0   Section        0  ff.o(i.remove_chain)
    remove_chain                             0x080062f1   Thumb Code   154  ff.o(i.remove_chain)
    i.serial_Change13Baud                    0x0800638c   Section        0  serial.o(i.serial_Change13Baud)
    i.serial_Change2Baud                     0x080063c8   Section        0  serial.o(i.serial_Change2Baud)
    i.st_clust                               0x080063f8   Section        0  ff.o(i.st_clust)
    st_clust                                 0x080063f9   Thumb Code    36  ff.o(i.st_clust)
    i.st_dword                               0x0800641c   Section        0  ff.o(i.st_dword)
    st_dword                                 0x0800641d   Thumb Code    24  ff.o(i.st_dword)
    i.st_word                                0x08006434   Section        0  ff.o(i.st_word)
    st_word                                  0x08006435   Thumb Code    12  ff.o(i.st_word)
    i.sum_sfn                                0x08006440   Section        0  ff.o(i.sum_sfn)
    sum_sfn                                  0x08006441   Thumb Code    32  ff.o(i.sum_sfn)
    i.sync_fs                                0x08006460   Section        0  ff.o(i.sync_fs)
    sync_fs                                  0x08006461   Thumb Code   132  ff.o(i.sync_fs)
    i.sync_window                            0x080064ec   Section        0  ff.o(i.sync_window)
    sync_window                              0x080064ed   Thumb Code    74  ff.o(i.sync_window)
    i.tchar2uni                              0x08006536   Section        0  ff.o(i.tchar2uni)
    tchar2uni                                0x08006537   Thumb Code    76  ff.o(i.tchar2uni)
    i.uart1DmaClear                          0x08006584   Section        0  serial.o(i.uart1DmaClear)
    i.uart2SendArray                         0x080065a8   Section        0  serial.o(i.uart2SendArray)
    i.uart3DmaClear                          0x08006600   Section        0  serial.o(i.uart3DmaClear)
    i.user_define                            0x08006624   Section        0  menu.o(i.user_define)
    i.validate                               0x08006838   Section        0  ff.o(i.validate)
    validate                                 0x08006839   Thumb Code    60  ff.o(i.validate)
    .constdata                               0x08006874   Section     5092  gui.o(.constdata)
    .constdata                               0x08007c58   Section      100  mylcd.o(.constdata)
    .constdata                               0x08007cbc   Section       16  menu.o(.constdata)
    .constdata                               0x08007ccc   Section      942  ffunicode.o(.constdata)
    uc437                                    0x08007ccc   Data         256  ffunicode.o(.constdata)
    cvt1                                     0x08007dcc   Data         498  ffunicode.o(.constdata)
    cvt2                                     0x08007fbe   Data         188  ffunicode.o(.constdata)
    .constdata                               0x0800807c   Section      204  ff.o(.constdata)
    LfnOfs                                   0x0800807c   Data          13  ff.o(.constdata)
    ExCvt                                    0x08008089   Data         128  ff.o(.constdata)
    badchr                                   0x08008109   Data          18  ff.o(.constdata)
    cst                                      0x0800811c   Data          14  ff.o(.constdata)
    cst32                                    0x0800812a   Data          14  ff.o(.constdata)
    defopt                                   0x08008138   Data          16  ff.o(.constdata)
    .data                                    0x20000000   Section       20  stm32f10x_rcc.o(.data)
    APBAHBPrescTable                         0x20000000   Data          16  stm32f10x_rcc.o(.data)
    ADCPrescTable                            0x20000010   Data           4  stm32f10x_rcc.o(.data)
    .data                                    0x20000014   Section        4  delay.o(.data)
    fac_us                                   0x20000014   Data           1  delay.o(.data)
    fac_ms                                   0x20000016   Data           2  delay.o(.data)
    .data                                    0x20000018   Section        6  lcd.o(.data)
    .data                                    0x2000001e   Section       70  menu.o(.data)
    .data                                    0x20000064   Section        3  process.o(.data)
    .data                                    0x20000067   Section        1  mmc_sd.o(.data)
    .data                                    0x20000068   Section        1  main.o(.data)
    .data                                    0x2000006c   Section        8  mf.o(.data)
    .data                                    0x20000074   Section        6  ff.o(.data)
    FatFs                                    0x20000074   Data           4  ff.o(.data)
    Fsid                                     0x20000078   Data           2  ff.o(.data)
    .bss                                     0x2000007c   Section       14  lcd.o(.bss)
    .bss                                     0x2000008c   Section     6684  serial.o(.bss)
    .bss                                     0x20001aa8   Section       18  sd_spi.o(.bss)
    .bss                                     0x20001abc   Section     3680  mf.o(.bss)
    .bss                                     0x2000291c   Section       96  libspace.o(.bss)
    HEAP                                     0x20002980   Section      512  startup_stm32f10x_md.o(HEAP)
    Heap_Mem                                 0x20002980   Data         512  startup_stm32f10x_md.o(HEAP)
    STACK                                    0x20002b80   Section     1024  startup_stm32f10x_md.o(STACK)
    Stack_Mem                                0x20002b80   Data        1024  startup_stm32f10x_md.o(STACK)
    __initial_sp                             0x20002f80   Data           0  startup_stm32f10x_md.o(STACK)

    Global Symbols

    Symbol Name                              Value     Ov Type        Size  Object(Section)

    BuildAttributes$$THM_ISAv4$P$D$K$B$S$PE$A:L22UL41UL21$X:L11$S22US41US21$IEEE1$IW$USESV6$~STKCKD$USESV7$~SHL$OSPACE$ROPI$EBA8$UX$STANDARDLIB$REQ8$PRES8$EABIv2 0x00000000   Number         0  anon$$obj.o ABSOLUTE
    __ARM_use_no_argv                        0x00000000   Number         0  main.o ABSOLUTE
    _printf_flags                            0x00000000   Number         0  printf_stubs.o ABSOLUTE
    _printf_return_value                     0x00000000   Number         0  printf_stubs.o ABSOLUTE
    _printf_sizespec                         0x00000000   Number         0  printf_stubs.o ABSOLUTE
    _printf_widthprec                        0x00000000   Number         0  printf_stubs.o ABSOLUTE
    __ARM_exceptions_init                     - Undefined Weak Reference
    __alloca_initialize                       - Undefined Weak Reference
    __arm_preinit_                            - Undefined Weak Reference
    __cpp_initialize__aeabi_                  - Undefined Weak Reference
    __cxa_finalize                            - Undefined Weak Reference
    __rt_locale                               - Undefined Weak Reference
    __sigvec_lookup                           - Undefined Weak Reference
    _atexit_init                              - Undefined Weak Reference
    _call_atexit_fns                          - Undefined Weak Reference
    _clock_init                               - Undefined Weak Reference
    _fp_trap_init                             - Undefined Weak Reference
    _fp_trap_shutdown                         - Undefined Weak Reference
    _get_lc_collate                           - Undefined Weak Reference
    _get_lc_ctype                             - Undefined Weak Reference
    _get_lc_monetary                          - Undefined Weak Reference
    _get_lc_numeric                           - Undefined Weak Reference
    _get_lc_time                              - Undefined Weak Reference
    _getenv_init                              - Undefined Weak Reference
    _handle_redirection                       - Undefined Weak Reference
    _init_alloc                               - Undefined Weak Reference
    _init_user_alloc                          - Undefined Weak Reference
    _initio                                   - Undefined Weak Reference
    _printf_mbtowc                            - Undefined Weak Reference
    _printf_truncate_signed                   - Undefined Weak Reference
    _printf_truncate_unsigned                 - Undefined Weak Reference
    _rand_init                                - Undefined Weak Reference
    _signal_finish                            - Undefined Weak Reference
    _signal_init                              - Undefined Weak Reference
    _terminate_alloc                          - Undefined Weak Reference
    _terminate_user_alloc                     - Undefined Weak Reference
    _terminateio                              - Undefined Weak Reference
    __Vectors_Size                           0x000000ec   Number         0  startup_stm32f10x_md.o ABSOLUTE
    __Vectors                                0x08000000   Data           4  startup_stm32f10x_md.o(RESET)
    __Vectors_End                            0x080000ec   Data           0  startup_stm32f10x_md.o(RESET)
    __main                                   0x080000ed   Thumb Code     8  __main.o(!!!main)
    __scatterload                            0x080000f5   Thumb Code     0  __scatter.o(!!!scatter)
    __scatterload_rt2                        0x080000f5   Thumb Code    44  __scatter.o(!!!scatter)
    __scatterload_rt2_thumb_only             0x080000f5   Thumb Code     0  __scatter.o(!!!scatter)
    __scatterload_null                       0x08000103   Thumb Code     0  __scatter.o(!!!scatter)
    __scatterload_copy                       0x08000129   Thumb Code    26  __scatter_copy.o(!!handler_copy)
    __scatterload_zeroinit                   0x08000145   Thumb Code    28  __scatter_zi.o(!!handler_zi)
    _printf_d                                0x08000161   Thumb Code     0  _printf_d.o(.ARM.Collect$$_printf_percent$$00000009)
    _printf_percent                          0x08000161   Thumb Code     0  _printf_percent.o(.ARM.Collect$$_printf_percent$$00000000)
    _printf_percent_end                      0x08000167   Thumb Code     0  _printf_percent_end.o(.ARM.Collect$$_printf_percent$$00000017)
    __rt_lib_init                            0x0800016b   Thumb Code     0  libinit.o(.ARM.Collect$$libinit$$00000000)
    __rt_lib_init_alloca_1                   0x0800016d   Thumb Code     0  libinit2.o(.ARM.Collect$$libinit$$0000002E)
    __rt_lib_init_argv_1                     0x0800016d   Thumb Code     0  libinit2.o(.ARM.Collect$$libinit$$0000002C)
    __rt_lib_init_atexit_1                   0x0800016d   Thumb Code     0  libinit2.o(.ARM.Collect$$libinit$$0000001B)
    __rt_lib_init_clock_1                    0x0800016d   Thumb Code     0  libinit2.o(.ARM.Collect$$libinit$$00000021)
    __rt_lib_init_cpp_1                      0x0800016d   Thumb Code     0  libinit2.o(.ARM.Collect$$libinit$$00000032)
    __rt_lib_init_exceptions_1               0x0800016d   Thumb Code     0  libinit2.o(.ARM.Collect$$libinit$$00000030)
    __rt_lib_init_fp_1                       0x0800016d   Thumb Code     0  libinit2.o(.ARM.Collect$$libinit$$00000002)
    __rt_lib_init_fp_trap_1                  0x0800016d   Thumb Code     0  libinit2.o(.ARM.Collect$$libinit$$0000001F)
    __rt_lib_init_getenv_1                   0x0800016d   Thumb Code     0  libinit2.o(.ARM.Collect$$libinit$$00000023)
    __rt_lib_init_heap_1                     0x0800016d   Thumb Code     0  libinit2.o(.ARM.Collect$$libinit$$0000000A)
    __rt_lib_init_lc_collate_1               0x0800016d   Thumb Code     0  libinit2.o(.ARM.Collect$$libinit$$00000011)
    __rt_lib_init_lc_ctype_1                 0x0800016d   Thumb Code     0  libinit2.o(.ARM.Collect$$libinit$$00000013)
    __rt_lib_init_lc_monetary_1              0x0800016d   Thumb Code     0  libinit2.o(.ARM.Collect$$libinit$$00000015)
    __rt_lib_init_lc_numeric_1               0x0800016d   Thumb Code     0  libinit2.o(.ARM.Collect$$libinit$$00000017)
    __rt_lib_init_lc_time_1                  0x0800016d   Thumb Code     0  libinit2.o(.ARM.Collect$$libinit$$00000019)
    __rt_lib_init_preinit_1                  0x0800016d   Thumb Code     0  libinit2.o(.ARM.Collect$$libinit$$00000004)
    __rt_lib_init_rand_1                     0x0800016d   Thumb Code     0  libinit2.o(.ARM.Collect$$libinit$$0000000E)
    __rt_lib_init_return                     0x0800016d   Thumb Code     0  libinit2.o(.ARM.Collect$$libinit$$00000033)
    __rt_lib_init_signal_1                   0x0800016d   Thumb Code     0  libinit2.o(.ARM.Collect$$libinit$$0000001D)
    __rt_lib_init_stdio_1                    0x0800016d   Thumb Code     0  libinit2.o(.ARM.Collect$$libinit$$00000025)
    __rt_lib_init_user_alloc_1               0x0800016d   Thumb Code     0  libinit2.o(.ARM.Collect$$libinit$$0000000C)
    __rt_lib_shutdown                        0x0800016f   Thumb Code     0  libshutdown.o(.ARM.Collect$$libshutdown$$00000000)
    __rt_lib_shutdown_cpp_1                  0x08000171   Thumb Code     0  libshutdown2.o(.ARM.Collect$$libshutdown$$00000002)
    __rt_lib_shutdown_fp_trap_1              0x08000171   Thumb Code     0  libshutdown2.o(.ARM.Collect$$libshutdown$$00000007)
    __rt_lib_shutdown_heap_1                 0x08000171   Thumb Code     0  libshutdown2.o(.ARM.Collect$$libshutdown$$0000000F)
    __rt_lib_shutdown_return                 0x08000171   Thumb Code     0  libshutdown2.o(.ARM.Collect$$libshutdown$$00000010)
    __rt_lib_shutdown_signal_1               0x08000171   Thumb Code     0  libshutdown2.o(.ARM.Collect$$libshutdown$$0000000A)
    __rt_lib_shutdown_stdio_1                0x08000171   Thumb Code     0  libshutdown2.o(.ARM.Collect$$libshutdown$$00000004)
    __rt_lib_shutdown_user_alloc_1           0x08000171   Thumb Code     0  libshutdown2.o(.ARM.Collect$$libshutdown$$0000000C)
    __rt_entry                               0x08000173   Thumb Code     0  __rtentry.o(.ARM.Collect$$rtentry$$00000000)
    __rt_entry_presh_1                       0x08000173   Thumb Code     0  __rtentry2.o(.ARM.Collect$$rtentry$$00000002)
    __rt_entry_sh                            0x08000173   Thumb Code     0  __rtentry4.o(.ARM.Collect$$rtentry$$00000004)
    __rt_entry_li                            0x08000179   Thumb Code     0  __rtentry2.o(.ARM.Collect$$rtentry$$0000000A)
    __rt_entry_postsh_1                      0x08000179   Thumb Code     0  __rtentry2.o(.ARM.Collect$$rtentry$$00000009)
    __rt_entry_main                          0x0800017d   Thumb Code     0  __rtentry2.o(.ARM.Collect$$rtentry$$0000000D)
    __rt_entry_postli_1                      0x0800017d   Thumb Code     0  __rtentry2.o(.ARM.Collect$$rtentry$$0000000C)
    __rt_exit                                0x08000185   Thumb Code     0  rtexit.o(.ARM.Collect$$rtexit$$00000000)
    __rt_exit_ls                             0x08000187   Thumb Code     0  rtexit2.o(.ARM.Collect$$rtexit$$00000003)
    __rt_exit_prels_1                        0x08000187   Thumb Code     0  rtexit2.o(.ARM.Collect$$rtexit$$00000002)
    __rt_exit_exit                           0x0800018b   Thumb Code     0  rtexit2.o(.ARM.Collect$$rtexit$$00000004)
    Reset_Handler                            0x08000191   Thumb Code     8  startup_stm32f10x_md.o(.text)
    ADC1_2_IRQHandler                        0x080001ab   Thumb Code     0  startup_stm32f10x_md.o(.text)
    CAN1_RX1_IRQHandler                      0x080001ab   Thumb Code     0  startup_stm32f10x_md.o(.text)
    CAN1_SCE_IRQHandler                      0x080001ab   Thumb Code     0  startup_stm32f10x_md.o(.text)
    DMA1_Channel1_IRQHandler                 0x080001ab   Thumb Code     0  startup_stm32f10x_md.o(.text)
    DMA1_Channel2_IRQHandler                 0x080001ab   Thumb Code     0  startup_stm32f10x_md.o(.text)
    DMA1_Channel3_IRQHandler                 0x080001ab   Thumb Code     0  startup_stm32f10x_md.o(.text)
    DMA1_Channel4_IRQHandler                 0x080001ab   Thumb Code     0  startup_stm32f10x_md.o(.text)
    DMA1_Channel5_IRQHandler                 0x080001ab   Thumb Code     0  startup_stm32f10x_md.o(.text)
    DMA1_Channel6_IRQHandler                 0x080001ab   Thumb Code     0  startup_stm32f10x_md.o(.text)
    DMA1_Channel7_IRQHandler                 0x080001ab   Thumb Code     0  startup_stm32f10x_md.o(.text)
    EXTI0_IRQHandler                         0x080001ab   Thumb Code     0  startup_stm32f10x_md.o(.text)
    EXTI15_10_IRQHandler                     0x080001ab   Thumb Code     0  startup_stm32f10x_md.o(.text)
    EXTI1_IRQHandler                         0x080001ab   Thumb Code     0  startup_stm32f10x_md.o(.text)
    EXTI2_IRQHandler                         0x080001ab   Thumb Code     0  startup_stm32f10x_md.o(.text)
    EXTI3_IRQHandler                         0x080001ab   Thumb Code     0  startup_stm32f10x_md.o(.text)
    EXTI4_IRQHandler                         0x080001ab   Thumb Code     0  startup_stm32f10x_md.o(.text)
    EXTI9_5_IRQHandler                       0x080001ab   Thumb Code     0  startup_stm32f10x_md.o(.text)
    FLASH_IRQHandler                         0x080001ab   Thumb Code     0  startup_stm32f10x_md.o(.text)
    I2C1_ER_IRQHandler                       0x080001ab   Thumb Code     0  startup_stm32f10x_md.o(.text)
    I2C1_EV_IRQHandler                       0x080001ab   Thumb Code     0  startup_stm32f10x_md.o(.text)
    I2C2_ER_IRQHandler                       0x080001ab   Thumb Code     0  startup_stm32f10x_md.o(.text)
    I2C2_EV_IRQHandler                       0x080001ab   Thumb Code     0  startup_stm32f10x_md.o(.text)
    PVD_IRQHandler                           0x080001ab   Thumb Code     0  startup_stm32f10x_md.o(.text)
    RCC_IRQHandler                           0x080001ab   Thumb Code     0  startup_stm32f10x_md.o(.text)
    RTCAlarm_IRQHandler                      0x080001ab   Thumb Code     0  startup_stm32f10x_md.o(.text)
    RTC_IRQHandler                           0x080001ab   Thumb Code     0  startup_stm32f10x_md.o(.text)
    SPI1_IRQHandler                          0x080001ab   Thumb Code     0  startup_stm32f10x_md.o(.text)
    SPI2_IRQHandler                          0x080001ab   Thumb Code     0  startup_stm32f10x_md.o(.text)
    TAMPER_IRQHandler                        0x080001ab   Thumb Code     0  startup_stm32f10x_md.o(.text)
    TIM1_BRK_IRQHandler                      0x080001ab   Thumb Code     0  startup_stm32f10x_md.o(.text)
    TIM1_CC_IRQHandler                       0x080001ab   Thumb Code     0  startup_stm32f10x_md.o(.text)
    TIM1_TRG_COM_IRQHandler                  0x080001ab   Thumb Code     0  startup_stm32f10x_md.o(.text)
    TIM1_UP_IRQHandler                       0x080001ab   Thumb Code     0  startup_stm32f10x_md.o(.text)
    TIM2_IRQHandler                          0x080001ab   Thumb Code     0  startup_stm32f10x_md.o(.text)
    TIM3_IRQHandler                          0x080001ab   Thumb Code     0  startup_stm32f10x_md.o(.text)
    TIM4_IRQHandler                          0x080001ab   Thumb Code     0  startup_stm32f10x_md.o(.text)
    USBWakeUp_IRQHandler                     0x080001ab   Thumb Code     0  startup_stm32f10x_md.o(.text)
    USB_HP_CAN1_TX_IRQHandler                0x080001ab   Thumb Code     0  startup_stm32f10x_md.o(.text)
    USB_LP_CAN1_RX0_IRQHandler               0x080001ab   Thumb Code     0  startup_stm32f10x_md.o(.text)
    WWDG_IRQHandler                          0x080001ab   Thumb Code     0  startup_stm32f10x_md.o(.text)
    __user_initial_stackheap                 0x080001ad   Thumb Code     0  startup_stm32f10x_md.o(.text)
    __2sprintf                               0x080001d1   Thumb Code    34  noretval__2sprintf.o(.text)
    _printf_pre_padding                      0x080001f9   Thumb Code    44  _printf_pad.o(.text)
    _printf_post_padding                     0x08000225   Thumb Code    34  _printf_pad.o(.text)
    _printf_int_dec                          0x08000249   Thumb Code   104  _printf_dec.o(.text)
    __printf                                 0x080002c1   Thumb Code   270  __printf_wp.o(.text)
    strchr                                   0x080003cf   Thumb Code    20  strchr.o(.text)
    memcmp                                   0x080003e3   Thumb Code    88  memcmp.o(.text)
    strcpy                                   0x0800043b   Thumb Code    72  strcpy.o(.text)
    strlen                                   0x08000483   Thumb Code    62  strlen.o(.text)
    __aeabi_memcpy                           0x080004c1   Thumb Code     0  rt_memcpy_v6.o(.text)
    __rt_memcpy                              0x080004c1   Thumb Code   138  rt_memcpy_v6.o(.text)
    _memcpy_lastbytes                        0x08000527   Thumb Code     0  rt_memcpy_v6.o(.text)
    __aeabi_memcpy4                          0x0800054b   Thumb Code     0  rt_memcpy_w.o(.text)
    __aeabi_memcpy8                          0x0800054b   Thumb Code     0  rt_memcpy_w.o(.text)
    __rt_memcpy_w                            0x0800054b   Thumb Code   100  rt_memcpy_w.o(.text)
    _memcpy_lastbytes_aligned                0x08000593   Thumb Code     0  rt_memcpy_w.o(.text)
    __aeabi_memset                           0x080005af   Thumb Code    16  aeabi_memset.o(.text)
    __aeabi_memclr                           0x080005bf   Thumb Code     0  rt_memclr.o(.text)
    __rt_memclr                              0x080005bf   Thumb Code    68  rt_memclr.o(.text)
    _memset                                  0x080005c3   Thumb Code     0  rt_memclr.o(.text)
    __aeabi_memclr4                          0x08000603   Thumb Code     0  rt_memclr_w.o(.text)
    __aeabi_memclr8                          0x08000603   Thumb Code     0  rt_memclr_w.o(.text)
    __rt_memclr_w                            0x08000603   Thumb Code    78  rt_memclr_w.o(.text)
    _memset_w                                0x08000607   Thumb Code     0  rt_memclr_w.o(.text)
    __use_two_region_memory                  0x08000651   Thumb Code     2  heapauxi.o(.text)
    __rt_heap_escrow$2region                 0x08000653   Thumb Code     2  heapauxi.o(.text)
    __rt_heap_expand$2region                 0x08000655   Thumb Code     2  heapauxi.o(.text)
    _printf_int_common                       0x08000657   Thumb Code   178  _printf_intcommon.o(.text)
    _printf_char_common                      0x08000713   Thumb Code    32  _printf_char_common.o(.text)
    _sputc                                   0x08000739   Thumb Code    10  _sputc.o(.text)
    __user_setup_stackheap                   0x08000743   Thumb Code    74  sys_stackheap_outer.o(.text)
    exit                                     0x0800078d   Thumb Code    18  exit.o(.text)
    __user_libspace                          0x080007a1   Thumb Code     8  libspace.o(.text)
    __user_perproc_libspace                  0x080007a1   Thumb Code     0  libspace.o(.text)
    __user_perthread_libspace                0x080007a1   Thumb Code     0  libspace.o(.text)
    _sys_exit                                0x080007a9   Thumb Code     8  sys_exit.o(.text)
    __I$use$semihosting                      0x080007b5   Thumb Code     0  use_no_semi.o(.text)
    __use_no_semihosting_swi                 0x080007b5   Thumb Code     2  use_no_semi.o(.text)
    __semihosting_library_function           0x080007b7   Thumb Code     0  indicate_semi.o(.text)
    AddX                                     0x080007b9   Thumb Code    92  process.o(i.AddX)
    AddY                                     0x08000821   Thumb Code    70  process.o(i.AddY)
    BusFault_Handler                         0x08000871   Thumb Code     4  stm32f10x_it.o(i.BusFault_Handler)
    ChooseDir                                0x08000875   Thumb Code    88  menu.o(i.ChooseDir)
    ClearMenu                                0x080008cd   Thumb Code    80  menu.o(i.ClearMenu)
    DMA_Cmd                                  0x08000929   Thumb Code    24  stm32f10x_dma.o(i.DMA_Cmd)
    DMA_GetCurrDataCounter                   0x08000941   Thumb Code     8  stm32f10x_dma.o(i.DMA_GetCurrDataCounter)
    DMA_Init                                 0x08000949   Thumb Code    60  stm32f10x_dma.o(i.DMA_Init)
    DMA_SetCurrDataCounter                   0x08000985   Thumb Code     4  stm32f10x_dma.o(i.DMA_SetCurrDataCounter)
    DebugMon_Handler                         0x08000989   Thumb Code     2  stm32f10x_it.o(i.DebugMon_Handler)
    GPIO_Init                                0x0800098b   Thumb Code   278  stm32f10x_gpio.o(i.GPIO_Init)
    GPIO_PinRemapConfig                      0x08000aa1   Thumb Code   138  stm32f10x_gpio.o(i.GPIO_PinRemapConfig)
    GPIO_ReadInputDataBit                    0x08000b31   Thumb Code    18  stm32f10x_gpio.o(i.GPIO_ReadInputDataBit)
    GPIO_SetBits                             0x08000b43   Thumb Code     4  stm32f10x_gpio.o(i.GPIO_SetBits)
    GUI_DrawFont16                           0x08000b49   Thumb Code   252  gui.o(i.GUI_DrawFont16)
    GUI_DrawFont24                           0x08000c51   Thumb Code   268  gui.o(i.GUI_DrawFont24)
    GUI_DrawFont32                           0x08000d69   Thumb Code   252  gui.o(i.GUI_DrawFont32)
    Gui_StrCenter                            0x08000e71   Thumb Code    60  gui.o(i.Gui_StrCenter)
    HardFault_Handler                        0x08000eb1   Thumb Code     4  stm32f10x_it.o(i.HardFault_Handler)
    LCD_Clear                                0x08000eb5   Thumb Code    84  lcd.o(i.LCD_Clear)
    LCD_DrawLine                             0x08000f11   Thumb Code   176  gui.o(i.LCD_DrawLine)
    LCD_DrawPoint                            0x08000fc1   Thumb Code    24  lcd.o(i.LCD_DrawPoint)
    LCD_DrawRectangle                        0x08000fdd   Thumb Code    64  gui.o(i.LCD_DrawRectangle)
    LCD_Fill                                 0x0800101d   Thumb Code   110  gui.o(i.LCD_Fill)
    LCD_GPIOInit                             0x08001091   Thumb Code    60  lcd.o(i.LCD_GPIOInit)
    LCD_Init                                 0x080010d5   Thumb Code   588  lcd.o(i.LCD_Init)
    LCD_RESET                                0x08001325   Thumb Code    30  lcd.o(i.LCD_RESET)
    LCD_SetCursor                            0x08001349   Thumb Code    20  lcd.o(i.LCD_SetCursor)
    LCD_SetWindows                           0x0800135d   Thumb Code    84  lcd.o(i.LCD_SetWindows)
    LCD_ShowChar                             0x080013b5   Thumb Code   276  gui.o(i.LCD_ShowChar)
    LCD_ShowNum                              0x080014d9   Thumb Code   168  gui.o(i.LCD_ShowNum)
    LCD_ShowString                           0x08001589   Thumb Code    94  gui.o(i.LCD_ShowString)
    LCD_WR_DATA                              0x080015f5   Thumb Code    34  lcd.o(i.LCD_WR_DATA)
    LCD_WR_REG                               0x08001621   Thumb Code    32  lcd.o(i.LCD_WR_REG)
    LCD_WriteRAM_Prepare                     0x08001649   Thumb Code    12  lcd.o(i.LCD_WriteRAM_Prepare)
    LCD_WriteReg                             0x08001659   Thumb Code    20  lcd.o(i.LCD_WriteReg)
    LCD_direction                            0x0800166d   Thumb Code   128  lcd.o(i.LCD_direction)
    Lcd_WriteData_16Bit                      0x080016f1   Thumb Code    42  lcd.o(i.Lcd_WriteData_16Bit)
    MemManage_Handler                        0x08001725   Thumb Code     4  stm32f10x_it.o(i.MemManage_Handler)
    Menu                                     0x08001729   Thumb Code   272  menu.o(i.Menu)
    Menu_ShowHead                            0x0800186d   Thumb Code   304  menu.o(i.Menu_ShowHead)
    NMI_Handler                              0x080019f9   Thumb Code     2  stm32f10x_it.o(i.NMI_Handler)
    NVIC_Init                                0x080019fd   Thumb Code   100  misc.o(i.NVIC_Init)
    NVIC_PriorityGroupConfig                 0x08001a6d   Thumb Code    10  misc.o(i.NVIC_PriorityGroupConfig)
    PendSV_Handler                           0x08001a81   Thumb Code     2  stm32f10x_it.o(i.PendSV_Handler)
    RCC_AHBPeriphClockCmd                    0x08001a85   Thumb Code    26  stm32f10x_rcc.o(i.RCC_AHBPeriphClockCmd)
    RCC_APB1PeriphClockCmd                   0x08001aa5   Thumb Code    26  stm32f10x_rcc.o(i.RCC_APB1PeriphClockCmd)
    RCC_APB2PeriphClockCmd                   0x08001ac5   Thumb Code    26  stm32f10x_rcc.o(i.RCC_APB2PeriphClockCmd)
    RCC_GetClocksFreq                        0x08001ae5   Thumb Code   192  stm32f10x_rcc.o(i.RCC_GetClocksFreq)
    SD_DisSelect                             0x08001bb9   Thumb Code    16  mmc_sd.o(i.SD_DisSelect)
    SD_GetCSD                                0x08001bcd   Thumb Code    42  mmc_sd.o(i.SD_GetCSD)
    SD_GetResponse                           0x08001bf7   Thumb Code    38  mmc_sd.o(i.SD_GetResponse)
    SD_GetSectorCount                        0x08001c1d   Thumb Code   118  mmc_sd.o(i.SD_GetSectorCount)
    SD_Initialize                            0x08001c95   Thumb Code   386  mmc_sd.o(i.SD_Initialize)
    SD_ReadDisk                              0x08001e1d   Thumb Code   112  mmc_sd.o(i.SD_ReadDisk)
    SD_RecvData                              0x08001e91   Thumb Code    56  mmc_sd.o(i.SD_RecvData)
    SD_SPI_Init                              0x08001ec9   Thumb Code    60  mmc_sd.o(i.SD_SPI_Init)
    SD_SPI_ReadWriteByte                     0x08001f0d   Thumb Code    12  mmc_sd.o(i.SD_SPI_ReadWriteByte)
    SD_SPI_SpeedHigh                         0x08001f19   Thumb Code    10  mmc_sd.o(i.SD_SPI_SpeedHigh)
    SD_SPI_SpeedLow                          0x08001f23   Thumb Code    10  mmc_sd.o(i.SD_SPI_SpeedLow)
    SD_Select                                0x08001f2d   Thumb Code    26  mmc_sd.o(i.SD_Select)
    SD_SendBlock                             0x08001f4d   Thumb Code    82  mmc_sd.o(i.SD_SendBlock)
    SD_SendCmd                               0x08001f9f   Thumb Code   120  mmc_sd.o(i.SD_SendCmd)
    SD_WaitReady                             0x08002017   Thumb Code    32  mmc_sd.o(i.SD_WaitReady)
    SD_WriteDisk                             0x08002039   Thumb Code   140  mmc_sd.o(i.SD_WriteDisk)
    SPI1_Init                                0x080020c9   Thumb Code   144  spi.o(i.SPI1_Init)
    SPI2_Init                                0x08002161   Thumb Code   118  sd_spi.o(i.SPI2_Init)
    SPI2_ReadWriteByte                       0x080021e5   Thumb Code    78  sd_spi.o(i.SPI2_ReadWriteByte)
    SPI2_SetSpeed                            0x08002239   Thumb Code    26  sd_spi.o(i.SPI2_SetSpeed)
    SPI_Cmd                                  0x0800225d   Thumb Code    24  stm32f10x_spi.o(i.SPI_Cmd)
    SPI_I2S_GetFlagStatus                    0x08002275   Thumb Code    18  stm32f10x_spi.o(i.SPI_I2S_GetFlagStatus)
    SPI_I2S_ReceiveData                      0x08002287   Thumb Code     6  stm32f10x_spi.o(i.SPI_I2S_ReceiveData)
    SPI_I2S_SendData                         0x0800228d   Thumb Code     4  stm32f10x_spi.o(i.SPI_I2S_SendData)
    SPI_Init                                 0x08002291   Thumb Code    60  stm32f10x_spi.o(i.SPI_Init)
    SPI_WriteByte                            0x080022cd   Thumb Code    34  spi.o(i.SPI_WriteByte)
    SVC_Handler                              0x080022ef   Thumb Code     2  stm32f10x_it.o(i.SVC_Handler)
    ScreenDisplay                            0x080022f1   Thumb Code   118  process.o(i.ScreenDisplay)
    SendToPC                                 0x0800237d   Thumb Code   160  process.o(i.SendToPC)
    SendToSD                                 0x0800244d   Thumb Code   486  process.o(i.SendToSD)
    Serial_Init                              0x0800272d   Thumb Code   686  serial.o(i.Serial_Init)
    Show1                                    0x08002ae9   Thumb Code   206  process.o(i.Show1)
    Show2                                    0x08002bcd   Thumb Code   204  process.o(i.Show2)
    ShowCursor                               0x08002cb1   Thumb Code   942  menu.o(i.ShowCursor)
    ShowHead1                                0x08003071   Thumb Code    64  process.o(i.ShowHead1)
    ShowHead2                                0x080030cd   Thumb Code    64  process.o(i.ShowHead2)
    Show_Str                                 0x08003129   Thumb Code   264  gui.o(i.Show_Str)
    SysTick_CLKSourceConfig                  0x08003235   Thumb Code    40  misc.o(i.SysTick_CLKSourceConfig)
    SysTick_Handler                          0x0800325d   Thumb Code     2  stm32f10x_it.o(i.SysTick_Handler)
    SystemInit                               0x08003261   Thumb Code    78  system_stm32f10x.o(i.SystemInit)
    USART1_IRQHandler                        0x080032c1   Thumb Code    56  main.o(i.USART1_IRQHandler)
    USART2_IRQHandler                        0x08003305   Thumb Code    42  main.o(i.USART2_IRQHandler)
    USART3_IRQHandler                        0x0800333d   Thumb Code    64  main.o(i.USART3_IRQHandler)
    USART_ClearITPendingBit                  0x08003389   Thumb Code    30  stm32f10x_usart.o(i.USART_ClearITPendingBit)
    USART_Cmd                                0x080033a7   Thumb Code    24  stm32f10x_usart.o(i.USART_Cmd)
    USART_DMACmd                             0x080033bf   Thumb Code    18  stm32f10x_usart.o(i.USART_DMACmd)
    USART_GetITStatus                        0x080033d1   Thumb Code    84  stm32f10x_usart.o(i.USART_GetITStatus)
    USART_ITConfig                           0x08003425   Thumb Code    74  stm32f10x_usart.o(i.USART_ITConfig)
    USART_Init                               0x08003471   Thumb Code   210  stm32f10x_usart.o(i.USART_Init)
    UsageFault_Handler                       0x08003549   Thumb Code     4  stm32f10x_it.o(i.UsageFault_Handler)
    _is_digit                                0x0800354d   Thumb Code    14  __printf_wp.o(i._is_digit)
    delay_init                               0x08003c1d   Thumb Code    52  delay.o(i.delay_init)
    delay_ms                                 0x08003c59   Thumb Code    56  delay.o(i.delay_ms)
    disk_initialize                          0x080040f9   Thumb Code    54  diskio.o(i.disk_initialize)
    disk_ioctl                               0x08004131   Thumb Code    96  diskio.o(i.disk_ioctl)
    disk_read                                0x08004195   Thumb Code    62  diskio.o(i.disk_read)
    disk_status                              0x080041d3   Thumb Code     6  diskio.o(i.disk_status)
    disk_write                               0x080041d9   Thumb Code    62  diskio.o(i.disk_write)
    exf_getfree                              0x08004217   Thumb Code    74  mf.o(i.exf_getfree)
    f_close                                  0x08004261   Thumb Code    34  ff.o(i.f_close)
    f_getfree                                0x08004283   Thumb Code   252  ff.o(i.f_getfree)
    f_mkfs                                   0x08004381   Thumb Code  1654  ff.o(i.f_mkfs)
    f_mount                                  0x08004a2d   Thumb Code    80  ff.o(i.f_mount)
    f_open                                   0x08004a81   Thumb Code   508  ff.o(i.f_open)
    f_read                                   0x08004c7d   Thumb Code   428  ff.o(i.f_read)
    f_sync                                   0x08004e29   Thumb Code   160  ff.o(i.f_sync)
    f_write                                  0x08004ec9   Thumb Code   494  ff.o(i.f_write)
    ff_oem2uni                               0x080050b9   Thumb Code    38  ffunicode.o(i.ff_oem2uni)
    ff_uni2oem                               0x080050e5   Thumb Code    58  ffunicode.o(i.ff_uni2oem)
    ff_wtoupper                              0x08005125   Thumb Code   166  ffunicode.o(i.ff_wtoupper)
    get_fattime                              0x080054a1   Thumb Code     4  diskio.o(i.get_fattime)
    main                                     0x0800553d   Thumb Code    94  main.o(i.main)
    menu2_baud                               0x080055a5   Thumb Code   328  menu.o(i.menu2_baud)
    menu2_processmode                        0x08005741   Thumb Code   186  menu.o(i.menu2_processmode)
    menu2_showmode                           0x08005839   Thumb Code   146  menu.o(i.menu2_showmode)
    menu3_SendToPC                           0x080058f5   Thumb Code    76  menu.o(i.menu3_SendToPC)
    menu4_toPCBaud                           0x0800595d   Thumb Code   210  menu.o(i.menu4_toPCBaud)
    mf_read                                  0x08005a7d   Thumb Code   150  mf.o(i.mf_read)
    myKey_GetNum                             0x08005e4d   Thumb Code   240  mykey.o(i.myKey_GetNum)
    myKey_Init                               0x08005f41   Thumb Code    56  mykey.o(i.myKey_Init)
    myLCD_Init                               0x08005f81   Thumb Code    18  mylcd.o(i.myLCD_Init)
    myLCD_Power_Init                         0x08005f95   Thumb Code    32  mylcd.o(i.myLCD_Power_Init)
    myLCD_Power_On                           0x08005fb9   Thumb Code    12  mylcd.o(i.myLCD_Power_On)
    myLCD_ShowChar                           0x08005fc9   Thumb Code    36  mylcd.o(i.myLCD_ShowChar)
    myLCD_ShowHexNum                         0x08005ff5   Thumb Code   238  mylcd.o(i.myLCD_ShowHexNum)
    myLCD_ShowString                         0x080060ed   Thumb Code    26  mylcd.o(i.myLCD_ShowString)
    mypow                                    0x08006107   Thumb Code    22  gui.o(i.mypow)
    process                                  0x0800611d   Thumb Code    28  process.o(i.process)
    serial_Change13Baud                      0x0800638d   Thumb Code    52  serial.o(i.serial_Change13Baud)
    serial_Change2Baud                       0x080063c9   Thumb Code    42  serial.o(i.serial_Change2Baud)
    uart1DmaClear                            0x08006585   Thumb Code    30  serial.o(i.uart1DmaClear)
    uart2SendArray                           0x080065a9   Thumb Code    78  serial.o(i.uart2SendArray)
    uart3DmaClear                            0x08006601   Thumb Code    30  serial.o(i.uart3DmaClear)
    user_define                              0x08006625   Thumb Code   448  menu.o(i.user_define)
    asc2_1206                                0x08006874   Data        1140  gui.o(.constdata)
    asc2_1608                                0x08006ce8   Data        1520  gui.o(.constdata)
    tfont16                                  0x080072d8   Data        1394  gui.o(.constdata)
    tfont24                                  0x0800784a   Data         518  gui.o(.constdata)
    tfont32                                  0x08007a50   Data         520  gui.o(.constdata)
    X                                        0x08007c58   Data          60  mylcd.o(.constdata)
    Y                                        0x08007c94   Data          40  mylcd.o(.constdata)
    Baud                                     0x08007cbc   Data          16  menu.o(.constdata)
    Region$$Table$$Base                      0x08008148   Number         0  anon$$obj.o(Region$$Table)
    Region$$Table$$Limit                     0x08008168   Number         0  anon$$obj.o(Region$$Table)
    POINT_COLOR                              0x20000018   Data           2  lcd.o(.data)
    BACK_COLOR                               0x2000001a   Data           2  lcd.o(.data)
    DeviceCode                               0x2000001c   Data           2  lcd.o(.data)
    ShowMode                                 0x2000001e   Data          10  menu.o(.data)
    ProcessMode                              0x20000028   Data          60  menu.o(.data)
    x                                        0x20000064   Data           1  process.o(.data)
    y                                        0x20000065   Data           1  process.o(.data)
    first_flag                               0x20000066   Data           1  process.o(.data)
    SD_Type                                  0x20000067   Data           1  mmc_sd.o(.data)
    menu2_flag                               0x20000068   Data           1  main.o(.data)
    fs_bw                                    0x2000006c   Data           4  mf.o(.data)
    fs_br                                    0x20000070   Data           4  mf.o(.data)
    lcddev                                   0x2000007c   Data          14  lcd.o(.bss)
    print_buf                                0x2000008c   Data         512  serial.o(.bss)
    serial                                   0x2000028c   Data        6172  serial.o(.bss)
    SPI_InitStructure                        0x20001aa8   Data          18  sd_spi.o(.bss)
    fs_FatFs                                 0x20001abc   Data         564  mf.o(.bss)
    fs_file                                  0x20001cf0   Data         556  mf.o(.bss)
    fs_work                                  0x20001f1c   Data         512  mf.o(.bss)
    fs_buffer                                0x2000211c   Data        2048  mf.o(.bss)
    __libspace_start                         0x2000291c   Data          96  libspace.o(.bss)
    __temporary_stack_top$libspace           0x2000297c   Data           0  libspace.o(.bss)



==============================================================================

Memory Map of the image

  Image Entry point : 0x080000ed

  Load Region LR_IROM1 (Base: 0x08000000, Size: 0x000081e4, Max: 0x00010000, ABSOLUTE)

    Execution Region ER_IROM1 (Exec base: 0x08000000, Load base: 0x08000000, Size: 0x00008168, Max: 0x00010000, ABSOLUTE)

    Exec Addr    Load Addr    Size         Type   Attr      Idx    E Section Name        Object

    0x08000000   0x08000000   0x000000ec   Data   RO            3    RESET               startup_stm32f10x_md.o
    0x080000ec   0x080000ec   0x00000008   Code   RO         4840  * !!!main             c_w.l(__main.o)
    0x080000f4   0x080000f4   0x00000034   Code   RO         5008    !!!scatter          c_w.l(__scatter.o)
    0x08000128   0x08000128   0x0000001a   Code   RO         5010    !!handler_copy      c_w.l(__scatter_copy.o)
    0x08000142   0x08000142   0x00000002   PAD
    0x08000144   0x08000144   0x0000001c   Code   RO         5012    !!handler_zi        c_w.l(__scatter_zi.o)
    0x08000160   0x08000160   0x00000000   Code   RO         4819    .ARM.Collect$$_printf_percent$$00000000  c_w.l(_printf_percent.o)
    0x08000160   0x08000160   0x00000006   Code   RO         4818    .ARM.Collect$$_printf_percent$$00000009  c_w.l(_printf_d.o)
    0x08000166   0x08000166   0x00000004   Code   RO         4851    .ARM.Collect$$_printf_percent$$00000017  c_w.l(_printf_percent_end.o)
    0x0800016a   0x0800016a   0x00000002   Code   RO         4878    .ARM.Collect$$libinit$$00000000  c_w.l(libinit.o)
    0x0800016c   0x0800016c   0x00000000   Code   RO         4885    .ARM.Collect$$libinit$$00000002  c_w.l(libinit2.o)
    0x0800016c   0x0800016c   0x00000000   Code   RO         4887    .ARM.Collect$$libinit$$00000004  c_w.l(libinit2.o)
    0x0800016c   0x0800016c   0x00000000   Code   RO         4890    .ARM.Collect$$libinit$$0000000A  c_w.l(libinit2.o)
    0x0800016c   0x0800016c   0x00000000   Code   RO         4892    .ARM.Collect$$libinit$$0000000C  c_w.l(libinit2.o)
    0x0800016c   0x0800016c   0x00000000   Code   RO         4894    .ARM.Collect$$libinit$$0000000E  c_w.l(libinit2.o)
    0x0800016c   0x0800016c   0x00000000   Code   RO         4897    .ARM.Collect$$libinit$$00000011  c_w.l(libinit2.o)
    0x0800016c   0x0800016c   0x00000000   Code   RO         4899    .ARM.Collect$$libinit$$00000013  c_w.l(libinit2.o)
    0x0800016c   0x0800016c   0x00000000   Code   RO         4901    .ARM.Collect$$libinit$$00000015  c_w.l(libinit2.o)
    0x0800016c   0x0800016c   0x00000000   Code   RO         4903    .ARM.Collect$$libinit$$00000017  c_w.l(libinit2.o)
    0x0800016c   0x0800016c   0x00000000   Code   RO         4905    .ARM.Collect$$libinit$$00000019  c_w.l(libinit2.o)
    0x0800016c   0x0800016c   0x00000000   Code   RO         4907    .ARM.Collect$$libinit$$0000001B  c_w.l(libinit2.o)
    0x0800016c   0x0800016c   0x00000000   Code   RO         4909    .ARM.Collect$$libinit$$0000001D  c_w.l(libinit2.o)
    0x0800016c   0x0800016c   0x00000000   Code   RO         4911    .ARM.Collect$$libinit$$0000001F  c_w.l(libinit2.o)
    0x0800016c   0x0800016c   0x00000000   Code   RO         4913    .ARM.Collect$$libinit$$00000021  c_w.l(libinit2.o)
    0x0800016c   0x0800016c   0x00000000   Code   RO         4915    .ARM.Collect$$libinit$$00000023  c_w.l(libinit2.o)
    0x0800016c   0x0800016c   0x00000000   Code   RO         4917    .ARM.Collect$$libinit$$00000025  c_w.l(libinit2.o)
    0x0800016c   0x0800016c   0x00000000   Code   RO         4921    .ARM.Collect$$libinit$$0000002C  c_w.l(libinit2.o)
    0x0800016c   0x0800016c   0x00000000   Code   RO         4923    .ARM.Collect$$libinit$$0000002E  c_w.l(libinit2.o)
    0x0800016c   0x0800016c   0x00000000   Code   RO         4925    .ARM.Collect$$libinit$$00000030  c_w.l(libinit2.o)
    0x0800016c   0x0800016c   0x00000000   Code   RO         4927    .ARM.Collect$$libinit$$00000032  c_w.l(libinit2.o)
    0x0800016c   0x0800016c   0x00000002   Code   RO         4928    .ARM.Collect$$libinit$$00000033  c_w.l(libinit2.o)
    0x0800016e   0x0800016e   0x00000002   Code   RO         4948    .ARM.Collect$$libshutdown$$00000000  c_w.l(libshutdown.o)
    0x08000170   0x08000170   0x00000000   Code   RO         4961    .ARM.Collect$$libshutdown$$00000002  c_w.l(libshutdown2.o)
    0x08000170   0x08000170   0x00000000   Code   RO         4963    .ARM.Collect$$libshutdown$$00000004  c_w.l(libshutdown2.o)
    0x08000170   0x08000170   0x00000000   Code   RO         4966    .ARM.Collect$$libshutdown$$00000007  c_w.l(libshutdown2.o)
    0x08000170   0x08000170   0x00000000   Code   RO         4969    .ARM.Collect$$libshutdown$$0000000A  c_w.l(libshutdown2.o)
    0x08000170   0x08000170   0x00000000   Code   RO         4971    .ARM.Collect$$libshutdown$$0000000C  c_w.l(libshutdown2.o)
    0x08000170   0x08000170   0x00000000   Code   RO         4974    .ARM.Collect$$libshutdown$$0000000F  c_w.l(libshutdown2.o)
    0x08000170   0x08000170   0x00000002   Code   RO         4975    .ARM.Collect$$libshutdown$$00000010  c_w.l(libshutdown2.o)
    0x08000172   0x08000172   0x00000000   Code   RO         4842    .ARM.Collect$$rtentry$$00000000  c_w.l(__rtentry.o)
    0x08000172   0x08000172   0x00000000   Code   RO         4853    .ARM.Collect$$rtentry$$00000002  c_w.l(__rtentry2.o)
    0x08000172   0x08000172   0x00000006   Code   RO         4865    .ARM.Collect$$rtentry$$00000004  c_w.l(__rtentry4.o)
    0x08000178   0x08000178   0x00000000   Code   RO         4855    .ARM.Collect$$rtentry$$00000009  c_w.l(__rtentry2.o)
    0x08000178   0x08000178   0x00000004   Code   RO         4856    .ARM.Collect$$rtentry$$0000000A  c_w.l(__rtentry2.o)
    0x0800017c   0x0800017c   0x00000000   Code   RO         4858    .ARM.Collect$$rtentry$$0000000C  c_w.l(__rtentry2.o)
    0x0800017c   0x0800017c   0x00000008   Code   RO         4859    .ARM.Collect$$rtentry$$0000000D  c_w.l(__rtentry2.o)
    0x08000184   0x08000184   0x00000002   Code   RO         4882    .ARM.Collect$$rtexit$$00000000  c_w.l(rtexit.o)
    0x08000186   0x08000186   0x00000000   Code   RO         4930    .ARM.Collect$$rtexit$$00000002  c_w.l(rtexit2.o)
    0x08000186   0x08000186   0x00000004   Code   RO         4931    .ARM.Collect$$rtexit$$00000003  c_w.l(rtexit2.o)
    0x0800018a   0x0800018a   0x00000006   Code   RO         4932    .ARM.Collect$$rtexit$$00000004  c_w.l(rtexit2.o)
    0x08000190   0x08000190   0x00000040   Code   RO            4    .text               startup_stm32f10x_md.o
    0x080001d0   0x080001d0   0x00000028   Code   RO         4787    .text               c_w.l(noretval__2sprintf.o)
    0x080001f8   0x080001f8   0x0000004e   Code   RO         4791    .text               c_w.l(_printf_pad.o)
    0x08000246   0x08000246   0x00000002   PAD
    0x08000248   0x08000248   0x00000078   Code   RO         4795    .text               c_w.l(_printf_dec.o)
    0x080002c0   0x080002c0   0x0000010e   Code   RO         4805    .text               c_w.l(__printf_wp.o)
    0x080003ce   0x080003ce   0x00000014   Code   RO         4820    .text               c_w.l(strchr.o)
    0x080003e2   0x080003e2   0x00000058   Code   RO         4822    .text               c_w.l(memcmp.o)
    0x0800043a   0x0800043a   0x00000048   Code   RO         4824    .text               c_w.l(strcpy.o)
    0x08000482   0x08000482   0x0000003e   Code   RO         4826    .text               c_w.l(strlen.o)
    0x080004c0   0x080004c0   0x0000008a   Code   RO         4828    .text               c_w.l(rt_memcpy_v6.o)
    0x0800054a   0x0800054a   0x00000064   Code   RO         4830    .text               c_w.l(rt_memcpy_w.o)
    0x080005ae   0x080005ae   0x00000010   Code   RO         4832    .text               c_w.l(aeabi_memset.o)
    0x080005be   0x080005be   0x00000044   Code   RO         4834    .text               c_w.l(rt_memclr.o)
    0x08000602   0x08000602   0x0000004e   Code   RO         4836    .text               c_w.l(rt_memclr_w.o)
    0x08000650   0x08000650   0x00000006   Code   RO         4838    .text               c_w.l(heapauxi.o)
    0x08000656   0x08000656   0x000000b2   Code   RO         4843    .text               c_w.l(_printf_intcommon.o)
    0x08000708   0x08000708   0x00000030   Code   RO         4845    .text               c_w.l(_printf_char_common.o)
    0x08000738   0x08000738   0x0000000a   Code   RO         4847    .text               c_w.l(_sputc.o)
    0x08000742   0x08000742   0x0000004a   Code   RO         4869    .text               c_w.l(sys_stackheap_outer.o)
    0x0800078c   0x0800078c   0x00000012   Code   RO         4871    .text               c_w.l(exit.o)
    0x0800079e   0x0800079e   0x00000002   PAD
    0x080007a0   0x080007a0   0x00000008   Code   RO         4879    .text               c_w.l(libspace.o)
    0x080007a8   0x080007a8   0x0000000c   Code   RO         4940    .text               c_w.l(sys_exit.o)
    0x080007b4   0x080007b4   0x00000002   Code   RO         4951    .text               c_w.l(use_no_semi.o)
    0x080007b6   0x080007b6   0x00000000   Code   RO         4953    .text               c_w.l(indicate_semi.o)
    0x080007b6   0x080007b6   0x00000002   PAD
    0x080007b8   0x080007b8   0x00000068   Code   RO         3817    i.AddX              process.o
    0x08000820   0x08000820   0x00000050   Code   RO         3818    i.AddY              process.o
    0x08000870   0x08000870   0x00000004   Code   RO         4204    i.BusFault_Handler  stm32f10x_it.o
    0x08000874   0x08000874   0x00000058   Code   RO         3709    i.ChooseDir         menu.o
    0x080008cc   0x080008cc   0x0000005c   Code   RO         3710    i.ClearMenu         menu.o
    0x08000928   0x08000928   0x00000018   Code   RO          911    i.DMA_Cmd           stm32f10x_dma.o
    0x08000940   0x08000940   0x00000008   Code   RO          913    i.DMA_GetCurrDataCounter  stm32f10x_dma.o
    0x08000948   0x08000948   0x0000003c   Code   RO          917    i.DMA_Init          stm32f10x_dma.o
    0x08000984   0x08000984   0x00000004   Code   RO          918    i.DMA_SetCurrDataCounter  stm32f10x_dma.o
    0x08000988   0x08000988   0x00000002   Code   RO         4205    i.DebugMon_Handler  stm32f10x_it.o
    0x0800098a   0x0800098a   0x00000116   Code   RO         1347    i.GPIO_Init         stm32f10x_gpio.o
    0x08000aa0   0x08000aa0   0x00000090   Code   RO         1349    i.GPIO_PinRemapConfig  stm32f10x_gpio.o
    0x08000b30   0x08000b30   0x00000012   Code   RO         1351    i.GPIO_ReadInputDataBit  stm32f10x_gpio.o
    0x08000b42   0x08000b42   0x00000004   Code   RO         1355    i.GPIO_SetBits      stm32f10x_gpio.o
    0x08000b46   0x08000b46   0x00000002   PAD
    0x08000b48   0x08000b48   0x00000108   Code   RO         3227    i.GUI_DrawFont16    gui.o
    0x08000c50   0x08000c50   0x00000118   Code   RO         3228    i.GUI_DrawFont24    gui.o
    0x08000d68   0x08000d68   0x00000108   Code   RO         3229    i.GUI_DrawFont32    gui.o
    0x08000e70   0x08000e70   0x00000040   Code   RO         3232    i.Gui_StrCenter     gui.o
    0x08000eb0   0x08000eb0   0x00000004   Code   RO         4206    i.HardFault_Handler  stm32f10x_it.o
    0x08000eb4   0x08000eb4   0x0000005c   Code   RO         3372    i.LCD_Clear         lcd.o
    0x08000f10   0x08000f10   0x000000b0   Code   RO         3234    i.LCD_DrawLine      gui.o
    0x08000fc0   0x08000fc0   0x0000001c   Code   RO         3373    i.LCD_DrawPoint     lcd.o
    0x08000fdc   0x08000fdc   0x00000040   Code   RO         3235    i.LCD_DrawRectangle  gui.o
    0x0800101c   0x0800101c   0x00000074   Code   RO         3236    i.LCD_Fill          gui.o
    0x08001090   0x08001090   0x00000044   Code   RO         3374    i.LCD_GPIOInit      lcd.o
    0x080010d4   0x080010d4   0x00000250   Code   RO         3375    i.LCD_Init          lcd.o
    0x08001324   0x08001324   0x00000024   Code   RO         3376    i.LCD_RESET         lcd.o
    0x08001348   0x08001348   0x00000014   Code   RO         3377    i.LCD_SetCursor     lcd.o
    0x0800135c   0x0800135c   0x00000058   Code   RO         3378    i.LCD_SetWindows    lcd.o
    0x080013b4   0x080013b4   0x00000124   Code   RO         3237    i.LCD_ShowChar      gui.o
    0x080014d8   0x080014d8   0x000000b0   Code   RO         3238    i.LCD_ShowNum       gui.o
    0x08001588   0x08001588   0x0000006c   Code   RO         3239    i.LCD_ShowString    gui.o
    0x080015f4   0x080015f4   0x0000002c   Code   RO         3379    i.LCD_WR_DATA       lcd.o
    0x08001620   0x08001620   0x00000028   Code   RO         3380    i.LCD_WR_REG        lcd.o
    0x08001648   0x08001648   0x00000010   Code   RO         3381    i.LCD_WriteRAM_Prepare  lcd.o
    0x08001658   0x08001658   0x00000014   Code   RO         3382    i.LCD_WriteReg      lcd.o
    0x0800166c   0x0800166c   0x00000084   Code   RO         3383    i.LCD_direction     lcd.o
    0x080016f0   0x080016f0   0x00000034   Code   RO         3384    i.Lcd_WriteData_16Bit  lcd.o
    0x08001724   0x08001724   0x00000004   Code   RO         4207    i.MemManage_Handler  stm32f10x_it.o
    0x08001728   0x08001728   0x00000144   Code   RO         3711    i.Menu              menu.o
    0x0800186c   0x0800186c   0x0000018c   Code   RO         3712    i.Menu_ShowHead     menu.o
    0x080019f8   0x080019f8   0x00000002   Code   RO         4208    i.NMI_Handler       stm32f10x_it.o
    0x080019fa   0x080019fa   0x00000002   PAD
    0x080019fc   0x080019fc   0x00000070   Code   RO          137    i.NVIC_Init         misc.o
    0x08001a6c   0x08001a6c   0x00000014   Code   RO          138    i.NVIC_PriorityGroupConfig  misc.o
    0x08001a80   0x08001a80   0x00000002   Code   RO         4209    i.PendSV_Handler    stm32f10x_it.o
    0x08001a82   0x08001a82   0x00000002   PAD
    0x08001a84   0x08001a84   0x00000020   Code   RO         1774    i.RCC_AHBPeriphClockCmd  stm32f10x_rcc.o
    0x08001aa4   0x08001aa4   0x00000020   Code   RO         1775    i.RCC_APB1PeriphClockCmd  stm32f10x_rcc.o
    0x08001ac4   0x08001ac4   0x00000020   Code   RO         1777    i.RCC_APB2PeriphClockCmd  stm32f10x_rcc.o
    0x08001ae4   0x08001ae4   0x000000d4   Code   RO         1785    i.RCC_GetClocksFreq  stm32f10x_rcc.o
    0x08001bb8   0x08001bb8   0x00000014   Code   RO         3983    i.SD_DisSelect      mmc_sd.o
    0x08001bcc   0x08001bcc   0x0000002a   Code   RO         3985    i.SD_GetCSD         mmc_sd.o
    0x08001bf6   0x08001bf6   0x00000026   Code   RO         3986    i.SD_GetResponse    mmc_sd.o
    0x08001c1c   0x08001c1c   0x00000076   Code   RO         3987    i.SD_GetSectorCount  mmc_sd.o
    0x08001c92   0x08001c92   0x00000002   PAD
    0x08001c94   0x08001c94   0x00000188   Code   RO         3988    i.SD_Initialize     mmc_sd.o
    0x08001e1c   0x08001e1c   0x00000074   Code   RO         3989    i.SD_ReadDisk       mmc_sd.o
    0x08001e90   0x08001e90   0x00000038   Code   RO         3990    i.SD_RecvData       mmc_sd.o
    0x08001ec8   0x08001ec8   0x00000044   Code   RO         3991    i.SD_SPI_Init       mmc_sd.o
    0x08001f0c   0x08001f0c   0x0000000c   Code   RO         3992    i.SD_SPI_ReadWriteByte  mmc_sd.o
    0x08001f18   0x08001f18   0x0000000a   Code   RO         3993    i.SD_SPI_SpeedHigh  mmc_sd.o
    0x08001f22   0x08001f22   0x0000000a   Code   RO         3994    i.SD_SPI_SpeedLow   mmc_sd.o
    0x08001f2c   0x08001f2c   0x00000020   Code   RO         3995    i.SD_Select         mmc_sd.o
    0x08001f4c   0x08001f4c   0x00000052   Code   RO         3996    i.SD_SendBlock      mmc_sd.o
    0x08001f9e   0x08001f9e   0x00000078   Code   RO         3997    i.SD_SendCmd        mmc_sd.o
    0x08002016   0x08002016   0x00000020   Code   RO         3998    i.SD_WaitReady      mmc_sd.o
    0x08002036   0x08002036   0x00000002   PAD
    0x08002038   0x08002038   0x00000090   Code   RO         3999    i.SD_WriteDisk      mmc_sd.o
    0x080020c8   0x080020c8   0x00000098   Code   RO         3607    i.SPI1_Init         spi.o
    0x08002160   0x08002160   0x00000084   Code   RO         4104    i.SPI2_Init         sd_spi.o
    0x080021e4   0x080021e4   0x00000054   Code   RO         4105    i.SPI2_ReadWriteByte  sd_spi.o
    0x08002238   0x08002238   0x00000024   Code   RO         4106    i.SPI2_SetSpeed     sd_spi.o
    0x0800225c   0x0800225c   0x00000018   Code   RO         2263    i.SPI_Cmd           stm32f10x_spi.o
    0x08002274   0x08002274   0x00000012   Code   RO         2271    i.SPI_I2S_GetFlagStatus  stm32f10x_spi.o
    0x08002286   0x08002286   0x00000006   Code   RO         2274    i.SPI_I2S_ReceiveData  stm32f10x_spi.o
    0x0800228c   0x0800228c   0x00000004   Code   RO         2275    i.SPI_I2S_SendData  stm32f10x_spi.o
    0x08002290   0x08002290   0x0000003c   Code   RO         2276    i.SPI_Init          stm32f10x_spi.o
    0x080022cc   0x080022cc   0x00000022   Code   RO         3609    i.SPI_WriteByte     spi.o
    0x080022ee   0x080022ee   0x00000002   Code   RO         4210    i.SVC_Handler       stm32f10x_it.o
    0x080022f0   0x080022f0   0x0000008c   Code   RO         3819    i.ScreenDisplay     process.o
    0x0800237c   0x0800237c   0x000000d0   Code   RO         3820    i.SendToPC          process.o
    0x0800244c   0x0800244c   0x000002e0   Code   RO         3821    i.SendToSD          process.o
    0x0800272c   0x0800272c   0x000002d4   Code   RO         3929    i.Serial_Init       serial.o
    0x08002a00   0x08002a00   0x00000008   Code   RO           24    i.SetSysClock       system_stm32f10x.o
    0x08002a08   0x08002a08   0x000000e0   Code   RO           25    i.SetSysClockTo72   system_stm32f10x.o
    0x08002ae8   0x08002ae8   0x000000e4   Code   RO         3822    i.Show1             process.o
    0x08002bcc   0x08002bcc   0x000000e4   Code   RO         3823    i.Show2             process.o
    0x08002cb0   0x08002cb0   0x000003c0   Code   RO         3713    i.ShowCursor        menu.o
    0x08003070   0x08003070   0x0000005c   Code   RO         3824    i.ShowHead1         process.o
    0x080030cc   0x080030cc   0x0000005c   Code   RO         3825    i.ShowHead2         process.o
    0x08003128   0x08003128   0x0000010c   Code   RO         3240    i.Show_Str          gui.o
    0x08003234   0x08003234   0x00000028   Code   RO          141    i.SysTick_CLKSourceConfig  misc.o
    0x0800325c   0x0800325c   0x00000002   Code   RO         4211    i.SysTick_Handler   stm32f10x_it.o
    0x0800325e   0x0800325e   0x00000002   PAD
    0x08003260   0x08003260   0x00000060   Code   RO           27    i.SystemInit        system_stm32f10x.o
    0x080032c0   0x080032c0   0x00000044   Code   RO         4131    i.USART1_IRQHandler  main.o
    0x08003304   0x08003304   0x00000038   Code   RO         4132    i.USART2_IRQHandler  main.o
    0x0800333c   0x0800333c   0x0000004c   Code   RO         4133    i.USART3_IRQHandler  main.o
    0x08003388   0x08003388   0x0000001e   Code   RO         2957    i.USART_ClearITPendingBit  stm32f10x_usart.o
    0x080033a6   0x080033a6   0x00000018   Code   RO         2960    i.USART_Cmd         stm32f10x_usart.o
    0x080033be   0x080033be   0x00000012   Code   RO         2961    i.USART_DMACmd      stm32f10x_usart.o
    0x080033d0   0x080033d0   0x00000054   Code   RO         2964    i.USART_GetITStatus  stm32f10x_usart.o
    0x08003424   0x08003424   0x0000004a   Code   RO         2966    i.USART_ITConfig    stm32f10x_usart.o
    0x0800346e   0x0800346e   0x00000002   PAD
    0x08003470   0x08003470   0x000000d8   Code   RO         2967    i.USART_Init        stm32f10x_usart.o
    0x08003548   0x08003548   0x00000004   Code   RO         4212    i.UsageFault_Handler  stm32f10x_it.o
    0x0800354c   0x0800354c   0x0000000e   Code   RO         4807    i._is_digit         c_w.l(__printf_wp.o)
    0x0800355a   0x0800355a   0x00000002   PAD
    0x0800355c   0x0800355c   0x000000e0   Code   RO         4413    i.check_fs          ff.o
    0x0800363c   0x0800363c   0x00000032   Code   RO         4414    i.clmt_clust        ff.o
    0x0800366e   0x0800366e   0x0000001a   Code   RO         4415    i.clst2sect         ff.o
    0x08003688   0x08003688   0x00000098   Code   RO         4416    i.cmp_lfn           ff.o
    0x08003720   0x08003720   0x00000120   Code   RO         4417    i.create_chain      ff.o
    0x08003840   0x08003840   0x00000268   Code   RO         4418    i.create_name       ff.o
    0x08003aa8   0x08003aa8   0x0000015a   Code   RO         4419    i.create_partition  ff.o
    0x08003c02   0x08003c02   0x0000000c   Code   RO         4420    i.dbc_1st           ff.o
    0x08003c0e   0x08003c0e   0x0000000c   Code   RO         4421    i.dbc_2nd           ff.o
    0x08003c1a   0x08003c1a   0x00000002   PAD
    0x08003c1c   0x08003c1c   0x0000003c   Code   RO         3196    i.delay_init        delay.o
    0x08003c58   0x08003c58   0x0000003c   Code   RO         3197    i.delay_ms          delay.o
    0x08003c94   0x08003c94   0x00000060   Code   RO         4422    i.dir_alloc         ff.o
    0x08003cf4   0x08003cf4   0x0000005e   Code   RO         4423    i.dir_clear         ff.o
    0x08003d52   0x08003d52   0x000000fc   Code   RO         4424    i.dir_find          ff.o
    0x08003e4e   0x08003e4e   0x000000ca   Code   RO         4425    i.dir_next          ff.o
    0x08003f18   0x08003f18   0x00000146   Code   RO         4427    i.dir_register      ff.o
    0x0800405e   0x0800405e   0x0000009a   Code   RO         4429    i.dir_sdi           ff.o
    0x080040f8   0x080040f8   0x00000036   Code   RO         4267    i.disk_initialize   diskio.o
    0x0800412e   0x0800412e   0x00000002   PAD
    0x08004130   0x08004130   0x00000064   Code   RO         4268    i.disk_ioctl        diskio.o
    0x08004194   0x08004194   0x0000003e   Code   RO         4269    i.disk_read         diskio.o
    0x080041d2   0x080041d2   0x00000006   Code   RO         4270    i.disk_status       diskio.o
    0x080041d8   0x080041d8   0x0000003e   Code   RO         4271    i.disk_write        diskio.o
    0x08004216   0x08004216   0x0000004a   Code   RO         4351    i.exf_getfree       mf.o
    0x08004260   0x08004260   0x00000022   Code   RO         4430    i.f_close           ff.o
    0x08004282   0x08004282   0x000000fc   Code   RO         4432    i.f_getfree         ff.o
    0x0800437e   0x0800437e   0x00000002   PAD
    0x08004380   0x08004380   0x000006ac   Code   RO         4437    i.f_mkfs            ff.o
    0x08004a2c   0x08004a2c   0x00000054   Code   RO         4438    i.f_mount           ff.o
    0x08004a80   0x08004a80   0x000001fc   Code   RO         4439    i.f_open            ff.o
    0x08004c7c   0x08004c7c   0x000001ac   Code   RO         4444    i.f_read            ff.o
    0x08004e28   0x08004e28   0x000000a0   Code   RO         4449    i.f_sync            ff.o
    0x08004ec8   0x08004ec8   0x000001ee   Code   RO         4452    i.f_write           ff.o
    0x080050b6   0x080050b6   0x00000002   PAD
    0x080050b8   0x080050b8   0x0000002c   Code   RO         4324    i.ff_oem2uni        ffunicode.o
    0x080050e4   0x080050e4   0x00000040   Code   RO         4325    i.ff_uni2oem        ffunicode.o
    0x08005124   0x08005124   0x000000b0   Code   RO         4326    i.ff_wtoupper       ffunicode.o
    0x080051d4   0x080051d4   0x00000078   Code   RO         4453    i.find_volume       ff.o
    0x0800524c   0x0800524c   0x0000009e   Code   RO         4454    i.follow_path       ff.o
    0x080052ea   0x080052ea   0x00000002   PAD
    0x080052ec   0x080052ec   0x000000d4   Code   RO         4455    i.gen_numname       ff.o
    0x080053c0   0x080053c0   0x000000e0   Code   RO         4456    i.get_fat           ff.o
    0x080054a0   0x080054a0   0x00000004   Code   RO         4272    i.get_fattime       diskio.o
    0x080054a4   0x080054a4   0x0000004e   Code   RO         4458    i.get_ldnumber      ff.o
    0x080054f2   0x080054f2   0x00000026   Code   RO         4459    i.ld_clust          ff.o
    0x08005518   0x08005518   0x00000018   Code   RO         4460    i.ld_dword          ff.o
    0x08005530   0x08005530   0x0000000c   Code   RO         4461    i.ld_word           ff.o
    0x0800553c   0x0800553c   0x00000068   Code   RO         4134    i.main              main.o
    0x080055a4   0x080055a4   0x0000019c   Code   RO         3714    i.menu2_baud        menu.o
    0x08005740   0x08005740   0x000000f8   Code   RO         3715    i.menu2_processmode  menu.o
    0x08005838   0x08005838   0x000000bc   Code   RO         3716    i.menu2_showmode    menu.o
    0x080058f4   0x080058f4   0x00000068   Code   RO         3717    i.menu3_SendToPC    menu.o
    0x0800595c   0x0800595c   0x00000120   Code   RO         3718    i.menu4_toPCBaud    menu.o
    0x08005a7c   0x08005a7c   0x000000f4   Code   RO         4353    i.mf_read           mf.o
    0x08005b70   0x08005b70   0x000002a8   Code   RO         4462    i.mount_volume      ff.o
    0x08005e18   0x08005e18   0x00000034   Code   RO         4463    i.move_window       ff.o
    0x08005e4c   0x08005e4c   0x000000f4   Code   RO         3799    i.myKey_GetNum      mykey.o
    0x08005f40   0x08005f40   0x00000040   Code   RO         3800    i.myKey_Init        mykey.o
    0x08005f80   0x08005f80   0x00000012   Code   RO         3631    i.myLCD_Init        mylcd.o
    0x08005f92   0x08005f92   0x00000002   PAD
    0x08005f94   0x08005f94   0x00000024   Code   RO         3632    i.myLCD_Power_Init  mylcd.o
    0x08005fb8   0x08005fb8   0x00000010   Code   RO         3634    i.myLCD_Power_On    mylcd.o
    0x08005fc8   0x08005fc8   0x0000002c   Code   RO         3635    i.myLCD_ShowChar    mylcd.o
    0x08005ff4   0x08005ff4   0x000000f8   Code   RO         3636    i.myLCD_ShowHexNum  mylcd.o
    0x080060ec   0x080060ec   0x0000001a   Code   RO         3637    i.myLCD_ShowString  mylcd.o
    0x08006106   0x08006106   0x00000016   Code   RO         3244    i.mypow             gui.o
    0x0800611c   0x0800611c   0x0000001c   Code   RO         3828    i.process           process.o
    0x08006138   0x08006138   0x00000138   Code   RO         4465    i.put_fat           ff.o
    0x08006270   0x08006270   0x00000080   Code   RO         4466    i.put_lfn           ff.o
    0x080062f0   0x080062f0   0x0000009a   Code   RO         4471    i.remove_chain      ff.o
    0x0800638a   0x0800638a   0x00000002   PAD
    0x0800638c   0x0800638c   0x0000003c   Code   RO         3931    i.serial_Change13Baud  serial.o
    0x080063c8   0x080063c8   0x00000030   Code   RO         3932    i.serial_Change2Baud  serial.o
    0x080063f8   0x080063f8   0x00000024   Code   RO         4472    i.st_clust          ff.o
    0x0800641c   0x0800641c   0x00000018   Code   RO         4473    i.st_dword          ff.o
    0x08006434   0x08006434   0x0000000c   Code   RO         4474    i.st_word           ff.o
    0x08006440   0x08006440   0x00000020   Code   RO         4475    i.sum_sfn           ff.o
    0x08006460   0x08006460   0x0000008c   Code   RO         4476    i.sync_fs           ff.o
    0x080064ec   0x080064ec   0x0000004a   Code   RO         4477    i.sync_window       ff.o
    0x08006536   0x08006536   0x0000004c   Code   RO         4478    i.tchar2uni         ff.o
    0x08006582   0x08006582   0x00000002   PAD
    0x08006584   0x08006584   0x00000024   Code   RO         3933    i.uart1DmaClear     serial.o
    0x080065a8   0x080065a8   0x00000058   Code   RO         3934    i.uart2SendArray    serial.o
    0x08006600   0x08006600   0x00000024   Code   RO         3935    i.uart3DmaClear     serial.o
    0x08006624   0x08006624   0x00000214   Code   RO         3719    i.user_define       menu.o
    0x08006838   0x08006838   0x0000003c   Code   RO         4479    i.validate          ff.o
    0x08006874   0x08006874   0x000013e4   Data   RO         3245    .constdata          gui.o
    0x08007c58   0x08007c58   0x00000064   Data   RO         3638    .constdata          mylcd.o
    0x08007cbc   0x08007cbc   0x00000010   Data   RO         3720    .constdata          menu.o
    0x08007ccc   0x08007ccc   0x000003ae   Data   RO         4327    .constdata          ffunicode.o
    0x0800807a   0x0800807a   0x00000002   PAD
    0x0800807c   0x0800807c   0x000000cc   Data   RO         4480    .constdata          ff.o
    0x08008148   0x08008148   0x00000020   Data   RO         5006    Region$$Table       anon$$obj.o


    Execution Region RW_IRAM1 (Exec base: 0x20000000, Load base: 0x08008168, Size: 0x00002f80, Max: 0x00005000, ABSOLUTE)

    Exec Addr    Load Addr    Size         Type   Attr      Idx    E Section Name        Object

    0x20000000   0x08008168   0x00000014   Data   RW         1805    .data               stm32f10x_rcc.o
    0x20000014   0x0800817c   0x00000004   Data   RW         3199    .data               delay.o
    0x20000018   0x08008180   0x00000006   Data   RW         3386    .data               lcd.o
    0x2000001e   0x08008186   0x00000046   Data   RW         3721    .data               menu.o
    0x20000064   0x080081cc   0x00000003   Data   RW         3829    .data               process.o
    0x20000067   0x080081cf   0x00000001   Data   RW         4000    .data               mmc_sd.o
    0x20000068   0x080081d0   0x00000001   Data   RW         4135    .data               main.o
    0x20000069   0x080081d1   0x00000003   PAD
    0x2000006c   0x080081d4   0x00000008   Data   RW         4357    .data               mf.o
    0x20000074   0x080081dc   0x00000006   Data   RW         4481    .data               ff.o
    0x2000007a   0x080081e2   0x00000002   PAD
    0x2000007c        -       0x0000000e   Zero   RW         3385    .bss                lcd.o
    0x2000008a   0x080081e2   0x00000002   PAD
    0x2000008c        -       0x00001a1c   Zero   RW         3936    .bss                serial.o
    0x20001aa8        -       0x00000012   Zero   RW         4107    .bss                sd_spi.o
    0x20001aba   0x080081e2   0x00000002   PAD
    0x20001abc        -       0x00000e60   Zero   RW         4356    .bss                mf.o
    0x2000291c        -       0x00000060   Zero   RW         4880    .bss                c_w.l(libspace.o)
    0x2000297c   0x080081e2   0x00000004   PAD
    0x20002980        -       0x00000200   Zero   RW            2    HEAP                startup_stm32f10x_md.o
    0x20002b80        -       0x00000400   Zero   RW            1    STACK               startup_stm32f10x_md.o


==============================================================================

Image component sizes


      Code (inc. data)   RO Data    RW Data    ZI Data      Debug   Object Name

         0          0          0          0          0       4500   core_cm3.o
       120         12          0          4          0       1160   delay.o
       288          4          0          0          0       7384   diskio.o
      9164        174        204          6          0      53223   ff.o
       284         32        942          0          0       2584   ffunicode.o
      2094         88       5092          0          0      11032   gui.o
      1228         70          0          6         14       8425   lcd.o
       304         48          0          1          0       2104   main.o
      3632        558         16         70          0       7126   menu.o
       318         94          0          8       3680       1885   mf.o
       172         22          0          0          0     205197   misc.o
      1292         32          0          1          0      10022   mmc_sd.o
       308         12          0          0          0       1088   mykey.o
       388         26        100          0          0       3618   mylcd.o
      1936        444          0          3          0       8547   process.o
       252         30          0          0         18       1869   sd_spi.o
       992         74          0          0       6684       4833   serial.o
       186          8          0          0          0       1356   spi.o
        64         26        236          0       1536        808   startup_stm32f10x_md.o
         0          0          0          0          0       1652   stm32f10x_adc.o
        96          0          0          0          0      13463   stm32f10x_dma.o
       444          6          0          0          0      12057   stm32f10x_gpio.o
        26          0          0          0          0       3686   stm32f10x_it.o
       308         38          0         20          0      13454   stm32f10x_rcc.o
       112          0          0          0          0      10442   stm32f10x_spi.o
       446          6          0          0          0      11375   stm32f10x_usart.o
       328         28          0          0          0      41533   system_stm32f10x.o

    ----------------------------------------------------------------------
     24812       1832       6624        124      11936     444423   Object Totals
         0          0         32          0          0          0   (incl. Generated)
        30          0          2          5          4          0   (incl. Padding)

    ----------------------------------------------------------------------

      Code (inc. data)   RO Data    RW Data    ZI Data      Debug   Library Member Name

         8          0          0          0          0         68   __main.o
       284          0          0          0          0        156   __printf_wp.o
         0          0          0          0          0          0   __rtentry.o
        12          0          0          0          0          0   __rtentry2.o
         6          0          0          0          0          0   __rtentry4.o
        52          8          0          0          0          0   __scatter.o
        26          0          0          0          0          0   __scatter_copy.o
        28          0          0          0          0          0   __scatter_zi.o
        48          6          0          0          0         96   _printf_char_common.o
         6          0          0          0          0          0   _printf_d.o
       120         16          0          0          0         92   _printf_dec.o
       178          0          0          0          0         88   _printf_intcommon.o
        78          0          0          0          0        108   _printf_pad.o
         0          0          0          0          0          0   _printf_percent.o
         4          0          0          0          0          0   _printf_percent_end.o
        10          0          0          0          0         68   _sputc.o
        16          0          0          0          0         68   aeabi_memset.o
        18          0          0          0          0         80   exit.o
         6          0          0          0          0        152   heapauxi.o
         0          0          0          0          0          0   indicate_semi.o
         2          0          0          0          0          0   libinit.o
         2          0          0          0          0          0   libinit2.o
         2          0          0          0          0          0   libshutdown.o
         2          0          0          0          0          0   libshutdown2.o
         8          4          0          0         96         68   libspace.o
        88          0          0          0          0         76   memcmp.o
        40          6          0          0          0         84   noretval__2sprintf.o
        68          0          0          0          0         68   rt_memclr.o
        78          0          0          0          0         80   rt_memclr_w.o
       138          0          0          0          0         68   rt_memcpy_v6.o
       100          0          0          0          0         80   rt_memcpy_w.o
         2          0          0          0          0          0   rtexit.o
        10          0          0          0          0          0   rtexit2.o
        20          0          0          0          0         68   strchr.o
        72          0          0          0          0         80   strcpy.o
        62          0          0          0          0         76   strlen.o
        12          4          0          0          0         68   sys_exit.o
        74          0          0          0          0         80   sys_stackheap_outer.o
         2          0          0          0          0         68   use_no_semi.o

    ----------------------------------------------------------------------
      1692         44          0          0        100       1940   Library Totals
        10          0          0          0          4          0   (incl. Padding)

    ----------------------------------------------------------------------

      Code (inc. data)   RO Data    RW Data    ZI Data      Debug   Library Name

      1682         44          0          0         96       1940   c_w.l

    ----------------------------------------------------------------------
      1692         44          0          0        100       1940   Library Totals

    ----------------------------------------------------------------------

==============================================================================


      Code (inc. data)   RO Data    RW Data    ZI Data      Debug   

     26504       1876       6624        124      12036     436219   Grand Totals
     26504       1876       6624        124      12036     436219   ELF Image Totals
     26504       1876       6624        124          0          0   ROM Totals

==============================================================================

    Total RO  Size (Code + RO Data)                33128 (  32.35kB)
    Total RW  Size (RW Data + ZI Data)             12160 (  11.88kB)
    Total ROM Size (Code + RO Data + RW Data)      33252 (  32.47kB)

==============================================================================

