Component: ARM Compiler 5.06 update 5 (build 528) Tool: armlink [4d35e2]

==============================================================================

Section Cross References

    common.o(i.FLASH_DisableWriteProtectionPages) refers to stm32f10x_flash.o(i.FLASH_GetWriteProtectionOptionByte) for FLASH_GetWriteProtectionOptionByte
    common.o(i.FLASH_DisableWriteProtectionPages) refers to stm32f10x_flash.o(i.FLASH_GetUserOptionByte) for FLASH_GetUserOptionByte
    common.o(i.FLASH_DisableWriteProtectionPages) refers to stm32f10x_flash.o(i.FLASH_EraseOptionBytes) for FLASH_EraseOptionBytes
    common.o(i.FLASH_DisableWriteProtectionPages) refers to stm32f10x_flash.o(i.FLASH_EnableWriteProtection) for FLASH_EnableWriteProtection
    common.o(i.FLASH_DisableWriteProtectionPages) refers to stm32f10x_flash.o(i.FLASH_UserOptionByteConfig) for FLASH_UserOptionByteConfig
    common.o(i.FLASH_DisableWriteProtectionPages) refers to common.o(i.Serial_PutString) for Serial_PutString
    common.o(i.FLASH_DisableWriteProtectionPages) refers to common.o(.data) for UserMemoryMask
    common.o(i.FLASH_DisableWriteProtectionPages) refers to common.o(.conststring) for .conststring
    common.o(i.GetInputString) refers to common.o(i.GetKey) for GetKey
    common.o(i.GetInputString) refers to common.o(i.Serial_PutString) for Serial_PutString
    common.o(i.GetInputString) refers to common.o(i.SerialPutChar) for SerialPutChar
    common.o(i.GetIntegerInput) refers to common.o(i.GetInputString) for GetInputString
    common.o(i.GetIntegerInput) refers to common.o(i.Serial_PutString) for Serial_PutString
    common.o(i.GetIntegerInput) refers to common.o(i.Str2Int) for Str2Int
    common.o(i.GetKey) refers to common.o(i.SerialKeyPressed) for SerialKeyPressed
    common.o(i.Main_Menu) refers to stm32f10x_flash.o(i.FLASH_GetWriteProtectionOptionByte) for FLASH_GetWriteProtectionOptionByte
    common.o(i.Main_Menu) refers to common.o(i.Serial_PutString) for Serial_PutString
    common.o(i.Main_Menu) refers to common.o(i.GetKey) for GetKey
    common.o(i.Main_Menu) refers to download.o(i.SerialDownload) for SerialDownload
    common.o(i.Main_Menu) refers to upload.o(i.SerialUpload) for SerialUpload
    common.o(i.Main_Menu) refers to core_cm3.o(.emb_text) for __set_MSP
    common.o(i.Main_Menu) refers to common.o(i.FLASH_DisableWriteProtectionPages) for FLASH_DisableWriteProtectionPages
    common.o(i.Main_Menu) refers to ymodem.o(.data) for FlashDestination
    common.o(i.Main_Menu) refers to common.o(.data) for BlockNbr
    common.o(i.SerialKeyPressed) refers to stm32f10x_usart.o(i.USART_GetFlagStatus) for USART_GetFlagStatus
    common.o(i.SerialPutChar) refers to stm32f10x_usart.o(i.USART_SendData) for USART_SendData
    common.o(i.SerialPutChar) refers to stm32f10x_usart.o(i.USART_GetFlagStatus) for USART_GetFlagStatus
    common.o(i.Serial_PutString) refers to common.o(i.SerialPutChar) for SerialPutChar
    download.o(i.SerialDownload) refers to common.o(i.Serial_PutString) for Serial_PutString
    download.o(i.SerialDownload) refers to ymodem.o(i.Ymodem_Receive) for Ymodem_Receive
    download.o(i.SerialDownload) refers to common.o(i.Int2Str) for Int2Str
    download.o(i.SerialDownload) refers to download.o(.bss) for tab_1024
    download.o(i.SerialDownload) refers to download.o(.conststring) for .conststring
    download.o(i.SerialDownload) refers to ymodem.o(.bss) for file_name
    main.o(i.IAP_Init) refers to stm32_eval.o(i.STM_EVAL_COMInit) for STM_EVAL_COMInit
    main.o(i.main) refers to stm32f10x_flash.o(i.FLASH_Unlock) for FLASH_Unlock
    main.o(i.main) refers to mykey.o(i.myKey_Init) for myKey_Init
    main.o(i.main) refers to stm32f10x_gpio.o(i.GPIO_ReadInputDataBit) for GPIO_ReadInputDataBit
    main.o(i.main) refers to mylcd.o(i.myLCD_Power_Init) for myLCD_Power_Init
    main.o(i.main) refers to mylcd.o(i.myLCD_Power_On) for myLCD_Power_On
    main.o(i.main) refers to mylcd.o(i.myLCD_Init) for myLCD_Init
    main.o(i.main) refers to mylcd.o(i.myLCD_ShowString) for myLCD_ShowString
    main.o(i.main) refers to main.o(i.IAP_Init) for IAP_Init
    main.o(i.main) refers to common.o(i.Serial_PutString) for Serial_PutString
    main.o(i.main) refers to common.o(i.Main_Menu) for Main_Menu
    main.o(i.main) refers to core_cm3.o(.emb_text) for __set_MSP
    main.o(i.main) refers to mylcd.o(.constdata) for Y
    main.o(i.main) refers to mylcd.o(.constdata) for X
    main.o(i.main) refers to main.o(.conststring) for .conststring
    main.o(i.main) refers to common.o(.data) for JumpAddress
    ymodem.o(i.Cal_CRC16) refers to ymodem.o(i.UpdateCRC16) for UpdateCRC16
    ymodem.o(i.Receive_Byte) refers to common.o(i.SerialKeyPressed) for SerialKeyPressed
    ymodem.o(i.Receive_Packet) refers to ymodem.o(i.Receive_Byte) for Receive_Byte
    ymodem.o(i.Send_Byte) refers to common.o(i.SerialPutChar) for SerialPutChar
    ymodem.o(i.Ymodem_PrepareIntialPacket) refers to common.o(i.Int2Str) for Int2Str
[...]
    stm32_eval.o(i.STM_EVAL_COMInit) refers to stm32_eval.o(.data) for COM_TX_PORT
    stm32_eval.o(i.STM_EVAL_LEDInit) refers to stm32f10x_rcc.o(i.RCC_APB2PeriphClockCmd) for RCC_APB2PeriphClockCmd
    stm32_eval.o(i.STM_EVAL_LEDInit) refers to stm32f10x_gpio.o(i.GPIO_Init) for GPIO_Init
    stm32_eval.o(i.STM_EVAL_LEDInit) refers to stm32_eval.o(.constdata) for GPIO_CLK
    stm32_eval.o(i.STM_EVAL_LEDInit) refers to stm32_eval.o(.data) for GPIO_PORT
    stm32_eval.o(i.STM_EVAL_LEDOff) refers to stm32_eval.o(.constdata) for GPIO_PIN
    stm32_eval.o(i.STM_EVAL_LEDOff) refers to stm32_eval.o(.data) for GPIO_PORT
    stm32_eval.o(i.STM_EVAL_LEDOn) refers to stm32_eval.o(.constdata) for GPIO_PIN
    stm32_eval.o(i.STM_EVAL_LEDOn) refers to stm32_eval.o(.data) for GPIO_PORT
    stm32_eval.o(i.STM_EVAL_LEDToggle) refers to stm32_eval.o(.data) for GPIO_PORT
    stm32_eval.o(i.STM_EVAL_LEDToggle) refers to stm32_eval.o(.constdata) for GPIO_PIN
    stm32_eval.o(i.STM_EVAL_PBGetState) refers to stm32f10x_gpio.o(i.GPIO_ReadInputDataBit) for GPIO_ReadInputDataBit
    stm32_eval.o(i.STM_EVAL_PBGetState) refers to stm32_eval.o(.constdata) for BUTTON_PIN
    stm32_eval.o(i.STM_EVAL_PBGetState) refers to stm32_eval.o(.data) for BUTTON_PORT
    stm32_eval.o(i.STM_EVAL_PBInit) refers to stm32f10x_rcc.o(i.RCC_APB2PeriphClockCmd) for RCC_APB2PeriphClockCmd
    stm32_eval.o(i.STM_EVAL_PBInit) refers to stm32f10x_gpio.o(i.GPIO_Init) for GPIO_Init
    stm32_eval.o(i.STM_EVAL_PBInit) refers to stm32f10x_gpio.o(i.GPIO_EXTILineConfig) for GPIO_EXTILineConfig
    stm32_eval.o(i.STM_EVAL_PBInit) refers to stm32f10x_exti.o(i.EXTI_Init) for EXTI_Init
    stm32_eval.o(i.STM_EVAL_PBInit) refers to misc.o(i.NVIC_Init) for NVIC_Init
    stm32_eval.o(i.STM_EVAL_PBInit) refers to stm32_eval.o(.constdata) for BUTTON_CLK
    stm32_eval.o(i.STM_EVAL_PBInit) refers to stm32_eval.o(.data) for BUTTON_PORT
    stm32_eval.o(i.sEE_LowLevel_DMAConfig) refers to stm32f10x_dma.o(i.DMA_Init) for DMA_Init
    stm32_eval.o(i.sEE_LowLevel_DMAConfig) refers to stm32_eval.o(.bss) for sEEDMA_InitStructure
    stm32_eval.o(i.sEE_LowLevel_DeInit) refers to stm32f10x_i2c.o(i.I2C_Cmd) for I2C_Cmd
    stm32_eval.o(i.sEE_LowLevel_DeInit) refers to stm32f10x_i2c.o(i.I2C_DeInit) for I2C_DeInit
    stm32_eval.o(i.sEE_LowLevel_DeInit) refers to stm32f10x_rcc.o(i.RCC_APB1PeriphClockCmd) for RCC_APB1PeriphClockCmd
    stm32_eval.o(i.sEE_LowLevel_DeInit) refers to stm32f10x_gpio.o(i.GPIO_Init) for GPIO_Init
    stm32_eval.o(i.sEE_LowLevel_DeInit) refers to misc.o(i.NVIC_Init) for NVIC_Init
    stm32_eval.o(i.sEE_LowLevel_DeInit) refers to stm32f10x_dma.o(i.DMA_Cmd) for DMA_Cmd
    stm32_eval.o(i.sEE_LowLevel_DeInit) refers to stm32f10x_dma.o(i.DMA_DeInit) for DMA_DeInit
    stm32_eval.o(i.sEE_LowLevel_Init) refers to stm32f10x_rcc.o(i.RCC_APB2PeriphClockCmd) for RCC_APB2PeriphClockCmd
    stm32_eval.o(i.sEE_LowLevel_Init) refers to stm32f10x_rcc.o(i.RCC_APB1PeriphClockCmd) for RCC_APB1PeriphClockCmd
    stm32_eval.o(i.sEE_LowLevel_Init) refers to stm32f10x_gpio.o(i.GPIO_Init) for GPIO_Init
    stm32_eval.o(i.sEE_LowLevel_Init) refers to misc.o(i.NVIC_Init) for NVIC_Init
    stm32_eval.o(i.sEE_LowLevel_Init) refers to stm32f10x_rcc.o(i.RCC_AHBPeriphClockCmd) for RCC_AHBPeriphClockCmd
    stm32_eval.o(i.sEE_LowLevel_Init) refers to stm32f10x_dma.o(i.DMA_DeInit) for DMA_DeInit
    stm32_eval.o(i.sEE_LowLevel_Init) refers to stm32f10x_dma.o(i.DMA_Init) for DMA_Init
    stm32_eval.o(i.sEE_LowLevel_Init) refers to stm32f10x_dma.o(i.DMA_ITConfig) for DMA_ITConfig
    stm32_eval.o(i.sEE_LowLevel_Init) refers to stm32_eval.o(.bss) for sEEDMA_InitStructure
    stm32_eval.o(i.sFLASH_LowLevel_DeInit) refers to stm32f10x_spi.o(i.SPI_Cmd) for SPI_Cmd
    stm32_eval.o(i.sFLASH_LowLevel_DeInit) refers to stm32f10x_spi.o(i.SPI_I2S_DeInit) for SPI_I2S_DeInit
    stm32_eval.o(i.sFLASH_LowLevel_DeInit) refers to stm32f10x_rcc.o(i.RCC_APB2PeriphClockCmd) for RCC_APB2PeriphClockCmd
    stm32_eval.o(i.sFLASH_LowLevel_DeInit) refers to stm32f10x_gpio.o(i.GPIO_Init) for GPIO_Init
    stm32_eval.o(i.sFLASH_LowLevel_Init) refers to stm32f10x_rcc.o(i.RCC_APB2PeriphClockCmd) for RCC_APB2PeriphClockCmd
    stm32_eval.o(i.sFLASH_LowLevel_Init) refers to stm32f10x_gpio.o(i.GPIO_Init) for GPIO_Init
    startup_stm32f10x_hd_vl.o(RESET) refers to startup_stm32f10x_hd_vl.o(STACK) for __initial_sp
    startup_stm32f10x_hd_vl.o(RESET) refers to startup_stm32f10x_hd_vl.o(.text) for Reset_Handler
    startup_stm32f10x_hd_vl.o(RESET) refers to stm32f10x_it.o(i.NMI_Handler) for NMI_Handler
    startup_stm32f10x_hd_vl.o(RESET) refers to stm32f10x_it.o(i.HardFault_Handler) for HardFault_Handler
    startup_stm32f10x_hd_vl.o(RESET) refers to stm32f10x_it.o(i.MemManage_Handler) for MemManage_Handler
    startup_stm32f10x_hd_vl.o(RESET) refers to stm32f10x_it.o(i.BusFault_Handler) for BusFault_Handler
    startup_stm32f10x_hd_vl.o(RESET) refers to stm32f10x_it.o(i.UsageFault_Handler) for UsageFault_Handler
    startup_stm32f10x_hd_vl.o(RESET) refers to stm32f10x_it.o(i.SVC_Handler) for SVC_Handler
    startup_stm32f10x_hd_vl.o(RESET) refers to stm32f10x_it.o(i.DebugMon_Handler) for DebugMon_Handler
    startup_stm32f10x_hd_vl.o(RESET) refers to stm32f10x_it.o(i.PendSV_Handler) for PendSV_Handler
    startup_stm32f10x_hd_vl.o(RESET) refers to stm32f10x_it.o(i.SysTick_Handler) for SysTick_Handler
    startup_stm32f10x_hd_vl.o(.text) refers to system_stm32f10x.o(i.SystemInit) for SystemInit
    startup_stm32f10x_hd_vl.o(.text) refers to entry.o(.ARM.Collect$$$$00000000) for __main
    delay.o(i.delay_init) refers to misc.o(i.SysTick_CLKSourceConfig) for SysTick_CLKSourceConfig
    delay.o(i.delay_init) refers to delay.o(.data) for fac_us
    delay.o(i.delay_ms) refers to delay.o(.data) for fac_ms
    delay.o(i.delay_us) refers to delay.o(.data) for fac_us
    gui.o(i.Draw_Triangel) refers to gui.o(i.LCD_DrawLine) for LCD_DrawLine
    gui.o(i.Fill_Triangel) refers to gui.o(i._swap) for _swap
    gui.o(i.Fill_Triangel) refers to gui.o(i.LCD_Fill) for LCD_Fill
    gui.o(i.Fill_Triangel) refers to lcd.o(.data) for POINT_COLOR
    gui.o(i.GUI_DrawFont16) refers to lcd.o(i.LCD_SetWindows) for LCD_SetWindows
    gui.o(i.GUI_DrawFont16) refers to lcd.o(i.Lcd_WriteData_16Bit) for Lcd_WriteData_16Bit
    gui.o(i.GUI_DrawFont16) refers to lcd.o(i.LCD_DrawPoint) for LCD_DrawPoint
    gui.o(i.GUI_DrawFont16) refers to gui.o(.constdata) for tfont16
    gui.o(i.GUI_DrawFont16) refers to lcd.o(.data) for POINT_COLOR
    gui.o(i.GUI_DrawFont16) refers to lcd.o(.bss) for lcddev
    gui.o(i.GUI_DrawFont24) refers to lcd.o(i.LCD_SetWindows) for LCD_SetWindows
    gui.o(i.GUI_DrawFont24) refers to lcd.o(i.Lcd_WriteData_16Bit) for Lcd_WriteData_16Bit
    gui.o(i.GUI_DrawFont24) refers to lcd.o(i.LCD_DrawPoint) for LCD_DrawPoint
    gui.o(i.GUI_DrawFont24) refers to gui.o(.constdata) for tfont24
    gui.o(i.GUI_DrawFont24) refers to lcd.o(.data) for POINT_COLOR
    gui.o(i.GUI_DrawFont24) refers to lcd.o(.bss) for lcddev
    gui.o(i.GUI_DrawFont32) refers to lcd.o(i.LCD_SetWindows) for LCD_SetWindows
    gui.o(i.GUI_DrawFont32) refers to lcd.o(i.Lcd_WriteData_16Bit) for Lcd_WriteData_16Bit
    gui.o(i.GUI_DrawFont32) refers to lcd.o(i.LCD_DrawPoint) for LCD_DrawPoint
    gui.o(i.GUI_DrawFont32) refers to gui.o(.constdata) for tfont32
    gui.o(i.GUI_DrawFont32) refers to lcd.o(.data) for POINT_COLOR
    gui.o(i.GUI_DrawFont32) refers to lcd.o(.bss) for lcddev
    gui.o(i.GUI_DrawPoint) refers to lcd.o(i.LCD_SetCursor) for LCD_SetCursor
    gui.o(i.GUI_DrawPoint) refers to lcd.o(i.Lcd_WriteData_16Bit) for Lcd_WriteData_16Bit
    gui.o(i.Gui_Drawbmp16) refers to lcd.o(i.LCD_SetWindows) for LCD_SetWindows
    gui.o(i.Gui_Drawbmp16) refers to lcd.o(i.Lcd_WriteData_16Bit) for Lcd_WriteData_16Bit
    gui.o(i.Gui_Drawbmp16) refers to lcd.o(.bss) for lcddev
    gui.o(i.Gui_StrCenter) refers to strlen.o(.text) for strlen
    gui.o(i.Gui_StrCenter) refers to gui.o(i.Show_Str) for Show_Str
    gui.o(i.Gui_StrCenter) refers to lcd.o(.bss) for lcddev
    gui.o(i.LCD_DrawFillRectangle) refers to gui.o(i.LCD_Fill) for LCD_Fill
    gui.o(i.LCD_DrawFillRectangle) refers to lcd.o(.data) for POINT_COLOR
    gui.o(i.LCD_DrawLine) refers to lcd.o(i.LCD_DrawPoint) for LCD_DrawPoint
    gui.o(i.LCD_DrawRectangle) refers to gui.o(i.LCD_DrawLine) for LCD_DrawLine
    gui.o(i.LCD_Fill) refers to lcd.o(i.LCD_SetWindows) for LCD_SetWindows
    gui.o(i.LCD_Fill) refers to lcd.o(i.Lcd_WriteData_16Bit) for Lcd_WriteData_16Bit
    gui.o(i.LCD_Fill) refers to lcd.o(.bss) for lcddev
    gui.o(i.LCD_ShowChar) refers to lcd.o(i.LCD_SetWindows) for LCD_SetWindows
    gui.o(i.LCD_ShowChar) refers to lcd.o(i.Lcd_WriteData_16Bit) for Lcd_WriteData_16Bit
    gui.o(i.LCD_ShowChar) refers to lcd.o(i.LCD_DrawPoint) for LCD_DrawPoint
    gui.o(i.LCD_ShowChar) refers to lcd.o(.data) for POINT_COLOR
    gui.o(i.LCD_ShowChar) refers to gui.o(.constdata) for asc2_1206
    gui.o(i.LCD_ShowChar) refers to lcd.o(.bss) for lcddev
    gui.o(i.LCD_ShowNum) refers to gui.o(i.mypow) for mypow
    gui.o(i.LCD_ShowNum) refers to gui.o(i.LCD_ShowChar) for LCD_ShowChar
    gui.o(i.LCD_ShowNum) refers to lcd.o(.data) for BACK_COLOR
    gui.o(i.LCD_ShowString) refers to gui.o(i.LCD_ShowChar) for LCD_ShowChar
    gui.o(i.LCD_ShowString) refers to lcd.o(.bss) for lcddev
    gui.o(i.LCD_ShowString) refers to lcd.o(.data) for BACK_COLOR
    gui.o(i.Show_Str) refers to gui.o(i.LCD_ShowChar) for LCD_ShowChar
    gui.o(i.Show_Str) refers to gui.o(i.GUI_DrawFont32) for GUI_DrawFont32
    gui.o(i.Show_Str) refers to gui.o(i.GUI_DrawFont24) for GUI_DrawFont24
    gui.o(i.Show_Str) refers to gui.o(i.GUI_DrawFont16) for GUI_DrawFont16
    gui.o(i.Show_Str) refers to lcd.o(.bss) for lcddev
    gui.o(i._draw_circle_8) refers to gui.o(i.GUI_DrawPoint) for GUI_DrawPoint
    gui.o(i.gui_circle) refers to gui.o(i._draw_circle_8) for _draw_circle_8
    lcd.o(i.LCD_Clear) refers to lcd.o(i.LCD_SetWindows) for LCD_SetWindows
    lcd.o(i.LCD_Clear) refers to lcd.o(i.Lcd_WriteData_16Bit) for Lcd_WriteData_16Bit
    lcd.o(i.LCD_Clear) refers to lcd.o(.bss) for lcddev
    lcd.o(i.LCD_DrawPoint) refers to lcd.o(i.LCD_SetCursor) for LCD_SetCursor
    lcd.o(i.LCD_DrawPoint) refers to lcd.o(i.Lcd_WriteData_16Bit) for Lcd_WriteData_16Bit
    lcd.o(i.LCD_DrawPoint) refers to lcd.o(.data) for POINT_COLOR
    lcd.o(i.LCD_GPIOInit) refers to stm32f10x_rcc.o(i.RCC_APB2PeriphClockCmd) for RCC_APB2PeriphClockCmd
    lcd.o(i.LCD_GPIOInit) refers to stm32f10x_gpio.o(i.GPIO_Init) for GPIO_Init
    lcd.o(i.LCD_Init) refers to spi.o(i.SPI1_Init) for SPI1_Init
    lcd.o(i.LCD_Init) refers to lcd.o(i.LCD_GPIOInit) for LCD_GPIOInit
    lcd.o(i.LCD_Init) refers to lcd.o(i.LCD_RESET) for LCD_RESET
    lcd.o(i.LCD_Init) refers to lcd.o(i.LCD_WR_REG) for LCD_WR_REG
    lcd.o(i.LCD_Init) refers to lcd.o(i.LCD_WR_DATA) for LCD_WR_DATA
    lcd.o(i.LCD_Init) refers to delay.o(i.delay_ms) for delay_ms
    lcd.o(i.LCD_Init) refers to lcd.o(i.LCD_direction) for LCD_direction
    lcd.o(i.LCD_Init) refers to lcd.o(i.LCD_Clear) for LCD_Clear
    lcd.o(i.LCD_RESET) refers to delay.o(i.delay_ms) for delay_ms
    lcd.o(i.LCD_SetCursor) refers to lcd.o(i.LCD_SetWindows) for LCD_SetWindows
    lcd.o(i.LCD_SetWindows) refers to lcd.o(i.LCD_WR_REG) for LCD_WR_REG
    lcd.o(i.LCD_SetWindows) refers to lcd.o(i.LCD_WR_DATA) for LCD_WR_DATA
    lcd.o(i.LCD_SetWindows) refers to lcd.o(i.LCD_WriteRAM_Prepare) for LCD_WriteRAM_Prepare
    lcd.o(i.LCD_SetWindows) refers to lcd.o(.bss) for lcddev
    lcd.o(i.LCD_WR_DATA) refers to spi.o(i.SPI_WriteByte) for SPI_WriteByte
    lcd.o(i.LCD_WR_REG) refers to spi.o(i.SPI_WriteByte) for SPI_WriteByte
    lcd.o(i.LCD_WriteRAM_Prepare) refers to lcd.o(i.LCD_WR_REG) for LCD_WR_REG
    lcd.o(i.LCD_WriteRAM_Prepare) refers to lcd.o(.bss) for lcddev
    lcd.o(i.LCD_WriteReg) refers to lcd.o(i.LCD_WR_REG) for LCD_WR_REG
    lcd.o(i.LCD_WriteReg) refers to lcd.o(i.LCD_WR_DATA) for LCD_WR_DATA
    lcd.o(i.LCD_direction) refers to lcd.o(i.LCD_WriteReg) for LCD_WriteReg
    lcd.o(i.LCD_direction) refers to lcd.o(.bss) for lcddev
    lcd.o(i.Lcd_WriteData_16Bit) refers to spi.o(i.SPI_WriteByte) for SPI_WriteByte
    mylcd.o(i.myLCD_Init) refers to system_stm32f10x.o(i.SystemInit) for SystemInit
    mylcd.o(i.myLCD_Init) refers to delay.o(i.delay_init) for delay_init
    mylcd.o(i.myLCD_Init) refers to lcd.o(i.LCD_Init) for LCD_Init
    mylcd.o(i.myLCD_Power_Init) refers to stm32f10x_rcc.o(i.RCC_APB2PeriphClockCmd) for RCC_APB2PeriphClockCmd
    mylcd.o(i.myLCD_Power_Init) refers to stm32f10x_gpio.o(i.GPIO_Init) for GPIO_Init
    mylcd.o(i.myLCD_Power_Off) refers to stm32f10x_gpio.o(i.GPIO_ResetBits) for GPIO_ResetBits
    mylcd.o(i.myLCD_Power_On) refers to stm32f10x_gpio.o(i.GPIO_SetBits) for GPIO_SetBits
    mylcd.o(i.myLCD_ShowChar) refers to gui.o(i.LCD_ShowChar) for LCD_ShowChar
    mylcd.o(i.myLCD_ShowChar) refers to lcd.o(.data) for BACK_COLOR
    mylcd.o(i.myLCD_ShowHexNum) refers to gui.o(i.LCD_ShowChar) for LCD_ShowChar
    mylcd.o(i.myLCD_ShowHexNum) refers to lcd.o(.data) for BACK_COLOR
    mylcd.o(i.myLCD_ShowString) refers to gui.o(i.LCD_ShowString) for LCD_ShowString
    spi.o(i.SPI1_Init) refers to stm32f10x_rcc.o(i.RCC_APB2PeriphClockCmd) for RCC_APB2PeriphClockCmd
    spi.o(i.SPI1_Init) refers to stm32f10x_gpio.o(i.GPIO_Init) for GPIO_Init
    spi.o(i.SPI1_Init) refers to stm32f10x_spi.o(i.SPI_Init) for SPI_Init
    spi.o(i.SPI1_Init) refers to stm32f10x_spi.o(i.SPI_Cmd) for SPI_Cmd
    test.o(i.Chinese_Font_test) refers to test.o(i.DrawTestPage) for DrawTestPage
    test.o(i.Chinese_Font_test) refers to gui.o(i.Show_Str) for Show_Str
    test.o(i.Chinese_Font_test) refers to delay.o(i.delay_ms) for delay_ms
    test.o(i.DrawTestPage) refers to lcd.o(i.LCD_Clear) for LCD_Clear
    test.o(i.DrawTestPage) refers to gui.o(i.LCD_Fill) for LCD_Fill
    test.o(i.DrawTestPage) refers to gui.o(i.Gui_StrCenter) for Gui_StrCenter
    test.o(i.DrawTestPage) refers to lcd.o(.bss) for lcddev
    test.o(i.DrawTestPage) refers to lcd.o(.data) for POINT_COLOR
    test.o(i.English_Font_test) refers to test.o(i.DrawTestPage) for DrawTestPage
    test.o(i.English_Font_test) refers to gui.o(i.Show_Str) for Show_Str
    test.o(i.English_Font_test) refers to delay.o(i.delay_ms) for delay_ms
    test.o(i.Rotate_Test) refers to lcd.o(i.LCD_direction) for LCD_direction
    test.o(i.Rotate_Test) refers to test.o(i.DrawTestPage) for DrawTestPage
    test.o(i.Rotate_Test) refers to gui.o(i.Show_Str) for Show_Str
    test.o(i.Rotate_Test) refers to delay.o(i.delay_ms) for delay_ms
    test.o(i.Rotate_Test) refers to test.o(.constdata) for .constdata
    test.o(i.Test_Circle) refers to test.o(i.DrawTestPage) for DrawTestPage
    test.o(i.Test_Circle) refers to gui.o(i.LCD_Fill) for LCD_Fill
    test.o(i.Test_Circle) refers to gui.o(i.gui_circle) for gui_circle
    test.o(i.Test_Circle) refers to delay.o(i.delay_ms) for delay_ms
    test.o(i.Test_Circle) refers to lcd.o(.bss) for lcddev
    test.o(i.Test_Circle) refers to test.o(.data) for .data
    test.o(i.Test_Color) refers to gui.o(i.LCD_Fill) for LCD_Fill
    test.o(i.Test_Color) refers to gui.o(i.Show_Str) for Show_Str
    test.o(i.Test_Color) refers to delay.o(i.delay_ms) for delay_ms
    test.o(i.Test_Color) refers to lcd.o(.bss) for lcddev
    test.o(i.Test_FillRec) refers to test.o(i.DrawTestPage) for DrawTestPage
    test.o(i.Test_FillRec) refers to gui.o(i.LCD_Fill) for LCD_Fill
    test.o(i.Test_FillRec) refers to gui.o(i.LCD_DrawRectangle) for LCD_DrawRectangle
    test.o(i.Test_FillRec) refers to delay.o(i.delay_ms) for delay_ms
    test.o(i.Test_FillRec) refers to gui.o(i.LCD_DrawFillRectangle) for LCD_DrawFillRectangle
    test.o(i.Test_FillRec) refers to lcd.o(.bss) for lcddev
    test.o(i.Test_FillRec) refers to test.o(.data) for .data
    test.o(i.Test_FillRec) refers to lcd.o(.data) for POINT_COLOR
    test.o(i.Test_Triangle) refers to test.o(i.DrawTestPage) for DrawTestPage
    test.o(i.Test_Triangle) refers to gui.o(i.LCD_Fill) for LCD_Fill
    test.o(i.Test_Triangle) refers to gui.o(i.Draw_Triangel) for Draw_Triangel
    test.o(i.Test_Triangle) refers to delay.o(i.delay_ms) for delay_ms
    test.o(i.Test_Triangle) refers to gui.o(i.Fill_Triangel) for Fill_Triangel
    test.o(i.Test_Triangle) refers to lcd.o(.bss) for lcddev
    test.o(i.Test_Triangle) refers to test.o(.data) for .data
    test.o(i.Test_Triangle) refers to lcd.o(.data) for POINT_COLOR
    test.o(i.main_test) refers to test.o(i.DrawTestPage) for DrawTestPage
    test.o(i.main_test) refers to gui.o(i.Gui_StrCenter) for Gui_StrCenter
    test.o(i.main_test) refers to delay.o(i.delay_ms) for delay_ms
    test.o(.constdata) refers to test.o(.conststring) for .conststring
    sys.o(i.MYRCC_DeInit) refers to sys.o(i.MY_NVIC_SetVectorTable) for MY_NVIC_SetVectorTable
    sys.o(i.MY_NVIC_Init) refers to sys.o(i.MY_NVIC_PriorityGroupConfig) for MY_NVIC_PriorityGroupConfig
    sys.o(i.Stm32_Clock_Init) refers to sys.o(i.MYRCC_DeInit) for MYRCC_DeInit
    sys.o(i.Sys_Standby) refers to sys.o(.emb_text) for WFI_SET
    mykey.o(i.myKey_GetNum) refers to stm32f10x_gpio.o(i.GPIO_ReadInputDataBit) for GPIO_ReadInputDataBit
    mykey.o(i.myKey_GetNum) refers to delay.o(i.delay_ms) for delay_ms
    mykey.o(i.myKey_Init) refers to stm32f10x_rcc.o(i.RCC_APB2PeriphClockCmd) for RCC_APB2PeriphClockCmd
    mykey.o(i.myKey_Init) refers to stm32f10x_gpio.o(i.GPIO_PinRemapConfig) for GPIO_PinRemapConfig
    mykey.o(i.myKey_Init) refers to stm32f10x_gpio.o(i.GPIO_Init) for GPIO_Init
    entry.o(.ARM.Collect$$$$00000000) refers (Special) to entry10a.o(.ARM.Collect$$$$0000000D) for __rt_final_cpp
    entry.o(.ARM.Collect$$$$00000000) refers (Special) to entry11a.o(.ARM.Collect$$$$0000000F) for __rt_final_exit
    entry.o(.ARM.Collect$$$$00000000) refers (Special) to entry7b.o(.ARM.Collect$$$$00000008) for _main_clock
    entry.o(.ARM.Collect$$$$00000000) refers (Special) to entry8b.o(.ARM.Collect$$$$0000000A) for _main_cpp_init
    entry.o(.ARM.Collect$$$$00000000) refers (Special) to entry9a.o(.ARM.Collect$$$$0000000B) for _main_init
    entry.o(.ARM.Collect$$$$00000000) refers (Special) to entry5.o(.ARM.Collect$$$$00000004) for _main_scatterload
    entry.o(.ARM.Collect$$$$00000000) refers (Special) to entry2.o(.ARM.Collect$$$$00000001) for _main_stk
    entry2.o(.ARM.Collect$$$$00000001) refers to entry2.o(.ARM.Collect$$$$00002712) for __lit__00000000
    entry2.o(.ARM.Collect$$$$00002712) refers to startup_stm32f10x_hd_vl.o(STACK) for __initial_sp
    entry2.o(__vectab_stack_and_reset_area) refers to startup_stm32f10x_hd_vl.o(STACK) for __initial_sp
    entry2.o(__vectab_stack_and_reset_area) refers to entry.o(.ARM.Collect$$$$00000000) for __main
    entry5.o(.ARM.Collect$$$$00000004) refers to init.o(.text) for __scatterload
    entry9a.o(.ARM.Collect$$$$0000000B) refers to main.o(i.main) for main
    entry9b.o(.ARM.Collect$$$$0000000C) refers to main.o(i.main) for main
    init.o(.text) refers to entry5.o(.ARM.Collect$$$$00000004) for __main_after_scatterload


==============================================================================

Removing Unused input sections from the image.

    Removing common.o(i.GetInputString), (132 bytes).
    Removing common.o(i.GetIntegerInput), (124 bytes).
    Removing ymodem.o(i.Ymodem_CheckResponse), (6 bytes).
    Removing stm32f10x_dma.o(i.DMA_ClearFlag), (28 bytes).
    Removing stm32f10x_dma.o(i.DMA_ClearITPendingBit), (28 bytes).
    Removing stm32f10x_dma.o(i.DMA_Cmd), (24 bytes).
    Removing stm32f10x_dma.o(i.DMA_DeInit), (332 bytes).
    Removing stm32f10x_dma.o(i.DMA_GetCurrDataCounter), (8 bytes).
    Removing stm32f10x_dma.o(i.DMA_GetFlagStatus), (44 bytes).
    Removing stm32f10x_dma.o(i.DMA_GetITStatus), (44 bytes).
    Removing stm32f10x_dma.o(i.DMA_ITConfig), (18 bytes).
    Removing stm32f10x_dma.o(i.DMA_Init), (60 bytes).
    Removing stm32f10x_dma.o(i.DMA_SetCurrDataCounter), (4 bytes).
    Removing stm32f10x_dma.o(i.DMA_StructInit), (26 bytes).
    Removing stm32f10x_exti.o(i.EXTI_ClearFlag), (12 bytes).
    Removing stm32f10x_exti.o(i.EXTI_ClearITPendingBit), (12 bytes).
    Removing stm32f10x_exti.o(i.EXTI_DeInit), (36 bytes).
    Removing stm32f10x_exti.o(i.EXTI_GenerateSWInterrupt), (16 bytes).
    Removing stm32f10x_exti.o(i.EXTI_GetFlagStatus), (24 bytes).
    Removing stm32f10x_exti.o(i.EXTI_GetITStatus), (40 bytes).
    Removing stm32f10x_exti.o(i.EXTI_Init), (148 bytes).
    Removing stm32f10x_exti.o(i.EXTI_StructInit), (16 bytes).
    Removing stm32f10x_flash.o(i.FLASH_ClearFlag), (12 bytes).
    Removing stm32f10x_flash.o(i.FLASH_EraseAllBank1Pages), (56 bytes).
    Removing stm32f10x_flash.o(i.FLASH_EraseAllPages), (56 bytes).
    Removing stm32f10x_flash.o(i.FLASH_GetFlagStatus), (32 bytes).
    Removing stm32f10x_flash.o(i.FLASH_GetPrefetchBufferStatus), (20 bytes).
    Removing stm32f10x_flash.o(i.FLASH_GetStatus), (40 bytes).
    Removing stm32f10x_flash.o(i.FLASH_HalfCycleAccessCmd), (24 bytes).
    Removing stm32f10x_flash.o(i.FLASH_ITConfig), (24 bytes).
    Removing stm32f10x_flash.o(i.FLASH_Lock), (16 bytes).
    Removing stm32f10x_flash.o(i.FLASH_LockBank1), (16 bytes).
    Removing stm32f10x_flash.o(i.FLASH_PrefetchBufferCmd), (24 bytes).
    Removing stm32f10x_flash.o(i.FLASH_ProgramHalfWord), (52 bytes).
    Removing stm32f10x_flash.o(i.FLASH_ProgramOptionByteData), (76 bytes).
    Removing stm32f10x_flash.o(i.FLASH_ReadOutProtection), (136 bytes).
    Removing stm32f10x_flash.o(i.FLASH_SetLatency), (20 bytes).
    Removing stm32f10x_flash.o(i.FLASH_UnlockBank1), (24 bytes).
    Removing stm32f10x_flash.o(i.FLASH_WaitForLastBank1Operation), (36 bytes).
    Removing stm32f10x_gpio.o(i.GPIO_AFIODeInit), (20 bytes).
    Removing stm32f10x_gpio.o(i.GPIO_DeInit), (200 bytes).
    Removing stm32f10x_gpio.o(i.GPIO_ETH_MediaInterfaceConfig), (12 bytes).
    Removing stm32f10x_gpio.o(i.GPIO_EXTILineConfig), (64 bytes).
    Removing stm32f10x_gpio.o(i.GPIO_EventOutputCmd), (12 bytes).
    Removing stm32f10x_gpio.o(i.GPIO_EventOutputConfig), (32 bytes).
    Removing stm32f10x_gpio.o(i.GPIO_PinLockConfig), (18 bytes).
    Removing stm32f10x_gpio.o(i.GPIO_ReadInputData), (8 bytes).
    Removing stm32f10x_gpio.o(i.GPIO_ReadOutputData), (8 bytes).
    Removing stm32f10x_gpio.o(i.GPIO_ReadOutputDataBit), (18 bytes).
    Removing stm32f10x_gpio.o(i.GPIO_ResetBits), (4 bytes).
    Removing stm32f10x_gpio.o(i.GPIO_StructInit), (16 bytes).
    Removing stm32f10x_gpio.o(i.GPIO_Write), (4 bytes).
    Removing stm32f10x_gpio.o(i.GPIO_WriteBit), (10 bytes).
    Removing stm32f10x_i2c.o(i.I2C_ARPCmd), (24 bytes).
    Removing stm32f10x_i2c.o(i.I2C_AcknowledgeConfig), (24 bytes).
    Removing stm32f10x_i2c.o(i.I2C_CalculatePEC), (24 bytes).
    Removing stm32f10x_i2c.o(i.I2C_CheckEvent), (42 bytes).
    Removing stm32f10x_i2c.o(i.I2C_ClearFlag), (12 bytes).
    Removing stm32f10x_i2c.o(i.I2C_ClearITPendingBit), (12 bytes).
    Removing stm32f10x_i2c.o(i.I2C_Cmd), (24 bytes).
    Removing stm32f10x_i2c.o(i.I2C_DMACmd), (24 bytes).
    Removing stm32f10x_i2c.o(i.I2C_DMALastTransferCmd), (24 bytes).
    Removing stm32f10x_i2c.o(i.I2C_DeInit), (56 bytes).
    Removing stm32f10x_i2c.o(i.I2C_DualAddressCmd), (24 bytes).
    Removing stm32f10x_i2c.o(i.I2C_FastModeDutyCycleConfig), (28 bytes).
    Removing stm32f10x_i2c.o(i.I2C_GeneralCallCmd), (24 bytes).
    Removing stm32f10x_i2c.o(i.I2C_GenerateSTART), (24 bytes).
    Removing stm32f10x_i2c.o(i.I2C_GenerateSTOP), (24 bytes).
    Removing stm32f10x_i2c.o(i.I2C_GetFlagStatus), (58 bytes).
    Removing stm32f10x_i2c.o(i.I2C_GetITStatus), (38 bytes).
    Removing stm32f10x_i2c.o(i.I2C_GetLastEvent), (26 bytes).
    Removing stm32f10x_i2c.o(i.I2C_GetPEC), (8 bytes).
    Removing stm32f10x_i2c.o(i.I2C_ITConfig), (18 bytes).
    Removing stm32f10x_i2c.o(i.I2C_Init), (236 bytes).
    Removing stm32f10x_i2c.o(i.I2C_OwnAddress2Config), (22 bytes).
    Removing stm32f10x_i2c.o(i.I2C_PECPositionConfig), (28 bytes).
    Removing stm32f10x_i2c.o(i.I2C_ReadRegister), (22 bytes).
    Removing stm32f10x_i2c.o(i.I2C_ReceiveData), (8 bytes).
    Removing stm32f10x_i2c.o(i.I2C_SMBusAlertConfig), (28 bytes).
    Removing stm32f10x_i2c.o(i.I2C_Send7bitAddress), (18 bytes).
    Removing stm32f10x_i2c.o(i.I2C_SendData), (4 bytes).
    Removing stm32f10x_i2c.o(i.I2C_SoftwareResetCmd), (22 bytes).
    Removing stm32f10x_i2c.o(i.I2C_StretchClockCmd), (24 bytes).
    Removing stm32f10x_i2c.o(i.I2C_StructInit), (30 bytes).
    Removing stm32f10x_i2c.o(i.I2C_TransmitPEC), (24 bytes).
    Removing stm32f10x_rcc.o(i.RCC_ADCCLKConfig), (24 bytes).
    Removing stm32f10x_rcc.o(i.RCC_AHBPeriphClockCmd), (32 bytes).
    Removing stm32f10x_rcc.o(i.RCC_APB1PeriphResetCmd), (32 bytes).
    Removing stm32f10x_rcc.o(i.RCC_APB2PeriphResetCmd), (32 bytes).
    Removing stm32f10x_rcc.o(i.RCC_AdjustHSICalibrationValue), (24 bytes).
    Removing stm32f10x_rcc.o(i.RCC_BackupResetCmd), (12 bytes).
    Removing stm32f10x_rcc.o(i.RCC_ClearFlag), (20 bytes).
    Removing stm32f10x_rcc.o(i.RCC_ClearITPendingBit), (12 bytes).
    Removing stm32f10x_rcc.o(i.RCC_ClockSecuritySystemCmd), (12 bytes).
    Removing stm32f10x_rcc.o(i.RCC_DeInit), (76 bytes).
    Removing stm32f10x_rcc.o(i.RCC_GetFlagStatus), (60 bytes).
    Removing stm32f10x_rcc.o(i.RCC_GetITStatus), (24 bytes).
    Removing stm32f10x_rcc.o(i.RCC_GetSYSCLKSource), (16 bytes).
    Removing stm32f10x_rcc.o(i.RCC_HCLKConfig), (24 bytes).
    Removing stm32f10x_rcc.o(i.RCC_HSEConfig), (76 bytes).
    Removing stm32f10x_rcc.o(i.RCC_HSICmd), (12 bytes).
    Removing stm32f10x_rcc.o(i.RCC_ITConfig), (32 bytes).
    Removing stm32f10x_rcc.o(i.RCC_LSEConfig), (52 bytes).
    Removing stm32f10x_rcc.o(i.RCC_LSICmd), (12 bytes).
    Removing stm32f10x_rcc.o(i.RCC_MCOConfig), (12 bytes).
    Removing stm32f10x_rcc.o(i.RCC_PCLK1Config), (24 bytes).
    Removing stm32f10x_rcc.o(i.RCC_PCLK2Config), (24 bytes).
    Removing stm32f10x_rcc.o(i.RCC_PLLCmd), (12 bytes).
    Removing stm32f10x_rcc.o(i.RCC_PLLConfig), (28 bytes).
    Removing stm32f10x_rcc.o(i.RCC_RTCCLKCmd), (12 bytes).
    Removing stm32f10x_rcc.o(i.RCC_RTCCLKConfig), (16 bytes).
    Removing stm32f10x_rcc.o(i.RCC_SYSCLKConfig), (24 bytes).
    Removing stm32f10x_rcc.o(i.RCC_USBCLKConfig), (12 bytes).
    Removing stm32f10x_rcc.o(i.RCC_WaitForHSEStartUp), (56 bytes).
    Removing stm32f10x_sdio.o(i.SDIO_CEATAITCmd), (16 bytes).
    Removing stm32f10x_sdio.o(i.SDIO_ClearFlag), (12 bytes).
    Removing stm32f10x_sdio.o(i.SDIO_ClearITPendingBit), (12 bytes).
    Removing stm32f10x_sdio.o(i.SDIO_ClockCmd), (12 bytes).
    Removing stm32f10x_sdio.o(i.SDIO_CmdStructInit), (14 bytes).
    Removing stm32f10x_sdio.o(i.SDIO_CommandCompletionCmd), (12 bytes).
    Removing stm32f10x_sdio.o(i.SDIO_DMACmd), (12 bytes).
    Removing stm32f10x_sdio.o(i.SDIO_DataConfig), (48 bytes).
    Removing stm32f10x_sdio.o(i.SDIO_DataStructInit), (20 bytes).
    Removing stm32f10x_sdio.o(i.SDIO_DeInit), (36 bytes).
    Removing stm32f10x_sdio.o(i.SDIO_GetCommandResponse), (12 bytes).
    Removing stm32f10x_sdio.o(i.SDIO_GetDataCounter), (12 bytes).
    Removing stm32f10x_sdio.o(i.SDIO_GetFIFOCount), (12 bytes).
    Removing stm32f10x_sdio.o(i.SDIO_GetFlagStatus), (24 bytes).
    Removing stm32f10x_sdio.o(i.SDIO_GetITStatus), (24 bytes).
    Removing stm32f10x_sdio.o(i.SDIO_GetPowerState), (16 bytes).
    Removing stm32f10x_sdio.o(i.SDIO_GetResponse), (24 bytes).
    Removing stm32f10x_sdio.o(i.SDIO_ITConfig), (32 bytes).
    Removing stm32f10x_sdio.o(i.SDIO_Init), (48 bytes).
    Removing stm32f10x_sdio.o(i.SDIO_ReadData), (12 bytes).
    Removing stm32f10x_sdio.o(i.SDIO_SendCEATACmd), (12 bytes).
    Removing stm32f10x_sdio.o(i.SDIO_SendCommand), (44 bytes).
    Removing stm32f10x_sdio.o(i.SDIO_SendSDIOSuspendCmd), (12 bytes).
    Removing stm32f10x_sdio.o(i.SDIO_SetPowerState), (28 bytes).
    Removing stm32f10x_sdio.o(i.SDIO_SetSDIOOperation), (12 bytes).
    Removing stm32f10x_sdio.o(i.SDIO_SetSDIOReadWaitMode), (12 bytes).
    Removing stm32f10x_sdio.o(i.SDIO_StartSDIOReadWait), (12 bytes).
    Removing stm32f10x_sdio.o(i.SDIO_StopSDIOReadWait), (12 bytes).
    Removing stm32f10x_sdio.o(i.SDIO_StructInit), (16 bytes).
    Removing stm32f10x_sdio.o(i.SDIO_WriteData), (12 bytes).
    Removing stm32f10x_spi.o(i.I2S_Cmd), (24 bytes).
    Removing stm32f10x_spi.o(i.I2S_Init), (232 bytes).
    Removing stm32f10x_spi.o(i.I2S_StructInit), (20 bytes).
    Removing stm32f10x_spi.o(i.SPI_BiDirectionalLineConfig), (28 bytes).
    Removing stm32f10x_spi.o(i.SPI_CalculateCRC), (24 bytes).
    Removing stm32f10x_spi.o(i.SPI_DataSizeConfig), (18 bytes).
    Removing stm32f10x_spi.o(i.SPI_GetCRC), (16 bytes).
    Removing stm32f10x_spi.o(i.SPI_GetCRCPolynomial), (6 bytes).
    Removing stm32f10x_spi.o(i.SPI_I2S_ClearFlag), (6 bytes).
    Removing stm32f10x_spi.o(i.SPI_I2S_ClearITPendingBit), (20 bytes).
    Removing stm32f10x_spi.o(i.SPI_I2S_DMACmd), (18 bytes).
    Removing stm32f10x_spi.o(i.SPI_I2S_DeInit), (88 bytes).
    Removing stm32f10x_spi.o(i.SPI_I2S_GetFlagStatus), (18 bytes).
    Removing stm32f10x_spi.o(i.SPI_I2S_GetITStatus), (52 bytes).
    Removing stm32f10x_spi.o(i.SPI_I2S_ITConfig), (32 bytes).
    Removing stm32f10x_spi.o(i.SPI_I2S_ReceiveData), (6 bytes).
    Removing stm32f10x_spi.o(i.SPI_I2S_SendData), (4 bytes).
    Removing stm32f10x_spi.o(i.SPI_NSSInternalSoftwareConfig), (30 bytes).
    Removing stm32f10x_spi.o(i.SPI_SSOutputCmd), (24 bytes).
    Removing stm32f10x_spi.o(i.SPI_StructInit), (24 bytes).
    Removing stm32f10x_spi.o(i.SPI_TransmitCRC), (10 bytes).
    Removing stm32f10x_usart.o(i.USART_ClearFlag), (6 bytes).
    Removing stm32f10x_usart.o(i.USART_ClearITPendingBit), (12 bytes).
    Removing stm32f10x_usart.o(i.USART_ClockInit), (30 bytes).
    Removing stm32f10x_usart.o(i.USART_ClockStructInit), (12 bytes).
    Removing stm32f10x_usart.o(i.USART_DMACmd), (16 bytes).
    Removing stm32f10x_usart.o(i.USART_DeInit), (116 bytes).
    Removing stm32f10x_usart.o(i.USART_GetITStatus), (62 bytes).
    Removing stm32f10x_usart.o(i.USART_HalfDuplexCmd), (20 bytes).
    Removing stm32f10x_usart.o(i.USART_ITConfig), (48 bytes).
    Removing stm32f10x_usart.o(i.USART_IrDACmd), (20 bytes).
    Removing stm32f10x_usart.o(i.USART_IrDAConfig), (16 bytes).
    Removing stm32f10x_usart.o(i.USART_LINBreakDetectLengthConfig), (16 bytes).
    Removing stm32f10x_usart.o(i.USART_LINCmd), (20 bytes).
    Removing stm32f10x_usart.o(i.USART_OneBitMethodCmd), (20 bytes).
    Removing stm32f10x_usart.o(i.USART_OverSampling8Cmd), (20 bytes).
    Removing stm32f10x_usart.o(i.USART_ReceiveData), (8 bytes).
    Removing stm32f10x_usart.o(i.USART_ReceiverWakeUpCmd), (20 bytes).
    Removing stm32f10x_usart.o(i.USART_SendBreak), (10 bytes).
    Removing stm32f10x_usart.o(i.USART_SetAddress), (16 bytes).
    Removing stm32f10x_usart.o(i.USART_SetGuardTime), (16 bytes).
    Removing stm32f10x_usart.o(i.USART_SetPrescaler), (16 bytes).
    Removing stm32f10x_usart.o(i.USART_SmartCardCmd), (20 bytes).
    Removing stm32f10x_usart.o(i.USART_SmartCardNACKCmd), (20 bytes).
    Removing stm32f10x_usart.o(i.USART_StructInit), (22 bytes).
    Removing stm32f10x_usart.o(i.USART_WakeUpConfig), (16 bytes).
    Removing misc.o(i.NVIC_Init), (112 bytes).
    Removing misc.o(i.NVIC_PriorityGroupConfig), (20 bytes).
    Removing misc.o(i.NVIC_SetVectorTable), (20 bytes).
    Removing misc.o(i.NVIC_SystemLPConfig), (32 bytes).
    Removing system_stm32f10x.o(i.SystemCoreClockUpdate), (164 bytes).
    Removing system_stm32f10x.o(.data), (20 bytes).
    Removing stm32_eval.o(i.LM75_LowLevel_DeInit), (92 bytes).
    Removing stm32_eval.o(i.LM75_LowLevel_Init), (92 bytes).
    Removing stm32_eval.o(i.SD_LowLevel_DeInit), (128 bytes).
    Removing stm32_eval.o(i.SD_LowLevel_Init), (216 bytes).
    Removing stm32_eval.o(i.STM_EVAL_LEDInit), (64 bytes).
    Removing stm32_eval.o(i.STM_EVAL_LEDOff), (24 bytes).
    Removing stm32_eval.o(i.STM_EVAL_LEDOn), (24 bytes).
    Removing stm32_eval.o(i.STM_EVAL_LEDToggle), (36 bytes).
    Removing stm32_eval.o(i.STM_EVAL_PBGetState), (32 bytes).
    Removing stm32_eval.o(i.STM_EVAL_PBInit), (176 bytes).
    Removing stm32_eval.o(i.sEE_LowLevel_DMAConfig), (64 bytes).
    Removing stm32_eval.o(i.sEE_LowLevel_DeInit), (160 bytes).
    Removing stm32_eval.o(i.sEE_LowLevel_Init), (236 bytes).
    Removing stm32_eval.o(i.sFLASH_LowLevel_DeInit), (104 bytes).
    Removing stm32_eval.o(i.sFLASH_LowLevel_Init), (108 bytes).
    Removing stm32_eval.o(.bss), (44 bytes).
    Removing startup_stm32f10x_hd_vl.o(HEAP), (512 bytes).
    Removing delay.o(i.delay_us), (60 bytes).
    Removing gui.o(i.Draw_Triangel), (56 bytes).
    Removing gui.o(i.Fill_Triangel), (528 bytes).
    Removing gui.o(i.GUI_DrawFont16), (264 bytes).
    Removing gui.o(i.GUI_DrawFont24), (280 bytes).
    Removing gui.o(i.GUI_DrawFont32), (264 bytes).
    Removing gui.o(i.GUI_DrawPoint), (24 bytes).
    Removing gui.o(i.Gui_Drawbmp16), (96 bytes).
    Removing gui.o(i.Gui_StrCenter), (64 bytes).
    Removing gui.o(i.LCD_DrawFillRectangle), (36 bytes).
    Removing gui.o(i.LCD_DrawLine), (176 bytes).
    Removing gui.o(i.LCD_DrawRectangle), (64 bytes).
    Removing gui.o(i.LCD_Fill), (116 bytes).
    Removing gui.o(i.LCD_ShowNum), (176 bytes).
    Removing gui.o(i.Show_Str), (268 bytes).
    Removing gui.o(i._draw_circle_8), (132 bytes).
    Removing gui.o(i._swap), (10 bytes).
    Removing gui.o(i.gui_circle), (154 bytes).
    Removing gui.o(i.mypow), (22 bytes).
    Removing mylcd.o(i.myLCD_Power_Off), (12 bytes).
    Removing mylcd.o(i.myLCD_ShowChar), (36 bytes).
    Removing mylcd.o(i.myLCD_ShowHexNum), (136 bytes).
    Removing spi.o(i.SPI_SetSpeed), (30 bytes).
    Removing test.o(i.Chinese_Font_test), (236 bytes).
    Removing test.o(i.DrawTestPage), (140 bytes).
    Removing test.o(i.English_Font_test), (408 bytes).
    Removing test.o(i.Rotate_Test), (120 bytes).
    Removing test.o(i.Test_Circle), (208 bytes).
    Removing test.o(i.Test_Color), (232 bytes).
    Removing test.o(i.Test_FillRec), (232 bytes).
    Removing test.o(i.Test_Triangle), (268 bytes).
    Removing test.o(i.main_test), (204 bytes).
    Removing test.o(.constdata), (16 bytes).
    Removing test.o(.conststring), (53 bytes).
    Removing test.o(.data), (10 bytes).
    Removing sys.o(.emb_text), (12 bytes).
    Removing sys.o(i.Ex_NVIC_Config), (160 bytes).
    Removing sys.o(i.JTAG_Set), (48 bytes).
    Removing sys.o(i.MYRCC_DeInit), (104 bytes).
    Removing sys.o(i.MY_NVIC_Init), (156 bytes).
    Removing sys.o(i.MY_NVIC_PriorityGroupConfig), (40 bytes).
    Removing sys.o(i.MY_NVIC_SetVectorTable), (20 bytes).
    Removing sys.o(i.Stm32_Clock_Init), (144 bytes).
    Removing sys.o(i.Sys_Soft_Reset), (16 bytes).
    Removing sys.o(i.Sys_Standby), (76 bytes).
    Removing mykey.o(i.myKey_GetNum), (244 bytes).

259 unused section(s) (total 14591 bytes) removed from the image.

==============================================================================

Image Symbol Table

    Local Symbols

    Symbol Name                              Value     Ov Type        Size  Object(Section)

    ../clib/microlib/init/entry.s            0x00000000   Number         0  entry9b.o ABSOLUTE
    ../clib/microlib/init/entry.s            0x00000000   Number         0  entry5.o ABSOLUTE
    ../clib/microlib/init/entry.s            0x00000000   Number         0  entry2.o ABSOLUTE
    ../clib/microlib/init/entry.s            0x00000000   Number         0  entry.o ABSOLUTE
    ../clib/microlib/init/entry.s            0x00000000   Number         0  entry7a.o ABSOLUTE
    ../clib/microlib/init/entry.s            0x00000000   Number         0  entry8a.o ABSOLUTE
    ../clib/microlib/init/entry.s            0x00000000   Number         0  entry11b.o ABSOLUTE
    ../clib/microlib/init/entry.s            0x00000000   Number         0  entry11a.o ABSOLUTE
    ../clib/microlib/init/entry.s            0x00000000   Number         0  entry8b.o ABSOLUTE
    ../clib/microlib/init/entry.s            0x00000000   Number         0  entry10b.o ABSOLUTE
    ../clib/microlib/init/entry.s            0x00000000   Number         0  entry7b.o ABSOLUTE
    ../clib/microlib/init/entry.s            0x00000000   Number         0  entry10a.o ABSOLUTE
    ../clib/microlib/init/entry.s            0x00000000   Number         0  entry9a.o ABSOLUTE
    ../clib/microlib/string/memcpy.c         0x00000000   Number         0  memcpyb.o ABSOLUTE
    ../clib/microlib/string/memcpy.c         0x00000000   Number         0  memcpya.o ABSOLUTE
    ../clib/microlib/string/strlen.c         0x00000000   Number         0  strlen.o ABSOLUTE
    ..\..\..\Libraries\CMSIS\CM3\CoreSupport\core_cm3.c 0x00000000   Number         0  core_cm3.o ABSOLUTE
    ..\..\..\Libraries\STM32F10x_StdPeriph_Driver\src\misc.c 0x00000000   Number         0  misc.o ABSOLUTE
    ..\..\..\Libraries\STM32F10x_StdPeriph_Driver\src\stm32f10x_dma.c 0x00000000   Number         0  stm32f10x_dma.o ABSOLUTE
    ..\..\..\Libraries\STM32F10x_StdPeriph_Driver\src\stm32f10x_exti.c 0x00000000   Number         0  stm32f10x_exti.o ABSOLUTE
    ..\..\..\Libraries\STM32F10x_StdPeriph_Driver\src\stm32f10x_flash.c 0x00000000   Number         0  stm32f10x_flash.o ABSOLUTE
    ..\..\..\Libraries\STM32F10x_StdPeriph_Driver\src\stm32f10x_gpio.c 0x00000000   Number         0  stm32f10x_gpio.o ABSOLUTE
    ..\..\..\Libraries\STM32F10x_StdPeriph_Driver\src\stm32f10x_i2c.c 0x00000000   Number         0  stm32f10x_i2c.o ABSOLUTE
    ..\..\..\Libraries\STM32F10x_StdPeriph_Driver\src\stm32f10x_rcc.c 0x00000000   Number         0  stm32f10x_rcc.o ABSOLUTE
    ..\..\..\Libraries\STM32F10x_StdPeriph_Driver\src\stm32f10x_sdio.c 0x00000000   Number         0  stm32f10x_sdio.o ABSOLUTE
    ..\..\..\Libraries\STM32F10x_StdPeriph_Driver\src\stm32f10x_spi.c 0x00000000   Number         0  stm32f10x_spi.o ABSOLUTE
    ..\..\..\Libraries\STM32F10x_StdPeriph_Driver\src\stm32f10x_usart.c 0x00000000   Number         0  stm32f10x_usart.o ABSOLUTE
    ..\..\..\Utilities\STM32_EVAL\stm32_eval.c 0x00000000   Number         0  stm32_eval.o ABSOLUTE
    ..\System\GUI.c                          0x00000000   Number         0  gui.o ABSOLUTE
    ..\System\SPI.c                          0x00000000   Number         0  spi.o ABSOLUTE
    ..\System\delay.c                        0x00000000   Number         0  delay.o ABSOLUTE
    ..\System\lcd.c                          0x00000000   Number         0  lcd.o ABSOLUTE
    ..\System\mykey.c                        0x00000000   Number         0  mykey.o ABSOLUTE
    ..\System\mylcd.c                        0x00000000   Number         0  mylcd.o ABSOLUTE
    ..\System\sys.c                          0x00000000   Number         0  sys.o ABSOLUTE
    ..\System\test.c                         0x00000000   Number         0  test.o ABSOLUTE
    ..\\..\\..\\Libraries\\CMSIS\\CM3\\CoreSupport\\core_cm3.c 0x00000000   Number         0  core_cm3.o ABSOLUTE
    ..\\System\\sys.c                        0x00000000   Number         0  sys.o ABSOLUTE
    ..\src\common.c                          0x00000000   Number         0  common.o ABSOLUTE
    ..\src\download.c                        0x00000000   Number         0  download.o ABSOLUTE
    ..\src\main.c                            0x00000000   Number         0  main.o ABSOLUTE
    ..\src\stm32f10x_it.c                    0x00000000   Number         0  stm32f10x_it.o ABSOLUTE
    ..\src\system_stm32f10x.c                0x00000000   Number         0  system_stm32f10x.o ABSOLUTE
    ..\src\upload.c                          0x00000000   Number         0  upload.o ABSOLUTE
    ..\src\ymodem.c                          0x00000000   Number         0  ymodem.o ABSOLUTE
    dc.s                                     0x00000000   Number         0  dc.o ABSOLUTE
    handlers.s                               0x00000000   Number         0  handlers.o ABSOLUTE
    init.s                                   0x00000000   Number         0  init.o ABSOLUTE
    startup_stm32f10x_hd_vl.s                0x00000000   Number         0  startup_stm32f10x_hd_vl.o ABSOLUTE
    RESET                                    0x08000000   Section      308  startup_stm32f10x_hd_vl.o(RESET)
    .ARM.Collect$$$$00000000                 0x08000134   Section        0  entry.o(.ARM.Collect$$$$00000000)
    .ARM.Collect$$$$00000001                 0x08000134   Section        4  entry2.o(.ARM.Collect$$$$00000001)
    .ARM.Collect$$$$00000004                 0x08000138   Section        4  entry5.o(.ARM.Collect$$$$00000004)
    .ARM.Collect$$$$00000008                 0x0800013c   Section        0  entry7b.o(.ARM.Collect$$$$00000008)
    .ARM.Collect$$$$0000000A                 0x0800013c   Section        0  entry8b.o(.ARM.Collect$$$$0000000A)
    .ARM.Collect$$$$0000000B                 0x0800013c   Section        8  entry9a.o(.ARM.Collect$$$$0000000B)
    .ARM.Collect$$$$0000000D                 0x08000144   Section        0  entry10a.o(.ARM.Collect$$$$0000000D)
    .ARM.Collect$$$$0000000F                 0x08000144   Section        0  entry11a.o(.ARM.Collect$$$$0000000F)
    .ARM.Collect$$$$00002712                 0x08000144   Section        4  entry2.o(.ARM.Collect$$$$00002712)
    __lit__00000000                          0x08000144   Data           4  entry2.o(.ARM.Collect$$$$00002712)
    .emb_text                                0x08000148   Section       32  core_cm3.o(.emb_text)
    .text                                    0x08000168   Section       36  startup_stm32f10x_hd_vl.o(.text)
    .text                                    0x0800018c   Section        0  memcpya.o(.text)
    .text                                    0x080001b0   Section       36  init.o(.text)
    i.BusFault_Handler                       0x080001d4   Section        0  stm32f10x_it.o(i.BusFault_Handler)
    i.CalChecksum                            0x080001d8   Section        0  ymodem.o(i.CalChecksum)
    i.Cal_CRC16                              0x080001f0   Section        0  ymodem.o(i.Cal_CRC16)
    i.DebugMon_Handler                       0x08000224   Section        0  stm32f10x_it.o(i.DebugMon_Handler)
    i.FLASH_DisableWriteProtectionPages      0x08000228   Section        0  common.o(i.FLASH_DisableWriteProtectionPages)
    i.FLASH_EnableWriteProtection            0x08000368   Section        0  stm32f10x_flash.o(i.FLASH_EnableWriteProtection)
    i.FLASH_EraseOptionBytes                 0x08000414   Section        0  stm32f10x_flash.o(i.FLASH_EraseOptionBytes)
    i.FLASH_ErasePage                        0x08000490   Section        0  stm32f10x_flash.o(i.FLASH_ErasePage)
    i.FLASH_GetBank1Status                   0x080004cc   Section        0  stm32f10x_flash.o(i.FLASH_GetBank1Status)
    i.FLASH_GetReadOutProtectionStatus       0x080004f4   Section        0  stm32f10x_flash.o(i.FLASH_GetReadOutProtectionStatus)
    i.FLASH_GetUserOptionByte                0x08000508   Section        0  stm32f10x_flash.o(i.FLASH_GetUserOptionByte)
    i.FLASH_GetWriteProtectionOptionByte     0x08000514   Section        0  stm32f10x_flash.o(i.FLASH_GetWriteProtectionOptionByte)
    i.FLASH_PagesMask                        0x08000520   Section        0  common.o(i.FLASH_PagesMask)
    i.FLASH_ProgramWord                      0x08000538   Section        0  stm32f10x_flash.o(i.FLASH_ProgramWord)
    i.FLASH_Unlock                           0x08000588   Section        0  stm32f10x_flash.o(i.FLASH_Unlock)
    i.FLASH_UserOptionByteConfig             0x080005a0   Section        0  stm32f10x_flash.o(i.FLASH_UserOptionByteConfig)
    i.FLASH_WaitForLastOperation             0x08000600   Section        0  stm32f10x_flash.o(i.FLASH_WaitForLastOperation)
    i.GPIO_Init                              0x08000624   Section        0  stm32f10x_gpio.o(i.GPIO_Init)
    i.GPIO_PinRemapConfig                    0x0800073c   Section        0  stm32f10x_gpio.o(i.GPIO_PinRemapConfig)
    i.GPIO_ReadInputDataBit                  0x080007cc   Section        0  stm32f10x_gpio.o(i.GPIO_ReadInputDataBit)
    i.GPIO_SetBits                           0x080007de   Section        0  stm32f10x_gpio.o(i.GPIO_SetBits)
    i.GetKey                                 0x080007e2   Section        0  common.o(i.GetKey)
    i.HardFault_Handler                      0x080007fe   Section        0  stm32f10x_it.o(i.HardFault_Handler)
    i.IAP_Init                               0x08000802   Section        0  main.o(i.IAP_Init)
    IAP_Init                                 0x08000803   Thumb Code    42  main.o(i.IAP_Init)
    i.Int2Str                                0x0800082c   Section        0  common.o(i.Int2Str)
    i.LCD_Clear                              0x08000884   Section        0  lcd.o(i.LCD_Clear)
    i.LCD_DrawPoint                          0x080008e0   Section        0  lcd.o(i.LCD_DrawPoint)
    i.LCD_GPIOInit                           0x080008fc   Section        0  lcd.o(i.LCD_GPIOInit)
    i.LCD_Init                               0x08000940   Section        0  lcd.o(i.LCD_Init)
    i.LCD_RESET                              0x08000b90   Section        0  lcd.o(i.LCD_RESET)
    i.LCD_SetCursor                          0x08000bb4   Section        0  lcd.o(i.LCD_SetCursor)
    i.LCD_SetWindows                         0x08000bc8   Section        0  lcd.o(i.LCD_SetWindows)
    i.LCD_ShowChar                           0x08000c20   Section        0  gui.o(i.LCD_ShowChar)
    i.LCD_ShowString                         0x08000d44   Section        0  gui.o(i.LCD_ShowString)
    i.LCD_WR_DATA                            0x08000db0   Section        0  lcd.o(i.LCD_WR_DATA)
    i.LCD_WR_REG                             0x08000ddc   Section        0  lcd.o(i.LCD_WR_REG)
    i.LCD_WriteRAM_Prepare                   0x08000e04   Section        0  lcd.o(i.LCD_WriteRAM_Prepare)
    i.LCD_WriteReg                           0x08000e14   Section        0  lcd.o(i.LCD_WriteReg)
    i.LCD_direction                          0x08000e28   Section        0  lcd.o(i.LCD_direction)
    i.Lcd_WriteData_16Bit                    0x08000eac   Section        0  lcd.o(i.Lcd_WriteData_16Bit)
    i.Main_Menu                              0x08000ee0   Section        0  common.o(i.Main_Menu)
    i.MemManage_Handler                      0x080011cc   Section        0  stm32f10x_it.o(i.MemManage_Handler)
    i.NMI_Handler                            0x080011d0   Section        0  stm32f10x_it.o(i.NMI_Handler)
    i.PendSV_Handler                         0x080011d2   Section        0  stm32f10x_it.o(i.PendSV_Handler)
    i.RCC_APB1PeriphClockCmd                 0x080011d4   Section        0  stm32f10x_rcc.o(i.RCC_APB1PeriphClockCmd)
    i.RCC_APB2PeriphClockCmd                 0x080011f4   Section        0  stm32f10x_rcc.o(i.RCC_APB2PeriphClockCmd)
    i.RCC_GetClocksFreq                      0x08001214   Section        0  stm32f10x_rcc.o(i.RCC_GetClocksFreq)
    i.Receive_Byte                           0x080012e8   Section        0  ymodem.o(i.Receive_Byte)
    Receive_Byte                             0x080012e9   Thumb Code    34  ymodem.o(i.Receive_Byte)
    i.Receive_Packet                         0x0800130a   Section        0  ymodem.o(i.Receive_Packet)
    Receive_Packet                           0x0800130b   Thumb Code   188  ymodem.o(i.Receive_Packet)
    i.SPI1_Init                              0x080013c8   Section        0  spi.o(i.SPI1_Init)
    i.SPI_Cmd                                0x0800145c   Section        0  stm32f10x_spi.o(i.SPI_Cmd)
    i.SPI_Init                               0x08001474   Section        0  stm32f10x_spi.o(i.SPI_Init)
    i.SPI_WriteByte                          0x080014b0   Section        0  spi.o(i.SPI_WriteByte)
    i.STM_EVAL_COMInit                       0x080014c4   Section        0  stm32_eval.o(i.STM_EVAL_COMInit)
    i.SVC_Handler                            0x08001578   Section        0  stm32f10x_it.o(i.SVC_Handler)
    i.Send_Byte                              0x0800157a   Section        0  ymodem.o(i.Send_Byte)
    Send_Byte                                0x0800157b   Thumb Code    14  ymodem.o(i.Send_Byte)
    i.SerialDownload                         0x08001588   Section        0  download.o(i.SerialDownload)
    i.SerialKeyPressed                       0x08001718   Section        0  common.o(i.SerialKeyPressed)
    i.SerialPutChar                          0x0800173c   Section        0  common.o(i.SerialPutChar)
    i.SerialUpload                           0x0800175c   Section        0  upload.o(i.SerialUpload)
    i.Serial_PutString                       0x08001854   Section        0  common.o(i.Serial_PutString)
    i.SetSysClock                            0x0800186a   Section        0  system_stm32f10x.o(i.SetSysClock)
    SetSysClock                              0x0800186b   Thumb Code     8  system_stm32f10x.o(i.SetSysClock)
    i.SetSysClockTo72                        0x08001874   Section        0  system_stm32f10x.o(i.SetSysClockTo72)
    SetSysClockTo72                          0x08001875   Thumb Code   214  system_stm32f10x.o(i.SetSysClockTo72)
    i.Str2Int                                0x08001954   Section        0  common.o(i.Str2Int)
    i.SysTick_CLKSourceConfig                0x08001a58   Section        0  misc.o(i.SysTick_CLKSourceConfig)
    i.SysTick_Handler                        0x08001a80   Section        0  stm32f10x_it.o(i.SysTick_Handler)
    i.SystemInit                             0x08001a84   Section        0  system_stm32f10x.o(i.SystemInit)
    i.USART_Cmd                              0x08001ae4   Section        0  stm32f10x_usart.o(i.USART_Cmd)
    i.USART_GetFlagStatus                    0x08001af8   Section        0  stm32f10x_usart.o(i.USART_GetFlagStatus)
    i.USART_Init                             0x08001b08   Section        0  stm32f10x_usart.o(i.USART_Init)
    i.USART_SendData                         0x08001bb4   Section        0  stm32f10x_usart.o(i.USART_SendData)
    i.UpdateCRC16                            0x08001bbc   Section        0  ymodem.o(i.UpdateCRC16)
    i.UsageFault_Handler                     0x08001bee   Section        0  stm32f10x_it.o(i.UsageFault_Handler)
    i.Ymodem_PrepareIntialPacket             0x08001bf2   Section        0  ymodem.o(i.Ymodem_PrepareIntialPacket)
    i.Ymodem_PreparePacket                   0x08001c64   Section        0  ymodem.o(i.Ymodem_PreparePacket)
    i.Ymodem_Receive                         0x08001cf0   Section        0  ymodem.o(i.Ymodem_Receive)
    i.Ymodem_SendPacket                      0x08001f4c   Section        0  ymodem.o(i.Ymodem_SendPacket)
    i.Ymodem_Transmit                        0x08001f68   Section        0  ymodem.o(i.Ymodem_Transmit)
    i.__scatterload_copy                     0x080021d8   Section       14  handlers.o(i.__scatterload_copy)
    i.__scatterload_null                     0x080021e6   Section        2  handlers.o(i.__scatterload_null)
    i.__scatterload_zeroinit                 0x080021e8   Section       14  handlers.o(i.__scatterload_zeroinit)
    i.delay_init                             0x080021f8   Section        0  delay.o(i.delay_init)
    i.delay_ms                               0x08002234   Section        0  delay.o(i.delay_ms)
    i.main                                   0x08002270   Section        0  main.o(i.main)
    i.myKey_Init                             0x08002360   Section        0  mykey.o(i.myKey_Init)
    i.myLCD_Init                             0x080023a0   Section        0  mylcd.o(i.myLCD_Init)
    i.myLCD_Power_Init                       0x080023b4   Section        0  mylcd.o(i.myLCD_Power_Init)
    i.myLCD_Power_On                         0x080023d8   Section        0  mylcd.o(i.myLCD_Power_On)
    i.myLCD_ShowString                       0x080023e4   Section        0  mylcd.o(i.myLCD_ShowString)
    .constdata                               0x080023f4   Section      168  stm32_eval.o(.constdata)
    .constdata                               0x0800249c   Section     5806  gui.o(.constdata)
    .constdata                               0x08003b4a   Section       60  mylcd.o(.constdata)
    .constdata                               0x08003b86   Section       40  mylcd.o(.constdata)
    .conststring                             0x08003bb0   Section       74  common.o(.conststring)
    .conststring                             0x08003bfc   Section       83  download.o(.conststring)
    .conststring                             0x08003c50   Section      377  main.o(.conststring)
    .data                                    0x20000000   Section       20  common.o(.data)
    .data                                    0x20000014   Section       24  ymodem.o(.data)
    .data                                    0x2000002c   Section       20  stm32f10x_rcc.o(.data)
    APBAHBPrescTable                         0x2000002c   Data          16  stm32f10x_rcc.o(.data)
    ADCPrescTable                            0x2000003c   Data           4  stm32f10x_rcc.o(.data)
    .data                                    0x20000040   Section       72  stm32_eval.o(.data)
    .data                                    0x20000088   Section        4  delay.o(.data)
    fac_us                                   0x20000088   Data           1  delay.o(.data)
    fac_ms                                   0x2000008a   Data           2  delay.o(.data)
    .data                                    0x2000008c   Section        6  lcd.o(.data)
    .bss                                     0x20000094   Section     1024  download.o(.bss)
    .bss                                     0x20000494   Section      256  ymodem.o(.bss)
    .bss                                     0x20000594   Section       14  lcd.o(.bss)
    STACK                                    0x200005a8   Section     2048  startup_stm32f10x_hd_vl.o(STACK)

    Global Symbols

    Symbol Name                              Value     Ov Type        Size  Object(Section)

    BuildAttributes$$THM_ISAv4$P$D$K$B$S$PE$A:L22UL41UL21$X:L11$S22US41US21$IEEE1$IW$USESV6$~STKCKD$USESV7$~SHL$OSPACE$EBA8$MICROLIB$REQ8$PRES8$EABIv2 0x00000000   Number         0  anon$$obj.o ABSOLUTE
    __ARM_use_no_argv                        0x00000000   Number         0  main.o ABSOLUTE
    __cpp_initialize__aeabi_                  - Undefined Weak Reference
    __cxa_finalize                            - Undefined Weak Reference
    __decompress                              - Undefined Weak Reference
    _clock_init                               - Undefined Weak Reference
    _microlib_exit                            - Undefined Weak Reference
    __Vectors_Size                           0x00000134   Number         0  startup_stm32f10x_hd_vl.o ABSOLUTE
    __Vectors                                0x08000000   Data           4  startup_stm32f10x_hd_vl.o(RESET)
    __Vectors_End                            0x08000134   Data           0  startup_stm32f10x_hd_vl.o(RESET)
    __main                                   0x08000135   Thumb Code     0  entry.o(.ARM.Collect$$$$00000000)
    _main_stk                                0x08000135   Thumb Code     0  entry2.o(.ARM.Collect$$$$00000001)
    _main_scatterload                        0x08000139   Thumb Code     0  entry5.o(.ARM.Collect$$$$00000004)
    __main_after_scatterload                 0x0800013d   Thumb Code     0  entry5.o(.ARM.Collect$$$$00000004)
    _main_clock                              0x0800013d   Thumb Code     0  entry7b.o(.ARM.Collect$$$$00000008)
    _main_cpp_init                           0x0800013d   Thumb Code     0  entry8b.o(.ARM.Collect$$$$0000000A)
    _main_init                               0x0800013d   Thumb Code     0  entry9a.o(.ARM.Collect$$$$0000000B)
    __rt_final_cpp                           0x08000145   Thumb Code     0  entry10a.o(.ARM.Collect$$$$0000000D)
    __rt_final_exit                          0x08000145   Thumb Code     0  entry11a.o(.ARM.Collect$$$$0000000F)
    __get_PSP                                0x08000149   Thumb Code     6  core_cm3.o(.emb_text)
    __set_PSP                                0x0800014f   Thumb Code     6  core_cm3.o(.emb_text)
    __get_MSP                                0x08000155   Thumb Code     6  core_cm3.o(.emb_text)
    __set_MSP                                0x0800015b   Thumb Code     6  core_cm3.o(.emb_text)
    __REV16                                  0x08000161   Thumb Code     4  core_cm3.o(.emb_text)
    __REVSH                                  0x08000165   Thumb Code     4  core_cm3.o(.emb_text)
    Reset_Handler                            0x08000169   Thumb Code     8  startup_stm32f10x_hd_vl.o(.text)
    ADC1_IRQHandler                          0x08000183   Thumb Code     0  startup_stm32f10x_hd_vl.o(.text)
    CEC_IRQHandler                           0x08000183   Thumb Code     0  startup_stm32f10x_hd_vl.o(.text)
    DMA1_Channel1_IRQHandler                 0x08000183   Thumb Code     0  startup_stm32f10x_hd_vl.o(.text)
    DMA1_Channel2_IRQHandler                 0x08000183   Thumb Code     0  startup_stm32f10x_hd_vl.o(.text)
    DMA1_Channel3_IRQHandler                 0x08000183   Thumb Code     0  startup_stm32f10x_hd_vl.o(.text)
    DMA1_Channel4_IRQHandler                 0x08000183   Thumb Code     0  startup_stm32f10x_hd_vl.o(.text)
    DMA1_Channel5_IRQHandler                 0x08000183   Thumb Code     0  startup_stm32f10x_hd_vl.o(.text)
    DMA1_Channel6_IRQHandler                 0x08000183   Thumb Code     0  startup_stm32f10x_hd_vl.o(.text)
    DMA1_Channel7_IRQHandler                 0x08000183   Thumb Code     0  startup_stm32f10x_hd_vl.o(.text)
    DMA2_Channel1_IRQHandler                 0x08000183   Thumb Code     0  startup_stm32f10x_hd_vl.o(.text)
    DMA2_Channel2_IRQHandler                 0x08000183   Thumb Code     0  startup_stm32f10x_hd_vl.o(.text)
    DMA2_Channel3_IRQHandler                 0x08000183   Thumb Code     0  startup_stm32f10x_hd_vl.o(.text)
    DMA2_Channel4_5_IRQHandler               0x08000183   Thumb Code     0  startup_stm32f10x_hd_vl.o(.text)
    DMA2_Channel5_IRQHandler                 0x08000183   Thumb Code     0  startup_stm32f10x_hd_vl.o(.text)
    EXTI0_IRQHandler                         0x08000183   Thumb Code     0  startup_stm32f10x_hd_vl.o(.text)
    EXTI15_10_IRQHandler                     0x08000183   Thumb Code     0  startup_stm32f10x_hd_vl.o(.text)
    EXTI1_IRQHandler                         0x08000183   Thumb Code     0  startup_stm32f10x_hd_vl.o(.text)
    EXTI2_IRQHandler                         0x08000183   Thumb Code     0  startup_stm32f10x_hd_vl.o(.text)
    EXTI3_IRQHandler                         0x08000183   Thumb Code     0  startup_stm32f10x_hd_vl.o(.text)
    EXTI4_IRQHandler                         0x08000183   Thumb Code     0  startup_stm32f10x_hd_vl.o(.text)
    EXTI9_5_IRQHandler                       0x08000183   Thumb Code     0  startup_stm32f10x_hd_vl.o(.text)
    FLASH_IRQHandler                         0x08000183   Thumb Code     0  startup_stm32f10x_hd_vl.o(.text)
    FSMC_IRQHandler                          0x08000183   Thumb Code     0  startup_stm32f10x_hd_vl.o(.text)
    I2C1_ER_IRQHandler                       0x08000183   Thumb Code     0  startup_stm32f10x_hd_vl.o(.text)
    I2C1_EV_IRQHandler                       0x08000183   Thumb Code     0  startup_stm32f10x_hd_vl.o(.text)
    I2C2_ER_IRQHandler                       0x08000183   Thumb Code     0  startup_stm32f10x_hd_vl.o(.text)
    I2C2_EV_IRQHandler                       0x08000183   Thumb Code     0  startup_stm32f10x_hd_vl.o(.text)
    PVD_IRQHandler                           0x08000183   Thumb Code     0  startup_stm32f10x_hd_vl.o(.text)
    RCC_IRQHandler                           0x08000183   Thumb Code     0  startup_stm32f10x_hd_vl.o(.text)
    RTCAlarm_IRQHandler                      0x08000183   Thumb Code     0  startup_stm32f10x_hd_vl.o(.text)
    RTC_IRQHandler                           0x08000183   Thumb Code     0  startup_stm32f10x_hd_vl.o(.text)
    SPI1_IRQHandler                          0x08000183   Thumb Code     0  startup_stm32f10x_hd_vl.o(.text)
    SPI2_IRQHandler                          0x08000183   Thumb Code     0  startup_stm32f10x_hd_vl.o(.text)
    SPI3_IRQHandler                          0x08000183   Thumb Code     0  startup_stm32f10x_hd_vl.o(.text)
    TAMPER_IRQHandler                        0x08000183   Thumb Code     0  startup_stm32f10x_hd_vl.o(.text)
    TIM12_IRQHandler                         0x08000183   Thumb Code     0  startup_stm32f10x_hd_vl.o(.text)
    TIM13_IRQHandler                         0x08000183   Thumb Code     0  startup_stm32f10x_hd_vl.o(.text)
    TIM14_IRQHandler                         0x08000183   Thumb Code     0  startup_stm32f10x_hd_vl.o(.text)
    TIM1_BRK_TIM15_IRQHandler                0x08000183   Thumb Code     0  startup_stm32f10x_hd_vl.o(.text)
    TIM1_CC_IRQHandler                       0x08000183   Thumb Code     0  startup_stm32f10x_hd_vl.o(.text)
    TIM1_TRG_COM_TIM17_IRQHandler            0x08000183   Thumb Code     0  startup_stm32f10x_hd_vl.o(.text)
    TIM1_UP_TIM16_IRQHandler                 0x08000183   Thumb Code     0  startup_stm32f10x_hd_vl.o(.text)
    TIM2_IRQHandler                          0x08000183   Thumb Code     0  startup_stm32f10x_hd_vl.o(.text)
    TIM3_IRQHandler                          0x08000183   Thumb Code     0  startup_stm32f10x_hd_vl.o(.text)
    TIM4_IRQHandler                          0x08000183   Thumb Code     0  startup_stm32f10x_hd_vl.o(.text)
    TIM5_IRQHandler                          0x08000183   Thumb Code     0  startup_stm32f10x_hd_vl.o(.text)
    TIM6_DAC_IRQHandler                      0x08000183   Thumb Code     0  startup_stm32f10x_hd_vl.o(.text)
    TIM7_IRQHandler                          0x08000183   Thumb Code     0  startup_stm32f10x_hd_vl.o(.text)
    UART4_IRQHandler                         0x08000183   Thumb Code     0  startup_stm32f10x_hd_vl.o(.text)
    UART5_IRQHandler                         0x08000183   Thumb Code     0  startup_stm32f10x_hd_vl.o(.text)
    USART1_IRQHandler                        0x08000183   Thumb Code     0  startup_stm32f10x_hd_vl.o(.text)
    USART2_IRQHandler                        0x08000183   Thumb Code     0  startup_stm32f10x_hd_vl.o(.text)
    USART3_IRQHandler                        0x08000183   Thumb Code     0  startup_stm32f10x_hd_vl.o(.text)
    WWDG_IRQHandler                          0x08000183   Thumb Code     0  startup_stm32f10x_hd_vl.o(.text)
    __aeabi_memcpy                           0x0800018d   Thumb Code    36  memcpya.o(.text)
    __aeabi_memcpy4                          0x0800018d   Thumb Code     0  memcpya.o(.text)
    __aeabi_memcpy8                          0x0800018d   Thumb Code     0  memcpya.o(.text)
    __scatterload                            0x080001b1   Thumb Code    28  init.o(.text)
    __scatterload_rt2                        0x080001b1   Thumb Code     0  init.o(.text)
    BusFault_Handler                         0x080001d5   Thumb Code     4  stm32f10x_it.o(i.BusFault_Handler)
    CalChecksum                              0x080001d9   Thumb Code    24  ymodem.o(i.CalChecksum)
    Cal_CRC16                                0x080001f1   Thumb Code    52  ymodem.o(i.Cal_CRC16)
    DebugMon_Handler                         0x08000225   Thumb Code     2  stm32f10x_it.o(i.DebugMon_Handler)
    FLASH_DisableWriteProtectionPages        0x08000229   Thumb Code   192  common.o(i.FLASH_DisableWriteProtectionPages)
    FLASH_EnableWriteProtection              0x08000369   Thumb Code   156  stm32f10x_flash.o(i.FLASH_EnableWriteProtection)
    FLASH_EraseOptionBytes                   0x08000415   Thumb Code   108  stm32f10x_flash.o(i.FLASH_EraseOptionBytes)
    FLASH_ErasePage                          0x08000491   Thumb Code    56  stm32f10x_flash.o(i.FLASH_ErasePage)
    FLASH_GetBank1Status                     0x080004cd   Thumb Code    34  stm32f10x_flash.o(i.FLASH_GetBank1Status)
    FLASH_GetReadOutProtectionStatus         0x080004f5   Thumb Code    14  stm32f10x_flash.o(i.FLASH_GetReadOutProtectionStatus)
    FLASH_GetUserOptionByte                  0x08000509   Thumb Code     8  stm32f10x_flash.o(i.FLASH_GetUserOptionByte)
    FLASH_GetWriteProtectionOptionByte       0x08000515   Thumb Code     6  stm32f10x_flash.o(i.FLASH_GetWriteProtectionOptionByte)
    FLASH_PagesMask                          0x08000521   Thumb Code    24  common.o(i.FLASH_PagesMask)
    FLASH_ProgramWord                        0x08000539   Thumb Code    76  stm32f10x_flash.o(i.FLASH_ProgramWord)
    FLASH_Unlock                             0x08000589   Thumb Code    12  stm32f10x_flash.o(i.FLASH_Unlock)
    FLASH_UserOptionByteConfig               0x080005a1   Thumb Code    78  stm32f10x_flash.o(i.FLASH_UserOptionByteConfig)
    FLASH_WaitForLastOperation               0x08000601   Thumb Code    36  stm32f10x_flash.o(i.FLASH_WaitForLastOperation)
    GPIO_Init                                0x08000625   Thumb Code   278  stm32f10x_gpio.o(i.GPIO_Init)
    GPIO_PinRemapConfig                      0x0800073d   Thumb Code   138  stm32f10x_gpio.o(i.GPIO_PinRemapConfig)
    GPIO_ReadInputDataBit                    0x080007cd   Thumb Code    18  stm32f10x_gpio.o(i.GPIO_ReadInputDataBit)
    GPIO_SetBits                             0x080007df   Thumb Code     4  stm32f10x_gpio.o(i.GPIO_SetBits)
    GetKey                                   0x080007e3   Thumb Code    28  common.o(i.GetKey)
    HardFault_Handler                        0x080007ff   Thumb Code     4  stm32f10x_it.o(i.HardFault_Handler)
    Int2Str                                  0x0800082d   Thumb Code    84  common.o(i.Int2Str)
    LCD_Clear                                0x08000885   Thumb Code    84  lcd.o(i.LCD_Clear)
    LCD_DrawPoint                            0x080008e1   Thumb Code    24  lcd.o(i.LCD_DrawPoint)
    LCD_GPIOInit                             0x080008fd   Thumb Code    60  lcd.o(i.LCD_GPIOInit)
    LCD_Init                                 0x08000941   Thumb Code   588  lcd.o(i.LCD_Init)
    LCD_RESET                                0x08000b91   Thumb Code    30  lcd.o(i.LCD_RESET)
    LCD_SetCursor                            0x08000bb5   Thumb Code    20  lcd.o(i.LCD_SetCursor)
    LCD_SetWindows                           0x08000bc9   Thumb Code    84  lcd.o(i.LCD_SetWindows)
    LCD_ShowChar                             0x08000c21   Thumb Code   276  gui.o(i.LCD_ShowChar)
    LCD_ShowString                           0x08000d45   Thumb Code    94  gui.o(i.LCD_ShowString)
    LCD_WR_DATA                              0x08000db1   Thumb Code    34  lcd.o(i.LCD_WR_DATA)
    LCD_WR_REG                               0x08000ddd   Thumb Code    32  lcd.o(i.LCD_WR_REG)
    LCD_WriteRAM_Prepare                     0x08000e05   Thumb Code    12  lcd.o(i.LCD_WriteRAM_Prepare)
    LCD_WriteReg                             0x08000e15   Thumb Code    20  lcd.o(i.LCD_WriteReg)
    LCD_direction                            0x08000e29   Thumb Code   128  lcd.o(i.LCD_direction)
    Lcd_WriteData_16Bit                      0x08000ead   Thumb Code    42  lcd.o(i.Lcd_WriteData_16Bit)
    Main_Menu                                0x08000ee1   Thumb Code   210  common.o(i.Main_Menu)
    MemManage_Handler                        0x080011cd   Thumb Code     4  stm32f10x_it.o(i.MemManage_Handler)
    NMI_Handler                              0x080011d1   Thumb Code     2  stm32f10x_it.o(i.NMI_Handler)
    PendSV_Handler                           0x080011d3   Thumb Code     2  stm32f10x_it.o(i.PendSV_Handler)
    RCC_APB1PeriphClockCmd                   0x080011d5   Thumb Code    26  stm32f10x_rcc.o(i.RCC_APB1PeriphClockCmd)
    RCC_APB2PeriphClockCmd                   0x080011f5   Thumb Code    26  stm32f10x_rcc.o(i.RCC_APB2PeriphClockCmd)
    RCC_GetClocksFreq                        0x08001215   Thumb Code   192  stm32f10x_rcc.o(i.RCC_GetClocksFreq)
    SPI1_Init                                0x080013c9   Thumb Code   140  spi.o(i.SPI1_Init)
    SPI_Cmd                                  0x0800145d   Thumb Code    24  stm32f10x_spi.o(i.SPI_Cmd)
    SPI_Init                                 0x08001475   Thumb Code    60  stm32f10x_spi.o(i.SPI_Init)
    SPI_WriteByte                            0x080014b1   Thumb Code    20  spi.o(i.SPI_WriteByte)
    STM_EVAL_COMInit                         0x080014c5   Thumb Code   146  stm32_eval.o(i.STM_EVAL_COMInit)
    SVC_Handler                              0x08001579   Thumb Code     2  stm32f10x_it.o(i.SVC_Handler)
    SerialDownload                           0x08001589   Thumb Code   120  download.o(i.SerialDownload)
    SerialKeyPressed                         0x08001719   Thumb Code    30  common.o(i.SerialKeyPressed)
    SerialPutChar                            0x0800173d   Thumb Code    28  common.o(i.SerialPutChar)
    SerialUpload                             0x0800175d   Thumb Code    58  upload.o(i.SerialUpload)
    Serial_PutString                         0x08001855   Thumb Code    22  common.o(i.Serial_PutString)
    Str2Int                                  0x08001955   Thumb Code   260  common.o(i.Str2Int)
    SysTick_CLKSourceConfig                  0x08001a59   Thumb Code    40  misc.o(i.SysTick_CLKSourceConfig)
    SysTick_Handler                          0x08001a81   Thumb Code     2  stm32f10x_it.o(i.SysTick_Handler)
    SystemInit                               0x08001a85   Thumb Code    78  system_stm32f10x.o(i.SystemInit)
    USART_Cmd                                0x08001ae5   Thumb Code    20  stm32f10x_usart.o(i.USART_Cmd)
    USART_GetFlagStatus                      0x08001af9   Thumb Code    14  stm32f10x_usart.o(i.USART_GetFlagStatus)
    USART_Init                               0x08001b09   Thumb Code   166  stm32f10x_usart.o(i.USART_Init)
    USART_SendData                           0x08001bb5   Thumb Code     8  stm32f10x_usart.o(i.USART_SendData)
    UpdateCRC16                              0x08001bbd   Thumb Code    50  ymodem.o(i.UpdateCRC16)
    UsageFault_Handler                       0x08001bef   Thumb Code     4  stm32f10x_it.o(i.UsageFault_Handler)
    Ymodem_PrepareIntialPacket               0x08001bf3   Thumb Code   114  ymodem.o(i.Ymodem_PrepareIntialPacket)
    Ymodem_PreparePacket                     0x08001c65   Thumb Code   140  ymodem.o(i.Ymodem_PreparePacket)
    Ymodem_Receive                           0x08001cf1   Thumb Code   572  ymodem.o(i.Ymodem_Receive)
    Ymodem_SendPacket                        0x08001f4d   Thumb Code    26  ymodem.o(i.Ymodem_SendPacket)
    Ymodem_Transmit                          0x08001f69   Thumb Code   618  ymodem.o(i.Ymodem_Transmit)
    __scatterload_copy                       0x080021d9   Thumb Code    14  handlers.o(i.__scatterload_copy)
    __scatterload_null                       0x080021e7   Thumb Code     2  handlers.o(i.__scatterload_null)
    __scatterload_zeroinit                   0x080021e9   Thumb Code    14  handlers.o(i.__scatterload_zeroinit)
    delay_init                               0x080021f9   Thumb Code    52  delay.o(i.delay_init)
    delay_ms                                 0x08002235   Thumb Code    56  delay.o(i.delay_ms)
    main                                     0x08002271   Thumb Code   156  main.o(i.main)
    myKey_Init                               0x08002361   Thumb Code    56  mykey.o(i.myKey_Init)
    myLCD_Init                               0x080023a1   Thumb Code    20  mylcd.o(i.myLCD_Init)
    myLCD_Power_Init                         0x080023b5   Thumb Code    32  mylcd.o(i.myLCD_Power_Init)
    myLCD_Power_On                           0x080023d9   Thumb Code     8  mylcd.o(i.myLCD_Power_On)
    myLCD_ShowString                         0x080023e5   Thumb Code    16  mylcd.o(i.myLCD_ShowString)
    GPIO_PIN                                 0x080023f4   Data           8  stm32_eval.o(.constdata)
    GPIO_CLK                                 0x080023fc   Data          16  stm32_eval.o(.constdata)
    BUTTON_PIN                               0x0800240c   Data          16  stm32_eval.o(.constdata)
    BUTTON_CLK                               0x0800241c   Data          32  stm32_eval.o(.constdata)
    BUTTON_EXTI_LINE                         0x0800243c   Data          16  stm32_eval.o(.constdata)
    BUTTON_PORT_SOURCE                       0x0800244c   Data          16  stm32_eval.o(.constdata)
    BUTTON_PIN_SOURCE                        0x0800245c   Data          16  stm32_eval.o(.constdata)
    BUTTON_IRQn                              0x0800246c   Data          16  stm32_eval.o(.constdata)
    COM_USART_CLK                            0x0800247c   Data           8  stm32_eval.o(.constdata)
    COM_TX_PORT_CLK                          0x08002484   Data           8  stm32_eval.o(.constdata)
    COM_RX_PORT_CLK                          0x0800248c   Data           8  stm32_eval.o(.constdata)
    COM_TX_PIN                               0x08002494   Data           4  stm32_eval.o(.constdata)
    COM_RX_PIN                               0x08002498   Data           4  stm32_eval.o(.constdata)
    asc2_1206                                0x0800249c   Data        1140  gui.o(.constdata)
    asc2_1608                                0x08002910   Data        1520  gui.o(.constdata)
    tfont16                                  0x08002f00   Data        2108  gui.o(.constdata)
    tfont24                                  0x0800373c   Data         518  gui.o(.constdata)
    tfont32                                  0x08003942   Data         520  gui.o(.constdata)
    X                                        0x08003b4a   Data          60  mylcd.o(.constdata)
    Y                                        0x08003b86   Data          40  mylcd.o(.constdata)
    Region$$Table$$Base                      0x08003dcc   Number         0  anon$$obj.o(Region$$Table)
    Region$$Table$$Limit                     0x08003dec   Number         0  anon$$obj.o(Region$$Table)
    Jump_To_Application                      0x20000000   Data           4  common.o(.data)
    JumpAddress                              0x20000004   Data           4  common.o(.data)
    BlockNbr                                 0x20000008   Data           4  common.o(.data)
    UserMemoryMask                           0x2000000c   Data           4  common.o(.data)
    FlashProtection                          0x20000010   Data           4  common.o(.data)
    FlashDestination                         0x20000014   Data           4  ymodem.o(.data)
    PageSize                                 0x20000018   Data           2  ymodem.o(.data)
    EraseCounter                             0x2000001c   Data           4  ymodem.o(.data)
    NbrOfPage                                0x20000020   Data           4  ymodem.o(.data)
    FLASHStatus                              0x20000024   Data           1  ymodem.o(.data)
    RamSource                                0x20000028   Data           4  ymodem.o(.data)
    GPIO_PORT                                0x20000040   Data          16  stm32_eval.o(.data)
    BUTTON_PORT                              0x20000050   Data          32  stm32_eval.o(.data)
    COM_USART                                0x20000070   Data           8  stm32_eval.o(.data)
    COM_TX_PORT                              0x20000078   Data           8  stm32_eval.o(.data)
    COM_RX_PORT                              0x20000080   Data           8  stm32_eval.o(.data)
    POINT_COLOR                              0x2000008c   Data           2  lcd.o(.data)
    BACK_COLOR                               0x2000008e   Data           2  lcd.o(.data)
    DeviceCode                               0x20000090   Data           2  lcd.o(.data)
    tab_1024                                 0x20000094   Data        1024  download.o(.bss)
    file_name                                0x20000494   Data         256  ymodem.o(.bss)
    lcddev                                   0x20000594   Data          14  lcd.o(.bss)
    __initial_sp                             0x20000da8   Data           0  startup_stm32f10x_hd_vl.o(STACK)



==============================================================================

Memory Map of the image

  Image Entry point : 0x08000135

  Load Region LR_IROM1 (Base: 0x08000000, Size: 0x00003e80, Max: 0x00003fff, ABSOLUTE)

    Execution Region ER_IROM1 (Exec base: 0x08000000, Load base: 0x08000000, Size: 0x00003dec, Max: 0x00003fff, ABSOLUTE)

    Exec Addr    Load Addr    Size         Type   Attr      Idx    E Section Name        Object

    0x08000000   0x08000000   0x00000134   Data   RO         1915    RESET               startup_stm32f10x_hd_vl.o
    0x08000134   0x08000134   0x00000000   Code   RO         2428  * .ARM.Collect$$$$00000000  mc_w.l(entry.o)
    0x08000134   0x08000134   0x00000004   Code   RO         2437    .ARM.Collect$$$$00000001  mc_w.l(entry2.o)
    0x08000138   0x08000138   0x00000004   Code   RO         2440    .ARM.Collect$$$$00000004  mc_w.l(entry5.o)
    0x0800013c   0x0800013c   0x00000000   Code   RO         2442    .ARM.Collect$$$$00000008  mc_w.l(entry7b.o)
    0x0800013c   0x0800013c   0x00000000   Code   RO         2444    .ARM.Collect$$$$0000000A  mc_w.l(entry8b.o)
    0x0800013c   0x0800013c   0x00000008   Code   RO         2445    .ARM.Collect$$$$0000000B  mc_w.l(entry9a.o)
    0x08000144   0x08000144   0x00000000   Code   RO         2447    .ARM.Collect$$$$0000000D  mc_w.l(entry10a.o)
    0x08000144   0x08000144   0x00000000   Code   RO         2449    .ARM.Collect$$$$0000000F  mc_w.l(entry11a.o)
    0x08000144   0x08000144   0x00000004   Code   RO         2438    .ARM.Collect$$$$00002712  mc_w.l(entry2.o)
    0x08000148   0x08000148   0x00000020   Code   RO         1758    .emb_text           core_cm3.o
    0x08000168   0x08000168   0x00000024   Code   RO         1916    .text               startup_stm32f10x_hd_vl.o
    0x0800018c   0x0800018c   0x00000024   Code   RO         2431    .text               mc_w.l(memcpya.o)
    0x080001b0   0x080001b0   0x00000024   Code   RO         2451    .text               mc_w.l(init.o)
    0x080001d4   0x080001d4   0x00000004   Code   RO          200    i.BusFault_Handler  stm32f10x_it.o
    0x080001d8   0x080001d8   0x00000018   Code   RO          263    i.CalChecksum       ymodem.o
    0x080001f0   0x080001f0   0x00000034   Code   RO          264    i.Cal_CRC16         ymodem.o
    0x08000224   0x08000224   0x00000002   Code   RO          201    i.DebugMon_Handler  stm32f10x_it.o
    0x08000226   0x08000226   0x00000002   PAD
    0x08000228   0x08000228   0x00000140   Code   RO            1    i.FLASH_DisableWriteProtectionPages  common.o
    0x08000368   0x08000368   0x000000ac   Code   RO          485    i.FLASH_EnableWriteProtection  stm32f10x_flash.o
    0x08000414   0x08000414   0x0000007c   Code   RO          488    i.FLASH_EraseOptionBytes  stm32f10x_flash.o
    0x08000490   0x08000490   0x0000003c   Code   RO          489    i.FLASH_ErasePage   stm32f10x_flash.o
    0x080004cc   0x080004cc   0x00000028   Code   RO          490    i.FLASH_GetBank1Status  stm32f10x_flash.o
    0x080004f4   0x080004f4   0x00000014   Code   RO          493    i.FLASH_GetReadOutProtectionStatus  stm32f10x_flash.o
    0x08000508   0x08000508   0x0000000c   Code   RO          495    i.FLASH_GetUserOptionByte  stm32f10x_flash.o
    0x08000514   0x08000514   0x0000000c   Code   RO          496    i.FLASH_GetWriteProtectionOptionByte  stm32f10x_flash.o
    0x08000520   0x08000520   0x00000018   Code   RO            2    i.FLASH_PagesMask   common.o
    0x08000538   0x08000538   0x00000050   Code   RO          504    i.FLASH_ProgramWord  stm32f10x_flash.o
    0x08000588   0x08000588   0x00000018   Code   RO          507    i.FLASH_Unlock      stm32f10x_flash.o
    0x080005a0   0x080005a0   0x00000060   Code   RO          509    i.FLASH_UserOptionByteConfig  stm32f10x_flash.o
    0x08000600   0x08000600   0x00000024   Code   RO          511    i.FLASH_WaitForLastOperation  stm32f10x_flash.o
    0x08000624   0x08000624   0x00000116   Code   RO          697    i.GPIO_Init         stm32f10x_gpio.o
    0x0800073a   0x0800073a   0x00000002   PAD
    0x0800073c   0x0800073c   0x00000090   Code   RO          699    i.GPIO_PinRemapConfig  stm32f10x_gpio.o
    0x080007cc   0x080007cc   0x00000012   Code   RO          701    i.GPIO_ReadInputDataBit  stm32f10x_gpio.o
    0x080007de   0x080007de   0x00000004   Code   RO          705    i.GPIO_SetBits      stm32f10x_gpio.o
    0x080007e2   0x080007e2   0x0000001c   Code   RO            5    i.GetKey            common.o
    0x080007fe   0x080007fe   0x00000004   Code   RO          202    i.HardFault_Handler  stm32f10x_it.o
    0x08000802   0x08000802   0x0000002a   Code   RO          155    i.IAP_Init          main.o
    0x0800082c   0x0800082c   0x00000058   Code   RO            6    i.Int2Str           common.o
    0x08000884   0x08000884   0x0000005c   Code   RO         2083    i.LCD_Clear         lcd.o
    0x080008e0   0x080008e0   0x0000001c   Code   RO         2084    i.LCD_DrawPoint     lcd.o
    0x080008fc   0x080008fc   0x00000044   Code   RO         2085    i.LCD_GPIOInit      lcd.o
    0x08000940   0x08000940   0x00000250   Code   RO         2086    i.LCD_Init          lcd.o
    0x08000b90   0x08000b90   0x00000024   Code   RO         2087    i.LCD_RESET         lcd.o
    0x08000bb4   0x08000bb4   0x00000014   Code   RO         2088    i.LCD_SetCursor     lcd.o
    0x08000bc8   0x08000bc8   0x00000058   Code   RO         2089    i.LCD_SetWindows    lcd.o
    0x08000c20   0x08000c20   0x00000124   Code   RO         1958    i.LCD_ShowChar      gui.o
    0x08000d44   0x08000d44   0x0000006c   Code   RO         1960    i.LCD_ShowString    gui.o
    0x08000db0   0x08000db0   0x0000002c   Code   RO         2090    i.LCD_WR_DATA       lcd.o
    0x08000ddc   0x08000ddc   0x00000028   Code   RO         2091    i.LCD_WR_REG        lcd.o
    0x08000e04   0x08000e04   0x00000010   Code   RO         2092    i.LCD_WriteRAM_Prepare  lcd.o
    0x08000e14   0x08000e14   0x00000014   Code   RO         2093    i.LCD_WriteReg      lcd.o
    0x08000e28   0x08000e28   0x00000084   Code   RO         2094    i.LCD_direction     lcd.o
    0x08000eac   0x08000eac   0x00000034   Code   RO         2095    i.Lcd_WriteData_16Bit  lcd.o
    0x08000ee0   0x08000ee0   0x000002ec   Code   RO            7    i.Main_Menu         common.o
    0x080011cc   0x080011cc   0x00000004   Code   RO          203    i.MemManage_Handler  stm32f10x_it.o
    0x080011d0   0x080011d0   0x00000002   Code   RO          204    i.NMI_Handler       stm32f10x_it.o
    0x080011d2   0x080011d2   0x00000002   Code   RO          205    i.PendSV_Handler    stm32f10x_it.o
    0x080011d4   0x080011d4   0x00000020   Code   RO         1008    i.RCC_APB1PeriphClockCmd  stm32f10x_rcc.o
    0x080011f4   0x080011f4   0x00000020   Code   RO         1010    i.RCC_APB2PeriphClockCmd  stm32f10x_rcc.o
    0x08001214   0x08001214   0x000000d4   Code   RO         1018    i.RCC_GetClocksFreq  stm32f10x_rcc.o
    0x080012e8   0x080012e8   0x00000022   Code   RO          265    i.Receive_Byte      ymodem.o
    0x0800130a   0x0800130a   0x000000bc   Code   RO          266    i.Receive_Packet    ymodem.o
    0x080013c6   0x080013c6   0x00000002   PAD
    0x080013c8   0x080013c8   0x00000094   Code   RO         2251    i.SPI1_Init         spi.o
    0x0800145c   0x0800145c   0x00000018   Code   RO         1400    i.SPI_Cmd           stm32f10x_spi.o
    0x08001474   0x08001474   0x0000003c   Code   RO         1413    i.SPI_Init          stm32f10x_spi.o
    0x080014b0   0x080014b0   0x00000014   Code   RO         2253    i.SPI_WriteByte     spi.o
    0x080014c4   0x080014c4   0x000000b4   Code   RO         1807    i.STM_EVAL_COMInit  stm32_eval.o
    0x08001578   0x08001578   0x00000002   Code   RO          206    i.SVC_Handler       stm32f10x_it.o
    0x0800157a   0x0800157a   0x0000000e   Code   RO          267    i.Send_Byte         ymodem.o
    0x08001588   0x08001588   0x00000190   Code   RO          134    i.SerialDownload    download.o
    0x08001718   0x08001718   0x00000024   Code   RO            8    i.SerialKeyPressed  common.o
    0x0800173c   0x0800173c   0x00000020   Code   RO            9    i.SerialPutChar     common.o
    0x0800175c   0x0800175c   0x000000f8   Code   RO          343    i.SerialUpload      upload.o
    0x08001854   0x08001854   0x00000016   Code   RO           10    i.Serial_PutString  common.o
    0x0800186a   0x0800186a   0x00000008   Code   RO         1769    i.SetSysClock       system_stm32f10x.o
    0x08001872   0x08001872   0x00000002   PAD
    0x08001874   0x08001874   0x000000e0   Code   RO         1770    i.SetSysClockTo72   system_stm32f10x.o
    0x08001954   0x08001954   0x00000104   Code   RO           11    i.Str2Int           common.o
    0x08001a58   0x08001a58   0x00000028   Code   RO         1726    i.SysTick_CLKSourceConfig  misc.o
    0x08001a80   0x08001a80   0x00000002   Code   RO          207    i.SysTick_Handler   stm32f10x_it.o
    0x08001a82   0x08001a82   0x00000002   PAD
    0x08001a84   0x08001a84   0x00000060   Code   RO         1772    i.SystemInit        system_stm32f10x.o
    0x08001ae4   0x08001ae4   0x00000014   Code   RO         1546    i.USART_Cmd         stm32f10x_usart.o
    0x08001af8   0x08001af8   0x0000000e   Code   RO         1549    i.USART_GetFlagStatus  stm32f10x_usart.o
    0x08001b06   0x08001b06   0x00000002   PAD
    0x08001b08   0x08001b08   0x000000ac   Code   RO         1553    i.USART_Init        stm32f10x_usart.o
    0x08001bb4   0x08001bb4   0x00000008   Code   RO         1563    i.USART_SendData    stm32f10x_usart.o
    0x08001bbc   0x08001bbc   0x00000032   Code   RO          268    i.UpdateCRC16       ymodem.o
    0x08001bee   0x08001bee   0x00000004   Code   RO          208    i.UsageFault_Handler  stm32f10x_it.o
    0x08001bf2   0x08001bf2   0x00000072   Code   RO          270    i.Ymodem_PrepareIntialPacket  ymodem.o
    0x08001c64   0x08001c64   0x0000008c   Code   RO          271    i.Ymodem_PreparePacket  ymodem.o
    0x08001cf0   0x08001cf0   0x0000025c   Code   RO          272    i.Ymodem_Receive    ymodem.o
    0x08001f4c   0x08001f4c   0x0000001a   Code   RO          273    i.Ymodem_SendPacket  ymodem.o
    0x08001f66   0x08001f66   0x00000002   PAD
    0x08001f68   0x08001f68   0x00000270   Code   RO          274    i.Ymodem_Transmit   ymodem.o
    0x080021d8   0x080021d8   0x0000000e   Code   RO         2455    i.__scatterload_copy  mc_w.l(handlers.o)
    0x080021e6   0x080021e6   0x00000002   Code   RO         2456    i.__scatterload_null  mc_w.l(handlers.o)
    0x080021e8   0x080021e8   0x0000000e   Code   RO         2457    i.__scatterload_zeroinit  mc_w.l(handlers.o)
    0x080021f6   0x080021f6   0x00000002   PAD
    0x080021f8   0x080021f8   0x0000003c   Code   RO         1920    i.delay_init        delay.o
    0x08002234   0x08002234   0x0000003c   Code   RO         1921    i.delay_ms          delay.o
    0x08002270   0x08002270   0x000000f0   Code   RO          156    i.main              main.o
    0x08002360   0x08002360   0x00000040   Code   RO         2411    i.myKey_Init        mykey.o
    0x080023a0   0x080023a0   0x00000014   Code   RO         2177    i.myLCD_Init        mylcd.o
    0x080023b4   0x080023b4   0x00000024   Code   RO         2178    i.myLCD_Power_Init  mylcd.o
    0x080023d8   0x080023d8   0x0000000c   Code   RO         2180    i.myLCD_Power_On    mylcd.o
    0x080023e4   0x080023e4   0x00000010   Code   RO         2183    i.myLCD_ShowString  mylcd.o
    0x080023f4   0x080023f4   0x000000a8   Data   RO         1820    .constdata          stm32_eval.o
    0x0800249c   0x0800249c   0x000016ae   Data   RO         1966    .constdata          gui.o
    0x08003b4a   0x08003b4a   0x0000003c   Data   RO         2184    .constdata          mylcd.o
    0x08003b86   0x08003b86   0x00000028   Data   RO         2185    .constdata          mylcd.o
    0x08003bae   0x08003bae   0x00000002   PAD
    0x08003bb0   0x08003bb0   0x0000004a   Data   RO           12    .conststring        common.o
    0x08003bfa   0x08003bfa   0x00000002   PAD
    0x08003bfc   0x08003bfc   0x00000053   Data   RO          136    .conststring        download.o
    0x08003c4f   0x08003c4f   0x00000001   PAD
    0x08003c50   0x08003c50   0x00000179   Data   RO          157    .conststring        main.o
    0x08003dc9   0x08003dc9   0x00000003   PAD
    0x08003dcc   0x08003dcc   0x00000020   Data   RO         2453    Region$$Table       anon$$obj.o


    Execution Region RW_IRAM1 (Exec base: 0x20000000, Load base: 0x08003dec, Size: 0x00000da8, Max: 0x00005000, ABSOLUTE)

    Exec Addr    Load Addr    Size         Type   Attr      Idx    E Section Name        Object

    0x20000000   0x08003dec   0x00000014   Data   RW           13    .data               common.o
    0x20000014   0x08003e00   0x00000018   Data   RW          276    .data               ymodem.o
    0x2000002c   0x08003e18   0x00000014   Data   RW         1038    .data               stm32f10x_rcc.o
    0x20000040   0x08003e2c   0x00000048   Data   RW         1821    .data               stm32_eval.o
    0x20000088   0x08003e74   0x00000004   Data   RW         1923    .data               delay.o
    0x2000008c   0x08003e78   0x00000006   Data   RW         2097    .data               lcd.o
    0x20000092   0x08003e7e   0x00000002   PAD
    0x20000094        -       0x00000400   Zero   RW          135    .bss                download.o
    0x20000494        -       0x00000100   Zero   RW          275    .bss                ymodem.o
    0x20000594        -       0x0000000e   Zero   RW         2096    .bss                lcd.o
    0x200005a2   0x08003e7e   0x00000006   PAD
    0x200005a8        -       0x00000800   Zero   RW         1913    STACK               startup_stm32f10x_hd_vl.o


==============================================================================

Image component sizes


      Code (inc. data)   RO Data    RW Data    ZI Data      Debug   Object Name

      1558        680         74         20          0     262717   common.o
        32          0          0          0          0        648   core_cm3.o
       120         12          0          4          0       1232   delay.o
       400        280         83          0       1024       1172   download.o
       400         30       5806          0          0       3070   gui.o
      1228         70          0          6         14       8757   lcd.o
       282         84        377          0          0        983   main.o
        40          0          0          0          0        578   misc.o
        64          8          0          0          0        489   mykey.o
        84          8        100          0          0       2470   mylcd.o
       168          8          0          0          0       8524   spi.o
        36          8        308          0       2048        784   startup_stm32f10x_hd_vl.o
       180         34        168         72          0       2468   stm32_eval.o
         0          0          0          0          0       9944   stm32f10x_dma.o
       676         92          0          0          0     244353   stm32f10x_flash.o
       444          6          0          0          0       4281   stm32f10x_gpio.o
        26          0          0          0          0       3882   stm32f10x_it.o
       276         32          0         20          0       4726   stm32f10x_rcc.o
        84          0          0          0          0       9361   stm32f10x_spi.o
       214          6          0          0          0       4440   stm32f10x_usart.o
       328         28          0          0          0       1925   system_stm32f10x.o
       248        190          0          0          0        507   upload.o
      1870         38          0         24        256      10069   ymodem.o

    ----------------------------------------------------------------------
      8772       1614       6956        148       3348     587380   Object Totals
         0          0         32          0          0          0   (incl. Generated)
        14          0          8          2          6          0   (incl. Padding)

    ----------------------------------------------------------------------

      Code (inc. data)   RO Data    RW Data    ZI Data      Debug   Library Member Name

         0          0          0          0          0          0   entry.o
         0          0          0          0          0          0   entry10a.o
         0          0          0          0          0          0   entry11a.o
         8          4          0          0          0          0   entry2.o
         4          0          0          0          0          0   entry5.o
         0          0          0          0          0          0   entry7b.o
         0          0          0          0          0          0   entry8b.o
         8          4          0          0          0          0   entry9a.o
        30          0          0          0          0          0   handlers.o
        36          8          0          0          0         68   init.o
        36          0          0          0          0         68   memcpya.o

    ----------------------------------------------------------------------
       124         16          0          0          0        136   Library Totals
         2          0          0          0          0          0   (incl. Padding)

    ----------------------------------------------------------------------

      Code (inc. data)   RO Data    RW Data    ZI Data      Debug   Library Name

       122         16          0          0          0        136   mc_w.l

    ----------------------------------------------------------------------
       124         16          0          0          0        136   Library Totals

    ----------------------------------------------------------------------

==============================================================================


      Code (inc. data)   RO Data    RW Data    ZI Data      Debug   

      8896       1630       6956        148       3348     583508   Grand Totals
      8896       1630       6956        148       3348     583508   ELF Image Totals
      8896       1630       6956        148          0          0   ROM Totals

==============================================================================

    Total RO  Size (Code + RO Data)                15852 (  15.48kB)
    Total RW  Size (RW Data + ZI Data)              3496 (   3.41kB)
    Total ROM Size (Code + RO Data + RW Data)      16000 (  15.63kB)

==============================================================================

