Component: ARM Compiler 5.06 update 5 (build 528) Tool: armlink [4d35e2]

==============================================================================

Section Cross References

    main.o(i.main) refers to stm32f4xx_hal.o(i.HAL_Init) for HAL_Init
    main.o(i.main) refers to sys.o(i.Stm32_Clock_Init) for Stm32_Clock_Init
    main.o(i.main) refers to delay.o(i.delay_init) for delay_init
    main.o(i.main) refers to lcd.o(i.LCD_Init) for LCD_Init
    main.o(i.main) refers to test.o(i.main_test) for main_test
    main.o(i.main) refers to test.o(i.Test_Color) for Test_Color
    main.o(i.main) refers to test.o(i.Test_FillRec) for Test_FillRec
    main.o(i.main) refers to test.o(i.Test_Circle) for Test_Circle
    main.o(i.main) refers to test.o(i.Test_Triangle) for Test_Triangle
    main.o(i.main) refers to test.o(i.English_Font_test) for English_Font_test
    main.o(i.main) refers to test.o(i.Chinese_Font_test) for Chinese_Font_test
    main.o(i.main) refers to test.o(i.Pic_test) for Pic_test
    main.o(i.main) refers to test.o(i.Rotate_Test) for Rotate_Test
    main.o(i.main) refers to test.o(i.Touch_Test) for Touch_Test
    gui.o(i.Draw_Triangel) refers to gui.o(i.LCD_DrawLine) for LCD_DrawLine
    gui.o(i.Fill_Triangel) refers to gui.o(i.LCD_Fill) for LCD_Fill
    gui.o(i.Fill_Triangel) refers to lcd.o(.data) for POINT_COLOR
    gui.o(i.GUI_DrawFont16) refers to lcd.o(i.LCD_SetWindows) for LCD_SetWindows
    gui.o(i.GUI_DrawFont16) refers to lcd.o(i.LCD_DrawPoint) for LCD_DrawPoint
    gui.o(i.GUI_DrawFont16) refers to lcd.o(i.Lcd_WriteData_16Bit) for Lcd_WriteData_16Bit
    gui.o(i.GUI_DrawFont16) refers to gui.o(.constdata) for .constdata
    gui.o(i.GUI_DrawFont16) refers to lcd.o(.data) for POINT_COLOR
    gui.o(i.GUI_DrawFont16) refers to lcd.o(.bss) for lcddev
    gui.o(i.GUI_DrawFont24) refers to lcd.o(i.LCD_SetWindows) for LCD_SetWindows
    gui.o(i.GUI_DrawFont24) refers to lcd.o(i.LCD_DrawPoint) for LCD_DrawPoint
    gui.o(i.GUI_DrawFont24) refers to lcd.o(i.Lcd_WriteData_16Bit) for Lcd_WriteData_16Bit
    gui.o(i.GUI_DrawFont24) refers to gui.o(.constdata) for .constdata
    gui.o(i.GUI_DrawFont24) refers to lcd.o(.data) for POINT_COLOR
    gui.o(i.GUI_DrawFont24) refers to lcd.o(.bss) for lcddev
    gui.o(i.GUI_DrawFont32) refers to lcd.o(i.LCD_SetWindows) for LCD_SetWindows
    gui.o(i.GUI_DrawFont32) refers to lcd.o(i.LCD_DrawPoint) for LCD_DrawPoint
    gui.o(i.GUI_DrawFont32) refers to lcd.o(i.Lcd_WriteData_16Bit) for Lcd_WriteData_16Bit
    gui.o(i.GUI_DrawFont32) refers to gui.o(.constdata) for .constdata
    gui.o(i.GUI_DrawFont32) refers to lcd.o(.data) for POINT_COLOR
    gui.o(i.GUI_DrawFont32) refers to lcd.o(.bss) for lcddev
    gui.o(i.GUI_DrawPoint) refers to lcd.o(i.LCD_SetCursor) for LCD_SetCursor
    gui.o(i.GUI_DrawPoint) refers to lcd.o(i.Lcd_WriteData_16Bit) for Lcd_WriteData_16Bit
    gui.o(i.Gui_Drawbmp16) refers to lcd.o(i.LCD_SetWindows) for LCD_SetWindows
    gui.o(i.Gui_Drawbmp16) refers to lcd.o(i.Lcd_WriteData_16Bit) for Lcd_WriteData_16Bit
    gui.o(i.Gui_Drawbmp16) refers to lcd.o(.bss) for lcddev
    gui.o(i.Gui_StrCenter) refers to strlen.o(.text) for strlen
    gui.o(i.Gui_StrCenter) refers to gui.o(i.Show_Str) for Show_Str
    gui.o(i.Gui_StrCenter) refers to lcd.o(.bss) for lcddev
    gui.o(i.LCD_DrawFillRectangle) refers to gui.o(i.LCD_Fill) for LCD_Fill
    gui.o(i.LCD_DrawFillRectangle) refers to lcd.o(.data) for POINT_COLOR
    gui.o(i.LCD_DrawLine) refers to lcd.o(i.LCD_DrawPoint) for LCD_DrawPoint
    gui.o(i.LCD_DrawRectangle) refers to gui.o(i.LCD_DrawLine) for LCD_DrawLine
    gui.o(i.LCD_Fill) refers to lcd.o(i.LCD_SetWindows) for LCD_SetWindows
    gui.o(i.LCD_Fill) refers to lcd.o(i.Lcd_WriteData_16Bit) for Lcd_WriteData_16Bit
    gui.o(i.LCD_Fill) refers to lcd.o(.bss) for lcddev
    gui.o(i.LCD_ShowChar) refers to lcd.o(i.LCD_SetWindows) for LCD_SetWindows
    gui.o(i.LCD_ShowChar) refers to lcd.o(i.Lcd_WriteData_16Bit) for Lcd_WriteData_16Bit
    gui.o(i.LCD_ShowChar) refers to lcd.o(i.LCD_DrawPoint) for LCD_DrawPoint
    gui.o(i.LCD_ShowChar) refers to lcd.o(.data) for POINT_COLOR
    gui.o(i.LCD_ShowChar) refers to gui.o(.constdata) for .constdata
    gui.o(i.LCD_ShowChar) refers to lcd.o(.bss) for lcddev
    gui.o(i.LCD_ShowNum) refers to gui.o(i.mypow) for mypow
    gui.o(i.LCD_ShowNum) refers to gui.o(i.LCD_ShowChar) for LCD_ShowChar
    gui.o(i.LCD_ShowNum) refers to lcd.o(.data) for BACK_COLOR
    gui.o(i.LCD_ShowNum) refers to lcd.o(.data) for POINT_COLOR
    gui.o(i.LCD_ShowString) refers to gui.o(i.LCD_ShowChar) for LCD_ShowChar
    gui.o(i.LCD_ShowString) refers to lcd.o(.bss) for lcddev
    gui.o(i.LCD_ShowString) refers to lcd.o(.data) for BACK_COLOR
    gui.o(i.LCD_ShowString) refers to lcd.o(.data) for POINT_COLOR
    gui.o(i.Show_Str) refers to gui.o(i.GUI_DrawFont16) for GUI_DrawFont16
    gui.o(i.Show_Str) refers to gui.o(i.LCD_ShowChar) for LCD_ShowChar
[...]
    ../fplib/dcmpi.s                         0x00000000   Number         0  dcmpi.o ABSOLUTE
    ../fplib/dfixu.s                         0x00000000   Number         0  dfixu.o ABSOLUTE
    ../fplib/dflt.s                          0x00000000   Number         0  dflt_clz.o ABSOLUTE
    ../fplib/dleqf.s                         0x00000000   Number         0  dleqf.o ABSOLUTE
    ../fplib/dmul.s                          0x00000000   Number         0  dmul.o ABSOLUTE
    ../fplib/dnaninf.s                       0x00000000   Number         0  dnaninf.o ABSOLUTE
    ../fplib/dretinf.s                       0x00000000   Number         0  dretinf.o ABSOLUTE
    ../fplib/drleqf.s                        0x00000000   Number         0  drleqf.o ABSOLUTE
    ../fplib/dsqrt.s                         0x00000000   Number         0  dsqrt_umaal.o ABSOLUTE
    ../fplib/f2d.s                           0x00000000   Number         0  f2d.o ABSOLUTE
    ../fplib/fnaninf.s                       0x00000000   Number         0  fnaninf.o ABSOLUTE
    ../fplib/fpinit.s                        0x00000000   Number         0  fpinit.o ABSOLUTE
    ../fplib/usenofp.s                       0x00000000   Number         0  usenofp.o ABSOLUTE
    ../mathlib/sqrt.c                        0x00000000   Number         0  sqrt_x.o ABSOLUTE
    ../mathlib/sqrt.c                        0x00000000   Number         0  sqrt.o ABSOLUTE
    ..\CORE\startup_stm32f429xx.s            0x00000000   Number         0  startup_stm32f429xx.o ABSOLUTE
    ..\HALLIB\STM32F4xx_HAL_Driver\Src\stm32f4xx_hal.c 0x00000000   Number         0  stm32f4xx_hal.o ABSOLUTE
    ..\HALLIB\STM32F4xx_HAL_Driver\Src\stm32f4xx_hal_cortex.c 0x00000000   Number         0  stm32f4xx_hal_cortex.o ABSOLUTE
    ..\HALLIB\STM32F4xx_HAL_Driver\Src\stm32f4xx_hal_dma.c 0x00000000   Number         0  stm32f4xx_hal_dma.o ABSOLUTE
    ..\HALLIB\STM32F4xx_HAL_Driver\Src\stm32f4xx_hal_dma_ex.c 0x00000000   Number         0  stm32f4xx_hal_dma_ex.o ABSOLUTE
    ..\HALLIB\STM32F4xx_HAL_Driver\Src\stm32f4xx_hal_gpio.c 0x00000000   Number         0  stm32f4xx_hal_gpio.o ABSOLUTE
    ..\HALLIB\STM32F4xx_HAL_Driver\Src\stm32f4xx_hal_pwr.c 0x00000000   Number         0  stm32f4xx_hal_pwr.o ABSOLUTE
    ..\HALLIB\STM32F4xx_HAL_Driver\Src\stm32f4xx_hal_pwr_ex.c 0x00000000   Number         0  stm32f4xx_hal_pwr_ex.o ABSOLUTE
    ..\HALLIB\STM32F4xx_HAL_Driver\Src\stm32f4xx_hal_rcc.c 0x00000000   Number         0  stm32f4xx_hal_rcc.o ABSOLUTE
    ..\HALLIB\STM32F4xx_HAL_Driver\Src\stm32f4xx_hal_rcc_ex.c 0x00000000   Number         0  stm32f4xx_hal_rcc_ex.o ABSOLUTE
    ..\HALLIB\STM32F4xx_HAL_Driver\Src\stm32f4xx_hal_spi.c 0x00000000   Number         0  stm32f4xx_hal_spi.o ABSOLUTE
    ..\HARDWARE\24CXX\24cxx.c                0x00000000   Number         0  24cxx.o ABSOLUTE
    ..\HARDWARE\IIC\myiic.c                  0x00000000   Number         0  myiic.o ABSOLUTE
    ..\HARDWARE\KEY\key.c                    0x00000000   Number         0  key.o ABSOLUTE
    ..\HARDWARE\LCD\lcd.c                    0x00000000   Number         0  lcd.o ABSOLUTE
    ..\HARDWARE\LED\led.c                    0x00000000   Number         0  led.o ABSOLUTE
    ..\HARDWARE\SPI\SPI.c                    0x00000000   Number         0  spi.o ABSOLUTE
    ..\HARDWARE\TOUCH\touch.c                0x00000000   Number         0  touch.o ABSOLUTE
    ..\SYSTEM\delay\delay.c                  0x00000000   Number         0  delay.o ABSOLUTE
    ..\SYSTEM\sys\sys.c                      0x00000000   Number         0  sys.o ABSOLUTE
    ..\USER\GUI.c                            0x00000000   Number         0  gui.o ABSOLUTE
    ..\USER\main.c                           0x00000000   Number         0  main.o ABSOLUTE
    ..\USER\stm32f4xx_it.c                   0x00000000   Number         0  stm32f4xx_it.o ABSOLUTE
    ..\USER\system_stm32f4xx.c               0x00000000   Number         0  system_stm32f4xx.o ABSOLUTE
    ..\USER\test.c                           0x00000000   Number         0  test.o ABSOLUTE
    ..\\HALLIB\\STM32F4xx_HAL_Driver\\Src\\stm32f4xx_hal.c 0x00000000   Number         0  stm32f4xx_hal.o ABSOLUTE
    ..\\HALLIB\\STM32F4xx_HAL_Driver\\Src\\stm32f4xx_hal_cortex.c 0x00000000   Number         0  stm32f4xx_hal_cortex.o ABSOLUTE
    ..\\HALLIB\\STM32F4xx_HAL_Driver\\Src\\stm32f4xx_hal_dma.c 0x00000000   Number         0  stm32f4xx_hal_dma.o ABSOLUTE
    ..\\HALLIB\\STM32F4xx_HAL_Driver\\Src\\stm32f4xx_hal_dma_ex.c 0x00000000   Number         0  stm32f4xx_hal_dma_ex.o ABSOLUTE
    ..\\HALLIB\\STM32F4xx_HAL_Driver\\Src\\stm32f4xx_hal_gpio.c 0x00000000   Number         0  stm32f4xx_hal_gpio.o ABSOLUTE
    ..\\HALLIB\\STM32F4xx_HAL_Driver\\Src\\stm32f4xx_hal_pwr.c 0x00000000   Number         0  stm32f4xx_hal_pwr.o ABSOLUTE
    ..\\HALLIB\\STM32F4xx_HAL_Driver\\Src\\stm32f4xx_hal_pwr_ex.c 0x00000000   Number         0  stm32f4xx_hal_pwr_ex.o ABSOLUTE
    ..\\HALLIB\\STM32F4xx_HAL_Driver\\Src\\stm32f4xx_hal_rcc.c 0x00000000   Number         0  stm32f4xx_hal_rcc.o ABSOLUTE
    ..\\HALLIB\\STM32F4xx_HAL_Driver\\Src\\stm32f4xx_hal_rcc_ex.c 0x00000000   Number         0  stm32f4xx_hal_rcc_ex.o ABSOLUTE
    ..\\HALLIB\\STM32F4xx_HAL_Driver\\Src\\stm32f4xx_hal_spi.c 0x00000000   Number         0  stm32f4xx_hal_spi.o ABSOLUTE
    ..\\HARDWARE\\24CXX\\24cxx.c             0x00000000   Number         0  24cxx.o ABSOLUTE
    ..\\HARDWARE\\IIC\\myiic.c               0x00000000   Number         0  myiic.o ABSOLUTE
    ..\\HARDWARE\\KEY\\key.c                 0x00000000   Number         0  key.o ABSOLUTE
    ..\\HARDWARE\\LCD\\lcd.c                 0x00000000   Number         0  lcd.o ABSOLUTE
    ..\\HARDWARE\\LED\\led.c                 0x00000000   Number         0  led.o ABSOLUTE
    ..\\HARDWARE\\SPI\\SPI.c                 0x00000000   Number         0  spi.o ABSOLUTE
    ..\\HARDWARE\\TOUCH\\touch.c             0x00000000   Number         0  touch.o ABSOLUTE
    ..\\SYSTEM\\delay\\delay.c               0x00000000   Number         0  delay.o ABSOLUTE
    ..\\SYSTEM\\sys\\sys.c                   0x00000000   Number         0  sys.o ABSOLUTE
    ..\\USER\\GUI.c                          0x00000000   Number         0  gui.o ABSOLUTE
    ..\\USER\\main.c                         0x00000000   Number         0  main.o ABSOLUTE
    ..\\USER\\stm32f4xx_it.c                 0x00000000   Number         0  stm32f4xx_it.o ABSOLUTE
    ..\\USER\\system_stm32f4xx.c             0x00000000   Number         0  system_stm32f4xx.o ABSOLUTE
    ..\\USER\\test.c                         0x00000000   Number         0  test.o ABSOLUTE
    dc.s                                     0x00000000   Number         0  dc.o ABSOLUTE
    RESET                                    0x08000000   Section      428  startup_stm32f429xx.o(RESET)
    !!!main                                  0x080001ac   Section        8  __main.o(!!!main)
    !!!scatter                               0x080001b4   Section       52  __scatter.o(!!!scatter)
    !!handler_copy                           0x080001e8   Section       26  __scatter_copy.o(!!handler_copy)
    !!handler_zi                             0x08000204   Section       28  __scatter_zi.o(!!handler_zi)
    .ARM.Collect$$libinit$$00000000          0x08000220   Section        2  libinit.o(.ARM.Collect$$libinit$$00000000)
    .ARM.Collect$$libinit$$00000001          0x08000222   Section        4  libinit2.o(.ARM.Collect$$libinit$$00000001)
    .ARM.Collect$$libinit$$00000004          0x08000226   Section        0  libinit2.o(.ARM.Collect$$libinit$$00000004)
    .ARM.Collect$$libinit$$0000000A          0x08000226   Section        0  libinit2.o(.ARM.Collect$$libinit$$0000000A)
    .ARM.Collect$$libinit$$0000000C          0x08000226   Section        0  libinit2.o(.ARM.Collect$$libinit$$0000000C)
    .ARM.Collect$$libinit$$0000000E          0x08000226   Section        0  libinit2.o(.ARM.Collect$$libinit$$0000000E)
    .ARM.Collect$$libinit$$00000011          0x08000226   Section        0  libinit2.o(.ARM.Collect$$libinit$$00000011)
    .ARM.Collect$$libinit$$00000013          0x08000226   Section        0  libinit2.o(.ARM.Collect$$libinit$$00000013)
    .ARM.Collect$$libinit$$00000015          0x08000226   Section        0  libinit2.o(.ARM.Collect$$libinit$$00000015)
    .ARM.Collect$$libinit$$00000017          0x08000226   Section        0  libinit2.o(.ARM.Collect$$libinit$$00000017)
    .ARM.Collect$$libinit$$00000019          0x08000226   Section        0  libinit2.o(.ARM.Collect$$libinit$$00000019)
    .ARM.Collect$$libinit$$0000001B          0x08000226   Section        0  libinit2.o(.ARM.Collect$$libinit$$0000001B)
    .ARM.Collect$$libinit$$0000001D          0x08000226   Section        0  libinit2.o(.ARM.Collect$$libinit$$0000001D)
    .ARM.Collect$$libinit$$0000001F          0x08000226   Section        0  libinit2.o(.ARM.Collect$$libinit$$0000001F)
    .ARM.Collect$$libinit$$00000021          0x08000226   Section        0  libinit2.o(.ARM.Collect$$libinit$$00000021)
    .ARM.Collect$$libinit$$00000023          0x08000226   Section        0  libinit2.o(.ARM.Collect$$libinit$$00000023)
    .ARM.Collect$$libinit$$00000025          0x08000226   Section        0  libinit2.o(.ARM.Collect$$libinit$$00000025)
    .ARM.Collect$$libinit$$0000002C          0x08000226   Section        0  libinit2.o(.ARM.Collect$$libinit$$0000002C)
    .ARM.Collect$$libinit$$0000002E          0x08000226   Section        0  libinit2.o(.ARM.Collect$$libinit$$0000002E)
    .ARM.Collect$$libinit$$00000030          0x08000226   Section        0  libinit2.o(.ARM.Collect$$libinit$$00000030)
    .ARM.Collect$$libinit$$00000032          0x08000226   Section        0  libinit2.o(.ARM.Collect$$libinit$$00000032)
    .ARM.Collect$$libinit$$00000033          0x08000226   Section        2  libinit2.o(.ARM.Collect$$libinit$$00000033)
    .ARM.Collect$$libshutdown$$00000000      0x08000228   Section        2  libshutdown.o(.ARM.Collect$$libshutdown$$00000000)
    .ARM.Collect$$libshutdown$$00000002      0x0800022a   Section        0  libshutdown2.o(.ARM.Collect$$libshutdown$$00000002)
    .ARM.Collect$$libshutdown$$00000004      0x0800022a   Section        0  libshutdown2.o(.ARM.Collect$$libshutdown$$00000004)
    .ARM.Collect$$libshutdown$$00000007      0x0800022a   Section        0  libshutdown2.o(.ARM.Collect$$libshutdown$$00000007)
    .ARM.Collect$$libshutdown$$0000000A      0x0800022a   Section        0  libshutdown2.o(.ARM.Collect$$libshutdown$$0000000A)
    .ARM.Collect$$libshutdown$$0000000C      0x0800022a   Section        0  libshutdown2.o(.ARM.Collect$$libshutdown$$0000000C)
    .ARM.Collect$$libshutdown$$0000000F      0x0800022a   Section        0  libshutdown2.o(.ARM.Collect$$libshutdown$$0000000F)
    .ARM.Collect$$libshutdown$$00000010      0x0800022a   Section        2  libshutdown2.o(.ARM.Collect$$libshutdown$$00000010)
    .ARM.Collect$$rtentry$$00000000          0x0800022c   Section        0  __rtentry.o(.ARM.Collect$$rtentry$$00000000)
    .ARM.Collect$$rtentry$$00000002          0x0800022c   Section        0  __rtentry2.o(.ARM.Collect$$rtentry$$00000002)
    .ARM.Collect$$rtentry$$00000004          0x0800022c   Section        6  __rtentry4.o(.ARM.Collect$$rtentry$$00000004)
    .ARM.Collect$$rtentry$$00000009          0x08000232   Section        0  __rtentry2.o(.ARM.Collect$$rtentry$$00000009)
    .ARM.Collect$$rtentry$$0000000A          0x08000232   Section        4  __rtentry2.o(.ARM.Collect$$rtentry$$0000000A)
    .ARM.Collect$$rtentry$$0000000C          0x08000236   Section        0  __rtentry2.o(.ARM.Collect$$rtentry$$0000000C)
    .ARM.Collect$$rtentry$$0000000D          0x08000236   Section        8  __rtentry2.o(.ARM.Collect$$rtentry$$0000000D)
    .ARM.Collect$$rtexit$$00000000           0x0800023e   Section        2  rtexit.o(.ARM.Collect$$rtexit$$00000000)
    .ARM.Collect$$rtexit$$00000002           0x08000240   Section        0  rtexit2.o(.ARM.Collect$$rtexit$$00000002)
    .ARM.Collect$$rtexit$$00000003           0x08000240   Section        4  rtexit2.o(.ARM.Collect$$rtexit$$00000003)
    .ARM.Collect$$rtexit$$00000004           0x08000244   Section        6  rtexit2.o(.ARM.Collect$$rtexit$$00000004)
    .text                                    0x0800024c   Section       64  startup_stm32f429xx.o(.text)
    $v0                                      0x0800024c   Number         0  startup_stm32f429xx.o(.text)
    .text                                    0x0800028c   Section        0  strlen.o(.text)
    .text                                    0x080002ca   Section        0  heapauxi.o(.text)
    .text                                    0x080002d0   Section        0  _rserrno.o(.text)
    .text                                    0x080002e8   Section        8  rt_errno_addr_intlibspace.o(.text)
    .text                                    0x080002f0   Section        8  libspace.o(.text)
    .text                                    0x080002f8   Section       74  sys_stackheap_outer.o(.text)
    .text                                    0x08000342   Section        0  exit.o(.text)
    .text                                    0x08000354   Section        0  sys_exit.o(.text)
    .text                                    0x08000360   Section        2  use_no_semi.o(.text)
    .text                                    0x08000362   Section        0  indicate_semi.o(.text)
    i.AT24CXX_Init                           0x08000362   Section        0  24cxx.o(i.AT24CXX_Init)
    i.AT24CXX_ReadLenByte                    0x08000366   Section        0  24cxx.o(i.AT24CXX_ReadLenByte)
    i.AT24CXX_ReadOneByte                    0x08000390   Section        0  24cxx.o(i.AT24CXX_ReadOneByte)
    i.AT24CXX_WriteLenByte                   0x080003d2   Section        0  24cxx.o(i.AT24CXX_WriteLenByte)
    i.AT24CXX_WriteOneByte                   0x080003fc   Section        0  24cxx.o(i.AT24CXX_WriteOneByte)
    i.BusFault_Handler                       0x0800043a   Section        0  stm32f4xx_it.o(i.BusFault_Handler)
    i.Chinese_Font_test                      0x0800043c   Section        0  test.o(i.Chinese_Font_test)
    i.DebugMon_Handler                       0x08000524   Section        0  stm32f4xx_it.o(i.DebugMon_Handler)
    i.DrawTestPage                           0x08000528   Section        0  test.o(i.DrawTestPage)
    i.Draw_Triangel                          0x080005b4   Section        0  gui.o(i.Draw_Triangel)
    i.English_Font_test                      0x080005e4   Section        0  test.o(i.English_Font_test)
    i.Fill_Triangel                          0x0800077c   Section        0  gui.o(i.Fill_Triangel)
    i.GUI_DrawFont16                         0x08000904   Section        0  gui.o(i.GUI_DrawFont16)
    i.GUI_DrawFont24                         0x080009ec   Section        0  gui.o(i.GUI_DrawFont24)
    i.GUI_DrawFont32                         0x08000ad8   Section        0  gui.o(i.GUI_DrawFont32)
    i.GUI_DrawPoint                          0x08000bc0   Section        0  gui.o(i.GUI_DrawPoint)
    i.Gui_Drawbmp16                          0x08000bd4   Section        0  gui.o(i.Gui_Drawbmp16)
    i.Gui_StrCenter                          0x08000c24   Section        0  gui.o(i.Gui_StrCenter)
    i.HAL_GPIO_Init                          0x08000c68   Section        0  stm32f4xx_hal_gpio.o(i.HAL_GPIO_Init)
    i.HAL_GPIO_ReadPin                       0x08000e44   Section        0  stm32f4xx_hal_gpio.o(i.HAL_GPIO_ReadPin)
    i.HAL_GPIO_WritePin                      0x08000e4e   Section        0  stm32f4xx_hal_gpio.o(i.HAL_GPIO_WritePin)
    i.HAL_GetTick                            0x08000e58   Section        0  stm32f4xx_hal.o(i.HAL_GetTick)
    i.HAL_IncTick                            0x08000e64   Section        0  stm32f4xx_hal.o(i.HAL_IncTick)
    i.HAL_Init                               0x08000e74   Section        0  stm32f4xx_hal.o(i.HAL_Init)
    i.HAL_InitTick                           0x08000ea8   Section        0  stm32f4xx_hal.o(i.HAL_InitTick)
    i.HAL_MspInit                            0x08000eca   Section        0  stm32f4xx_hal.o(i.HAL_MspInit)
    i.HAL_NVIC_SetPriority                   0x08000ed4   Section        0  stm32f4xx_hal_cortex.o(i.HAL_NVIC_SetPriority)
    i.HAL_NVIC_SetPriorityGrouping           0x08000f14   Section        0  stm32f4xx_hal_cortex.o(i.HAL_NVIC_SetPriorityGrouping)
    i.HAL_PWREx_EnableOverDrive              0x08000f38   Section        0  stm32f4xx_hal_pwr_ex.o(i.HAL_PWREx_EnableOverDrive)
    i.HAL_RCC_ClockConfig                    0x08000fc0   Section        0  stm32f4xx_hal_rcc.o(i.HAL_RCC_ClockConfig)
    i.HAL_RCC_GetHCLKFreq                    0x080011c8   Section        0  stm32f4xx_hal_rcc.o(i.HAL_RCC_GetHCLKFreq)
    i.HAL_RCC_GetSysClockFreq                0x080011fc   Section        0  stm32f4xx_hal_rcc.o(i.HAL_RCC_GetSysClockFreq)
    i.HAL_RCC_OscConfig                      0x08001270   Section        0  stm32f4xx_hal_rcc.o(i.HAL_RCC_OscConfig)
    i.HAL_SPI_Init                           0x0800158c   Section        0  stm32f4xx_hal_spi.o(i.HAL_SPI_Init)
    i.HAL_SPI_MspInit                        0x08001610   Section        0  spi.o(i.HAL_SPI_MspInit)
    i.HAL_SPI_TransmitReceive                0x08001664   Section        0  stm32f4xx_hal_spi.o(i.HAL_SPI_TransmitReceive)
    i.HAL_SYSTICK_CLKSourceConfig            0x0800190e   Section        0  stm32f4xx_hal_cortex.o(i.HAL_SYSTICK_CLKSourceConfig)
    i.HAL_SYSTICK_Config                     0x08001926   Section        0  stm32f4xx_hal_cortex.o(i.HAL_SYSTICK_Config)
    i.HardFault_Handler                      0x0800194e   Section        0  stm32f4xx_it.o(i.HardFault_Handler)
    i.IIC_Ack                                0x08001950   Section        0  myiic.o(i.IIC_Ack)
    i.IIC_Init                               0x08001990   Section        0  myiic.o(i.IIC_Init)
    i.IIC_NAck                               0x080019d8   Section        0  myiic.o(i.IIC_NAck)
    i.IIC_Read_Byte                          0x08001a18   Section        0  myiic.o(i.IIC_Read_Byte)
    i.IIC_Send_Byte                          0x08001a80   Section        0  myiic.o(i.IIC_Send_Byte)
    i.IIC_Start                              0x08001ae0   Section        0  myiic.o(i.IIC_Start)
    i.IIC_Stop                               0x08001b20   Section        0  myiic.o(i.IIC_Stop)
    i.IIC_Wait_Ack                           0x08001b60   Section        0  myiic.o(i.IIC_Wait_Ack)
    i.KEY_Init                               0x08001bb4   Section        0  key.o(i.KEY_Init)
    i.KEY_Scan                               0x08001c34   Section        0  key.o(i.KEY_Scan)
    i.LCD_Clear                              0x08001d0c   Section        0  lcd.o(i.LCD_Clear)
    i.LCD_DrawFillRectangle                  0x08001d68   Section        0  gui.o(i.LCD_DrawFillRectangle)
    i.LCD_DrawLine                           0x08001d7c   Section        0  gui.o(i.LCD_DrawLine)
    i.LCD_DrawPoint                          0x08001e14   Section        0  lcd.o(i.LCD_DrawPoint)
    i.LCD_DrawRectangle                      0x08001e2c   Section        0  gui.o(i.LCD_DrawRectangle)
    i.LCD_Fill                               0x08001e68   Section        0  gui.o(i.LCD_Fill)
    i.LCD_GPIOInit                           0x08001ebc   Section        0  lcd.o(i.LCD_GPIOInit)
    i.LCD_Init                               0x08001ef8   Section        0  lcd.o(i.LCD_Init)
    i.LCD_RESET                              0x0800214c   Section        0  lcd.o(i.LCD_RESET)
    i.LCD_SetCursor                          0x08002174   Section        0  lcd.o(i.LCD_SetCursor)
    i.LCD_SetWindows                         0x0800217c   Section        0  lcd.o(i.LCD_SetWindows)
    i.LCD_ShowChar                           0x080021d8   Section        0  gui.o(i.LCD_ShowChar)
    i.LCD_ShowNum                            0x080022e0   Section        0  gui.o(i.LCD_ShowNum)
    i.LCD_ShowString                         0x08002368   Section        0  gui.o(i.LCD_ShowString)
    i.LCD_WR_DATA                            0x080023d0   Section        0  lcd.o(i.LCD_WR_DATA)
    i.LCD_WR_REG                             0x080023f0   Section        0  lcd.o(i.LCD_WR_REG)
    i.LCD_WriteRAM_Prepare                   0x08002410   Section        0  lcd.o(i.LCD_WriteRAM_Prepare)
    i.LCD_WriteReg                           0x0800241c   Section        0  lcd.o(i.LCD_WriteReg)
    i.LCD_direction                          0x08002430   Section        0  lcd.o(i.LCD_direction)
    i.LED_Init                               0x0800247c   Section        0  led.o(i.LED_Init)
    i.Lcd_WriteData_16Bit                    0x080024c8   Section        0  lcd.o(i.Lcd_WriteData_16Bit)
    i.MemManage_Handler                      0x080024f4   Section        0  stm32f4xx_it.o(i.MemManage_Handler)
    i.NMI_Handler                            0x080024f6   Section        0  stm32f4xx_it.o(i.NMI_Handler)
    i.NVIC_SetPriority                       0x080024f8   Section        0  stm32f4xx_hal_cortex.o(i.NVIC_SetPriority)
    NVIC_SetPriority                         0x080024f9   Thumb Code    32  stm32f4xx_hal_cortex.o(i.NVIC_SetPriority)
    i.PendSV_Handler                         0x08002518   Section        0  stm32f4xx_it.o(i.PendSV_Handler)
    i.Pic_test                               0x0800251c   Section        0  test.o(i.Pic_test)
    i.Rotate_Test                            0x080025a8   Section        0  test.o(i.Rotate_Test)
    i.SPI5_Init                              0x08002630   Section        0  spi.o(i.SPI5_Init)
    i.SPI_WaitOnFlagUntilTimeout             0x08002674   Section        0  stm32f4xx_hal_spi.o(i.SPI_WaitOnFlagUntilTimeout)
    SPI_WaitOnFlagUntilTimeout               0x08002675   Thumb Code   158  stm32f4xx_hal_spi.o(i.SPI_WaitOnFlagUntilTimeout)
    i.SPI_WriteByte                          0x08002714   Section        0  spi.o(i.SPI_WriteByte)
    i.SVC_Handler                            0x08002734   Section        0  stm32f4xx_it.o(i.SVC_Handler)
    i.Show_Str                               0x08002738   Section        0  gui.o(i.Show_Str)
    i.Stm32_Clock_Init                       0x08002820   Section        0  sys.o(i.Stm32_Clock_Init)
    i.SysTick_Handler                        0x080028a4   Section        0  stm32f4xx_it.o(i.SysTick_Handler)
    i.SystemInit                             0x080028a8   Section        0  system_stm32f4xx.o(i.SystemInit)
    i.TP_Adj_Info_Show                       0x080028fc   Section        0  touch.o(i.TP_Adj_Info_Show)
    i.TP_Adjust                              0x08002a50   Section        0  touch.o(i.TP_Adjust)
    i.TP_Draw_Big_Point                      0x0800305c   Section        0  touch.o(i.TP_Draw_Big_Point)
    i.TP_Drow_Touch_Point                    0x08003090   Section        0  touch.o(i.TP_Drow_Touch_Point)
    i.TP_Get_Adjdata                         0x0800310c   Section        0  touch.o(i.TP_Get_Adjdata)
    i.TP_Init                                0x08003198   Section        0  touch.o(i.TP_Init)
    i.TP_Read_AD                             0x08003254   Section        0  touch.o(i.TP_Read_AD)
    i.TP_Read_XOY                            0x080032e0   Section        0  touch.o(i.TP_Read_XOY)
    i.TP_Read_XY                             0x08003340   Section        0  touch.o(i.TP_Read_XY)
    i.TP_Read_XY2                            0x08003368   Section        0  touch.o(i.TP_Read_XY2)
    i.TP_Save_Adjdata                        0x080033e4   Section        0  touch.o(i.TP_Save_Adjdata)
    i.TP_Scan                                0x0800345c   Section        0  touch.o(i.TP_Scan)
    i.TP_Write_Byte                          0x08003514   Section        0  touch.o(i.TP_Write_Byte)
    i.Test_Circle                            0x0800355c   Section        0  test.o(i.Test_Circle)
    i.Test_Color                             0x08003628   Section        0  test.o(i.Test_Color)
    i.Test_FillRec                           0x08003710   Section        0  test.o(i.Test_FillRec)
    i.Test_Triangle                          0x080037f4   Section        0  test.o(i.Test_Triangle)
    i.Touch_Test                             0x08003900   Section        0  test.o(i.Touch_Test)
    i.UsageFault_Handler                     0x08003ad0   Section        0  stm32f4xx_it.o(i.UsageFault_Handler)
    i.__hardfp_sqrt                          0x08003ad2   Section        0  sqrt.o(i.__hardfp_sqrt)
    i._draw_circle_8                         0x08003b4c   Section        0  gui.o(i._draw_circle_8)
    i.delay_init                             0x08003be4   Section        0  delay.o(i.delay_init)
    i.delay_ms                               0x08003bf8   Section        0  delay.o(i.delay_ms)
    i.delay_us                               0x08003c14   Section        0  delay.o(i.delay_us)
    i.gui_circle                             0x08003c48   Section        0  gui.o(i.gui_circle)
    i.main                                   0x08003ccc   Section        0  main.o(i.main)
    i.main_test                              0x08003d14   Section        0  test.o(i.main_test)
    i.mypow                                  0x08003dd8   Section        0  gui.o(i.mypow)
    x$fpl$dcmpinf                            0x08003de8   Section       24  dcmpi.o(x$fpl$dcmpinf)
    $v0                                      0x08003de8   Number         0  dcmpi.o(x$fpl$dcmpinf)
    x$fpl$dfixu                              0x08003e00   Section       90  dfixu.o(x$fpl$dfixu)
    $v0                                      0x08003e00   Number         0  dfixu.o(x$fpl$dfixu)
    x$fpl$dfltu                              0x08003e5a   Section       38  dflt_clz.o(x$fpl$dfltu)
    $v0                                      0x08003e5a   Number         0  dflt_clz.o(x$fpl$dfltu)
    x$fpl$dleqf                              0x08003e80   Section      120  dleqf.o(x$fpl$dleqf)
    $v0                                      0x08003e80   Number         0  dleqf.o(x$fpl$dleqf)
    x$fpl$dmul                               0x08003ef8   Section      340  dmul.o(x$fpl$dmul)
    $v0                                      0x08003ef8   Number         0  dmul.o(x$fpl$dmul)
    x$fpl$dnaninf                            0x0800404c   Section      156  dnaninf.o(x$fpl$dnaninf)
    $v0                                      0x0800404c   Number         0  dnaninf.o(x$fpl$dnaninf)
    x$fpl$dretinf                            0x080040e8   Section       12  dretinf.o(x$fpl$dretinf)
    $v0                                      0x080040e8   Number         0  dretinf.o(x$fpl$dretinf)
    x$fpl$drleqf                             0x080040f4   Section      108  drleqf.o(x$fpl$drleqf)
    $v0                                      0x080040f4   Number         0  drleqf.o(x$fpl$drleqf)
    x$fpl$dsqrt                              0x08004160   Section      408  dsqrt_umaal.o(x$fpl$dsqrt)
    $v0                                      0x08004160   Number         0  dsqrt_umaal.o(x$fpl$dsqrt)
    x$fpl$f2d                                0x080042f8   Section       86  f2d.o(x$fpl$f2d)
    $v0                                      0x080042f8   Number         0  f2d.o(x$fpl$f2d)
    x$fpl$fnaninf                            0x0800434e   Section      140  fnaninf.o(x$fpl$fnaninf)
    $v0                                      0x0800434e   Number         0  fnaninf.o(x$fpl$fnaninf)
    x$fpl$fpinit                             0x080043da   Section       10  fpinit.o(x$fpl$fpinit)
    $v0                                      0x080043da   Number         0  fpinit.o(x$fpl$fpinit)
    .constdata                               0x080043e4   Section     5806  gui.o(.constdata)
    x$fpl$usenofp                            0x080043e4   Section        0  usenofp.o(x$fpl$usenofp)
    .constdata                               0x08005a94   Section     3216  test.o(.constdata)
    .constdata                               0x08006724   Section       16  stm32f4xx_hal_rcc.o(.constdata)
    .conststring                             0x08006734   Section       55  test.o(.conststring)
    .data                                    0x20000000   Section       10  test.o(.data)
    .data                                    0x2000000c   Section       20  system_stm32f4xx.o(.data)
    .data                                    0x20000020   Section        4  stm32f4xx_hal.o(.data)
    uwTick                                   0x20000020   Data           4  stm32f4xx_hal.o(.data)
    .data                                    0x20000024   Section        4  delay.o(.data)
    fac_us                                   0x20000024   Data           4  delay.o(.data)
    .data                                    0x20000028   Section        2  lcd.o(.data)
    .data                                    0x2000002a   Section        2  lcd.o(.data)
    .data                                    0x2000002c   Section       44  touch.o(.data)
    .data                                    0x20000058   Section        1  key.o(.data)
    key_up                                   0x20000058   Data           1  key.o(.data)
    .bss                                     0x2000005c   Section       14  lcd.o(.bss)
    .bss                                     0x2000006c   Section       88  spi.o(.bss)
    .bss                                     0x200000c4   Section       96  libspace.o(.bss)
    HEAP                                     0x20000128   Section      512  startup_stm32f429xx.o(HEAP)
    Heap_Mem                                 0x20000128   Data         512  startup_stm32f429xx.o(HEAP)
    STACK                                    0x20000328   Section     1024  startup_stm32f429xx.o(STACK)
    Stack_Mem                                0x20000328   Data        1024  startup_stm32f429xx.o(STACK)
    __initial_sp                             0x20000728   Data           0  startup_stm32f429xx.o(STACK)

    Global Symbols

    Symbol Name                              Value     Ov Type        Size  Object(Section)

    BuildAttributes$$THM_ISAv4$E$P$D$K$B$S$7EM$VFPi3$EXTD16$VFPS$VFMA$PE$A:L22UL41UL21$X:L11$S22US41US21$IEEE1$IW$USESV6$~STKCKD$USESV7$~SHL$OTIME$ROPI$IEEEJ$EBA8$UX$STANDARDLIB$REQ8$PRES8$EABIv2 0x00000000   Number         0  anon$$obj.o ABSOLUTE
    __ARM_use_no_argv                        0x00000000   Number         0  main.o ABSOLUTE
    __ARM_exceptions_init                     - Undefined Weak Reference
    __alloca_initialize                       - Undefined Weak Reference
    __arm_preinit_                            - Undefined Weak Reference
    __cpp_initialize__aeabi_                  - Undefined Weak Reference
    __cxa_finalize                            - Undefined Weak Reference
    __rt_locale                               - Undefined Weak Reference
    __sigvec_lookup                           - Undefined Weak Reference
    _atexit_init                              - Undefined Weak Reference
    _call_atexit_fns                          - Undefined Weak Reference
    _clock_init                               - Undefined Weak Reference
    _fp_trap_init                             - Undefined Weak Reference
    _fp_trap_shutdown                         - Undefined Weak Reference
    _get_lc_collate                           - Undefined Weak Reference
    _get_lc_ctype                             - Undefined Weak Reference
    _get_lc_monetary                          - Undefined Weak Reference
    _get_lc_numeric                           - Undefined Weak Reference
    _get_lc_time                              - Undefined Weak Reference
    _getenv_init                              - Undefined Weak Reference
    _handle_redirection                       - Undefined Weak Reference
    _init_alloc                               - Undefined Weak Reference
    _init_user_alloc                          - Undefined Weak Reference
    _initio                                   - Undefined Weak Reference
    _rand_init                                - Undefined Weak Reference
    _signal_finish                            - Undefined Weak Reference
    _signal_init                              - Undefined Weak Reference
    _terminate_alloc                          - Undefined Weak Reference
    _terminate_user_alloc                     - Undefined Weak Reference
    _terminateio                              - Undefined Weak Reference
    __Vectors_Size                           0x000001ac   Number         0  startup_stm32f429xx.o ABSOLUTE
    __Vectors                                0x08000000   Data           4  startup_stm32f429xx.o(RESET)
    __Vectors_End                            0x080001ac   Data           0  startup_stm32f429xx.o(RESET)
    __main                                   0x080001ad   Thumb Code     8  __main.o(!!!main)
    __scatterload                            0x080001b5   Thumb Code     0  __scatter.o(!!!scatter)
    __scatterload_rt2                        0x080001b5   Thumb Code    44  __scatter.o(!!!scatter)
    __scatterload_rt2_thumb_only             0x080001b5   Thumb Code     0  __scatter.o(!!!scatter)
    __scatterload_null                       0x080001c3   Thumb Code     0  __scatter.o(!!!scatter)
    __scatterload_copy                       0x080001e9   Thumb Code    26  __scatter_copy.o(!!handler_copy)
    __scatterload_zeroinit                   0x08000205   Thumb Code    28  __scatter_zi.o(!!handler_zi)
    __rt_lib_init                            0x08000221   Thumb Code     0  libinit.o(.ARM.Collect$$libinit$$00000000)
    __rt_lib_init_fp_1                       0x08000223   Thumb Code     0  libinit2.o(.ARM.Collect$$libinit$$00000001)
    __rt_lib_init_alloca_1                   0x08000227   Thumb Code     0  libinit2.o(.ARM.Collect$$libinit$$0000002E)
    __rt_lib_init_argv_1                     0x08000227   Thumb Code     0  libinit2.o(.ARM.Collect$$libinit$$0000002C)
    __rt_lib_init_atexit_1                   0x08000227   Thumb Code     0  libinit2.o(.ARM.Collect$$libinit$$0000001B)
    __rt_lib_init_clock_1                    0x08000227   Thumb Code     0  libinit2.o(.ARM.Collect$$libinit$$00000021)
    __rt_lib_init_cpp_1                      0x08000227   Thumb Code     0  libinit2.o(.ARM.Collect$$libinit$$00000032)
    __rt_lib_init_exceptions_1               0x08000227   Thumb Code     0  libinit2.o(.ARM.Collect$$libinit$$00000030)
    __rt_lib_init_fp_trap_1                  0x08000227   Thumb Code     0  libinit2.o(.ARM.Collect$$libinit$$0000001F)
    __rt_lib_init_getenv_1                   0x08000227   Thumb Code     0  libinit2.o(.ARM.Collect$$libinit$$00000023)
    __rt_lib_init_heap_1                     0x08000227   Thumb Code     0  libinit2.o(.ARM.Collect$$libinit$$0000000A)
    __rt_lib_init_lc_collate_1               0x08000227   Thumb Code     0  libinit2.o(.ARM.Collect$$libinit$$00000011)
    __rt_lib_init_lc_ctype_1                 0x08000227   Thumb Code     0  libinit2.o(.ARM.Collect$$libinit$$00000013)
    __rt_lib_init_lc_monetary_1              0x08000227   Thumb Code     0  libinit2.o(.ARM.Collect$$libinit$$00000015)
    __rt_lib_init_lc_numeric_1               0x08000227   Thumb Code     0  libinit2.o(.ARM.Collect$$libinit$$00000017)
    __rt_lib_init_lc_time_1                  0x08000227   Thumb Code     0  libinit2.o(.ARM.Collect$$libinit$$00000019)
    __rt_lib_init_preinit_1                  0x08000227   Thumb Code     0  libinit2.o(.ARM.Collect$$libinit$$00000004)
    __rt_lib_init_rand_1                     0x08000227   Thumb Code     0  libinit2.o(.ARM.Collect$$libinit$$0000000E)
    __rt_lib_init_return                     0x08000227   Thumb Code     0  libinit2.o(.ARM.Collect$$libinit$$00000033)
    __rt_lib_init_signal_1                   0x08000227   Thumb Code     0  libinit2.o(.ARM.Collect$$libinit$$0000001D)
    __rt_lib_init_stdio_1                    0x08000227   Thumb Code     0  libinit2.o(.ARM.Collect$$libinit$$00000025)
    __rt_lib_init_user_alloc_1               0x08000227   Thumb Code     0  libinit2.o(.ARM.Collect$$libinit$$0000000C)
    __rt_lib_shutdown                        0x08000229   Thumb Code     0  libshutdown.o(.ARM.Collect$$libshutdown$$00000000)
    __rt_lib_shutdown_cpp_1                  0x0800022b   Thumb Code     0  libshutdown2.o(.ARM.Collect$$libshutdown$$00000002)
    __rt_lib_shutdown_fp_trap_1              0x0800022b   Thumb Code     0  libshutdown2.o(.ARM.Collect$$libshutdown$$00000007)
    __rt_lib_shutdown_heap_1                 0x0800022b   Thumb Code     0  libshutdown2.o(.ARM.Collect$$libshutdown$$0000000F)
    __rt_lib_shutdown_return                 0x0800022b   Thumb Code     0  libshutdown2.o(.ARM.Collect$$libshutdown$$00000010)
    __rt_lib_shutdown_signal_1               0x0800022b   Thumb Code     0  libshutdown2.o(.ARM.Collect$$libshutdown$$0000000A)
    __rt_lib_shutdown_stdio_1                0x0800022b   Thumb Code     0  libshutdown2.o(.ARM.Collect$$libshutdown$$00000004)
    __rt_lib_shutdown_user_alloc_1           0x0800022b   Thumb Code     0  libshutdown2.o(.ARM.Collect$$libshutdown$$0000000C)
    __rt_entry                               0x0800022d   Thumb Code     0  __rtentry.o(.ARM.Collect$$rtentry$$00000000)
    __rt_entry_presh_1                       0x0800022d   Thumb Code     0  __rtentry2.o(.ARM.Collect$$rtentry$$00000002)
    __rt_entry_sh                            0x0800022d   Thumb Code     0  __rtentry4.o(.ARM.Collect$$rtentry$$00000004)
    __rt_entry_li                            0x08000233   Thumb Code     0  __rtentry2.o(.ARM.Collect$$rtentry$$0000000A)
    __rt_entry_postsh_1                      0x08000233   Thumb Code     0  __rtentry2.o(.ARM.Collect$$rtentry$$00000009)
    __rt_entry_main                          0x08000237   Thumb Code     0  __rtentry2.o(.ARM.Collect$$rtentry$$0000000D)
    __rt_entry_postli_1                      0x08000237   Thumb Code     0  __rtentry2.o(.ARM.Collect$$rtentry$$0000000C)
    __rt_exit                                0x0800023f   Thumb Code     0  rtexit.o(.ARM.Collect$$rtexit$$00000000)
    __rt_exit_ls                             0x08000241   Thumb Code     0  rtexit2.o(.ARM.Collect$$rtexit$$00000003)
    __rt_exit_prels_1                        0x08000241   Thumb Code     0  rtexit2.o(.ARM.Collect$$rtexit$$00000002)
    __rt_exit_exit                           0x08000245   Thumb Code     0  rtexit2.o(.ARM.Collect$$rtexit$$00000004)
    Reset_Handler                            0x0800024d   Thumb Code     8  startup_stm32f429xx.o(.text)
    ADC_IRQHandler                           0x08000267   Thumb Code     0  startup_stm32f429xx.o(.text)
    CAN1_RX0_IRQHandler                      0x08000267   Thumb Code     0  startup_stm32f429xx.o(.text)
    CAN1_RX1_IRQHandler                      0x08000267   Thumb Code     0  startup_stm32f429xx.o(.text)
    CAN1_SCE_IRQHandler                      0x08000267   Thumb Code     0  startup_stm32f429xx.o(.text)
    CAN1_TX_IRQHandler                       0x08000267   Thumb Code     0  startup_stm32f429xx.o(.text)
    CAN2_RX0_IRQHandler                      0x08000267   Thumb Code     0  startup_stm32f429xx.o(.text)
    CAN2_RX1_IRQHandler                      0x08000267   Thumb Code     0  startup_stm32f429xx.o(.text)
    CAN2_SCE_IRQHandler                      0x08000267   Thumb Code     0  startup_stm32f429xx.o(.text)
    CAN2_TX_IRQHandler                       0x08000267   Thumb Code     0  startup_stm32f429xx.o(.text)
    DCMI_IRQHandler                          0x08000267   Thumb Code     0  startup_stm32f429xx.o(.text)
    DMA1_Stream0_IRQHandler                  0x08000267   Thumb Code     0  startup_stm32f429xx.o(.text)
    DMA1_Stream1_IRQHandler                  0x08000267   Thumb Code     0  startup_stm32f429xx.o(.text)
    DMA1_Stream2_IRQHandler                  0x08000267   Thumb Code     0  startup_stm32f429xx.o(.text)
    DMA1_Stream3_IRQHandler                  0x08000267   Thumb Code     0  startup_stm32f429xx.o(.text)
    DMA1_Stream4_IRQHandler                  0x08000267   Thumb Code     0  startup_stm32f429xx.o(.text)
    DMA1_Stream5_IRQHandler                  0x08000267   Thumb Code     0  startup_stm32f429xx.o(.text)
    DMA1_Stream6_IRQHandler                  0x08000267   Thumb Code     0  startup_stm32f429xx.o(.text)
    DMA1_Stream7_IRQHandler                  0x08000267   Thumb Code     0  startup_stm32f429xx.o(.text)
    DMA2D_IRQHandler                         0x08000267   Thumb Code     0  startup_stm32f429xx.o(.text)
    DMA2_Stream0_IRQHandler                  0x08000267   Thumb Code     0  startup_stm32f429xx.o(.text)
    DMA2_Stream1_IRQHandler                  0x08000267   Thumb Code     0  startup_stm32f429xx.o(.text)
    DMA2_Stream2_IRQHandler                  0x08000267   Thumb Code     0  startup_stm32f429xx.o(.text)
    DMA2_Stream3_IRQHandler                  0x08000267   Thumb Code     0  startup_stm32f429xx.o(.text)
    DMA2_Stream4_IRQHandler                  0x08000267   Thumb Code     0  startup_stm32f429xx.o(.text)
    DMA2_Stream5_IRQHandler                  0x08000267   Thumb Code     0  startup_stm32f429xx.o(.text)
    DMA2_Stream6_IRQHandler                  0x08000267   Thumb Code     0  startup_stm32f429xx.o(.text)
    DMA2_Stream7_IRQHandler                  0x08000267   Thumb Code     0  startup_stm32f429xx.o(.text)
    ETH_IRQHandler                           0x08000267   Thumb Code     0  startup_stm32f429xx.o(.text)
    ETH_WKUP_IRQHandler                      0x08000267   Thumb Code     0  startup_stm32f429xx.o(.text)
    EXTI0_IRQHandler                         0x08000267   Thumb Code     0  startup_stm32f429xx.o(.text)
    EXTI15_10_IRQHandler                     0x08000267   Thumb Code     0  startup_stm32f429xx.o(.text)
    EXTI1_IRQHandler                         0x08000267   Thumb Code     0  startup_stm32f429xx.o(.text)
    EXTI2_IRQHandler                         0x08000267   Thumb Code     0  startup_stm32f429xx.o(.text)
    EXTI3_IRQHandler                         0x08000267   Thumb Code     0  startup_stm32f429xx.o(.text)
    EXTI4_IRQHandler                         0x08000267   Thumb Code     0  startup_stm32f429xx.o(.text)
    EXTI9_5_IRQHandler                       0x08000267   Thumb Code     0  startup_stm32f429xx.o(.text)
    FLASH_IRQHandler                         0x08000267   Thumb Code     0  startup_stm32f429xx.o(.text)
    FMC_IRQHandler                           0x08000267   Thumb Code     0  startup_stm32f429xx.o(.text)
    FPU_IRQHandler                           0x08000267   Thumb Code     0  startup_stm32f429xx.o(.text)
    HASH_RNG_IRQHandler                      0x08000267   Thumb Code     0  startup_stm32f429xx.o(.text)
    I2C1_ER_IRQHandler                       0x08000267   Thumb Code     0  startup_stm32f429xx.o(.text)
    I2C1_EV_IRQHandler                       0x08000267   Thumb Code     0  startup_stm32f429xx.o(.text)
    I2C2_ER_IRQHandler                       0x08000267   Thumb Code     0  startup_stm32f429xx.o(.text)
    I2C2_EV_IRQHandler                       0x08000267   Thumb Code     0  startup_stm32f429xx.o(.text)
    I2C3_ER_IRQHandler                       0x08000267   Thumb Code     0  startup_stm32f429xx.o(.text)
    I2C3_EV_IRQHandler                       0x08000267   Thumb Code     0  startup_stm32f429xx.o(.text)
    LTDC_ER_IRQHandler                       0x08000267   Thumb Code     0  startup_stm32f429xx.o(.text)
    LTDC_IRQHandler                          0x08000267   Thumb Code     0  startup_stm32f429xx.o(.text)
    OTG_FS_IRQHandler                        0x08000267   Thumb Code     0  startup_stm32f429xx.o(.text)
    OTG_FS_WKUP_IRQHandler                   0x08000267   Thumb Code     0  startup_stm32f429xx.o(.text)
    OTG_HS_EP1_IN_IRQHandler                 0x08000267   Thumb Code     0  startup_stm32f429xx.o(.text)
    OTG_HS_EP1_OUT_IRQHandler                0x08000267   Thumb Code     0  startup_stm32f429xx.o(.text)
    OTG_HS_IRQHandler                        0x08000267   Thumb Code     0  startup_stm32f429xx.o(.text)
    OTG_HS_WKUP_IRQHandler                   0x08000267   Thumb Code     0  startup_stm32f429xx.o(.text)
    PVD_IRQHandler                           0x08000267   Thumb Code     0  startup_stm32f429xx.o(.text)
    RCC_IRQHandler                           0x08000267   Thumb Code     0  startup_stm32f429xx.o(.text)
    RTC_Alarm_IRQHandler                     0x08000267   Thumb Code     0  startup_stm32f429xx.o(.text)
    RTC_WKUP_IRQHandler                      0x08000267   Thumb Code     0  startup_stm32f429xx.o(.text)
    SAI1_IRQHandler                          0x08000267   Thumb Code     0  startup_stm32f429xx.o(.text)
    SDIO_IRQHandler                          0x08000267   Thumb Code     0  startup_stm32f429xx.o(.text)
    SPI1_IRQHandler                          0x08000267   Thumb Code     0  startup_stm32f429xx.o(.text)
    SPI2_IRQHandler                          0x08000267   Thumb Code     0  startup_stm32f429xx.o(.text)
    SPI3_IRQHandler                          0x08000267   Thumb Code     0  startup_stm32f429xx.o(.text)
    SPI4_IRQHandler                          0x08000267   Thumb Code     0  startup_stm32f429xx.o(.text)
    SPI5_IRQHandler                          0x08000267   Thumb Code     0  startup_stm32f429xx.o(.text)
    SPI6_IRQHandler                          0x08000267   Thumb Code     0  startup_stm32f429xx.o(.text)
    TAMP_STAMP_IRQHandler                    0x08000267   Thumb Code     0  startup_stm32f429xx.o(.text)
    TIM1_BRK_TIM9_IRQHandler                 0x08000267   Thumb Code     0  startup_stm32f429xx.o(.text)
    TIM1_CC_IRQHandler                       0x08000267   Thumb Code     0  startup_stm32f429xx.o(.text)
    TIM1_TRG_COM_TIM11_IRQHandler            0x08000267   Thumb Code     0  startup_stm32f429xx.o(.text)
    TIM1_UP_TIM10_IRQHandler                 0x08000267   Thumb Code     0  startup_stm32f429xx.o(.text)
    TIM2_IRQHandler                          0x08000267   Thumb Code     0  startup_stm32f429xx.o(.text)
    TIM3_IRQHandler                          0x08000267   Thumb Code     0  startup_stm32f429xx.o(.text)
    TIM4_IRQHandler                          0x08000267   Thumb Code     0  startup_stm32f429xx.o(.text)
    TIM5_IRQHandler                          0x08000267   Thumb Code     0  startup_stm32f429xx.o(.text)
    TIM6_DAC_IRQHandler                      0x08000267   Thumb Code     0  startup_stm32f429xx.o(.text)
    TIM7_IRQHandler                          0x08000267   Thumb Code     0  startup_stm32f429xx.o(.text)
    TIM8_BRK_TIM12_IRQHandler                0x08000267   Thumb Code     0  startup_stm32f429xx.o(.text)
    TIM8_CC_IRQHandler                       0x08000267   Thumb Code     0  startup_stm32f429xx.o(.text)
    TIM8_TRG_COM_TIM14_IRQHandler            0x08000267   Thumb Code     0  startup_stm32f429xx.o(.text)
    TIM8_UP_TIM13_IRQHandler                 0x08000267   Thumb Code     0  startup_stm32f429xx.o(.text)
    UART4_IRQHandler                         0x08000267   Thumb Code     0  startup_stm32f429xx.o(.text)
    UART5_IRQHandler                         0x08000267   Thumb Code     0  startup_stm32f429xx.o(.text)
    UART7_IRQHandler                         0x08000267   Thumb Code     0  startup_stm32f429xx.o(.text)
    UART8_IRQHandler                         0x08000267   Thumb Code     0  startup_stm32f429xx.o(.text)
    USART1_IRQHandler                        0x08000267   Thumb Code     0  startup_stm32f429xx.o(.text)
    USART2_IRQHandler                        0x08000267   Thumb Code     0  startup_stm32f429xx.o(.text)
    USART3_IRQHandler                        0x08000267   Thumb Code     0  startup_stm32f429xx.o(.text)
    USART6_IRQHandler                        0x08000267   Thumb Code     0  startup_stm32f429xx.o(.text)
    WWDG_IRQHandler                          0x08000267   Thumb Code     0  startup_stm32f429xx.o(.text)
    __user_initial_stackheap                 0x08000269   Thumb Code     0  startup_stm32f429xx.o(.text)
    strlen                                   0x0800028d   Thumb Code    62  strlen.o(.text)
    __use_two_region_memory                  0x080002cb   Thumb Code     2  heapauxi.o(.text)
    __rt_heap_escrow$2region                 0x080002cd   Thumb Code     2  heapauxi.o(.text)
    __rt_heap_expand$2region                 0x080002cf   Thumb Code     2  heapauxi.o(.text)
    __read_errno                             0x080002d1   Thumb Code    10  _rserrno.o(.text)
    __set_errno                              0x080002db   Thumb Code    12  _rserrno.o(.text)
    __aeabi_errno_addr                       0x080002e9   Thumb Code     8  rt_errno_addr_intlibspace.o(.text)
    __errno$intlibspace                      0x080002e9   Thumb Code     0  rt_errno_addr_intlibspace.o(.text)
    __rt_errno_addr$intlibspace              0x080002e9   Thumb Code     0  rt_errno_addr_intlibspace.o(.text)
    __user_libspace                          0x080002f1   Thumb Code     8  libspace.o(.text)
    __user_perproc_libspace                  0x080002f1   Thumb Code     0  libspace.o(.text)
    __user_perthread_libspace                0x080002f1   Thumb Code     0  libspace.o(.text)
    __user_setup_stackheap                   0x080002f9   Thumb Code    74  sys_stackheap_outer.o(.text)
    exit                                     0x08000343   Thumb Code    18  exit.o(.text)
    _sys_exit                                0x08000355   Thumb Code     8  sys_exit.o(.text)
    __I$use$semihosting                      0x08000361   Thumb Code     0  use_no_semi.o(.text)
    __use_no_semihosting_swi                 0x08000361   Thumb Code     2  use_no_semi.o(.text)
    AT24CXX_Init                             0x08000363   Thumb Code     4  24cxx.o(i.AT24CXX_Init)
    __semihosting_library_function           0x08000363   Thumb Code     0  indicate_semi.o(.text)
    AT24CXX_ReadLenByte                      0x08000367   Thumb Code    42  24cxx.o(i.AT24CXX_ReadLenByte)
    AT24CXX_ReadOneByte                      0x08000391   Thumb Code    66  24cxx.o(i.AT24CXX_ReadOneByte)
    AT24CXX_WriteLenByte                     0x080003d3   Thumb Code    42  24cxx.o(i.AT24CXX_WriteLenByte)
    AT24CXX_WriteOneByte                     0x080003fd   Thumb Code    62  24cxx.o(i.AT24CXX_WriteOneByte)
    BusFault_Handler                         0x0800043b   Thumb Code     2  stm32f4xx_it.o(i.BusFault_Handler)
    Chinese_Font_test                        0x0800043d   Thumb Code   110  test.o(i.Chinese_Font_test)
    DebugMon_Handler                         0x08000525   Thumb Code     2  stm32f4xx_it.o(i.DebugMon_Handler)
    DrawTestPage                             0x08000529   Thumb Code   108  test.o(i.DrawTestPage)
    Draw_Triangel                            0x080005b5   Thumb Code    48  gui.o(i.Draw_Triangel)
    English_Font_test                        0x080005e5   Thumb Code   148  test.o(i.English_Font_test)
    Fill_Triangel                            0x0800077d   Thumb Code   388  gui.o(i.Fill_Triangel)
    GUI_DrawFont16                           0x08000905   Thumb Code   218  gui.o(i.GUI_DrawFont16)
    GUI_DrawFont24                           0x080009ed   Thumb Code   222  gui.o(i.GUI_DrawFont24)
    GUI_DrawFont32                           0x08000ad9   Thumb Code   218  gui.o(i.GUI_DrawFont32)
    GUI_DrawPoint                            0x08000bc1   Thumb Code    18  gui.o(i.GUI_DrawPoint)
    Gui_Drawbmp16                            0x08000bd5   Thumb Code    76  gui.o(i.Gui_Drawbmp16)
    Gui_StrCenter                            0x08000c25   Thumb Code    62  gui.o(i.Gui_StrCenter)
    HAL_GPIO_Init                            0x08000c69   Thumb Code   422  stm32f4xx_hal_gpio.o(i.HAL_GPIO_Init)
    HAL_GPIO_ReadPin                         0x08000e45   Thumb Code    10  stm32f4xx_hal_gpio.o(i.HAL_GPIO_ReadPin)
    HAL_GPIO_WritePin                        0x08000e4f   Thumb Code    10  stm32f4xx_hal_gpio.o(i.HAL_GPIO_WritePin)
    HAL_GetTick                              0x08000e59   Thumb Code     6  stm32f4xx_hal.o(i.HAL_GetTick)
    HAL_IncTick                              0x08000e65   Thumb Code    10  stm32f4xx_hal.o(i.HAL_IncTick)
    HAL_Init                                 0x08000e75   Thumb Code    48  stm32f4xx_hal.o(i.HAL_Init)
    HAL_InitTick                             0x08000ea9   Thumb Code    34  stm32f4xx_hal.o(i.HAL_InitTick)
    HAL_MspInit                              0x08000ecb   Thumb Code     8  stm32f4xx_hal.o(i.HAL_MspInit)
    HAL_NVIC_SetPriority                     0x08000ed5   Thumb Code    60  stm32f4xx_hal_cortex.o(i.HAL_NVIC_SetPriority)
    HAL_NVIC_SetPriorityGrouping             0x08000f15   Thumb Code    26  stm32f4xx_hal_cortex.o(i.HAL_NVIC_SetPriorityGrouping)
    HAL_PWREx_EnableOverDrive                0x08000f39   Thumb Code   122  stm32f4xx_hal_pwr_ex.o(i.HAL_PWREx_EnableOverDrive)
    HAL_RCC_ClockConfig                      0x08000fc1   Thumb Code   512  stm32f4xx_hal_rcc.o(i.HAL_RCC_ClockConfig)
    HAL_RCC_GetHCLKFreq                      0x080011c9   Thumb Code    38  stm32f4xx_hal_rcc.o(i.HAL_RCC_GetHCLKFreq)
    HAL_RCC_GetSysClockFreq                  0x080011fd   Thumb Code   104  stm32f4xx_hal_rcc.o(i.HAL_RCC_GetSysClockFreq)
    HAL_RCC_OscConfig                        0x08001271   Thumb Code   774  stm32f4xx_hal_rcc.o(i.HAL_RCC_OscConfig)
    HAL_SPI_Init                             0x0800158d   Thumb Code   132  stm32f4xx_hal_spi.o(i.HAL_SPI_Init)
    HAL_SPI_MspInit                          0x08001611   Thumb Code    74  spi.o(i.HAL_SPI_MspInit)
    HAL_SPI_TransmitReceive                  0x08001665   Thumb Code   682  stm32f4xx_hal_spi.o(i.HAL_SPI_TransmitReceive)
    HAL_SYSTICK_CLKSourceConfig              0x0800190f   Thumb Code    24  stm32f4xx_hal_cortex.o(i.HAL_SYSTICK_CLKSourceConfig)
    HAL_SYSTICK_Config                       0x08001927   Thumb Code    40  stm32f4xx_hal_cortex.o(i.HAL_SYSTICK_Config)
    HardFault_Handler                        0x0800194f   Thumb Code     2  stm32f4xx_it.o(i.HardFault_Handler)
    IIC_Ack                                  0x08001951   Thumb Code    56  myiic.o(i.IIC_Ack)
    IIC_Init                                 0x08001991   Thumb Code    58  myiic.o(i.IIC_Init)
    IIC_NAck                                 0x080019d9   Thumb Code    56  myiic.o(i.IIC_NAck)
    IIC_Read_Byte                            0x08001a19   Thumb Code    96  myiic.o(i.IIC_Read_Byte)
    IIC_Send_Byte                            0x08001a81   Thumb Code    86  myiic.o(i.IIC_Send_Byte)
    IIC_Start                                0x08001ae1   Thumb Code    56  myiic.o(i.IIC_Start)
    IIC_Stop                                 0x08001b21   Thumb Code    56  myiic.o(i.IIC_Stop)
    IIC_Wait_Ack                             0x08001b61   Thumb Code    74  myiic.o(i.IIC_Wait_Ack)
    KEY_Init                                 0x08001bb5   Thumb Code   110  key.o(i.KEY_Init)
    KEY_Scan                                 0x08001c35   Thumb Code   200  key.o(i.KEY_Scan)
    LCD_Clear                                0x08001d0d   Thumb Code    82  lcd.o(i.LCD_Clear)
    LCD_DrawFillRectangle                    0x08001d69   Thumb Code    14  gui.o(i.LCD_DrawFillRectangle)
    LCD_DrawLine                             0x08001d7d   Thumb Code   150  gui.o(i.LCD_DrawLine)
    LCD_DrawPoint                            0x08001e15   Thumb Code    18  lcd.o(i.LCD_DrawPoint)
    LCD_DrawRectangle                        0x08001e2d   Thumb Code    58  gui.o(i.LCD_DrawRectangle)
    LCD_Fill                                 0x08001e69   Thumb Code    80  gui.o(i.LCD_Fill)
    LCD_GPIOInit                             0x08001ebd   Thumb Code    50  lcd.o(i.LCD_GPIOInit)
    LCD_Init                                 0x08001ef9   Thumb Code   592  lcd.o(i.LCD_Init)
    LCD_RESET                                0x0800214d   Thumb Code    34  lcd.o(i.LCD_RESET)
    LCD_SetCursor                            0x08002175   Thumb Code     8  lcd.o(i.LCD_SetCursor)
    LCD_SetWindows                           0x0800217d   Thumb Code    88  lcd.o(i.LCD_SetWindows)
    LCD_ShowChar                             0x080021d9   Thumb Code   248  gui.o(i.LCD_ShowChar)
    LCD_ShowNum                              0x080022e1   Thumb Code   126  gui.o(i.LCD_ShowNum)
    LCD_ShowString                           0x08002369   Thumb Code    92  gui.o(i.LCD_ShowString)
    LCD_WR_DATA                              0x080023d1   Thumb Code    28  lcd.o(i.LCD_WR_DATA)
    LCD_WR_REG                               0x080023f1   Thumb Code    28  lcd.o(i.LCD_WR_REG)
    LCD_WriteRAM_Prepare                     0x08002411   Thumb Code     8  lcd.o(i.LCD_WriteRAM_Prepare)
    LCD_WriteReg                             0x0800241d   Thumb Code    18  lcd.o(i.LCD_WriteReg)
    LCD_direction                            0x08002431   Thumb Code    72  lcd.o(i.LCD_direction)
    LED_Init                                 0x0800247d   Thumb Code    68  led.o(i.LED_Init)
    Lcd_WriteData_16Bit                      0x080024c9   Thumb Code    38  lcd.o(i.Lcd_WriteData_16Bit)
    MemManage_Handler                        0x080024f5   Thumb Code     2  stm32f4xx_it.o(i.MemManage_Handler)
    NMI_Handler                              0x080024f7   Thumb Code     2  stm32f4xx_it.o(i.NMI_Handler)
    PendSV_Handler                           0x08002519   Thumb Code     2  stm32f4xx_it.o(i.PendSV_Handler)
    Pic_test                                 0x0800251d   Thumb Code   112  test.o(i.Pic_test)
    Rotate_Test                              0x080025a9   Thumb Code   106  test.o(i.Rotate_Test)
    SPI5_Init                                0x08002631   Thumb Code    58  spi.o(i.SPI5_Init)
    SPI_WriteByte                            0x08002715   Thumb Code    28  spi.o(i.SPI_WriteByte)
    SVC_Handler                              0x08002735   Thumb Code     2  stm32f4xx_it.o(i.SVC_Handler)
    Show_Str                                 0x08002739   Thumb Code   228  gui.o(i.Show_Str)
    Stm32_Clock_Init                         0x08002821   Thumb Code   122  sys.o(i.Stm32_Clock_Init)
    SysTick_Handler                          0x080028a5   Thumb Code     4  stm32f4xx_it.o(i.SysTick_Handler)
    SystemInit                               0x080028a9   Thumb Code    66  system_stm32f4xx.o(i.SystemInit)
    TP_Adj_Info_Show                         0x080028fd   Thumb Code   294  touch.o(i.TP_Adj_Info_Show)
    TP_Adjust                                0x08002a51   Thumb Code  1498  touch.o(i.TP_Adjust)
    TP_Draw_Big_Point                        0x0800305d   Thumb Code    48  touch.o(i.TP_Draw_Big_Point)
    TP_Drow_Touch_Point                      0x08003091   Thumb Code   118  touch.o(i.TP_Drow_Touch_Point)
    TP_Get_Adjdata                           0x0800310d   Thumb Code   130  touch.o(i.TP_Get_Adjdata)
    TP_Init                                  0x08003199   Thumb Code   168  touch.o(i.TP_Init)
    TP_Read_AD                               0x08003255   Thumb Code   128  touch.o(i.TP_Read_AD)
    TP_Read_XOY                              0x080032e1   Thumb Code    96  touch.o(i.TP_Read_XOY)
    TP_Read_XY                               0x08003341   Thumb Code    34  touch.o(i.TP_Read_XY)
    TP_Read_XY2                              0x08003369   Thumb Code   124  touch.o(i.TP_Read_XY2)
    TP_Save_Adjdata                          0x080033e5   Thumb Code   110  touch.o(i.TP_Save_Adjdata)
    TP_Scan                                  0x0800345d   Thumb Code   174  touch.o(i.TP_Scan)
    TP_Write_Byte                            0x08003515   Thumb Code    62  touch.o(i.TP_Write_Byte)
    Test_Circle                              0x0800355d   Thumb Code   172  test.o(i.Test_Circle)
    Test_Color                               0x08003629   Thumb Code   196  test.o(i.Test_Color)
    Test_FillRec                             0x08003711   Thumb Code   192  test.o(i.Test_FillRec)
    Test_Triangle                            0x080037f5   Thumb Code   226  test.o(i.Test_Triangle)
    Touch_Test                               0x08003901   Thumb Code   408  test.o(i.Touch_Test)
    UsageFault_Handler                       0x08003ad1   Thumb Code     2  stm32f4xx_it.o(i.UsageFault_Handler)
    __hardfp_sqrt                            0x08003ad3   Thumb Code   122  sqrt.o(i.__hardfp_sqrt)
    _draw_circle_8                           0x08003b4d   Thumb Code   152  gui.o(i._draw_circle_8)
    delay_init                               0x08003be5   Thumb Code    16  delay.o(i.delay_init)
    delay_ms                                 0x08003bf9   Thumb Code    26  delay.o(i.delay_ms)
    delay_us                                 0x08003c15   Thumb Code    48  delay.o(i.delay_us)
    gui_circle                               0x08003c49   Thumb Code   132  gui.o(i.gui_circle)
    main                                     0x08003ccd   Thumb Code    70  main.o(i.main)
    main_test                                0x08003d15   Thumb Code   108  test.o(i.main_test)
    mypow                                    0x08003dd9   Thumb Code    16  gui.o(i.mypow)
    __fpl_dcmp_Inf                           0x08003de9   Thumb Code    24  dcmpi.o(x$fpl$dcmpinf)
    __aeabi_d2uiz                            0x08003e01   Thumb Code     0  dfixu.o(x$fpl$dfixu)
    _dfixu                                   0x08003e01   Thumb Code    90  dfixu.o(x$fpl$dfixu)
    __aeabi_ui2d                             0x08003e5b   Thumb Code     0  dflt_clz.o(x$fpl$dfltu)
    _dfltu                                   0x08003e5b   Thumb Code    38  dflt_clz.o(x$fpl$dfltu)
    __aeabi_cdcmple                          0x08003e81   Thumb Code     0  dleqf.o(x$fpl$dleqf)
    _dcmple                                  0x08003e81   Thumb Code   120  dleqf.o(x$fpl$dleqf)
    __fpl_dcmple_InfNaN                      0x08003ee3   Thumb Code     0  dleqf.o(x$fpl$dleqf)
    __aeabi_dmul                             0x08003ef9   Thumb Code     0  dmul.o(x$fpl$dmul)
    _dmul                                    0x08003ef9   Thumb Code   332  dmul.o(x$fpl$dmul)
    __fpl_dnaninf                            0x0800404d   Thumb Code   156  dnaninf.o(x$fpl$dnaninf)
    __fpl_dretinf                            0x080040e9   Thumb Code    12  dretinf.o(x$fpl$dretinf)
    __aeabi_cdrcmple                         0x080040f5   Thumb Code     0  drleqf.o(x$fpl$drleqf)
    _drcmple                                 0x080040f5   Thumb Code   108  drleqf.o(x$fpl$drleqf)
    _dsqrt                                   0x08004161   Thumb Code   404  dsqrt_umaal.o(x$fpl$dsqrt)
    __aeabi_f2d                              0x080042f9   Thumb Code     0  f2d.o(x$fpl$f2d)
    _f2d                                     0x080042f9   Thumb Code    86  f2d.o(x$fpl$f2d)
    __fpl_fnaninf                            0x0800434f   Thumb Code   140  fnaninf.o(x$fpl$fnaninf)
    _fp_init                                 0x080043db   Thumb Code    10  fpinit.o(x$fpl$fpinit)
    __fplib_config_fpu_vfp                   0x080043e3   Thumb Code     0  fpinit.o(x$fpl$fpinit)
    __fplib_config_pureend_doubles           0x080043e3   Thumb Code     0  fpinit.o(x$fpl$fpinit)
    __I$use$fp                               0x080043e4   Number         0  usenofp.o(x$fpl$usenofp)
    asc2_1206                                0x080043e4   Data        1140  gui.o(.constdata)
    asc2_1608                                0x08004858   Data        1520  gui.o(.constdata)
    tfont16                                  0x08004e48   Data        2108  gui.o(.constdata)
    tfont24                                  0x08005684   Data         518  gui.o(.constdata)
    tfont32                                  0x0800588a   Data         520  gui.o(.constdata)
    gImage_qq                                0x08005a94   Data        3200  test.o(.constdata)
    APBAHBPrescTable                         0x08006724   Data          16  stm32f4xx_hal_rcc.o(.constdata)
    Region$$Table$$Base                      0x0800676c   Number         0  anon$$obj.o(Region$$Table)
    Region$$Table$$Limit                     0x0800678c   Number         0  anon$$obj.o(Region$$Table)
    ColorTab                                 0x20000000   Data          10  test.o(.data)
    SystemCoreClock                          0x2000000c   Data           4  system_stm32f4xx.o(.data)
    AHBPrescTable                            0x20000010   Data          16  system_stm32f4xx.o(.data)
    POINT_COLOR                              0x20000028   Data           2  lcd.o(.data)
    BACK_COLOR                               0x2000002a   Data           2  lcd.o(.data)
    CMD_RDX                                  0x2000002c   Data           1  touch.o(.data)
    CMD_RDY                                  0x2000002d   Data           1  touch.o(.data)
    tp_dev                                   0x20000030   Data          40  touch.o(.data)
    lcddev                                   0x2000005c   Data          14  lcd.o(.bss)
    SPI5_Handler                             0x2000006c   Data          88  spi.o(.bss)
    __libspace_start                         0x200000c4   Data          96  libspace.o(.bss)
    __temporary_stack_top$libspace           0x20000124   Data           0  libspace.o(.bss)



==============================================================================

Memory Map of the image

  Image Entry point : 0x080001ad

  Load Region LR_IROM1 (Base: 0x08000000, Size: 0x000067e8, Max: 0x00100000, ABSOLUTE)

    Execution Region ER_IROM1 (Exec base: 0x08000000, Load base: 0x08000000, Size: 0x0000678c, Max: 0x00100000, ABSOLUTE)

    Exec Addr    Load Addr    Size         Type   Attr      Idx    E Section Name        Object

    0x08000000   0x08000000   0x000001ac   Data   RO          615    RESET               startup_stm32f429xx.o
    0x080001ac   0x080001ac   0x00000008   Code   RO         2188  * !!!main             c_w.l(__main.o)
    0x080001b4   0x080001b4   0x00000034   Code   RO         2393    !!!scatter          c_w.l(__scatter.o)
    0x080001e8   0x080001e8   0x0000001a   Code   RO         2395    !!handler_copy      c_w.l(__scatter_copy.o)
    0x08000202   0x08000202   0x00000002   PAD
    0x08000204   0x08000204   0x0000001c   Code   RO         2397    !!handler_zi        c_w.l(__scatter_zi.o)
    0x08000220   0x08000220   0x00000002   Code   RO         2266    .ARM.Collect$$libinit$$00000000  c_w.l(libinit.o)
    0x08000222   0x08000222   0x00000004   Code   RO         2269    .ARM.Collect$$libinit$$00000001  c_w.l(libinit2.o)
    0x08000226   0x08000226   0x00000000   Code   RO         2272    .ARM.Collect$$libinit$$00000004  c_w.l(libinit2.o)
    0x08000226   0x08000226   0x00000000   Code   RO         2275    .ARM.Collect$$libinit$$0000000A  c_w.l(libinit2.o)
    0x08000226   0x08000226   0x00000000   Code   RO         2277    .ARM.Collect$$libinit$$0000000C  c_w.l(libinit2.o)
    0x08000226   0x08000226   0x00000000   Code   RO         2279    .ARM.Collect$$libinit$$0000000E  c_w.l(libinit2.o)
    0x08000226   0x08000226   0x00000000   Code   RO         2282    .ARM.Collect$$libinit$$00000011  c_w.l(libinit2.o)
    0x08000226   0x08000226   0x00000000   Code   RO         2284    .ARM.Collect$$libinit$$00000013  c_w.l(libinit2.o)
    0x08000226   0x08000226   0x00000000   Code   RO         2286    .ARM.Collect$$libinit$$00000015  c_w.l(libinit2.o)
    0x08000226   0x08000226   0x00000000   Code   RO         2288    .ARM.Collect$$libinit$$00000017  c_w.l(libinit2.o)
    0x08000226   0x08000226   0x00000000   Code   RO         2290    .ARM.Collect$$libinit$$00000019  c_w.l(libinit2.o)
    0x08000226   0x08000226   0x00000000   Code   RO         2292    .ARM.Collect$$libinit$$0000001B  c_w.l(libinit2.o)
    0x08000226   0x08000226   0x00000000   Code   RO         2294    .ARM.Collect$$libinit$$0000001D  c_w.l(libinit2.o)
    0x08000226   0x08000226   0x00000000   Code   RO         2296    .ARM.Collect$$libinit$$0000001F  c_w.l(libinit2.o)
    0x08000226   0x08000226   0x00000000   Code   RO         2298    .ARM.Collect$$libinit$$00000021  c_w.l(libinit2.o)
    0x08000226   0x08000226   0x00000000   Code   RO         2300    .ARM.Collect$$libinit$$00000023  c_w.l(libinit2.o)
    0x08000226   0x08000226   0x00000000   Code   RO         2302    .ARM.Collect$$libinit$$00000025  c_w.l(libinit2.o)
    0x08000226   0x08000226   0x00000000   Code   RO         2306    .ARM.Collect$$libinit$$0000002C  c_w.l(libinit2.o)
    0x08000226   0x08000226   0x00000000   Code   RO         2308    .ARM.Collect$$libinit$$0000002E  c_w.l(libinit2.o)
    0x08000226   0x08000226   0x00000000   Code   RO         2310    .ARM.Collect$$libinit$$00000030  c_w.l(libinit2.o)
    0x08000226   0x08000226   0x00000000   Code   RO         2312    .ARM.Collect$$libinit$$00000032  c_w.l(libinit2.o)
    0x08000226   0x08000226   0x00000002   Code   RO         2313    .ARM.Collect$$libinit$$00000033  c_w.l(libinit2.o)
    0x08000228   0x08000228   0x00000002   Code   RO         2333    .ARM.Collect$$libshutdown$$00000000  c_w.l(libshutdown.o)
    0x0800022a   0x0800022a   0x00000000   Code   RO         2346    .ARM.Collect$$libshutdown$$00000002  c_w.l(libshutdown2.o)
    0x0800022a   0x0800022a   0x00000000   Code   RO         2348    .ARM.Collect$$libshutdown$$00000004  c_w.l(libshutdown2.o)
    0x0800022a   0x0800022a   0x00000000   Code   RO         2351    .ARM.Collect$$libshutdown$$00000007  c_w.l(libshutdown2.o)
    0x0800022a   0x0800022a   0x00000000   Code   RO         2354    .ARM.Collect$$libshutdown$$0000000A  c_w.l(libshutdown2.o)
    0x0800022a   0x0800022a   0x00000000   Code   RO         2356    .ARM.Collect$$libshutdown$$0000000C  c_w.l(libshutdown2.o)
    0x0800022a   0x0800022a   0x00000000   Code   RO         2359    .ARM.Collect$$libshutdown$$0000000F  c_w.l(libshutdown2.o)
    0x0800022a   0x0800022a   0x00000002   Code   RO         2360    .ARM.Collect$$libshutdown$$00000010  c_w.l(libshutdown2.o)
    0x0800022c   0x0800022c   0x00000000   Code   RO         2220    .ARM.Collect$$rtentry$$00000000  c_w.l(__rtentry.o)
    0x0800022c   0x0800022c   0x00000000   Code   RO         2235    .ARM.Collect$$rtentry$$00000002  c_w.l(__rtentry2.o)
    0x0800022c   0x0800022c   0x00000006   Code   RO         2247    .ARM.Collect$$rtentry$$00000004  c_w.l(__rtentry4.o)
    0x08000232   0x08000232   0x00000000   Code   RO         2237    .ARM.Collect$$rtentry$$00000009  c_w.l(__rtentry2.o)
    0x08000232   0x08000232   0x00000004   Code   RO         2238    .ARM.Collect$$rtentry$$0000000A  c_w.l(__rtentry2.o)
    0x08000236   0x08000236   0x00000000   Code   RO         2240    .ARM.Collect$$rtentry$$0000000C  c_w.l(__rtentry2.o)
    0x08000236   0x08000236   0x00000008   Code   RO         2241    .ARM.Collect$$rtentry$$0000000D  c_w.l(__rtentry2.o)
    0x0800023e   0x0800023e   0x00000002   Code   RO         2267    .ARM.Collect$$rtexit$$00000000  c_w.l(rtexit.o)
    0x08000240   0x08000240   0x00000000   Code   RO         2315    .ARM.Collect$$rtexit$$00000002  c_w.l(rtexit2.o)
    0x08000240   0x08000240   0x00000004   Code   RO         2316    .ARM.Collect$$rtexit$$00000003  c_w.l(rtexit2.o)
    0x08000244   0x08000244   0x00000006   Code   RO         2317    .ARM.Collect$$rtexit$$00000004  c_w.l(rtexit2.o)
    0x0800024a   0x0800024a   0x00000002   PAD
    0x0800024c   0x0800024c   0x00000040   Code   RO          616    .text               startup_stm32f429xx.o
    0x0800028c   0x0800028c   0x0000003e   Code   RO         2184    .text               c_w.l(strlen.o)
    0x080002ca   0x080002ca   0x00000006   Code   RO         2186    .text               c_w.l(heapauxi.o)
    0x080002d0   0x080002d0   0x00000016   Code   RO         2221    .text               c_w.l(_rserrno.o)
    0x080002e6   0x080002e6   0x00000002   PAD
    0x080002e8   0x080002e8   0x00000008   Code   RO         2252    .text               c_w.l(rt_errno_addr_intlibspace.o)
    0x080002f0   0x080002f0   0x00000008   Code   RO         2254    .text               c_w.l(libspace.o)
    0x080002f8   0x080002f8   0x0000004a   Code   RO         2257    .text               c_w.l(sys_stackheap_outer.o)
    0x08000342   0x08000342   0x00000012   Code   RO         2259    .text               c_w.l(exit.o)
    0x08000354   0x08000354   0x0000000c   Code   RO         2325    .text               c_w.l(sys_exit.o)
    0x08000360   0x08000360   0x00000002   Code   RO         2336    .text               c_w.l(use_no_semi.o)
    0x08000362   0x08000362   0x00000000   Code   RO         2338    .text               c_w.l(indicate_semi.o)
    0x08000362   0x08000362   0x00000004   Code   RO         2120    i.AT24CXX_Init      24cxx.o
    0x08000366   0x08000366   0x0000002a   Code   RO         2122    i.AT24CXX_ReadLenByte  24cxx.o
    0x08000390   0x08000390   0x00000042   Code   RO         2123    i.AT24CXX_ReadOneByte  24cxx.o
    0x080003d2   0x080003d2   0x0000002a   Code   RO         2125    i.AT24CXX_WriteLenByte  24cxx.o
    0x080003fc   0x080003fc   0x0000003e   Code   RO         2126    i.AT24CXX_WriteOneByte  24cxx.o
    0x0800043a   0x0800043a   0x00000002   Code   RO          505    i.BusFault_Handler  stm32f4xx_it.o
    0x0800043c   0x0800043c   0x000000e8   Code   RO          407    i.Chinese_Font_test  test.o
    0x08000524   0x08000524   0x00000002   Code   RO          506    i.DebugMon_Handler  stm32f4xx_it.o
    0x08000526   0x08000526   0x00000002   PAD
    0x08000528   0x08000528   0x0000008c   Code   RO          408    i.DrawTestPage      test.o
    0x080005b4   0x080005b4   0x00000030   Code   RO          267    i.Draw_Triangel     gui.o
    0x080005e4   0x080005e4   0x00000198   Code   RO          409    i.English_Font_test  test.o
    0x0800077c   0x0800077c   0x00000188   Code   RO          268    i.Fill_Triangel     gui.o
    0x08000904   0x08000904   0x000000e8   Code   RO          269    i.GUI_DrawFont16    gui.o
    0x080009ec   0x080009ec   0x000000ec   Code   RO          270    i.GUI_DrawFont24    gui.o
    0x08000ad8   0x08000ad8   0x000000e8   Code   RO          271    i.GUI_DrawFont32    gui.o
    0x08000bc0   0x08000bc0   0x00000012   Code   RO          272    i.GUI_DrawPoint     gui.o
    0x08000bd2   0x08000bd2   0x00000002   PAD
    0x08000bd4   0x08000bd4   0x00000050   Code   RO          273    i.Gui_Drawbmp16     gui.o
    0x08000c24   0x08000c24   0x00000044   Code   RO          274    i.Gui_StrCenter     gui.o
    0x08000c68   0x08000c68   0x000001dc   Code   RO          907    i.HAL_GPIO_Init     stm32f4xx_hal_gpio.o
    0x08000e44   0x08000e44   0x0000000a   Code   RO          909    i.HAL_GPIO_ReadPin  stm32f4xx_hal_gpio.o
    0x08000e4e   0x08000e4e   0x0000000a   Code   RO          911    i.HAL_GPIO_WritePin  stm32f4xx_hal_gpio.o
    0x08000e58   0x08000e58   0x0000000c   Code   RO          638    i.HAL_GetTick       stm32f4xx_hal.o
    0x08000e64   0x08000e64   0x00000010   Code   RO          639    i.HAL_IncTick       stm32f4xx_hal.o
    0x08000e74   0x08000e74   0x00000034   Code   RO          640    i.HAL_Init          stm32f4xx_hal.o
    0x08000ea8   0x08000ea8   0x00000022   Code   RO          641    i.HAL_InitTick      stm32f4xx_hal.o
    0x08000eca   0x08000eca   0x00000008   Code   RO          643    i.HAL_MspInit       stm32f4xx_hal.o
    0x08000ed2   0x08000ed2   0x00000002   PAD
    0x08000ed4   0x08000ed4   0x00000040   Code   RO          790    i.HAL_NVIC_SetPriority  stm32f4xx_hal_cortex.o
    0x08000f14   0x08000f14   0x00000024   Code   RO          791    i.HAL_NVIC_SetPriorityGrouping  stm32f4xx_hal_cortex.o
    0x08000f38   0x08000f38   0x00000088   Code   RO         1096    i.HAL_PWREx_EnableOverDrive  stm32f4xx_hal_pwr_ex.o
    0x08000fc0   0x08000fc0   0x00000208   Code   RO         1163    i.HAL_RCC_ClockConfig  stm32f4xx_hal_rcc.o
    0x080011c8   0x080011c8   0x00000034   Code   RO         1168    i.HAL_RCC_GetHCLKFreq  stm32f4xx_hal_rcc.o
    0x080011fc   0x080011fc   0x00000074   Code   RO         1172    i.HAL_RCC_GetSysClockFreq  stm32f4xx_hal_rcc.o
    0x08001270   0x08001270   0x0000031c   Code   RO         1175    i.HAL_RCC_OscConfig  stm32f4xx_hal_rcc.o
    0x0800158c   0x0800158c   0x00000084   Code   RO         1311    i.HAL_SPI_Init      stm32f4xx_hal_spi.o
    0x08001610   0x08001610   0x00000054   Code   RO         1932    i.HAL_SPI_MspInit   spi.o
    0x08001664   0x08001664   0x000002aa   Code   RO         1320    i.HAL_SPI_TransmitReceive  stm32f4xx_hal_spi.o
    0x0800190e   0x0800190e   0x00000018   Code   RO          793    i.HAL_SYSTICK_CLKSourceConfig  stm32f4xx_hal_cortex.o
    0x08001926   0x08001926   0x00000028   Code   RO          795    i.HAL_SYSTICK_Config  stm32f4xx_hal_cortex.o
    0x0800194e   0x0800194e   0x00000002   Code   RO          507    i.HardFault_Handler  stm32f4xx_it.o
    0x08001950   0x08001950   0x00000040   Code   RO         1737    i.IIC_Ack           myiic.o
    0x08001990   0x08001990   0x00000048   Code   RO         1738    i.IIC_Init          myiic.o
    0x080019d8   0x080019d8   0x00000040   Code   RO         1739    i.IIC_NAck          myiic.o
    0x08001a18   0x08001a18   0x00000068   Code   RO         1740    i.IIC_Read_Byte     myiic.o
    0x08001a80   0x08001a80   0x00000060   Code   RO         1741    i.IIC_Send_Byte     myiic.o
    0x08001ae0   0x08001ae0   0x00000040   Code   RO         1742    i.IIC_Start         myiic.o
    0x08001b20   0x08001b20   0x00000040   Code   RO         1743    i.IIC_Stop          myiic.o
    0x08001b60   0x08001b60   0x00000054   Code   RO         1744    i.IIC_Wait_Ack      myiic.o
    0x08001bb4   0x08001bb4   0x00000080   Code   RO         2088    i.KEY_Init          key.o
    0x08001c34   0x08001c34   0x000000d8   Code   RO         2089    i.KEY_Scan          key.o
    0x08001d0c   0x08001d0c   0x0000005c   Code   RO         1806    i.LCD_Clear         lcd.o
    0x08001d68   0x08001d68   0x00000014   Code   RO          275    i.LCD_DrawFillRectangle  gui.o
    0x08001d7c   0x08001d7c   0x00000096   Code   RO          276    i.LCD_DrawLine      gui.o
    0x08001e12   0x08001e12   0x00000002   PAD
    0x08001e14   0x08001e14   0x00000018   Code   RO         1807    i.LCD_DrawPoint     lcd.o
    0x08001e2c   0x08001e2c   0x0000003a   Code   RO          277    i.LCD_DrawRectangle  gui.o
    0x08001e66   0x08001e66   0x00000002   PAD
    0x08001e68   0x08001e68   0x00000054   Code   RO          278    i.LCD_Fill          gui.o
    0x08001ebc   0x08001ebc   0x0000003c   Code   RO         1808    i.LCD_GPIOInit      lcd.o
    0x08001ef8   0x08001ef8   0x00000254   Code   RO         1809    i.LCD_Init          lcd.o
    0x0800214c   0x0800214c   0x00000028   Code   RO         1810    i.LCD_RESET         lcd.o
    0x08002174   0x08002174   0x00000008   Code   RO         1811    i.LCD_SetCursor     lcd.o
    0x0800217c   0x0800217c   0x0000005c   Code   RO         1812    i.LCD_SetWindows    lcd.o
    0x080021d8   0x080021d8   0x00000108   Code   RO          279    i.LCD_ShowChar      gui.o
    0x080022e0   0x080022e0   0x00000088   Code   RO          280    i.LCD_ShowNum       gui.o
    0x08002368   0x08002368   0x00000068   Code   RO          281    i.LCD_ShowString    gui.o
    0x080023d0   0x080023d0   0x00000020   Code   RO         1813    i.LCD_WR_DATA       lcd.o
    0x080023f0   0x080023f0   0x00000020   Code   RO         1814    i.LCD_WR_REG        lcd.o
    0x08002410   0x08002410   0x0000000c   Code   RO         1815    i.LCD_WriteRAM_Prepare  lcd.o
    0x0800241c   0x0800241c   0x00000012   Code   RO         1816    i.LCD_WriteReg      lcd.o
    0x0800242e   0x0800242e   0x00000002   PAD
    0x08002430   0x08002430   0x0000004c   Code   RO         1817    i.LCD_direction     lcd.o
    0x0800247c   0x0800247c   0x0000004c   Code   RO         1908    i.LED_Init          led.o
    0x080024c8   0x080024c8   0x0000002c   Code   RO         1818    i.Lcd_WriteData_16Bit  lcd.o
    0x080024f4   0x080024f4   0x00000002   Code   RO          508    i.MemManage_Handler  stm32f4xx_it.o
    0x080024f6   0x080024f6   0x00000002   Code   RO          509    i.NMI_Handler       stm32f4xx_it.o
    0x080024f8   0x080024f8   0x00000020   Code   RO          797    i.NVIC_SetPriority  stm32f4xx_hal_cortex.o
    0x08002518   0x08002518   0x00000002   Code   RO          510    i.PendSV_Handler    stm32f4xx_it.o
    0x0800251a   0x0800251a   0x00000002   PAD
    0x0800251c   0x0800251c   0x0000008c   Code   RO          410    i.Pic_test          test.o
    0x080025a8   0x080025a8   0x00000088   Code   RO          411    i.Rotate_Test       test.o
    0x08002630   0x08002630   0x00000044   Code   RO         1933    i.SPI5_Init         spi.o
    0x08002674   0x08002674   0x0000009e   Code   RO         1342    i.SPI_WaitOnFlagUntilTimeout  stm32f4xx_hal_spi.o
    0x08002712   0x08002712   0x00000002   PAD
    0x08002714   0x08002714   0x00000020   Code   RO         1935    i.SPI_WriteByte     spi.o
    0x08002734   0x08002734   0x00000002   Code   RO          511    i.SVC_Handler       stm32f4xx_it.o
    0x08002736   0x08002736   0x00000002   PAD
    0x08002738   0x08002738   0x000000e8   Code   RO          282    i.Show_Str          gui.o
    0x08002820   0x08002820   0x00000084   Code   RO         1710    i.Stm32_Clock_Init  sys.o
    0x080028a4   0x080028a4   0x00000004   Code   RO          512    i.SysTick_Handler   stm32f4xx_it.o
    0x080028a8   0x080028a8   0x00000054   Code   RO          581    i.SystemInit        system_stm32f4xx.o
    0x080028fc   0x080028fc   0x00000154   Code   RO         1977    i.TP_Adj_Info_Show  touch.o
    0x08002a50   0x08002a50   0x0000060c   Code   RO         1978    i.TP_Adjust         touch.o
    0x0800305c   0x0800305c   0x00000034   Code   RO         1979    i.TP_Draw_Big_Point  touch.o
    0x08003090   0x08003090   0x0000007c   Code   RO         1980    i.TP_Drow_Touch_Point  touch.o
    0x0800310c   0x0800310c   0x0000008c   Code   RO         1981    i.TP_Get_Adjdata    touch.o
    0x08003198   0x08003198   0x000000bc   Code   RO         1982    i.TP_Init           touch.o
    0x08003254   0x08003254   0x0000008c   Code   RO         1983    i.TP_Read_AD        touch.o
    0x080032e0   0x080032e0   0x00000060   Code   RO         1984    i.TP_Read_XOY       touch.o
    0x08003340   0x08003340   0x00000028   Code   RO         1985    i.TP_Read_XY        touch.o
    0x08003368   0x08003368   0x0000007c   Code   RO         1986    i.TP_Read_XY2       touch.o
    0x080033e4   0x080033e4   0x00000078   Code   RO         1987    i.TP_Save_Adjdata   touch.o
    0x0800345c   0x0800345c   0x000000b8   Code   RO         1988    i.TP_Scan           touch.o
    0x08003514   0x08003514   0x00000048   Code   RO         1989    i.TP_Write_Byte     touch.o
    0x0800355c   0x0800355c   0x000000cc   Code   RO          412    i.Test_Circle       test.o
    0x08003628   0x08003628   0x000000e8   Code   RO          413    i.Test_Color        test.o
    0x08003710   0x08003710   0x000000e4   Code   RO          414    i.Test_FillRec      test.o
    0x080037f4   0x080037f4   0x0000010c   Code   RO          415    i.Test_Triangle     test.o
    0x08003900   0x08003900   0x000001d0   Code   RO          416    i.Touch_Test        test.o
    0x08003ad0   0x08003ad0   0x00000002   Code   RO          513    i.UsageFault_Handler  stm32f4xx_it.o
    0x08003ad2   0x08003ad2   0x0000007a   Code   RO         2208    i.__hardfp_sqrt     m_wm.l(sqrt.o)
    0x08003b4c   0x08003b4c   0x00000098   Code   RO          283    i._draw_circle_8    gui.o
    0x08003be4   0x08003be4   0x00000014   Code   RO         1671    i.delay_init        delay.o
    0x08003bf8   0x08003bf8   0x0000001a   Code   RO         1672    i.delay_ms          delay.o
    0x08003c12   0x08003c12   0x00000002   PAD
    0x08003c14   0x08003c14   0x00000034   Code   RO         1673    i.delay_us          delay.o
    0x08003c48   0x08003c48   0x00000084   Code   RO          284    i.gui_circle        gui.o
    0x08003ccc   0x08003ccc   0x00000046   Code   RO            4    i.main              main.o
    0x08003d12   0x08003d12   0x00000002   PAD
    0x08003d14   0x08003d14   0x000000c4   Code   RO          417    i.main_test         test.o
    0x08003dd8   0x08003dd8   0x00000010   Code   RO          285    i.mypow             gui.o
    0x08003de8   0x08003de8   0x00000018   Code   RO         2223    x$fpl$dcmpinf       fz_wm.l(dcmpi.o)
    0x08003e00   0x08003e00   0x0000005a   Code   RO         2190    x$fpl$dfixu         fz_wm.l(dfixu.o)
    0x08003e5a   0x08003e5a   0x00000026   Code   RO         2194    x$fpl$dfltu         fz_wm.l(dflt_clz.o)
    0x08003e80   0x08003e80   0x00000078   Code   RO         2200    x$fpl$dleqf         fz_wm.l(dleqf.o)
    0x08003ef8   0x08003ef8   0x00000154   Code   RO         2202    x$fpl$dmul          fz_wm.l(dmul.o)
    0x0800404c   0x0800404c   0x0000009c   Code   RO         2225    x$fpl$dnaninf       fz_wm.l(dnaninf.o)
    0x080040e8   0x080040e8   0x0000000c   Code   RO         2227    x$fpl$dretinf       fz_wm.l(dretinf.o)
    0x080040f4   0x080040f4   0x0000006c   Code   RO         2204    x$fpl$drleqf        fz_wm.l(drleqf.o)
    0x08004160   0x08004160   0x00000198   Code   RO         2229    x$fpl$dsqrt         fz_wm.l(dsqrt_umaal.o)
    0x080042f8   0x080042f8   0x00000056   Code   RO         2206    x$fpl$f2d           fz_wm.l(f2d.o)
    0x0800434e   0x0800434e   0x0000008c   Code   RO         2231    x$fpl$fnaninf       fz_wm.l(fnaninf.o)
    0x080043da   0x080043da   0x0000000a   Code   RO         2323    x$fpl$fpinit        fz_wm.l(fpinit.o)
    0x080043e4   0x080043e4   0x00000000   Code   RO         2233    x$fpl$usenofp       fz_wm.l(usenofp.o)
    0x080043e4   0x080043e4   0x000016ae   Data   RO          286    .constdata          gui.o
    0x08005a92   0x08005a92   0x00000002   PAD
    0x08005a94   0x08005a94   0x00000c90   Data   RO          418    .constdata          test.o
    0x08006724   0x08006724   0x00000010   Data   RO         1176    .constdata          stm32f4xx_hal_rcc.o
    0x08006734   0x08006734   0x00000037   Data   RO          419    .conststring        test.o
    0x0800676b   0x0800676b   0x00000001   PAD
    0x0800676c   0x0800676c   0x00000020   Data   RO         2391    Region$$Table       anon$$obj.o


    Execution Region RW_IRAM1 (Exec base: 0x20000000, Load base: 0x0800678c, Size: 0x00000728, Max: 0x00030000, ABSOLUTE)

    Exec Addr    Load Addr    Size         Type   Attr      Idx    E Section Name        Object

    0x20000000   0x0800678c   0x0000000a   Data   RW          420    .data               test.o
    0x2000000a   0x08006796   0x00000002   PAD
    0x2000000c   0x08006798   0x00000014   Data   RW          582    .data               system_stm32f4xx.o
    0x20000020   0x080067ac   0x00000004   Data   RW          646    .data               stm32f4xx_hal.o
    0x20000024   0x080067b0   0x00000004   Data   RW         1674    .data               delay.o
    0x20000028   0x080067b4   0x00000002   Data   RW         1820    .data               lcd.o
    0x2000002a   0x080067b6   0x00000002   Data   RW         1821    .data               lcd.o
    0x2000002c   0x080067b8   0x0000002c   Data   RW         1991    .data               touch.o
    0x20000058   0x080067e4   0x00000001   Data   RW         2090    .data               key.o
    0x20000059   0x080067e5   0x00000003   PAD
    0x2000005c        -       0x0000000e   Zero   RW         1819    .bss                lcd.o
    0x2000006a   0x080067e5   0x00000002   PAD
    0x2000006c        -       0x00000058   Zero   RW         1936    .bss                spi.o
    0x200000c4        -       0x00000060   Zero   RW         2255    .bss                c_w.l(libspace.o)
    0x20000124   0x080067e5   0x00000004   PAD
    0x20000128        -       0x00000200   Zero   RW          614    HEAP                startup_stm32f429xx.o
    0x20000328        -       0x00000400   Zero   RW          613    STACK               startup_stm32f429xx.o


==============================================================================

Image component sizes


      Code (inc. data)   RO Data    RW Data    ZI Data      Debug   Object Name

       216          0          0          0          0       3697   24cxx.o
        98          8          0          4          0       2331   delay.o
      2654        108       5806          0          0      20700   gui.o
       344         34          0          1          0       2054   key.o
      1126         62          0          4         14      11085   lcd.o
        76          8          0          0          0       1055   led.o
        70          0          0          0          0     374859   main.o
       612         74          0          0          0       5838   myiic.o
       184         24          0          0         88       2717   spi.o
        64         26        428          0       1536        920   startup_stm32f429xx.o
       122         16          0          4          0       4808   stm32f4xx_hal.o
       196         14          0          0          0      30808   stm32f4xx_hal_cortex.o
       496         54          0          0          0       3695   stm32f4xx_hal_gpio.o
       136         14          0          0          0       1492   stm32f4xx_hal_pwr_ex.o
      1484         56         16          0          0       5761   stm32f4xx_hal_rcc.o
       972          0          0          0          0       4157   stm32f4xx_hal_spi.o
        20          0          0          0          0       4998   stm32f4xx_it.o
       132         10          0          0          0       1331   sys.o
        84         18          0         20          0       1373   system_stm32f4xx.o
      2648        762       3271         10          0       8776   test.o
      3168        356          0         44          0      13457   touch.o

    ----------------------------------------------------------------------
     14924       1644       9556         92       1640     505912   Object Totals
         0          0         32          0          0          0   (incl. Generated)
        22          0          3          5          2          0   (incl. Padding)

    ----------------------------------------------------------------------

      Code (inc. data)   RO Data    RW Data    ZI Data      Debug   Library Member Name

         8          0          0          0          0         68   __main.o
         0          0          0          0          0          0   __rtentry.o
        12          0          0          0          0          0   __rtentry2.o
         6          0          0          0          0          0   __rtentry4.o
        52          8          0          0          0          0   __scatter.o
        26          0          0          0          0          0   __scatter_copy.o
        28          0          0          0          0          0   __scatter_zi.o
        22          0          0          0          0        100   _rserrno.o
        18          0          0          0          0         80   exit.o
         6          0          0          0          0        152   heapauxi.o
         0          0          0          0          0          0   indicate_semi.o
         2          0          0          0          0          0   libinit.o
         6          0          0          0          0          0   libinit2.o
         2          0          0          0          0          0   libshutdown.o
         2          0          0          0          0          0   libshutdown2.o
         8          4          0          0         96         68   libspace.o
         8          4          0          0          0         68   rt_errno_addr_intlibspace.o
         2          0          0          0          0          0   rtexit.o
        10          0          0          0          0          0   rtexit2.o
        62          0          0          0          0         76   strlen.o
        12          4          0          0          0         68   sys_exit.o
        74          0          0          0          0         80   sys_stackheap_outer.o
         2          0          0          0          0         68   use_no_semi.o
        24          0          0          0          0        116   dcmpi.o
        90          4          0          0          0        140   dfixu.o
        38          0          0          0          0        116   dflt_clz.o
       120          4          0          0          0        140   dleqf.o
       340         12          0          0          0        152   dmul.o
       156          4          0          0          0        140   dnaninf.o
        12          0          0          0          0        116   dretinf.o
       108          0          0          0          0        128   drleqf.o
       408         56          0          0          0        168   dsqrt_umaal.o
        86          4          0          0          0        132   f2d.o
       140          4          0          0          0        132   fnaninf.o
        10          0          0          0          0        116   fpinit.o
         0          0          0          0          0          0   usenofp.o
       122          0          0          0          0        148   sqrt.o

    ----------------------------------------------------------------------
      2028        108          0          0        100       2572   Library Totals
         6          0          0          0          4          0   (incl. Padding)

    ----------------------------------------------------------------------

      Code (inc. data)   RO Data    RW Data    ZI Data      Debug   Library Name

       368         20          0          0         96        828   c_w.l
      1532         88          0          0          0       1596   fz_wm.l
       122          0          0          0          0        148   m_wm.l

    ----------------------------------------------------------------------
      2028        108          0          0        100       2572   Library Totals

    ----------------------------------------------------------------------

==============================================================================


      Code (inc. data)   RO Data    RW Data    ZI Data      Debug   

     16952       1752       9556         92       1740     496472   Grand Totals
     16952       1752       9556         92       1740     496472   ELF Image Totals
     16952       1752       9556         92          0          0   ROM Totals

==============================================================================

    Total RO  Size (Code + RO Data)                26508 (  25.89kB)
    Total RW  Size (RW Data + ZI Data)              1832 (   1.79kB)
    Total ROM Size (Code + RO Data + RW Data)      26600 (  25.98kB)

==============================================================================

